Using pip 26.1.1 from /home/edgeai/downstream/lib/python3.12/site-packages/pip (python 3.12)
Obtaining file:///home/edgeai/esimd_learning
  Checking if build backend supports build_editable: started
  Running command Checking if build backend supports build_editable
  Checking if build backend supports build_editable: finished with status 'done'
  Preparing editable metadata (pyproject.toml): started
  Running command Preparing editable metadata (pyproject.toml)
  running dist_info
  creating /tmp/pip-modern-metadata-gz26dr8h/custom_esimd_kernels_vllm.egg-info
  writing /tmp/pip-modern-metadata-gz26dr8h/custom_esimd_kernels_vllm.egg-info/PKG-INFO
  writing dependency_links to /tmp/pip-modern-metadata-gz26dr8h/custom_esimd_kernels_vllm.egg-info/dependency_links.txt
  writing top-level names to /tmp/pip-modern-metadata-gz26dr8h/custom_esimd_kernels_vllm.egg-info/top_level.txt
  writing manifest file '/tmp/pip-modern-metadata-gz26dr8h/custom_esimd_kernels_vllm.egg-info/SOURCES.txt'
  /home/edgeai/downstream/lib/python3.12/site-packages/vcs_versioning/overrides.py:609: UserWarning: No GlobalOverrides context is active. Auto-creating one with SETUPTOOLS_SCM prefix for backwards compatibility. Consider using 'with GlobalOverrides.from_env("YOUR_TOOL"):' explicitly.
    return get_active_overrides().subprocess_timeout
  writing manifest file '/tmp/pip-modern-metadata-gz26dr8h/custom_esimd_kernels_vllm.egg-info/SOURCES.txt'
  creating '/tmp/pip-modern-metadata-gz26dr8h/custom_esimd_kernels_vllm-0.1.0.dist-info'
  Preparing editable metadata (pyproject.toml): finished with status 'done'
Building wheels for collected packages: custom-esimd-kernels-vllm
  Building editable for custom-esimd-kernels-vllm (pyproject.toml): started
  Running command Building editable for custom-esimd-kernels-vllm (pyproject.toml)
  running editable_wheel
  creating /tmp/pip-ephem-wheel-cache-umx1cwfj/wheels/0b/66/53/3a804af087326f56c14c43083895bc8fed8ea681718f253624/tmpm42r49bf/.tmp-0o_t4v7m/custom_esimd_kernels_vllm.egg-info
  writing /tmp/pip-ephem-wheel-cache-umx1cwfj/wheels/0b/66/53/3a804af087326f56c14c43083895bc8fed8ea681718f253624/tmpm42r49bf/.tmp-0o_t4v7m/custom_esimd_kernels_vllm.egg-info/PKG-INFO
  writing dependency_links to /tmp/pip-ephem-wheel-cache-umx1cwfj/wheels/0b/66/53/3a804af087326f56c14c43083895bc8fed8ea681718f253624/tmpm42r49bf/.tmp-0o_t4v7m/custom_esimd_kernels_vllm.egg-info/dependency_links.txt
  writing top-level names to /tmp/pip-ephem-wheel-cache-umx1cwfj/wheels/0b/66/53/3a804af087326f56c14c43083895bc8fed8ea681718f253624/tmpm42r49bf/.tmp-0o_t4v7m/custom_esimd_kernels_vllm.egg-info/top_level.txt
  writing manifest file '/tmp/pip-ephem-wheel-cache-umx1cwfj/wheels/0b/66/53/3a804af087326f56c14c43083895bc8fed8ea681718f253624/tmpm42r49bf/.tmp-0o_t4v7m/custom_esimd_kernels_vllm.egg-info/SOURCES.txt'
  /home/edgeai/downstream/lib/python3.12/site-packages/vcs_versioning/overrides.py:609: UserWarning: No GlobalOverrides context is active. Auto-creating one with SETUPTOOLS_SCM prefix for backwards compatibility. Consider using 'with GlobalOverrides.from_env("YOUR_TOOL"):' explicitly.
    return get_active_overrides().subprocess_timeout
  writing manifest file '/tmp/pip-ephem-wheel-cache-umx1cwfj/wheels/0b/66/53/3a804af087326f56c14c43083895bc8fed8ea681718f253624/tmpm42r49bf/.tmp-0o_t4v7m/custom_esimd_kernels_vllm.egg-info/SOURCES.txt'
  creating '/tmp/pip-ephem-wheel-cache-umx1cwfj/wheels/0b/66/53/3a804af087326f56c14c43083895bc8fed8ea681718f253624/tmpm42r49bf/.tmp-0o_t4v7m/custom_esimd_kernels_vllm-0.1.0.dist-info'
  creating /tmp/pip-ephem-wheel-cache-umx1cwfj/wheels/0b/66/53/3a804af087326f56c14c43083895bc8fed8ea681718f253624/tmpm42r49bf/.tmp-0o_t4v7m/custom_esimd_kernels_vllm-0.1.0.dist-info/WHEEL
  running build_py
  running build_ext
  building 'custom_esimd_kernels_vllm.custom_esimd_kernels' extension
  creating /tmp/tmpsl5dfg9p.build-temp/csrc/xpu
  Emitting ninja build file /tmp/tmpsl5dfg9p.build-temp/build.ninja...
  Compiling objects...
  Allowing ninja to set a default number of workers... (overridable by setting the environment variable MAX_JOBS=N)
  [1/3] c++ -MMD -MF /tmp/tmpsl5dfg9p.build-temp/csrc/xpu/torch_extension.o.d -pthread -fno-strict-overflow -Wsign-compare -Wunreachable-code -DNDEBUG -g -O3 -Wall -O3 -fno-omit-frame-pointer -mno-omit-leaf-frame-pointer -fPIC -fPIC -I/home/edgeai/esimd_learning/include -I/home/edgeai/esimd_learning/csrc -I/home/edgeai/downstream/lib/python3.12/site-packages/torch/include -I/home/edgeai/downstream/lib/python3.12/site-packages/torch/include/torch/csrc/api/include -I/opt/intel/oneapi/compiler/2025.3/include -I/opt/intel/oneapi/compiler/2025.3/include/sycl -I/home/edgeai/downstream/include -I/home/edgeai/.local/share/uv/python/cpython-3.12.13-linux-x86_64-gnu/include/python3.12 -c -c /home/edgeai/esimd_learning/csrc/xpu/torch_extension.cc -o /tmp/tmpsl5dfg9p.build-temp/csrc/xpu/torch_extension.o -O3 -std=c++17 -DTORCH_API_INCLUDE_EXTENSION_H '-DPYBIND11_COMPILER_TYPE=""' '-DPYBIND11_STDLIB=""' '-DPYBIND11_BUILD_ABI=""' -DTORCH_EXTENSION_NAME=custom_esimd_kernels -D_GLIBCXX_USE_CXX11_ABI=1
  [2/3] icpx -pthread -fno-strict-overflow -Wsign-compare -Wunreachable-code -DNDEBUG -g -O3 -Wall -O3 -fno-omit-frame-pointer -mno-omit-leaf-frame-pointer -fPIC -fPIC -I/home/edgeai/esimd_learning/include -I/home/edgeai/esimd_learning/csrc -I/home/edgeai/downstream/lib/python3.12/site-packages/torch/include -I/home/edgeai/downstream/lib/python3.12/site-packages/torch/include/torch/csrc/api/include -I/opt/intel/oneapi/compiler/2025.3/include -I/opt/intel/oneapi/compiler/2025.3/include/sycl -I/home/edgeai/downstream/include -I/home/edgeai/.local/share/uv/python/cpython-3.12.13-linux-x86_64-gnu/include/python3.12 -c -fsycl -fsycl-targets=spir64_gen,spir64 -std=c++17 -sycl-std=2020 -c -x c++ /home/edgeai/esimd_learning/csrc/xpu/esimd_kernel.sycl -o /tmp/tmpsl5dfg9p.build-temp/csrc/xpu/esimd_kernel.o -ffast-math -fsycl-device-code-split=per_kernel -fsycl-targets=spir64_gen -Xs '-device ptl-h' -I/home/edgeai/downstream/lib/python3.12/site-packages/torch/include -DTORCH_API_INCLUDE_EXTENSION_H '-DPYBIND11_COMPILER_TYPE=""' '-DPYBIND11_STDLIB=""' '-DPYBIND11_BUILD_ABI=""' -DTORCH_EXTENSION_NAME=custom_esimd_kernels -D_GLIBCXX_USE_CXX11_ABI=1
  icpx: warning: argument unused during compilation: '-Xs -device ptl-h' [-Wunused-command-line-argument]
  In file included from /home/edgeai/esimd_learning/csrc/xpu/esimd_kernel.sycl:1:
  In file included from /home/edgeai/downstream/lib/python3.12/site-packages/torch/include/ATen/ATen.h:8:
  In file included from /home/edgeai/downstream/lib/python3.12/site-packages/torch/include/ATen/Context.h:5:
  In file included from /home/edgeai/downstream/lib/python3.12/site-packages/torch/include/ATen/CPUGeneratorImpl.h:4:
  In file included from /home/edgeai/downstream/lib/python3.12/site-packages/torch/include/ATen/core/Generator.h:19:
  In file included from /home/edgeai/downstream/lib/python3.12/site-packages/torch/include/c10/core/GeneratorImpl.h:9:
  In file included from /home/edgeai/downstream/lib/python3.12/site-packages/torch/include/c10/core/TensorImpl.h:12:
  In file included from /home/edgeai/downstream/lib/python3.12/site-packages/torch/include/c10/core/ScalarType.h:4:
  In file included from /home/edgeai/downstream/lib/python3.12/site-packages/torch/include/c10/util/BFloat16.h:2:
  In file included from /home/edgeai/downstream/lib/python3.12/site-packages/torch/include/torch/headeronly/util/BFloat16.h:22:
  In file included from /home/edgeai/downstream/include/sycl/sycl.hpp:49:
  In file included from /home/edgeai/downstream/include/sycl/detail/core.hpp:21:
  In file included from /home/edgeai/downstream/include/sycl/accessor.hpp:11:
  /home/edgeai/downstream/include/sycl/access/access.hpp:81:63: warning: 'constant_buffer' is deprecated: use 'target::device' instead [-Wdeprecated-declarations]
     81 | inline constexpr mode_target_tag_t<access_mode::read, target::constant_buffer>
        |                                                               ^
  /home/edgeai/downstream/include/sycl/access/access.hpp:24:19: note: 'constant_buffer' has been explicitly marked deprecated here
     24 |   constant_buffer __SYCL2020_DEPRECATED("use 'target::device' instead") = 2015,
        |                   ^
  /home/edgeai/downstream/include/sycl/detail/defines_elementary.hpp:62:40: note: expanded from macro '__SYCL2020_DEPRECATED'
     62 | #define __SYCL2020_DEPRECATED(message) __SYCL_DEPRECATED(message)
        |                                        ^
  /home/edgeai/downstream/include/sycl/detail/defines_elementary.hpp:53:38: note: expanded from macro '__SYCL_DEPRECATED'
     53 | #define __SYCL_DEPRECATED(message) [[deprecated(message)]]
        |                                      ^
  In file included from /home/edgeai/esimd_learning/csrc/xpu/esimd_kernel.sycl:1:
  In file included from /home/edgeai/downstream/lib/python3.12/site-packages/torch/include/ATen/ATen.h:8:
  In file included from /home/edgeai/downstream/lib/python3.12/site-packages/torch/include/ATen/Context.h:5:
  In file included from /home/edgeai/downstream/lib/python3.12/site-packages/torch/include/ATen/CPUGeneratorImpl.h:4:
  In file included from /home/edgeai/downstream/lib/python3.12/site-packages/torch/include/ATen/core/Generator.h:19:
  In file included from /home/edgeai/downstream/lib/python3.12/site-packages/torch/include/c10/core/GeneratorImpl.h:9:
  In file included from /home/edgeai/downstream/lib/python3.12/site-packages/torch/include/c10/core/TensorImpl.h:12:
  In file included from /home/edgeai/downstream/lib/python3.12/site-packages/torch/include/c10/core/ScalarType.h:4:
  In file included from /home/edgeai/downstream/lib/python3.12/site-packages/torch/include/c10/util/BFloat16.h:2:
  In file included from /home/edgeai/downstream/lib/python3.12/site-packages/torch/include/torch/headeronly/util/BFloat16.h:22:
  In file included from /home/edgeai/downstream/include/sycl/sycl.hpp:49:
  In file included from /home/edgeai/downstream/include/sycl/detail/core.hpp:21:
  In file included from /home/edgeai/downstream/include/sycl/accessor.hpp:11:
  /home/edgeai/downstream/include/sycl/access/access.hpp:93:31: warning: 'host_buffer' is deprecated: use 'host_accessor' instead [-Wdeprecated-declarations]
     93 |   return T == access::target::host_buffer || T == access::target::host_image;
        |                               ^
  /home/edgeai/downstream/include/sycl/access/access.hpp:27:15: note: 'host_buffer' has been explicitly marked deprecated here
     27 |   host_buffer __SYCL2020_DEPRECATED("use 'host_accessor' instead") = 2018,
        |               ^
  /home/edgeai/downstream/include/sycl/detail/defines_elementary.hpp:62:40: note: expanded from macro '__SYCL2020_DEPRECATED'
     62 | #define __SYCL2020_DEPRECATED(message) __SYCL_DEPRECATED(message)
        |                                        ^
  /home/edgeai/downstream/include/sycl/detail/defines_elementary.hpp:53:38: note: expanded from macro '__SYCL_DEPRECATED'
     53 | #define __SYCL_DEPRECATED(message) [[deprecated(message)]]
        |                                      ^
  In file included from /home/edgeai/esimd_learning/csrc/xpu/esimd_kernel.sycl:1:
  In file included from /home/edgeai/downstream/lib/python3.12/site-packages/torch/include/ATen/ATen.h:8:
  In file included from /home/edgeai/downstream/lib/python3.12/site-packages/torch/include/ATen/Context.h:5:
  In file included from /home/edgeai/downstream/lib/python3.12/site-packages/torch/include/ATen/CPUGeneratorImpl.h:4:
  In file included from /home/edgeai/downstream/lib/python3.12/site-packages/torch/include/ATen/core/Generator.h:19:
  In file included from /home/edgeai/downstream/lib/python3.12/site-packages/torch/include/c10/core/GeneratorImpl.h:9:
  In file included from /home/edgeai/downstream/lib/python3.12/site-packages/torch/include/c10/core/TensorImpl.h:12:
  In file included from /home/edgeai/downstream/lib/python3.12/site-packages/torch/include/c10/core/ScalarType.h:4:
  In file included from /home/edgeai/downstream/lib/python3.12/site-packages/torch/include/c10/util/BFloat16.h:2:
  In file included from /home/edgeai/downstream/lib/python3.12/site-packages/torch/include/torch/headeronly/util/BFloat16.h:22:
  In file included from /home/edgeai/downstream/include/sycl/sycl.hpp:49:
  In file included from /home/edgeai/downstream/include/sycl/detail/core.hpp:21:
  In file included from /home/edgeai/downstream/include/sycl/accessor.hpp:11:
  /home/edgeai/downstream/include/sycl/access/access.hpp:153:30: warning: 'constant_space' is deprecated: sycl::access::address_space::constant_space is deprecated since SYCL 2020 [-Wdeprecated-declarations]
    153 |       access::address_space::constant_space;
        |                              ^
  /home/edgeai/downstream/include/sycl/access/access.hpp:53:18: note: 'constant_space' has been explicitly marked deprecated here
     53 |   constant_space __SYCL2020_DEPRECATED("sycl::access::address_space::constant_"
        |                  ^
  /home/edgeai/downstream/include/sycl/detail/defines_elementary.hpp:62:40: note: expanded from macro '__SYCL2020_DEPRECATED'
     62 | #define __SYCL2020_DEPRECATED(message) __SYCL_DEPRECATED(message)
        |                                        ^
  /home/edgeai/downstream/include/sycl/detail/defines_elementary.hpp:53:38: note: expanded from macro '__SYCL_DEPRECATED'
     53 | #define __SYCL_DEPRECATED(message) [[deprecated(message)]]
        |                                      ^
  In file included from /home/edgeai/esimd_learning/csrc/xpu/esimd_kernel.sycl:1:
  In file included from /home/edgeai/downstream/lib/python3.12/site-packages/torch/include/ATen/ATen.h:8:
  In file included from /home/edgeai/downstream/lib/python3.12/site-packages/torch/include/ATen/Context.h:5:
  In file included from /home/edgeai/downstream/lib/python3.12/site-packages/torch/include/ATen/CPUGeneratorImpl.h:4:
  In file included from /home/edgeai/downstream/lib/python3.12/site-packages/torch/include/ATen/core/Generator.h:19:
  In file included from /home/edgeai/downstream/lib/python3.12/site-packages/torch/include/c10/core/GeneratorImpl.h:9:
  In file included from /home/edgeai/downstream/lib/python3.12/site-packages/torch/include/c10/core/TensorImpl.h:12:
  In file included from /home/edgeai/downstream/lib/python3.12/site-packages/torch/include/c10/core/ScalarType.h:4:
  In file included from /home/edgeai/downstream/lib/python3.12/site-packages/torch/include/c10/util/BFloat16.h:2:
  In file included from /home/edgeai/downstream/lib/python3.12/site-packages/torch/include/torch/headeronly/util/BFloat16.h:22:
  In file included from /home/edgeai/downstream/include/sycl/sycl.hpp:49:
  In file included from /home/edgeai/downstream/include/sycl/detail/core.hpp:21:
  In file included from /home/edgeai/downstream/include/sycl/accessor.hpp:11:
  /home/edgeai/downstream/include/sycl/access/access.hpp:243:30: warning: 'constant_space' is deprecated: sycl::access::address_space::constant_space is deprecated since SYCL 2020 [-Wdeprecated-declarations]
    243 |       access::address_space::constant_space;
        |                              ^
  /home/edgeai/downstream/include/sycl/access/access.hpp:53:18: note: 'constant_space' has been explicitly marked deprecated here
     53 |   constant_space __SYCL2020_DEPRECATED("sycl::access::address_space::constant_"
        |                  ^
  /home/edgeai/downstream/include/sycl/detail/defines_elementary.hpp:62:40: note: expanded from macro '__SYCL2020_DEPRECATED'
     62 | #define __SYCL2020_DEPRECATED(message) __SYCL_DEPRECATED(message)
        |                                        ^
  /home/edgeai/downstream/include/sycl/detail/defines_elementary.hpp:53:38: note: expanded from macro '__SYCL_DEPRECATED'
     53 | #define __SYCL_DEPRECATED(message) [[deprecated(message)]]
        |                                      ^
  In file included from /home/edgeai/esimd_learning/csrc/xpu/esimd_kernel.sycl:1:
  In file included from /home/edgeai/downstream/lib/python3.12/site-packages/torch/include/ATen/ATen.h:8:
  In file included from /home/edgeai/downstream/lib/python3.12/site-packages/torch/include/ATen/Context.h:5:
  In file included from /home/edgeai/downstream/lib/python3.12/site-packages/torch/include/ATen/CPUGeneratorImpl.h:4:
  In file included from /home/edgeai/downstream/lib/python3.12/site-packages/torch/include/ATen/core/Generator.h:19:
  In file included from /home/edgeai/downstream/lib/python3.12/site-packages/torch/include/c10/core/GeneratorImpl.h:9:
  In file included from /home/edgeai/downstream/lib/python3.12/site-packages/torch/include/c10/core/TensorImpl.h:12:
  In file included from /home/edgeai/downstream/lib/python3.12/site-packages/torch/include/c10/core/ScalarType.h:4:
  In file included from /home/edgeai/downstream/lib/python3.12/site-packages/torch/include/c10/util/BFloat16.h:2:
  In file included from /home/edgeai/downstream/lib/python3.12/site-packages/torch/include/torch/headeronly/util/BFloat16.h:22:
  In file included from /home/edgeai/downstream/include/sycl/sycl.hpp:49:
  In file included from /home/edgeai/downstream/include/sycl/detail/core.hpp:21:
  In file included from /home/edgeai/downstream/include/sycl/accessor.hpp:12:
  In file included from /home/edgeai/downstream/include/sycl/buffer.hpp:12:
  /home/edgeai/downstream/include/sycl/backend_types.hpp:42:17: warning: 'host' is deprecated: 'host' backend is no longer supported [-Wdeprecated-declarations]
     42 |   case backend::host:
        |                 ^
  /home/edgeai/downstream/include/sycl/backend_types.hpp:19:8: note: 'host' has been explicitly marked deprecated here
     19 |   host __SYCL2020_DEPRECATED("'host' backend is no longer supported") = 0,
        |        ^
  /home/edgeai/downstream/include/sycl/detail/defines_elementary.hpp:62:40: note: expanded from macro '__SYCL2020_DEPRECATED'
     62 | #define __SYCL2020_DEPRECATED(message) __SYCL_DEPRECATED(message)
        |                                        ^
  /home/edgeai/downstream/include/sycl/detail/defines_elementary.hpp:53:38: note: expanded from macro '__SYCL_DEPRECATED'
     53 | #define __SYCL_DEPRECATED(message) [[deprecated(message)]]
        |                                      ^
  In file included from /home/edgeai/esimd_learning/csrc/xpu/esimd_kernel.sycl:1:
  In file included from /home/edgeai/downstream/lib/python3.12/site-packages/torch/include/ATen/ATen.h:8:
  In file included from /home/edgeai/downstream/lib/python3.12/site-packages/torch/include/ATen/Context.h:5:
  In file included from /home/edgeai/downstream/lib/python3.12/site-packages/torch/include/ATen/CPUGeneratorImpl.h:4:
  In file included from /home/edgeai/downstream/lib/python3.12/site-packages/torch/include/ATen/core/Generator.h:19:
  In file included from /home/edgeai/downstream/lib/python3.12/site-packages/torch/include/c10/core/GeneratorImpl.h:9:
  In file included from /home/edgeai/downstream/lib/python3.12/site-packages/torch/include/c10/core/TensorImpl.h:12:
  In file included from /home/edgeai/downstream/lib/python3.12/site-packages/torch/include/c10/core/ScalarType.h:4:
  In file included from /home/edgeai/downstream/lib/python3.12/site-packages/torch/include/c10/util/BFloat16.h:2:
  In file included from /home/edgeai/downstream/lib/python3.12/site-packages/torch/include/torch/headeronly/util/BFloat16.h:22:
  In file included from /home/edgeai/downstream/include/sycl/sycl.hpp:49:
  In file included from /home/edgeai/downstream/include/sycl/detail/core.hpp:21:
  In file included from /home/edgeai/downstream/include/sycl/accessor.hpp:12:
  In file included from /home/edgeai/downstream/include/sycl/buffer.hpp:12:
  /home/edgeai/downstream/include/sycl/backend_types.hpp:72:17: warning: 'host' is deprecated: 'host' backend is no longer supported [-Wdeprecated-declarations]
     72 |   case backend::host:
        |                 ^
  /home/edgeai/downstream/include/sycl/backend_types.hpp:19:8: note: 'host' has been explicitly marked deprecated here
     19 |   host __SYCL2020_DEPRECATED("'host' backend is no longer supported") = 0,
        |        ^
  /home/edgeai/downstream/include/sycl/detail/defines_elementary.hpp:62:40: note: expanded from macro '__SYCL2020_DEPRECATED'
     62 | #define __SYCL2020_DEPRECATED(message) __SYCL_DEPRECATED(message)
        |                                        ^
  /home/edgeai/downstream/include/sycl/detail/defines_elementary.hpp:53:38: note: expanded from macro '__SYCL_DEPRECATED'
     53 | #define __SYCL_DEPRECATED(message) [[deprecated(message)]]
        |                                      ^
  In file included from /home/edgeai/esimd_learning/csrc/xpu/esimd_kernel.sycl:1:
  In file included from /home/edgeai/downstream/lib/python3.12/site-packages/torch/include/ATen/ATen.h:8:
  In file included from /home/edgeai/downstream/lib/python3.12/site-packages/torch/include/ATen/Context.h:5:
  In file included from /home/edgeai/downstream/lib/python3.12/site-packages/torch/include/ATen/CPUGeneratorImpl.h:4:
  In file included from /home/edgeai/downstream/lib/python3.12/site-packages/torch/include/ATen/core/Generator.h:19:
  In file included from /home/edgeai/downstream/lib/python3.12/site-packages/torch/include/c10/core/GeneratorImpl.h:9:
  In file included from /home/edgeai/downstream/lib/python3.12/site-packages/torch/include/c10/core/TensorImpl.h:12:
  In file included from /home/edgeai/downstream/lib/python3.12/site-packages/torch/include/c10/core/ScalarType.h:4:
  In file included from /home/edgeai/downstream/lib/python3.12/site-packages/torch/include/c10/util/BFloat16.h:2:
  In file included from /home/edgeai/downstream/lib/python3.12/site-packages/torch/include/torch/headeronly/util/BFloat16.h:22:
  In file included from /home/edgeai/downstream/include/sycl/sycl.hpp:49:
  In file included from /home/edgeai/downstream/include/sycl/detail/core.hpp:21:
  In file included from /home/edgeai/downstream/include/sycl/accessor.hpp:18:
  In file included from /home/edgeai/downstream/include/sycl/detail/generic_type_traits.hpp:12:
  /home/edgeai/downstream/include/sycl/aliases.hpp:143:1: warning: 'cl_char' is deprecated: use sycl::opencl::cl_char instead [-Wdeprecated-declarations]
    143 | __SYCL_2020_MAKE_VECTOR_ALIASES_FOR_VECTOR_LENGTH(2)
        | ^
  /home/edgeai/downstream/include/sycl/aliases.hpp:74:3: note: expanded from macro '__SYCL_2020_MAKE_VECTOR_ALIASES_FOR_VECTOR_LENGTH'
     74 |   __SYCL_MAKE_VECTOR_ALIASES_FOR_OPENCL_TYPES(N)                               \
        |   ^
  /home/edgeai/downstream/include/sycl/aliases.hpp:41:59: note: expanded from macro '__SYCL_MAKE_VECTOR_ALIASES_FOR_OPENCL_TYPES'
     41 |   __SYCL_2020_MAKE_DEPRECATED_VECTOR_ALIAS(cl_char, sycl::cl_char, N, "")      \
        |                                                           ^
  /home/edgeai/downstream/include/sycl/aliases.hpp:104:5: note: 'cl_char' has been explicitly marked deprecated here
    104 |     __SYCL2020_DEPRECATED("use sycl::opencl::cl_char instead") = std::int8_t;
        |     ^
  /home/edgeai/downstream/include/sycl/detail/defines_elementary.hpp:62:40: note: expanded from macro '__SYCL2020_DEPRECATED'
     62 | #define __SYCL2020_DEPRECATED(message) __SYCL_DEPRECATED(message)
        |                                        ^
  /home/edgeai/downstream/include/sycl/detail/defines_elementary.hpp:53:38: note: expanded from macro '__SYCL_DEPRECATED'
     53 | #define __SYCL_DEPRECATED(message) [[deprecated(message)]]
        |                                      ^
  In file included from /home/edgeai/esimd_learning/csrc/xpu/esimd_kernel.sycl:1:
  In file included from /home/edgeai/downstream/lib/python3.12/site-packages/torch/include/ATen/ATen.h:8:
  In file included from /home/edgeai/downstream/lib/python3.12/site-packages/torch/include/ATen/Context.h:5:
  In file included from /home/edgeai/downstream/lib/python3.12/site-packages/torch/include/ATen/CPUGeneratorImpl.h:4:
  In file included from /home/edgeai/downstream/lib/python3.12/site-packages/torch/include/ATen/core/Generator.h:19:
  In file included from /home/edgeai/downstream/lib/python3.12/site-packages/torch/include/c10/core/GeneratorImpl.h:9:
  In file included from /home/edgeai/downstream/lib/python3.12/site-packages/torch/include/c10/core/TensorImpl.h:12:
  In file included from /home/edgeai/downstream/lib/python3.12/site-packages/torch/include/c10/core/ScalarType.h:4:
  In file included from /home/edgeai/downstream/lib/python3.12/site-packages/torch/include/c10/util/BFloat16.h:2:
  In file included from /home/edgeai/downstream/lib/python3.12/site-packages/torch/include/torch/headeronly/util/BFloat16.h:22:
  In file included from /home/edgeai/downstream/include/sycl/sycl.hpp:49:
  In file included from /home/edgeai/downstream/include/sycl/detail/core.hpp:21:
  In file included from /home/edgeai/downstream/include/sycl/accessor.hpp:18:
  In file included from /home/edgeai/downstream/include/sycl/detail/generic_type_traits.hpp:12:
  /home/edgeai/downstream/include/sycl/aliases.hpp:143:1: warning: 'cl_uchar' is deprecated: use sycl::opencl::cl_uchar instead [-Wdeprecated-declarations]
    143 | __SYCL_2020_MAKE_VECTOR_ALIASES_FOR_VECTOR_LENGTH(2)
        | ^
  /home/edgeai/downstream/include/sycl/aliases.hpp:74:3: note: expanded from macro '__SYCL_2020_MAKE_VECTOR_ALIASES_FOR_VECTOR_LENGTH'
     74 |   __SYCL_MAKE_VECTOR_ALIASES_FOR_OPENCL_TYPES(N)                               \
        |   ^
  /home/edgeai/downstream/include/sycl/aliases.hpp:42:60: note: expanded from macro '__SYCL_MAKE_VECTOR_ALIASES_FOR_OPENCL_TYPES'
     42 |   __SYCL_2020_MAKE_DEPRECATED_VECTOR_ALIAS(cl_uchar, sycl::cl_uchar, N, "")    \
        |                                                            ^
  /home/edgeai/downstream/include/sycl/aliases.hpp:106:5: note: 'cl_uchar' has been explicitly marked deprecated here
    106 |     __SYCL2020_DEPRECATED("use sycl::opencl::cl_uchar instead") = std::uint8_t;
        |     ^
  /home/edgeai/downstream/include/sycl/detail/defines_elementary.hpp:62:40: note: expanded from macro '__SYCL2020_DEPRECATED'
     62 | #define __SYCL2020_DEPRECATED(message) __SYCL_DEPRECATED(message)
        |                                        ^
  /home/edgeai/downstream/include/sycl/detail/defines_elementary.hpp:53:38: note: expanded from macro '__SYCL_DEPRECATED'
     53 | #define __SYCL_DEPRECATED(message) [[deprecated(message)]]
        |                                      ^
  In file included from /home/edgeai/esimd_learning/csrc/xpu/esimd_kernel.sycl:1:
  In file included from /home/edgeai/downstream/lib/python3.12/site-packages/torch/include/ATen/ATen.h:8:
  In file included from /home/edgeai/downstream/lib/python3.12/site-packages/torch/include/ATen/Context.h:5:
  In file included from /home/edgeai/downstream/lib/python3.12/site-packages/torch/include/ATen/CPUGeneratorImpl.h:4:
  In file included from /home/edgeai/downstream/lib/python3.12/site-packages/torch/include/ATen/core/Generator.h:19:
  In file included from /home/edgeai/downstream/lib/python3.12/site-packages/torch/include/c10/core/GeneratorImpl.h:9:
  In file included from /home/edgeai/downstream/lib/python3.12/site-packages/torch/include/c10/core/TensorImpl.h:12:
  In file included from /home/edgeai/downstream/lib/python3.12/site-packages/torch/include/c10/core/ScalarType.h:4:
  In file included from /home/edgeai/downstream/lib/python3.12/site-packages/torch/include/c10/util/BFloat16.h:2:
  In file included from /home/edgeai/downstream/lib/python3.12/site-packages/torch/include/torch/headeronly/util/BFloat16.h:22:
  In file included from /home/edgeai/downstream/include/sycl/sycl.hpp:49:
  In file included from /home/edgeai/downstream/include/sycl/detail/core.hpp:21:
  In file included from /home/edgeai/downstream/include/sycl/accessor.hpp:18:
  In file included from /home/edgeai/downstream/include/sycl/detail/generic_type_traits.hpp:12:
  /home/edgeai/downstream/include/sycl/aliases.hpp:143:1: warning: 'cl_short' is deprecated: use sycl::opencl::cl_short instead [-Wdeprecated-declarations]
    143 | __SYCL_2020_MAKE_VECTOR_ALIASES_FOR_VECTOR_LENGTH(2)
        | ^
  /home/edgeai/downstream/include/sycl/aliases.hpp:74:3: note: expanded from macro '__SYCL_2020_MAKE_VECTOR_ALIASES_FOR_VECTOR_LENGTH'
     74 |   __SYCL_MAKE_VECTOR_ALIASES_FOR_OPENCL_TYPES(N)                               \
        |   ^
  /home/edgeai/downstream/include/sycl/aliases.hpp:43:60: note: expanded from macro '__SYCL_MAKE_VECTOR_ALIASES_FOR_OPENCL_TYPES'
     43 |   __SYCL_2020_MAKE_DEPRECATED_VECTOR_ALIAS(cl_short, sycl::cl_short, N, "")    \
        |                                                            ^
  /home/edgeai/downstream/include/sycl/aliases.hpp:108:5: note: 'cl_short' has been explicitly marked deprecated here
    108 |     __SYCL2020_DEPRECATED("use sycl::opencl::cl_short instead") = std::int16_t;
        |     ^
  /home/edgeai/downstream/include/sycl/detail/defines_elementary.hpp:62:40: note: expanded from macro '__SYCL2020_DEPRECATED'
     62 | #define __SYCL2020_DEPRECATED(message) __SYCL_DEPRECATED(message)
        |                                        ^
  /home/edgeai/downstream/include/sycl/detail/defines_elementary.hpp:53:38: note: expanded from macro '__SYCL_DEPRECATED'
     53 | #define __SYCL_DEPRECATED(message) [[deprecated(message)]]
        |                                      ^
  In file included from /home/edgeai/esimd_learning/csrc/xpu/esimd_kernel.sycl:1:
  In file included from /home/edgeai/downstream/lib/python3.12/site-packages/torch/include/ATen/ATen.h:8:
  In file included from /home/edgeai/downstream/lib/python3.12/site-packages/torch/include/ATen/Context.h:5:
  In file included from /home/edgeai/downstream/lib/python3.12/site-packages/torch/include/ATen/CPUGeneratorImpl.h:4:
  In file included from /home/edgeai/downstream/lib/python3.12/site-packages/torch/include/ATen/core/Generator.h:19:
  In file included from /home/edgeai/downstream/lib/python3.12/site-packages/torch/include/c10/core/GeneratorImpl.h:9:
  In file included from /home/edgeai/downstream/lib/python3.12/site-packages/torch/include/c10/core/TensorImpl.h:12:
  In file included from /home/edgeai/downstream/lib/python3.12/site-packages/torch/include/c10/core/ScalarType.h:4:
  In file included from /home/edgeai/downstream/lib/python3.12/site-packages/torch/include/c10/util/BFloat16.h:2:
  In file included from /home/edgeai/downstream/lib/python3.12/site-packages/torch/include/torch/headeronly/util/BFloat16.h:22:
  In file included from /home/edgeai/downstream/include/sycl/sycl.hpp:49:
  In file included from /home/edgeai/downstream/include/sycl/detail/core.hpp:21:
  In file included from /home/edgeai/downstream/include/sycl/accessor.hpp:18:
  In file included from /home/edgeai/downstream/include/sycl/detail/generic_type_traits.hpp:12:
  /home/edgeai/downstream/include/sycl/aliases.hpp:143:1: warning: 'cl_ushort' is deprecated: use sycl::opencl::cl_ushort instead [-Wdeprecated-declarations]
    143 | __SYCL_2020_MAKE_VECTOR_ALIASES_FOR_VECTOR_LENGTH(2)
        | ^
  /home/edgeai/downstream/include/sycl/aliases.hpp:74:3: note: expanded from macro '__SYCL_2020_MAKE_VECTOR_ALIASES_FOR_VECTOR_LENGTH'
     74 |   __SYCL_MAKE_VECTOR_ALIASES_FOR_OPENCL_TYPES(N)                               \
        |   ^
  /home/edgeai/downstream/include/sycl/aliases.hpp:44:61: note: expanded from macro '__SYCL_MAKE_VECTOR_ALIASES_FOR_OPENCL_TYPES'
     44 |   __SYCL_2020_MAKE_DEPRECATED_VECTOR_ALIAS(cl_ushort, sycl::cl_ushort, N, "")  \
        |                                                             ^
  /home/edgeai/downstream/include/sycl/aliases.hpp:109:17: note: 'cl_ushort' has been explicitly marked deprecated here
    109 | using cl_ushort __SYCL2020_DEPRECATED("use sycl::opencl::cl_ushort instead") =
        |                 ^
  /home/edgeai/downstream/include/sycl/detail/defines_elementary.hpp:62:40: note: expanded from macro '__SYCL2020_DEPRECATED'
     62 | #define __SYCL2020_DEPRECATED(message) __SYCL_DEPRECATED(message)
        |                                        ^
  /home/edgeai/downstream/include/sycl/detail/defines_elementary.hpp:53:38: note: expanded from macro '__SYCL_DEPRECATED'
     53 | #define __SYCL_DEPRECATED(message) [[deprecated(message)]]
        |                                      ^
  In file included from /home/edgeai/esimd_learning/csrc/xpu/esimd_kernel.sycl:1:
  In file included from /home/edgeai/downstream/lib/python3.12/site-packages/torch/include/ATen/ATen.h:8:
  In file included from /home/edgeai/downstream/lib/python3.12/site-packages/torch/include/ATen/Context.h:5:
  In file included from /home/edgeai/downstream/lib/python3.12/site-packages/torch/include/ATen/CPUGeneratorImpl.h:4:
  In file included from /home/edgeai/downstream/lib/python3.12/site-packages/torch/include/ATen/core/Generator.h:19:
  In file included from /home/edgeai/downstream/lib/python3.12/site-packages/torch/include/c10/core/GeneratorImpl.h:9:
  In file included from /home/edgeai/downstream/lib/python3.12/site-packages/torch/include/c10/core/TensorImpl.h:12:
  In file included from /home/edgeai/downstream/lib/python3.12/site-packages/torch/include/c10/core/ScalarType.h:4:
  In file included from /home/edgeai/downstream/lib/python3.12/site-packages/torch/include/c10/util/BFloat16.h:2:
  In file included from /home/edgeai/downstream/lib/python3.12/site-packages/torch/include/torch/headeronly/util/BFloat16.h:22:
  In file included from /home/edgeai/downstream/include/sycl/sycl.hpp:49:
  In file included from /home/edgeai/downstream/include/sycl/detail/core.hpp:21:
  In file included from /home/edgeai/downstream/include/sycl/accessor.hpp:18:
  In file included from /home/edgeai/downstream/include/sycl/detail/generic_type_traits.hpp:12:
  /home/edgeai/downstream/include/sycl/aliases.hpp:143:1: warning: 'cl_int' is deprecated: use sycl::opencl::cl_int instead [-Wdeprecated-declarations]
    143 | __SYCL_2020_MAKE_VECTOR_ALIASES_FOR_VECTOR_LENGTH(2)
        | ^
  /home/edgeai/downstream/include/sycl/aliases.hpp:74:3: note: expanded from macro '__SYCL_2020_MAKE_VECTOR_ALIASES_FOR_VECTOR_LENGTH'
     74 |   __SYCL_MAKE_VECTOR_ALIASES_FOR_OPENCL_TYPES(N)                               \
        |   ^
  /home/edgeai/downstream/include/sycl/aliases.hpp:45:58: note: expanded from macro '__SYCL_MAKE_VECTOR_ALIASES_FOR_OPENCL_TYPES'
     45 |   __SYCL_2020_MAKE_DEPRECATED_VECTOR_ALIAS(cl_int, sycl::cl_int, N, "")        \
        |                                                          ^
  /home/edgeai/downstream/include/sycl/aliases.hpp:112:5: note: 'cl_int' has been explicitly marked deprecated here
    112 |     __SYCL2020_DEPRECATED("use sycl::opencl::cl_int instead") = std::int32_t;
        |     ^
  /home/edgeai/downstream/include/sycl/detail/defines_elementary.hpp:62:40: note: expanded from macro '__SYCL2020_DEPRECATED'
     62 | #define __SYCL2020_DEPRECATED(message) __SYCL_DEPRECATED(message)
        |                                        ^
  /home/edgeai/downstream/include/sycl/detail/defines_elementary.hpp:53:38: note: expanded from macro '__SYCL_DEPRECATED'
     53 | #define __SYCL_DEPRECATED(message) [[deprecated(message)]]
        |                                      ^
  In file included from /home/edgeai/esimd_learning/csrc/xpu/esimd_kernel.sycl:1:
  In file included from /home/edgeai/downstream/lib/python3.12/site-packages/torch/include/ATen/ATen.h:8:
  In file included from /home/edgeai/downstream/lib/python3.12/site-packages/torch/include/ATen/Context.h:5:
  In file included from /home/edgeai/downstream/lib/python3.12/site-packages/torch/include/ATen/CPUGeneratorImpl.h:4:
  In file included from /home/edgeai/downstream/lib/python3.12/site-packages/torch/include/ATen/core/Generator.h:19:
  In file included from /home/edgeai/downstream/lib/python3.12/site-packages/torch/include/c10/core/GeneratorImpl.h:9:
  In file included from /home/edgeai/downstream/lib/python3.12/site-packages/torch/include/c10/core/TensorImpl.h:12:
  In file included from /home/edgeai/downstream/lib/python3.12/site-packages/torch/include/c10/core/ScalarType.h:4:
  In file included from /home/edgeai/downstream/lib/python3.12/site-packages/torch/include/c10/util/BFloat16.h:2:
  In file included from /home/edgeai/downstream/lib/python3.12/site-packages/torch/include/torch/headeronly/util/BFloat16.h:22:
  In file included from /home/edgeai/downstream/include/sycl/sycl.hpp:49:
  In file included from /home/edgeai/downstream/include/sycl/detail/core.hpp:21:
  In file included from /home/edgeai/downstream/include/sycl/accessor.hpp:18:
  In file included from /home/edgeai/downstream/include/sycl/detail/generic_type_traits.hpp:12:
  /home/edgeai/downstream/include/sycl/aliases.hpp:143:1: warning: 'cl_uint' is deprecated: use sycl::opencl::cl_uint instead [-Wdeprecated-declarations]
    143 | __SYCL_2020_MAKE_VECTOR_ALIASES_FOR_VECTOR_LENGTH(2)
        | ^
  /home/edgeai/downstream/include/sycl/aliases.hpp:74:3: note: expanded from macro '__SYCL_2020_MAKE_VECTOR_ALIASES_FOR_VECTOR_LENGTH'
     74 |   __SYCL_MAKE_VECTOR_ALIASES_FOR_OPENCL_TYPES(N)                               \
        |   ^
  /home/edgeai/downstream/include/sycl/aliases.hpp:46:59: note: expanded from macro '__SYCL_MAKE_VECTOR_ALIASES_FOR_OPENCL_TYPES'
     46 |   __SYCL_2020_MAKE_DEPRECATED_VECTOR_ALIAS(cl_uint, sycl::cl_uint, N, "")      \
        |                                                           ^
  /home/edgeai/downstream/include/sycl/aliases.hpp:114:5: note: 'cl_uint' has been explicitly marked deprecated here
    114 |     __SYCL2020_DEPRECATED("use sycl::opencl::cl_uint instead") = std::uint32_t;
        |     ^
  /home/edgeai/downstream/include/sycl/detail/defines_elementary.hpp:62:40: note: expanded from macro '__SYCL2020_DEPRECATED'
     62 | #define __SYCL2020_DEPRECATED(message) __SYCL_DEPRECATED(message)
        |                                        ^
  /home/edgeai/downstream/include/sycl/detail/defines_elementary.hpp:53:38: note: expanded from macro '__SYCL_DEPRECATED'
     53 | #define __SYCL_DEPRECATED(message) [[deprecated(message)]]
        |                                      ^
  In file included from /home/edgeai/esimd_learning/csrc/xpu/esimd_kernel.sycl:1:
  In file included from /home/edgeai/downstream/lib/python3.12/site-packages/torch/include/ATen/ATen.h:8:
  In file included from /home/edgeai/downstream/lib/python3.12/site-packages/torch/include/ATen/Context.h:5:
  In file included from /home/edgeai/downstream/lib/python3.12/site-packages/torch/include/ATen/CPUGeneratorImpl.h:4:
  In file included from /home/edgeai/downstream/lib/python3.12/site-packages/torch/include/ATen/core/Generator.h:19:
  In file included from /home/edgeai/downstream/lib/python3.12/site-packages/torch/include/c10/core/GeneratorImpl.h:9:
  In file included from /home/edgeai/downstream/lib/python3.12/site-packages/torch/include/c10/core/TensorImpl.h:12:
  In file included from /home/edgeai/downstream/lib/python3.12/site-packages/torch/include/c10/core/ScalarType.h:4:
  In file included from /home/edgeai/downstream/lib/python3.12/site-packages/torch/include/c10/util/BFloat16.h:2:
  In file included from /home/edgeai/downstream/lib/python3.12/site-packages/torch/include/torch/headeronly/util/BFloat16.h:22:
  In file included from /home/edgeai/downstream/include/sycl/sycl.hpp:49:
  In file included from /home/edgeai/downstream/include/sycl/detail/core.hpp:21:
  In file included from /home/edgeai/downstream/include/sycl/accessor.hpp:18:
  In file included from /home/edgeai/downstream/include/sycl/detail/generic_type_traits.hpp:12:
  /home/edgeai/downstream/include/sycl/aliases.hpp:143:1: warning: 'cl_long' is deprecated: use sycl::opencl::cl_long instead [-Wdeprecated-declarations]
    143 | __SYCL_2020_MAKE_VECTOR_ALIASES_FOR_VECTOR_LENGTH(2)
        | ^
  /home/edgeai/downstream/include/sycl/aliases.hpp:74:3: note: expanded from macro '__SYCL_2020_MAKE_VECTOR_ALIASES_FOR_VECTOR_LENGTH'
     74 |   __SYCL_MAKE_VECTOR_ALIASES_FOR_OPENCL_TYPES(N)                               \
        |   ^
  /home/edgeai/downstream/include/sycl/aliases.hpp:47:59: note: expanded from macro '__SYCL_MAKE_VECTOR_ALIASES_FOR_OPENCL_TYPES'
     47 |   __SYCL_2020_MAKE_DEPRECATED_VECTOR_ALIAS(cl_long, sycl::cl_long, N, "")      \
        |                                                           ^
  /home/edgeai/downstream/include/sycl/aliases.hpp:116:5: note: 'cl_long' has been explicitly marked deprecated here
    116 |     __SYCL2020_DEPRECATED("use sycl::opencl::cl_long instead") = std::int64_t;
        |     ^
  /home/edgeai/downstream/include/sycl/detail/defines_elementary.hpp:62:40: note: expanded from macro '__SYCL2020_DEPRECATED'
     62 | #define __SYCL2020_DEPRECATED(message) __SYCL_DEPRECATED(message)
        |                                        ^
  /home/edgeai/downstream/include/sycl/detail/defines_elementary.hpp:53:38: note: expanded from macro '__SYCL_DEPRECATED'
     53 | #define __SYCL_DEPRECATED(message) [[deprecated(message)]]
        |                                      ^
  In file included from /home/edgeai/esimd_learning/csrc/xpu/esimd_kernel.sycl:1:
  In file included from /home/edgeai/downstream/lib/python3.12/site-packages/torch/include/ATen/ATen.h:8:
  In file included from /home/edgeai/downstream/lib/python3.12/site-packages/torch/include/ATen/Context.h:5:
  In file included from /home/edgeai/downstream/lib/python3.12/site-packages/torch/include/ATen/CPUGeneratorImpl.h:4:
  In file included from /home/edgeai/downstream/lib/python3.12/site-packages/torch/include/ATen/core/Generator.h:19:
  In file included from /home/edgeai/downstream/lib/python3.12/site-packages/torch/include/c10/core/GeneratorImpl.h:9:
  In file included from /home/edgeai/downstream/lib/python3.12/site-packages/torch/include/c10/core/TensorImpl.h:12:
  In file included from /home/edgeai/downstream/lib/python3.12/site-packages/torch/include/c10/core/ScalarType.h:4:
  In file included from /home/edgeai/downstream/lib/python3.12/site-packages/torch/include/c10/util/BFloat16.h:2:
  In file included from /home/edgeai/downstream/lib/python3.12/site-packages/torch/include/torch/headeronly/util/BFloat16.h:22:
  In file included from /home/edgeai/downstream/include/sycl/sycl.hpp:49:
  In file included from /home/edgeai/downstream/include/sycl/detail/core.hpp:21:
  In file included from /home/edgeai/downstream/include/sycl/accessor.hpp:18:
  In file included from /home/edgeai/downstream/include/sycl/detail/generic_type_traits.hpp:12:
  /home/edgeai/downstream/include/sycl/aliases.hpp:143:1: warning: 'cl_ulong' is deprecated: use sycl::opencl::cl_ulong instead [-Wdeprecated-declarations]
    143 | __SYCL_2020_MAKE_VECTOR_ALIASES_FOR_VECTOR_LENGTH(2)
        | ^
  /home/edgeai/downstream/include/sycl/aliases.hpp:74:3: note: expanded from macro '__SYCL_2020_MAKE_VECTOR_ALIASES_FOR_VECTOR_LENGTH'
     74 |   __SYCL_MAKE_VECTOR_ALIASES_FOR_OPENCL_TYPES(N)                               \
        |   ^
  /home/edgeai/downstream/include/sycl/aliases.hpp:48:60: note: expanded from macro '__SYCL_MAKE_VECTOR_ALIASES_FOR_OPENCL_TYPES'
     48 |   __SYCL_2020_MAKE_DEPRECATED_VECTOR_ALIAS(cl_ulong, sycl::cl_ulong, N, "")    \
        |                                                            ^
  /home/edgeai/downstream/include/sycl/aliases.hpp:118:5: note: 'cl_ulong' has been explicitly marked deprecated here
    118 |     __SYCL2020_DEPRECATED("use sycl::opencl::cl_ulong instead") = std::uint64_t;
        |     ^
  /home/edgeai/downstream/include/sycl/detail/defines_elementary.hpp:62:40: note: expanded from macro '__SYCL2020_DEPRECATED'
     62 | #define __SYCL2020_DEPRECATED(message) __SYCL_DEPRECATED(message)
        |                                        ^
  /home/edgeai/downstream/include/sycl/detail/defines_elementary.hpp:53:38: note: expanded from macro '__SYCL_DEPRECATED'
     53 | #define __SYCL_DEPRECATED(message) [[deprecated(message)]]
        |                                      ^
  In file included from /home/edgeai/esimd_learning/csrc/xpu/esimd_kernel.sycl:1:
  In file included from /home/edgeai/downstream/lib/python3.12/site-packages/torch/include/ATen/ATen.h:8:
  In file included from /home/edgeai/downstream/lib/python3.12/site-packages/torch/include/ATen/Context.h:5:
  In file included from /home/edgeai/downstream/lib/python3.12/site-packages/torch/include/ATen/CPUGeneratorImpl.h:4:
  In file included from /home/edgeai/downstream/lib/python3.12/site-packages/torch/include/ATen/core/Generator.h:19:
  In file included from /home/edgeai/downstream/lib/python3.12/site-packages/torch/include/c10/core/GeneratorImpl.h:9:
  In file included from /home/edgeai/downstream/lib/python3.12/site-packages/torch/include/c10/core/TensorImpl.h:12:
  In file included from /home/edgeai/downstream/lib/python3.12/site-packages/torch/include/c10/core/ScalarType.h:4:
  In file included from /home/edgeai/downstream/lib/python3.12/site-packages/torch/include/c10/util/BFloat16.h:2:
  In file included from /home/edgeai/downstream/lib/python3.12/site-packages/torch/include/torch/headeronly/util/BFloat16.h:22:
  In file included from /home/edgeai/downstream/include/sycl/sycl.hpp:49:
  In file included from /home/edgeai/downstream/include/sycl/detail/core.hpp:21:
  In file included from /home/edgeai/downstream/include/sycl/accessor.hpp:18:
  In file included from /home/edgeai/downstream/include/sycl/detail/generic_type_traits.hpp:12:
  /home/edgeai/downstream/include/sycl/aliases.hpp:143:1: warning: 'cl_float' is deprecated: use sycl::opencl::cl_float instead [-Wdeprecated-declarations]
    143 | __SYCL_2020_MAKE_VECTOR_ALIASES_FOR_VECTOR_LENGTH(2)
        | ^
  /home/edgeai/downstream/include/sycl/aliases.hpp:74:3: note: expanded from macro '__SYCL_2020_MAKE_VECTOR_ALIASES_FOR_VECTOR_LENGTH'
     74 |   __SYCL_MAKE_VECTOR_ALIASES_FOR_OPENCL_TYPES(N)                               \
        |   ^
  /home/edgeai/downstream/include/sycl/aliases.hpp:49:60: note: expanded from macro '__SYCL_MAKE_VECTOR_ALIASES_FOR_OPENCL_TYPES'
     49 |   __SYCL_2020_MAKE_DEPRECATED_VECTOR_ALIAS(cl_float, sycl::cl_float, N, "")    \
        |                                                            ^
  /home/edgeai/downstream/include/sycl/aliases.hpp:121:5: note: 'cl_float' has been explicitly marked deprecated here
    121 |     __SYCL2020_DEPRECATED("use sycl::opencl::cl_float instead") = float;
        |     ^
  /home/edgeai/downstream/include/sycl/detail/defines_elementary.hpp:62:40: note: expanded from macro '__SYCL2020_DEPRECATED'
     62 | #define __SYCL2020_DEPRECATED(message) __SYCL_DEPRECATED(message)
        |                                        ^
  /home/edgeai/downstream/include/sycl/detail/defines_elementary.hpp:53:38: note: expanded from macro '__SYCL_DEPRECATED'
     53 | #define __SYCL_DEPRECATED(message) [[deprecated(message)]]
        |                                      ^
  In file included from /home/edgeai/esimd_learning/csrc/xpu/esimd_kernel.sycl:1:
  In file included from /home/edgeai/downstream/lib/python3.12/site-packages/torch/include/ATen/ATen.h:8:
  In file included from /home/edgeai/downstream/lib/python3.12/site-packages/torch/include/ATen/Context.h:5:
  In file included from /home/edgeai/downstream/lib/python3.12/site-packages/torch/include/ATen/CPUGeneratorImpl.h:4:
  In file included from /home/edgeai/downstream/lib/python3.12/site-packages/torch/include/ATen/core/Generator.h:19:
  In file included from /home/edgeai/downstream/lib/python3.12/site-packages/torch/include/c10/core/GeneratorImpl.h:9:
  In file included from /home/edgeai/downstream/lib/python3.12/site-packages/torch/include/c10/core/TensorImpl.h:12:
  In file included from /home/edgeai/downstream/lib/python3.12/site-packages/torch/include/c10/core/ScalarType.h:4:
  In file included from /home/edgeai/downstream/lib/python3.12/site-packages/torch/include/c10/util/BFloat16.h:2:
  In file included from /home/edgeai/downstream/lib/python3.12/site-packages/torch/include/torch/headeronly/util/BFloat16.h:22:
  In file included from /home/edgeai/downstream/include/sycl/sycl.hpp:49:
  In file included from /home/edgeai/downstream/include/sycl/detail/core.hpp:21:
  In file included from /home/edgeai/downstream/include/sycl/accessor.hpp:18:
  In file included from /home/edgeai/downstream/include/sycl/detail/generic_type_traits.hpp:12:
  /home/edgeai/downstream/include/sycl/aliases.hpp:143:1: warning: 'cl_double' is deprecated: use sycl::opencl::cl_double instead [-Wdeprecated-declarations]
    143 | __SYCL_2020_MAKE_VECTOR_ALIASES_FOR_VECTOR_LENGTH(2)
        | ^
  /home/edgeai/downstream/include/sycl/aliases.hpp:74:3: note: expanded from macro '__SYCL_2020_MAKE_VECTOR_ALIASES_FOR_VECTOR_LENGTH'
     74 |   __SYCL_MAKE_VECTOR_ALIASES_FOR_OPENCL_TYPES(N)                               \
        |   ^
  /home/edgeai/downstream/include/sycl/aliases.hpp:50:61: note: expanded from macro '__SYCL_MAKE_VECTOR_ALIASES_FOR_OPENCL_TYPES'
     50 |   __SYCL_2020_MAKE_DEPRECATED_VECTOR_ALIAS(cl_double, sycl::cl_double, N, "")  \
        |                                                             ^
  /home/edgeai/downstream/include/sycl/aliases.hpp:123:5: note: 'cl_double' has been explicitly marked deprecated here
    123 |     __SYCL2020_DEPRECATED("use sycl::opencl::cl_double instead") = double;
        |     ^
  /home/edgeai/downstream/include/sycl/detail/defines_elementary.hpp:62:40: note: expanded from macro '__SYCL2020_DEPRECATED'
     62 | #define __SYCL2020_DEPRECATED(message) __SYCL_DEPRECATED(message)
        |                                        ^
  /home/edgeai/downstream/include/sycl/detail/defines_elementary.hpp:53:38: note: expanded from macro '__SYCL_DEPRECATED'
     53 | #define __SYCL_DEPRECATED(message) [[deprecated(message)]]
        |                                      ^
  In file included from /home/edgeai/esimd_learning/csrc/xpu/esimd_kernel.sycl:1:
  In file included from /home/edgeai/downstream/lib/python3.12/site-packages/torch/include/ATen/ATen.h:8:
  In file included from /home/edgeai/downstream/lib/python3.12/site-packages/torch/include/ATen/Context.h:5:
  In file included from /home/edgeai/downstream/lib/python3.12/site-packages/torch/include/ATen/CPUGeneratorImpl.h:4:
  In file included from /home/edgeai/downstream/lib/python3.12/site-packages/torch/include/ATen/core/Generator.h:19:
  In file included from /home/edgeai/downstream/lib/python3.12/site-packages/torch/include/c10/core/GeneratorImpl.h:9:
  In file included from /home/edgeai/downstream/lib/python3.12/site-packages/torch/include/c10/core/TensorImpl.h:12:
  In file included from /home/edgeai/downstream/lib/python3.12/site-packages/torch/include/c10/core/ScalarType.h:4:
  In file included from /home/edgeai/downstream/lib/python3.12/site-packages/torch/include/c10/util/BFloat16.h:2:
  In file included from /home/edgeai/downstream/lib/python3.12/site-packages/torch/include/torch/headeronly/util/BFloat16.h:22:
  In file included from /home/edgeai/downstream/include/sycl/sycl.hpp:49:
  In file included from /home/edgeai/downstream/include/sycl/detail/core.hpp:21:
  In file included from /home/edgeai/downstream/include/sycl/accessor.hpp:18:
  In file included from /home/edgeai/downstream/include/sycl/detail/generic_type_traits.hpp:12:
  /home/edgeai/downstream/include/sycl/aliases.hpp:143:1: warning: 'cl_half' is deprecated: use sycl::opencl::cl_half instead [-Wdeprecated-declarations]
    143 | __SYCL_2020_MAKE_VECTOR_ALIASES_FOR_VECTOR_LENGTH(2)
        | ^
  /home/edgeai/downstream/include/sycl/aliases.hpp:74:3: note: expanded from macro '__SYCL_2020_MAKE_VECTOR_ALIASES_FOR_VECTOR_LENGTH'
     74 |   __SYCL_MAKE_VECTOR_ALIASES_FOR_OPENCL_TYPES(N)                               \
        |   ^
  /home/edgeai/downstream/include/sycl/aliases.hpp:51:59: note: expanded from macro '__SYCL_MAKE_VECTOR_ALIASES_FOR_OPENCL_TYPES'
     51 |   __SYCL_2020_MAKE_DEPRECATED_VECTOR_ALIAS(cl_half, sycl::cl_half, N, "")
        |                                                           ^
  /home/edgeai/downstream/include/sycl/aliases.hpp:119:15: note: 'cl_half' has been explicitly marked deprecated here
    119 | using cl_half __SYCL2020_DEPRECATED("use sycl::opencl::cl_half instead") = half;
        |               ^
  /home/edgeai/downstream/include/sycl/detail/defines_elementary.hpp:62:40: note: expanded from macro '__SYCL2020_DEPRECATED'
     62 | #define __SYCL2020_DEPRECATED(message) __SYCL_DEPRECATED(message)
        |                                        ^
  /home/edgeai/downstream/include/sycl/detail/defines_elementary.hpp:53:38: note: expanded from macro '__SYCL_DEPRECATED'
     53 | #define __SYCL_DEPRECATED(message) [[deprecated(message)]]
        |                                      ^
  In file included from /home/edgeai/esimd_learning/csrc/xpu/esimd_kernel.sycl:1:
  In file included from /home/edgeai/downstream/lib/python3.12/site-packages/torch/include/ATen/ATen.h:8:
  In file included from /home/edgeai/downstream/lib/python3.12/site-packages/torch/include/ATen/Context.h:5:
  In file included from /home/edgeai/downstream/lib/python3.12/site-packages/torch/include/ATen/CPUGeneratorImpl.h:4:
  In file included from /home/edgeai/downstream/lib/python3.12/site-packages/torch/include/ATen/core/Generator.h:19:
  In file included from /home/edgeai/downstream/lib/python3.12/site-packages/torch/include/c10/core/GeneratorImpl.h:9:
  In file included from /home/edgeai/downstream/lib/python3.12/site-packages/torch/include/c10/core/TensorImpl.h:12:
  In file included from /home/edgeai/downstream/lib/python3.12/site-packages/torch/include/c10/core/ScalarType.h:4:
  In file included from /home/edgeai/downstream/lib/python3.12/site-packages/torch/include/c10/util/BFloat16.h:2:
  In file included from /home/edgeai/downstream/lib/python3.12/site-packages/torch/include/torch/headeronly/util/BFloat16.h:22:
  In file included from /home/edgeai/downstream/include/sycl/sycl.hpp:49:
  In file included from /home/edgeai/downstream/include/sycl/detail/core.hpp:21:
  In file included from /home/edgeai/downstream/include/sycl/accessor.hpp:18:
  In file included from /home/edgeai/downstream/include/sycl/detail/generic_type_traits.hpp:12:
  /home/edgeai/downstream/include/sycl/aliases.hpp:144:1: warning: 'cl_char' is deprecated: use sycl::opencl::cl_char instead [-Wdeprecated-declarations]
    144 | __SYCL_2020_MAKE_VECTOR_ALIASES_FOR_VECTOR_LENGTH(3)
        | ^
  /home/edgeai/downstream/include/sycl/aliases.hpp:74:3: note: expanded from macro '__SYCL_2020_MAKE_VECTOR_ALIASES_FOR_VECTOR_LENGTH'
     74 |   __SYCL_MAKE_VECTOR_ALIASES_FOR_OPENCL_TYPES(N)                               \
        |   ^
  /home/edgeai/downstream/include/sycl/aliases.hpp:41:59: note: expanded from macro '__SYCL_MAKE_VECTOR_ALIASES_FOR_OPENCL_TYPES'
     41 |   __SYCL_2020_MAKE_DEPRECATED_VECTOR_ALIAS(cl_char, sycl::cl_char, N, "")      \
        |                                                           ^
  /home/edgeai/downstream/include/sycl/aliases.hpp:104:5: note: 'cl_char' has been explicitly marked deprecated here
    104 |     __SYCL2020_DEPRECATED("use sycl::opencl::cl_char instead") = std::int8_t;
        |     ^
  /home/edgeai/downstream/include/sycl/detail/defines_elementary.hpp:62:40: note: expanded from macro '__SYCL2020_DEPRECATED'
     62 | #define __SYCL2020_DEPRECATED(message) __SYCL_DEPRECATED(message)
        |                                        ^
  /home/edgeai/downstream/include/sycl/detail/defines_elementary.hpp:53:38: note: expanded from macro '__SYCL_DEPRECATED'
     53 | #define __SYCL_DEPRECATED(message) [[deprecated(message)]]
        |                                      ^
  In file included from /home/edgeai/esimd_learning/csrc/xpu/esimd_kernel.sycl:1:
  In file included from /home/edgeai/downstream/lib/python3.12/site-packages/torch/include/ATen/ATen.h:8:
  In file included from /home/edgeai/downstream/lib/python3.12/site-packages/torch/include/ATen/Context.h:5:
  In file included from /home/edgeai/downstream/lib/python3.12/site-packages/torch/include/ATen/CPUGeneratorImpl.h:4:
  In file included from /home/edgeai/downstream/lib/python3.12/site-packages/torch/include/ATen/core/Generator.h:19:
  In file included from /home/edgeai/downstream/lib/python3.12/site-packages/torch/include/c10/core/GeneratorImpl.h:9:
  In file included from /home/edgeai/downstream/lib/python3.12/site-packages/torch/include/c10/core/TensorImpl.h:12:
  In file included from /home/edgeai/downstream/lib/python3.12/site-packages/torch/include/c10/core/ScalarType.h:4:
  In file included from /home/edgeai/downstream/lib/python3.12/site-packages/torch/include/c10/util/BFloat16.h:2:
  In file included from /home/edgeai/downstream/lib/python3.12/site-packages/torch/include/torch/headeronly/util/BFloat16.h:22:
  In file included from /home/edgeai/downstream/include/sycl/sycl.hpp:49:
  In file included from /home/edgeai/downstream/include/sycl/detail/core.hpp:21:
  In file included from /home/edgeai/downstream/include/sycl/accessor.hpp:18:
  In file included from /home/edgeai/downstream/include/sycl/detail/generic_type_traits.hpp:12:
  /home/edgeai/downstream/include/sycl/aliases.hpp:144:1: warning: 'cl_uchar' is deprecated: use sycl::opencl::cl_uchar instead [-Wdeprecated-declarations]
    144 | __SYCL_2020_MAKE_VECTOR_ALIASES_FOR_VECTOR_LENGTH(3)
        | ^
  /home/edgeai/downstream/include/sycl/aliases.hpp:74:3: note: expanded from macro '__SYCL_2020_MAKE_VECTOR_ALIASES_FOR_VECTOR_LENGTH'
     74 |   __SYCL_MAKE_VECTOR_ALIASES_FOR_OPENCL_TYPES(N)                               \
        |   ^
  /home/edgeai/downstream/include/sycl/aliases.hpp:42:60: note: expanded from macro '__SYCL_MAKE_VECTOR_ALIASES_FOR_OPENCL_TYPES'
     42 |   __SYCL_2020_MAKE_DEPRECATED_VECTOR_ALIAS(cl_uchar, sycl::cl_uchar, N, "")    \
        |                                                            ^
  /home/edgeai/downstream/include/sycl/aliases.hpp:106:5: note: 'cl_uchar' has been explicitly marked deprecated here
    106 |     __SYCL2020_DEPRECATED("use sycl::opencl::cl_uchar instead") = std::uint8_t;
        |     ^
  /home/edgeai/downstream/include/sycl/detail/defines_elementary.hpp:62:40: note: expanded from macro '__SYCL2020_DEPRECATED'
     62 | #define __SYCL2020_DEPRECATED(message) __SYCL_DEPRECATED(message)
        |                                        ^
  /home/edgeai/downstream/include/sycl/detail/defines_elementary.hpp:53:38: note: expanded from macro '__SYCL_DEPRECATED'
     53 | #define __SYCL_DEPRECATED(message) [[deprecated(message)]]
        |                                      ^
  In file included from /home/edgeai/esimd_learning/csrc/xpu/esimd_kernel.sycl:1:
  In file included from /home/edgeai/downstream/lib/python3.12/site-packages/torch/include/ATen/ATen.h:8:
  In file included from /home/edgeai/downstream/lib/python3.12/site-packages/torch/include/ATen/Context.h:5:
  In file included from /home/edgeai/downstream/lib/python3.12/site-packages/torch/include/ATen/CPUGeneratorImpl.h:4:
  In file included from /home/edgeai/downstream/lib/python3.12/site-packages/torch/include/ATen/core/Generator.h:19:
  In file included from /home/edgeai/downstream/lib/python3.12/site-packages/torch/include/c10/core/GeneratorImpl.h:9:
  In file included from /home/edgeai/downstream/lib/python3.12/site-packages/torch/include/c10/core/TensorImpl.h:12:
  In file included from /home/edgeai/downstream/lib/python3.12/site-packages/torch/include/c10/core/ScalarType.h:4:
  In file included from /home/edgeai/downstream/lib/python3.12/site-packages/torch/include/c10/util/BFloat16.h:2:
  In file included from /home/edgeai/downstream/lib/python3.12/site-packages/torch/include/torch/headeronly/util/BFloat16.h:22:
  In file included from /home/edgeai/downstream/include/sycl/sycl.hpp:49:
  In file included from /home/edgeai/downstream/include/sycl/detail/core.hpp:21:
  In file included from /home/edgeai/downstream/include/sycl/accessor.hpp:18:
  In file included from /home/edgeai/downstream/include/sycl/detail/generic_type_traits.hpp:12:
  /home/edgeai/downstream/include/sycl/aliases.hpp:144:1: warning: 'cl_short' is deprecated: use sycl::opencl::cl_short instead [-Wdeprecated-declarations]
    144 | __SYCL_2020_MAKE_VECTOR_ALIASES_FOR_VECTOR_LENGTH(3)
        | ^
  /home/edgeai/downstream/include/sycl/aliases.hpp:74:3: note: expanded from macro '__SYCL_2020_MAKE_VECTOR_ALIASES_FOR_VECTOR_LENGTH'
     74 |   __SYCL_MAKE_VECTOR_ALIASES_FOR_OPENCL_TYPES(N)                               \
        |   ^
  /home/edgeai/downstream/include/sycl/aliases.hpp:43:60: note: expanded from macro '__SYCL_MAKE_VECTOR_ALIASES_FOR_OPENCL_TYPES'
     43 |   __SYCL_2020_MAKE_DEPRECATED_VECTOR_ALIAS(cl_short, sycl::cl_short, N, "")    \
        |                                                            ^
  /home/edgeai/downstream/include/sycl/aliases.hpp:108:5: note: 'cl_short' has been explicitly marked deprecated here
    108 |     __SYCL2020_DEPRECATED("use sycl::opencl::cl_short instead") = std::int16_t;
        |     ^
  /home/edgeai/downstream/include/sycl/detail/defines_elementary.hpp:62:40: note: expanded from macro '__SYCL2020_DEPRECATED'
     62 | #define __SYCL2020_DEPRECATED(message) __SYCL_DEPRECATED(message)
        |                                        ^
  /home/edgeai/downstream/include/sycl/detail/defines_elementary.hpp:53:38: note: expanded from macro '__SYCL_DEPRECATED'
     53 | #define __SYCL_DEPRECATED(message) [[deprecated(message)]]
        |                                      ^
  In file included from /home/edgeai/esimd_learning/csrc/xpu/esimd_kernel.sycl:1:
  In file included from /home/edgeai/downstream/lib/python3.12/site-packages/torch/include/ATen/ATen.h:8:
  In file included from /home/edgeai/downstream/lib/python3.12/site-packages/torch/include/ATen/Context.h:5:
  In file included from /home/edgeai/downstream/lib/python3.12/site-packages/torch/include/ATen/CPUGeneratorImpl.h:4:
  In file included from /home/edgeai/downstream/lib/python3.12/site-packages/torch/include/ATen/core/Generator.h:19:
  In file included from /home/edgeai/downstream/lib/python3.12/site-packages/torch/include/c10/core/GeneratorImpl.h:9:
  In file included from /home/edgeai/downstream/lib/python3.12/site-packages/torch/include/c10/core/TensorImpl.h:12:
  In file included from /home/edgeai/downstream/lib/python3.12/site-packages/torch/include/c10/core/ScalarType.h:4:
  In file included from /home/edgeai/downstream/lib/python3.12/site-packages/torch/include/c10/util/BFloat16.h:2:
  In file included from /home/edgeai/downstream/lib/python3.12/site-packages/torch/include/torch/headeronly/util/BFloat16.h:22:
  In file included from /home/edgeai/downstream/include/sycl/sycl.hpp:49:
  In file included from /home/edgeai/downstream/include/sycl/detail/core.hpp:21:
  In file included from /home/edgeai/downstream/include/sycl/accessor.hpp:18:
  In file included from /home/edgeai/downstream/include/sycl/detail/generic_type_traits.hpp:12:
  /home/edgeai/downstream/include/sycl/aliases.hpp:144:1: warning: 'cl_ushort' is deprecated: use sycl::opencl::cl_ushort instead [-Wdeprecated-declarations]
    144 | __SYCL_2020_MAKE_VECTOR_ALIASES_FOR_VECTOR_LENGTH(3)
        | ^
  /home/edgeai/downstream/include/sycl/aliases.hpp:74:3: note: expanded from macro '__SYCL_2020_MAKE_VECTOR_ALIASES_FOR_VECTOR_LENGTH'
     74 |   __SYCL_MAKE_VECTOR_ALIASES_FOR_OPENCL_TYPES(N)                               \
        |   ^
  /home/edgeai/downstream/include/sycl/aliases.hpp:44:61: note: expanded from macro '__SYCL_MAKE_VECTOR_ALIASES_FOR_OPENCL_TYPES'
     44 |   __SYCL_2020_MAKE_DEPRECATED_VECTOR_ALIAS(cl_ushort, sycl::cl_ushort, N, "")  \
        |                                                             ^
  /home/edgeai/downstream/include/sycl/aliases.hpp:109:17: note: 'cl_ushort' has been explicitly marked deprecated here
    109 | using cl_ushort __SYCL2020_DEPRECATED("use sycl::opencl::cl_ushort instead") =
        |                 ^
  /home/edgeai/downstream/include/sycl/detail/defines_elementary.hpp:62:40: note: expanded from macro '__SYCL2020_DEPRECATED'
     62 | #define __SYCL2020_DEPRECATED(message) __SYCL_DEPRECATED(message)
        |                                        ^
  /home/edgeai/downstream/include/sycl/detail/defines_elementary.hpp:53:38: note: expanded from macro '__SYCL_DEPRECATED'
     53 | #define __SYCL_DEPRECATED(message) [[deprecated(message)]]
        |                                      ^
  In file included from /home/edgeai/esimd_learning/csrc/xpu/esimd_kernel.sycl:1:
  In file included from /home/edgeai/downstream/lib/python3.12/site-packages/torch/include/ATen/ATen.h:8:
  In file included from /home/edgeai/downstream/lib/python3.12/site-packages/torch/include/ATen/Context.h:5:
  In file included from /home/edgeai/downstream/lib/python3.12/site-packages/torch/include/ATen/CPUGeneratorImpl.h:4:
  In file included from /home/edgeai/downstream/lib/python3.12/site-packages/torch/include/ATen/core/Generator.h:19:
  In file included from /home/edgeai/downstream/lib/python3.12/site-packages/torch/include/c10/core/GeneratorImpl.h:9:
  In file included from /home/edgeai/downstream/lib/python3.12/site-packages/torch/include/c10/core/TensorImpl.h:12:
  In file included from /home/edgeai/downstream/lib/python3.12/site-packages/torch/include/c10/core/ScalarType.h:4:
  In file included from /home/edgeai/downstream/lib/python3.12/site-packages/torch/include/c10/util/BFloat16.h:2:
  In file included from /home/edgeai/downstream/lib/python3.12/site-packages/torch/include/torch/headeronly/util/BFloat16.h:22:
  In file included from /home/edgeai/downstream/include/sycl/sycl.hpp:49:
  In file included from /home/edgeai/downstream/include/sycl/detail/core.hpp:21:
  In file included from /home/edgeai/downstream/include/sycl/accessor.hpp:18:
  In file included from /home/edgeai/downstream/include/sycl/detail/generic_type_traits.hpp:12:
  /home/edgeai/downstream/include/sycl/aliases.hpp:144:1: warning: 'cl_int' is deprecated: use sycl::opencl::cl_int instead [-Wdeprecated-declarations]
    144 | __SYCL_2020_MAKE_VECTOR_ALIASES_FOR_VECTOR_LENGTH(3)
        | ^
  /home/edgeai/downstream/include/sycl/aliases.hpp:74:3: note: expanded from macro '__SYCL_2020_MAKE_VECTOR_ALIASES_FOR_VECTOR_LENGTH'
     74 |   __SYCL_MAKE_VECTOR_ALIASES_FOR_OPENCL_TYPES(N)                               \
        |   ^
  /home/edgeai/downstream/include/sycl/aliases.hpp:45:58: note: expanded from macro '__SYCL_MAKE_VECTOR_ALIASES_FOR_OPENCL_TYPES'
     45 |   __SYCL_2020_MAKE_DEPRECATED_VECTOR_ALIAS(cl_int, sycl::cl_int, N, "")        \
        |                                                          ^
  /home/edgeai/downstream/include/sycl/aliases.hpp:112:5: note: 'cl_int' has been explicitly marked deprecated here
    112 |     __SYCL2020_DEPRECATED("use sycl::opencl::cl_int instead") = std::int32_t;
        |     ^
  /home/edgeai/downstream/include/sycl/detail/defines_elementary.hpp:62:40: note: expanded from macro '__SYCL2020_DEPRECATED'
     62 | #define __SYCL2020_DEPRECATED(message) __SYCL_DEPRECATED(message)
        |                                        ^
  /home/edgeai/downstream/include/sycl/detail/defines_elementary.hpp:53:38: note: expanded from macro '__SYCL_DEPRECATED'
     53 | #define __SYCL_DEPRECATED(message) [[deprecated(message)]]
        |                                      ^
  In file included from /home/edgeai/esimd_learning/csrc/xpu/esimd_kernel.sycl:1:
  In file included from /home/edgeai/downstream/lib/python3.12/site-packages/torch/include/ATen/ATen.h:8:
  In file included from /home/edgeai/downstream/lib/python3.12/site-packages/torch/include/ATen/Context.h:5:
  In file included from /home/edgeai/downstream/lib/python3.12/site-packages/torch/include/ATen/CPUGeneratorImpl.h:4:
  In file included from /home/edgeai/downstream/lib/python3.12/site-packages/torch/include/ATen/core/Generator.h:19:
  In file included from /home/edgeai/downstream/lib/python3.12/site-packages/torch/include/c10/core/GeneratorImpl.h:9:
  In file included from /home/edgeai/downstream/lib/python3.12/site-packages/torch/include/c10/core/TensorImpl.h:12:
  In file included from /home/edgeai/downstream/lib/python3.12/site-packages/torch/include/c10/core/ScalarType.h:4:
  In file included from /home/edgeai/downstream/lib/python3.12/site-packages/torch/include/c10/util/BFloat16.h:2:
  In file included from /home/edgeai/downstream/lib/python3.12/site-packages/torch/include/torch/headeronly/util/BFloat16.h:22:
  In file included from /home/edgeai/downstream/include/sycl/sycl.hpp:49:
  In file included from /home/edgeai/downstream/include/sycl/detail/core.hpp:21:
  In file included from /home/edgeai/downstream/include/sycl/accessor.hpp:18:
  In file included from /home/edgeai/downstream/include/sycl/detail/generic_type_traits.hpp:12:
  /home/edgeai/downstream/include/sycl/aliases.hpp:144:1: warning: 'cl_uint' is deprecated: use sycl::opencl::cl_uint instead [-Wdeprecated-declarations]
    144 | __SYCL_2020_MAKE_VECTOR_ALIASES_FOR_VECTOR_LENGTH(3)
        | ^
  /home/edgeai/downstream/include/sycl/aliases.hpp:74:3: note: expanded from macro '__SYCL_2020_MAKE_VECTOR_ALIASES_FOR_VECTOR_LENGTH'
     74 |   __SYCL_MAKE_VECTOR_ALIASES_FOR_OPENCL_TYPES(N)                               \
        |   ^
  /home/edgeai/downstream/include/sycl/aliases.hpp:46:59: note: expanded from macro '__SYCL_MAKE_VECTOR_ALIASES_FOR_OPENCL_TYPES'
     46 |   __SYCL_2020_MAKE_DEPRECATED_VECTOR_ALIAS(cl_uint, sycl::cl_uint, N, "")      \
        |                                                           ^
  /home/edgeai/downstream/include/sycl/aliases.hpp:114:5: note: 'cl_uint' has been explicitly marked deprecated here
    114 |     __SYCL2020_DEPRECATED("use sycl::opencl::cl_uint instead") = std::uint32_t;
        |     ^
  /home/edgeai/downstream/include/sycl/detail/defines_elementary.hpp:62:40: note: expanded from macro '__SYCL2020_DEPRECATED'
     62 | #define __SYCL2020_DEPRECATED(message) __SYCL_DEPRECATED(message)
        |                                        ^
  /home/edgeai/downstream/include/sycl/detail/defines_elementary.hpp:53:38: note: expanded from macro '__SYCL_DEPRECATED'
     53 | #define __SYCL_DEPRECATED(message) [[deprecated(message)]]
        |                                      ^
  In file included from /home/edgeai/esimd_learning/csrc/xpu/esimd_kernel.sycl:1:
  In file included from /home/edgeai/downstream/lib/python3.12/site-packages/torch/include/ATen/ATen.h:8:
  In file included from /home/edgeai/downstream/lib/python3.12/site-packages/torch/include/ATen/Context.h:5:
  In file included from /home/edgeai/downstream/lib/python3.12/site-packages/torch/include/ATen/CPUGeneratorImpl.h:4:
  In file included from /home/edgeai/downstream/lib/python3.12/site-packages/torch/include/ATen/core/Generator.h:19:
  In file included from /home/edgeai/downstream/lib/python3.12/site-packages/torch/include/c10/core/GeneratorImpl.h:9:
  In file included from /home/edgeai/downstream/lib/python3.12/site-packages/torch/include/c10/core/TensorImpl.h:12:
  In file included from /home/edgeai/downstream/lib/python3.12/site-packages/torch/include/c10/core/ScalarType.h:4:
  In file included from /home/edgeai/downstream/lib/python3.12/site-packages/torch/include/c10/util/BFloat16.h:2:
  In file included from /home/edgeai/downstream/lib/python3.12/site-packages/torch/include/torch/headeronly/util/BFloat16.h:22:
  In file included from /home/edgeai/downstream/include/sycl/sycl.hpp:49:
  In file included from /home/edgeai/downstream/include/sycl/detail/core.hpp:21:
  In file included from /home/edgeai/downstream/include/sycl/accessor.hpp:18:
  In file included from /home/edgeai/downstream/include/sycl/detail/generic_type_traits.hpp:12:
  /home/edgeai/downstream/include/sycl/aliases.hpp:144:1: warning: 'cl_long' is deprecated: use sycl::opencl::cl_long instead [-Wdeprecated-declarations]
    144 | __SYCL_2020_MAKE_VECTOR_ALIASES_FOR_VECTOR_LENGTH(3)
        | ^
  /home/edgeai/downstream/include/sycl/aliases.hpp:74:3: note: expanded from macro '__SYCL_2020_MAKE_VECTOR_ALIASES_FOR_VECTOR_LENGTH'
     74 |   __SYCL_MAKE_VECTOR_ALIASES_FOR_OPENCL_TYPES(N)                               \
        |   ^
  /home/edgeai/downstream/include/sycl/aliases.hpp:47:59: note: expanded from macro '__SYCL_MAKE_VECTOR_ALIASES_FOR_OPENCL_TYPES'
     47 |   __SYCL_2020_MAKE_DEPRECATED_VECTOR_ALIAS(cl_long, sycl::cl_long, N, "")      \
        |                                                           ^
  /home/edgeai/downstream/include/sycl/aliases.hpp:116:5: note: 'cl_long' has been explicitly marked deprecated here
    116 |     __SYCL2020_DEPRECATED("use sycl::opencl::cl_long instead") = std::int64_t;
        |     ^
  /home/edgeai/downstream/include/sycl/detail/defines_elementary.hpp:62:40: note: expanded from macro '__SYCL2020_DEPRECATED'
     62 | #define __SYCL2020_DEPRECATED(message) __SYCL_DEPRECATED(message)
        |                                        ^
  /home/edgeai/downstream/include/sycl/detail/defines_elementary.hpp:53:38: note: expanded from macro '__SYCL_DEPRECATED'
     53 | #define __SYCL_DEPRECATED(message) [[deprecated(message)]]
        |                                      ^
  In file included from /home/edgeai/esimd_learning/csrc/xpu/esimd_kernel.sycl:1:
  In file included from /home/edgeai/downstream/lib/python3.12/site-packages/torch/include/ATen/ATen.h:8:
  In file included from /home/edgeai/downstream/lib/python3.12/site-packages/torch/include/ATen/Context.h:5:
  In file included from /home/edgeai/downstream/lib/python3.12/site-packages/torch/include/ATen/CPUGeneratorImpl.h:4:
  In file included from /home/edgeai/downstream/lib/python3.12/site-packages/torch/include/ATen/core/Generator.h:19:
  In file included from /home/edgeai/downstream/lib/python3.12/site-packages/torch/include/c10/core/GeneratorImpl.h:9:
  In file included from /home/edgeai/downstream/lib/python3.12/site-packages/torch/include/c10/core/TensorImpl.h:12:
  In file included from /home/edgeai/downstream/lib/python3.12/site-packages/torch/include/c10/core/ScalarType.h:4:
  In file included from /home/edgeai/downstream/lib/python3.12/site-packages/torch/include/c10/util/BFloat16.h:2:
  In file included from /home/edgeai/downstream/lib/python3.12/site-packages/torch/include/torch/headeronly/util/BFloat16.h:22:
  In file included from /home/edgeai/downstream/include/sycl/sycl.hpp:49:
  In file included from /home/edgeai/downstream/include/sycl/detail/core.hpp:21:
  In file included from /home/edgeai/downstream/include/sycl/accessor.hpp:18:
  In file included from /home/edgeai/downstream/include/sycl/detail/generic_type_traits.hpp:12:
  /home/edgeai/downstream/include/sycl/aliases.hpp:144:1: warning: 'cl_ulong' is deprecated: use sycl::opencl::cl_ulong instead [-Wdeprecated-declarations]
    144 | __SYCL_2020_MAKE_VECTOR_ALIASES_FOR_VECTOR_LENGTH(3)
        | ^
  /home/edgeai/downstream/include/sycl/aliases.hpp:74:3: note: expanded from macro '__SYCL_2020_MAKE_VECTOR_ALIASES_FOR_VECTOR_LENGTH'
     74 |   __SYCL_MAKE_VECTOR_ALIASES_FOR_OPENCL_TYPES(N)                               \
        |   ^
  /home/edgeai/downstream/include/sycl/aliases.hpp:48:60: note: expanded from macro '__SYCL_MAKE_VECTOR_ALIASES_FOR_OPENCL_TYPES'
     48 |   __SYCL_2020_MAKE_DEPRECATED_VECTOR_ALIAS(cl_ulong, sycl::cl_ulong, N, "")    \
        |                                                            ^
  /home/edgeai/downstream/include/sycl/aliases.hpp:118:5: note: 'cl_ulong' has been explicitly marked deprecated here
    118 |     __SYCL2020_DEPRECATED("use sycl::opencl::cl_ulong instead") = std::uint64_t;
        |     ^
  /home/edgeai/downstream/include/sycl/detail/defines_elementary.hpp:62:40: note: expanded from macro '__SYCL2020_DEPRECATED'
     62 | #define __SYCL2020_DEPRECATED(message) __SYCL_DEPRECATED(message)
        |                                        ^
  /home/edgeai/downstream/include/sycl/detail/defines_elementary.hpp:53:38: note: expanded from macro '__SYCL_DEPRECATED'
     53 | #define __SYCL_DEPRECATED(message) [[deprecated(message)]]
        |                                      ^
  In file included from /home/edgeai/esimd_learning/csrc/xpu/esimd_kernel.sycl:1:
  In file included from /home/edgeai/downstream/lib/python3.12/site-packages/torch/include/ATen/ATen.h:8:
  In file included from /home/edgeai/downstream/lib/python3.12/site-packages/torch/include/ATen/Context.h:5:
  In file included from /home/edgeai/downstream/lib/python3.12/site-packages/torch/include/ATen/CPUGeneratorImpl.h:4:
  In file included from /home/edgeai/downstream/lib/python3.12/site-packages/torch/include/ATen/core/Generator.h:19:
  In file included from /home/edgeai/downstream/lib/python3.12/site-packages/torch/include/c10/core/GeneratorImpl.h:9:
  In file included from /home/edgeai/downstream/lib/python3.12/site-packages/torch/include/c10/core/TensorImpl.h:12:
  In file included from /home/edgeai/downstream/lib/python3.12/site-packages/torch/include/c10/core/ScalarType.h:4:
  In file included from /home/edgeai/downstream/lib/python3.12/site-packages/torch/include/c10/util/BFloat16.h:2:
  In file included from /home/edgeai/downstream/lib/python3.12/site-packages/torch/include/torch/headeronly/util/BFloat16.h:22:
  In file included from /home/edgeai/downstream/include/sycl/sycl.hpp:49:
  In file included from /home/edgeai/downstream/include/sycl/detail/core.hpp:21:
  In file included from /home/edgeai/downstream/include/sycl/accessor.hpp:18:
  In file included from /home/edgeai/downstream/include/sycl/detail/generic_type_traits.hpp:12:
  /home/edgeai/downstream/include/sycl/aliases.hpp:144:1: warning: 'cl_float' is deprecated: use sycl::opencl::cl_float instead [-Wdeprecated-declarations]
    144 | __SYCL_2020_MAKE_VECTOR_ALIASES_FOR_VECTOR_LENGTH(3)
        | ^
  /home/edgeai/downstream/include/sycl/aliases.hpp:74:3: note: expanded from macro '__SYCL_2020_MAKE_VECTOR_ALIASES_FOR_VECTOR_LENGTH'
     74 |   __SYCL_MAKE_VECTOR_ALIASES_FOR_OPENCL_TYPES(N)                               \
        |   ^
  /home/edgeai/downstream/include/sycl/aliases.hpp:49:60: note: expanded from macro '__SYCL_MAKE_VECTOR_ALIASES_FOR_OPENCL_TYPES'
     49 |   __SYCL_2020_MAKE_DEPRECATED_VECTOR_ALIAS(cl_float, sycl::cl_float, N, "")    \
        |                                                            ^
  /home/edgeai/downstream/include/sycl/aliases.hpp:121:5: note: 'cl_float' has been explicitly marked deprecated here
    121 |     __SYCL2020_DEPRECATED("use sycl::opencl::cl_float instead") = float;
        |     ^
  /home/edgeai/downstream/include/sycl/detail/defines_elementary.hpp:62:40: note: expanded from macro '__SYCL2020_DEPRECATED'
     62 | #define __SYCL2020_DEPRECATED(message) __SYCL_DEPRECATED(message)
        |                                        ^
  /home/edgeai/downstream/include/sycl/detail/defines_elementary.hpp:53:38: note: expanded from macro '__SYCL_DEPRECATED'
     53 | #define __SYCL_DEPRECATED(message) [[deprecated(message)]]
        |                                      ^
  In file included from /home/edgeai/esimd_learning/csrc/xpu/esimd_kernel.sycl:1:
  In file included from /home/edgeai/downstream/lib/python3.12/site-packages/torch/include/ATen/ATen.h:8:
  In file included from /home/edgeai/downstream/lib/python3.12/site-packages/torch/include/ATen/Context.h:5:
  In file included from /home/edgeai/downstream/lib/python3.12/site-packages/torch/include/ATen/CPUGeneratorImpl.h:4:
  In file included from /home/edgeai/downstream/lib/python3.12/site-packages/torch/include/ATen/core/Generator.h:19:
  In file included from /home/edgeai/downstream/lib/python3.12/site-packages/torch/include/c10/core/GeneratorImpl.h:9:
  In file included from /home/edgeai/downstream/lib/python3.12/site-packages/torch/include/c10/core/TensorImpl.h:12:
  In file included from /home/edgeai/downstream/lib/python3.12/site-packages/torch/include/c10/core/ScalarType.h:4:
  In file included from /home/edgeai/downstream/lib/python3.12/site-packages/torch/include/c10/util/BFloat16.h:2:
  In file included from /home/edgeai/downstream/lib/python3.12/site-packages/torch/include/torch/headeronly/util/BFloat16.h:22:
  In file included from /home/edgeai/downstream/include/sycl/sycl.hpp:49:
  In file included from /home/edgeai/downstream/include/sycl/detail/core.hpp:21:
  In file included from /home/edgeai/downstream/include/sycl/accessor.hpp:18:
  In file included from /home/edgeai/downstream/include/sycl/detail/generic_type_traits.hpp:12:
  /home/edgeai/downstream/include/sycl/aliases.hpp:144:1: warning: 'cl_double' is deprecated: use sycl::opencl::cl_double instead [-Wdeprecated-declarations]
    144 | __SYCL_2020_MAKE_VECTOR_ALIASES_FOR_VECTOR_LENGTH(3)
        | ^
  /home/edgeai/downstream/include/sycl/aliases.hpp:74:3: note: expanded from macro '__SYCL_2020_MAKE_VECTOR_ALIASES_FOR_VECTOR_LENGTH'
     74 |   __SYCL_MAKE_VECTOR_ALIASES_FOR_OPENCL_TYPES(N)                               \
        |   ^
  /home/edgeai/downstream/include/sycl/aliases.hpp:50:61: note: expanded from macro '__SYCL_MAKE_VECTOR_ALIASES_FOR_OPENCL_TYPES'
     50 |   __SYCL_2020_MAKE_DEPRECATED_VECTOR_ALIAS(cl_double, sycl::cl_double, N, "")  \
        |                                                             ^
  /home/edgeai/downstream/include/sycl/aliases.hpp:123:5: note: 'cl_double' has been explicitly marked deprecated here
    123 |     __SYCL2020_DEPRECATED("use sycl::opencl::cl_double instead") = double;
        |     ^
  /home/edgeai/downstream/include/sycl/detail/defines_elementary.hpp:62:40: note: expanded from macro '__SYCL2020_DEPRECATED'
     62 | #define __SYCL2020_DEPRECATED(message) __SYCL_DEPRECATED(message)
        |                                        ^
  /home/edgeai/downstream/include/sycl/detail/defines_elementary.hpp:53:38: note: expanded from macro '__SYCL_DEPRECATED'
     53 | #define __SYCL_DEPRECATED(message) [[deprecated(message)]]
        |                                      ^
  In file included from /home/edgeai/esimd_learning/csrc/xpu/esimd_kernel.sycl:1:
  In file included from /home/edgeai/downstream/lib/python3.12/site-packages/torch/include/ATen/ATen.h:8:
  In file included from /home/edgeai/downstream/lib/python3.12/site-packages/torch/include/ATen/Context.h:5:
  In file included from /home/edgeai/downstream/lib/python3.12/site-packages/torch/include/ATen/CPUGeneratorImpl.h:4:
  In file included from /home/edgeai/downstream/lib/python3.12/site-packages/torch/include/ATen/core/Generator.h:19:
  In file included from /home/edgeai/downstream/lib/python3.12/site-packages/torch/include/c10/core/GeneratorImpl.h:9:
  In file included from /home/edgeai/downstream/lib/python3.12/site-packages/torch/include/c10/core/TensorImpl.h:12:
  In file included from /home/edgeai/downstream/lib/python3.12/site-packages/torch/include/c10/core/ScalarType.h:4:
  In file included from /home/edgeai/downstream/lib/python3.12/site-packages/torch/include/c10/util/BFloat16.h:2:
  In file included from /home/edgeai/downstream/lib/python3.12/site-packages/torch/include/torch/headeronly/util/BFloat16.h:22:
  In file included from /home/edgeai/downstream/include/sycl/sycl.hpp:49:
  In file included from /home/edgeai/downstream/include/sycl/detail/core.hpp:21:
  In file included from /home/edgeai/downstream/include/sycl/accessor.hpp:18:
  In file included from /home/edgeai/downstream/include/sycl/detail/generic_type_traits.hpp:12:
  /home/edgeai/downstream/include/sycl/aliases.hpp:144:1: warning: 'cl_half' is deprecated: use sycl::opencl::cl_half instead [-Wdeprecated-declarations]
    144 | __SYCL_2020_MAKE_VECTOR_ALIASES_FOR_VECTOR_LENGTH(3)
        | ^
  /home/edgeai/downstream/include/sycl/aliases.hpp:74:3: note: expanded from macro '__SYCL_2020_MAKE_VECTOR_ALIASES_FOR_VECTOR_LENGTH'
     74 |   __SYCL_MAKE_VECTOR_ALIASES_FOR_OPENCL_TYPES(N)                               \
        |   ^
  /home/edgeai/downstream/include/sycl/aliases.hpp:51:59: note: expanded from macro '__SYCL_MAKE_VECTOR_ALIASES_FOR_OPENCL_TYPES'
     51 |   __SYCL_2020_MAKE_DEPRECATED_VECTOR_ALIAS(cl_half, sycl::cl_half, N, "")
        |                                                           ^
  /home/edgeai/downstream/include/sycl/aliases.hpp:119:15: note: 'cl_half' has been explicitly marked deprecated here
    119 | using cl_half __SYCL2020_DEPRECATED("use sycl::opencl::cl_half instead") = half;
        |               ^
  /home/edgeai/downstream/include/sycl/detail/defines_elementary.hpp:62:40: note: expanded from macro '__SYCL2020_DEPRECATED'
     62 | #define __SYCL2020_DEPRECATED(message) __SYCL_DEPRECATED(message)
        |                                        ^
  /home/edgeai/downstream/include/sycl/detail/defines_elementary.hpp:53:38: note: expanded from macro '__SYCL_DEPRECATED'
     53 | #define __SYCL_DEPRECATED(message) [[deprecated(message)]]
        |                                      ^
  In file included from /home/edgeai/esimd_learning/csrc/xpu/esimd_kernel.sycl:1:
  In file included from /home/edgeai/downstream/lib/python3.12/site-packages/torch/include/ATen/ATen.h:8:
  In file included from /home/edgeai/downstream/lib/python3.12/site-packages/torch/include/ATen/Context.h:5:
  In file included from /home/edgeai/downstream/lib/python3.12/site-packages/torch/include/ATen/CPUGeneratorImpl.h:4:
  In file included from /home/edgeai/downstream/lib/python3.12/site-packages/torch/include/ATen/core/Generator.h:19:
  In file included from /home/edgeai/downstream/lib/python3.12/site-packages/torch/include/c10/core/GeneratorImpl.h:9:
  In file included from /home/edgeai/downstream/lib/python3.12/site-packages/torch/include/c10/core/TensorImpl.h:12:
  In file included from /home/edgeai/downstream/lib/python3.12/site-packages/torch/include/c10/core/ScalarType.h:4:
  In file included from /home/edgeai/downstream/lib/python3.12/site-packages/torch/include/c10/util/BFloat16.h:2:
  In file included from /home/edgeai/downstream/lib/python3.12/site-packages/torch/include/torch/headeronly/util/BFloat16.h:22:
  In file included from /home/edgeai/downstream/include/sycl/sycl.hpp:49:
  In file included from /home/edgeai/downstream/include/sycl/detail/core.hpp:21:
  In file included from /home/edgeai/downstream/include/sycl/accessor.hpp:18:
  In file included from /home/edgeai/downstream/include/sycl/detail/generic_type_traits.hpp:12:
  /home/edgeai/downstream/include/sycl/aliases.hpp:145:1: warning: 'cl_char' is deprecated: use sycl::opencl::cl_char instead [-Wdeprecated-declarations]
    145 | __SYCL_2020_MAKE_VECTOR_ALIASES_FOR_VECTOR_LENGTH(4)
        | ^
  /home/edgeai/downstream/include/sycl/aliases.hpp:74:3: note: expanded from macro '__SYCL_2020_MAKE_VECTOR_ALIASES_FOR_VECTOR_LENGTH'
     74 |   __SYCL_MAKE_VECTOR_ALIASES_FOR_OPENCL_TYPES(N)                               \
        |   ^
  /home/edgeai/downstream/include/sycl/aliases.hpp:41:59: note: expanded from macro '__SYCL_MAKE_VECTOR_ALIASES_FOR_OPENCL_TYPES'
     41 |   __SYCL_2020_MAKE_DEPRECATED_VECTOR_ALIAS(cl_char, sycl::cl_char, N, "")      \
        |                                                           ^
  /home/edgeai/downstream/include/sycl/aliases.hpp:104:5: note: 'cl_char' has been explicitly marked deprecated here
    104 |     __SYCL2020_DEPRECATED("use sycl::opencl::cl_char instead") = std::int8_t;
        |     ^
  /home/edgeai/downstream/include/sycl/detail/defines_elementary.hpp:62:40: note: expanded from macro '__SYCL2020_DEPRECATED'
     62 | #define __SYCL2020_DEPRECATED(message) __SYCL_DEPRECATED(message)
        |                                        ^
  /home/edgeai/downstream/include/sycl/detail/defines_elementary.hpp:53:38: note: expanded from macro '__SYCL_DEPRECATED'
     53 | #define __SYCL_DEPRECATED(message) [[deprecated(message)]]
        |                                      ^
  In file included from /home/edgeai/esimd_learning/csrc/xpu/esimd_kernel.sycl:1:
  In file included from /home/edgeai/downstream/lib/python3.12/site-packages/torch/include/ATen/ATen.h:8:
  In file included from /home/edgeai/downstream/lib/python3.12/site-packages/torch/include/ATen/Context.h:5:
  In file included from /home/edgeai/downstream/lib/python3.12/site-packages/torch/include/ATen/CPUGeneratorImpl.h:4:
  In file included from /home/edgeai/downstream/lib/python3.12/site-packages/torch/include/ATen/core/Generator.h:19:
  In file included from /home/edgeai/downstream/lib/python3.12/site-packages/torch/include/c10/core/GeneratorImpl.h:9:
  In file included from /home/edgeai/downstream/lib/python3.12/site-packages/torch/include/c10/core/TensorImpl.h:12:
  In file included from /home/edgeai/downstream/lib/python3.12/site-packages/torch/include/c10/core/ScalarType.h:4:
  In file included from /home/edgeai/downstream/lib/python3.12/site-packages/torch/include/c10/util/BFloat16.h:2:
  In file included from /home/edgeai/downstream/lib/python3.12/site-packages/torch/include/torch/headeronly/util/BFloat16.h:22:
  In file included from /home/edgeai/downstream/include/sycl/sycl.hpp:49:
  In file included from /home/edgeai/downstream/include/sycl/detail/core.hpp:21:
  In file included from /home/edgeai/downstream/include/sycl/accessor.hpp:18:
  In file included from /home/edgeai/downstream/include/sycl/detail/generic_type_traits.hpp:12:
  /home/edgeai/downstream/include/sycl/aliases.hpp:145:1: warning: 'cl_uchar' is deprecated: use sycl::opencl::cl_uchar instead [-Wdeprecated-declarations]
    145 | __SYCL_2020_MAKE_VECTOR_ALIASES_FOR_VECTOR_LENGTH(4)
        | ^
  /home/edgeai/downstream/include/sycl/aliases.hpp:74:3: note: expanded from macro '__SYCL_2020_MAKE_VECTOR_ALIASES_FOR_VECTOR_LENGTH'
     74 |   __SYCL_MAKE_VECTOR_ALIASES_FOR_OPENCL_TYPES(N)                               \
        |   ^
  /home/edgeai/downstream/include/sycl/aliases.hpp:42:60: note: expanded from macro '__SYCL_MAKE_VECTOR_ALIASES_FOR_OPENCL_TYPES'
     42 |   __SYCL_2020_MAKE_DEPRECATED_VECTOR_ALIAS(cl_uchar, sycl::cl_uchar, N, "")    \
        |                                                            ^
  /home/edgeai/downstream/include/sycl/aliases.hpp:106:5: note: 'cl_uchar' has been explicitly marked deprecated here
    106 |     __SYCL2020_DEPRECATED("use sycl::opencl::cl_uchar instead") = std::uint8_t;
        |     ^
  /home/edgeai/downstream/include/sycl/detail/defines_elementary.hpp:62:40: note: expanded from macro '__SYCL2020_DEPRECATED'
     62 | #define __SYCL2020_DEPRECATED(message) __SYCL_DEPRECATED(message)
        |                                        ^
  /home/edgeai/downstream/include/sycl/detail/defines_elementary.hpp:53:38: note: expanded from macro '__SYCL_DEPRECATED'
     53 | #define __SYCL_DEPRECATED(message) [[deprecated(message)]]
        |                                      ^
  In file included from /home/edgeai/esimd_learning/csrc/xpu/esimd_kernel.sycl:1:
  In file included from /home/edgeai/downstream/lib/python3.12/site-packages/torch/include/ATen/ATen.h:8:
  In file included from /home/edgeai/downstream/lib/python3.12/site-packages/torch/include/ATen/Context.h:5:
  In file included from /home/edgeai/downstream/lib/python3.12/site-packages/torch/include/ATen/CPUGeneratorImpl.h:4:
  In file included from /home/edgeai/downstream/lib/python3.12/site-packages/torch/include/ATen/core/Generator.h:19:
  In file included from /home/edgeai/downstream/lib/python3.12/site-packages/torch/include/c10/core/GeneratorImpl.h:9:
  In file included from /home/edgeai/downstream/lib/python3.12/site-packages/torch/include/c10/core/TensorImpl.h:12:
  In file included from /home/edgeai/downstream/lib/python3.12/site-packages/torch/include/c10/core/ScalarType.h:4:
  In file included from /home/edgeai/downstream/lib/python3.12/site-packages/torch/include/c10/util/BFloat16.h:2:
  In file included from /home/edgeai/downstream/lib/python3.12/site-packages/torch/include/torch/headeronly/util/BFloat16.h:22:
  In file included from /home/edgeai/downstream/include/sycl/sycl.hpp:49:
  In file included from /home/edgeai/downstream/include/sycl/detail/core.hpp:21:
  In file included from /home/edgeai/downstream/include/sycl/accessor.hpp:18:
  In file included from /home/edgeai/downstream/include/sycl/detail/generic_type_traits.hpp:12:
  /home/edgeai/downstream/include/sycl/aliases.hpp:145:1: warning: 'cl_short' is deprecated: use sycl::opencl::cl_short instead [-Wdeprecated-declarations]
    145 | __SYCL_2020_MAKE_VECTOR_ALIASES_FOR_VECTOR_LENGTH(4)
        | ^
  /home/edgeai/downstream/include/sycl/aliases.hpp:74:3: note: expanded from macro '__SYCL_2020_MAKE_VECTOR_ALIASES_FOR_VECTOR_LENGTH'
     74 |   __SYCL_MAKE_VECTOR_ALIASES_FOR_OPENCL_TYPES(N)                               \
        |   ^
  /home/edgeai/downstream/include/sycl/aliases.hpp:43:60: note: expanded from macro '__SYCL_MAKE_VECTOR_ALIASES_FOR_OPENCL_TYPES'
     43 |   __SYCL_2020_MAKE_DEPRECATED_VECTOR_ALIAS(cl_short, sycl::cl_short, N, "")    \
        |                                                            ^
  /home/edgeai/downstream/include/sycl/aliases.hpp:108:5: note: 'cl_short' has been explicitly marked deprecated here
    108 |     __SYCL2020_DEPRECATED("use sycl::opencl::cl_short instead") = std::int16_t;
        |     ^
  /home/edgeai/downstream/include/sycl/detail/defines_elementary.hpp:62:40: note: expanded from macro '__SYCL2020_DEPRECATED'
     62 | #define __SYCL2020_DEPRECATED(message) __SYCL_DEPRECATED(message)
        |                                        ^
  /home/edgeai/downstream/include/sycl/detail/defines_elementary.hpp:53:38: note: expanded from macro '__SYCL_DEPRECATED'
     53 | #define __SYCL_DEPRECATED(message) [[deprecated(message)]]
        |                                      ^
  In file included from /home/edgeai/esimd_learning/csrc/xpu/esimd_kernel.sycl:1:
  In file included from /home/edgeai/downstream/lib/python3.12/site-packages/torch/include/ATen/ATen.h:8:
  In file included from /home/edgeai/downstream/lib/python3.12/site-packages/torch/include/ATen/Context.h:5:
  In file included from /home/edgeai/downstream/lib/python3.12/site-packages/torch/include/ATen/CPUGeneratorImpl.h:4:
  In file included from /home/edgeai/downstream/lib/python3.12/site-packages/torch/include/ATen/core/Generator.h:19:
  In file included from /home/edgeai/downstream/lib/python3.12/site-packages/torch/include/c10/core/GeneratorImpl.h:9:
  In file included from /home/edgeai/downstream/lib/python3.12/site-packages/torch/include/c10/core/TensorImpl.h:12:
  In file included from /home/edgeai/downstream/lib/python3.12/site-packages/torch/include/c10/core/ScalarType.h:4:
  In file included from /home/edgeai/downstream/lib/python3.12/site-packages/torch/include/c10/util/BFloat16.h:2:
  In file included from /home/edgeai/downstream/lib/python3.12/site-packages/torch/include/torch/headeronly/util/BFloat16.h:22:
  In file included from /home/edgeai/downstream/include/sycl/sycl.hpp:49:
  In file included from /home/edgeai/downstream/include/sycl/detail/core.hpp:21:
  In file included from /home/edgeai/downstream/include/sycl/accessor.hpp:18:
  In file included from /home/edgeai/downstream/include/sycl/detail/generic_type_traits.hpp:12:
  /home/edgeai/downstream/include/sycl/aliases.hpp:145:1: warning: 'cl_ushort' is deprecated: use sycl::opencl::cl_ushort instead [-Wdeprecated-declarations]
    145 | __SYCL_2020_MAKE_VECTOR_ALIASES_FOR_VECTOR_LENGTH(4)
        | ^
  /home/edgeai/downstream/include/sycl/aliases.hpp:74:3: note: expanded from macro '__SYCL_2020_MAKE_VECTOR_ALIASES_FOR_VECTOR_LENGTH'
     74 |   __SYCL_MAKE_VECTOR_ALIASES_FOR_OPENCL_TYPES(N)                               \
        |   ^
  /home/edgeai/downstream/include/sycl/aliases.hpp:44:61: note: expanded from macro '__SYCL_MAKE_VECTOR_ALIASES_FOR_OPENCL_TYPES'
     44 |   __SYCL_2020_MAKE_DEPRECATED_VECTOR_ALIAS(cl_ushort, sycl::cl_ushort, N, "")  \
        |                                                             ^
  /home/edgeai/downstream/include/sycl/aliases.hpp:109:17: note: 'cl_ushort' has been explicitly marked deprecated here
    109 | using cl_ushort __SYCL2020_DEPRECATED("use sycl::opencl::cl_ushort instead") =
        |                 ^
  /home/edgeai/downstream/include/sycl/detail/defines_elementary.hpp:62:40: note: expanded from macro '__SYCL2020_DEPRECATED'
     62 | #define __SYCL2020_DEPRECATED(message) __SYCL_DEPRECATED(message)
        |                                        ^
  /home/edgeai/downstream/include/sycl/detail/defines_elementary.hpp:53:38: note: expanded from macro '__SYCL_DEPRECATED'
     53 | #define __SYCL_DEPRECATED(message) [[deprecated(message)]]
        |                                      ^
  In file included from /home/edgeai/esimd_learning/csrc/xpu/esimd_kernel.sycl:1:
  In file included from /home/edgeai/downstream/lib/python3.12/site-packages/torch/include/ATen/ATen.h:8:
  In file included from /home/edgeai/downstream/lib/python3.12/site-packages/torch/include/ATen/Context.h:5:
  In file included from /home/edgeai/downstream/lib/python3.12/site-packages/torch/include/ATen/CPUGeneratorImpl.h:4:
  In file included from /home/edgeai/downstream/lib/python3.12/site-packages/torch/include/ATen/core/Generator.h:19:
  In file included from /home/edgeai/downstream/lib/python3.12/site-packages/torch/include/c10/core/GeneratorImpl.h:9:
  In file included from /home/edgeai/downstream/lib/python3.12/site-packages/torch/include/c10/core/TensorImpl.h:12:
  In file included from /home/edgeai/downstream/lib/python3.12/site-packages/torch/include/c10/core/ScalarType.h:4:
  In file included from /home/edgeai/downstream/lib/python3.12/site-packages/torch/include/c10/util/BFloat16.h:2:
  In file included from /home/edgeai/downstream/lib/python3.12/site-packages/torch/include/torch/headeronly/util/BFloat16.h:22:
  In file included from /home/edgeai/downstream/include/sycl/sycl.hpp:49:
  In file included from /home/edgeai/downstream/include/sycl/detail/core.hpp:21:
  In file included from /home/edgeai/downstream/include/sycl/accessor.hpp:18:
  In file included from /home/edgeai/downstream/include/sycl/detail/generic_type_traits.hpp:12:
  /home/edgeai/downstream/include/sycl/aliases.hpp:145:1: warning: 'cl_int' is deprecated: use sycl::opencl::cl_int instead [-Wdeprecated-declarations]
    145 | __SYCL_2020_MAKE_VECTOR_ALIASES_FOR_VECTOR_LENGTH(4)
        | ^
  /home/edgeai/downstream/include/sycl/aliases.hpp:74:3: note: expanded from macro '__SYCL_2020_MAKE_VECTOR_ALIASES_FOR_VECTOR_LENGTH'
     74 |   __SYCL_MAKE_VECTOR_ALIASES_FOR_OPENCL_TYPES(N)                               \
        |   ^
  /home/edgeai/downstream/include/sycl/aliases.hpp:45:58: note: expanded from macro '__SYCL_MAKE_VECTOR_ALIASES_FOR_OPENCL_TYPES'
     45 |   __SYCL_2020_MAKE_DEPRECATED_VECTOR_ALIAS(cl_int, sycl::cl_int, N, "")        \
        |                                                          ^
  /home/edgeai/downstream/include/sycl/aliases.hpp:112:5: note: 'cl_int' has been explicitly marked deprecated here
    112 |     __SYCL2020_DEPRECATED("use sycl::opencl::cl_int instead") = std::int32_t;
        |     ^
  /home/edgeai/downstream/include/sycl/detail/defines_elementary.hpp:62:40: note: expanded from macro '__SYCL2020_DEPRECATED'
     62 | #define __SYCL2020_DEPRECATED(message) __SYCL_DEPRECATED(message)
        |                                        ^
  /home/edgeai/downstream/include/sycl/detail/defines_elementary.hpp:53:38: note: expanded from macro '__SYCL_DEPRECATED'
     53 | #define __SYCL_DEPRECATED(message) [[deprecated(message)]]
        |                                      ^
  In file included from /home/edgeai/esimd_learning/csrc/xpu/esimd_kernel.sycl:1:
  In file included from /home/edgeai/downstream/lib/python3.12/site-packages/torch/include/ATen/ATen.h:8:
  In file included from /home/edgeai/downstream/lib/python3.12/site-packages/torch/include/ATen/Context.h:5:
  In file included from /home/edgeai/downstream/lib/python3.12/site-packages/torch/include/ATen/CPUGeneratorImpl.h:4:
  In file included from /home/edgeai/downstream/lib/python3.12/site-packages/torch/include/ATen/core/Generator.h:19:
  In file included from /home/edgeai/downstream/lib/python3.12/site-packages/torch/include/c10/core/GeneratorImpl.h:9:
  In file included from /home/edgeai/downstream/lib/python3.12/site-packages/torch/include/c10/core/TensorImpl.h:12:
  In file included from /home/edgeai/downstream/lib/python3.12/site-packages/torch/include/c10/core/ScalarType.h:4:
  In file included from /home/edgeai/downstream/lib/python3.12/site-packages/torch/include/c10/util/BFloat16.h:2:
  In file included from /home/edgeai/downstream/lib/python3.12/site-packages/torch/include/torch/headeronly/util/BFloat16.h:22:
  In file included from /home/edgeai/downstream/include/sycl/sycl.hpp:49:
  In file included from /home/edgeai/downstream/include/sycl/detail/core.hpp:21:
  In file included from /home/edgeai/downstream/include/sycl/accessor.hpp:18:
  In file included from /home/edgeai/downstream/include/sycl/detail/generic_type_traits.hpp:12:
  /home/edgeai/downstream/include/sycl/aliases.hpp:145:1: warning: 'cl_uint' is deprecated: use sycl::opencl::cl_uint instead [-Wdeprecated-declarations]
    145 | __SYCL_2020_MAKE_VECTOR_ALIASES_FOR_VECTOR_LENGTH(4)
        | ^
  /home/edgeai/downstream/include/sycl/aliases.hpp:74:3: note: expanded from macro '__SYCL_2020_MAKE_VECTOR_ALIASES_FOR_VECTOR_LENGTH'
     74 |   __SYCL_MAKE_VECTOR_ALIASES_FOR_OPENCL_TYPES(N)                               \
        |   ^
  /home/edgeai/downstream/include/sycl/aliases.hpp:46:59: note: expanded from macro '__SYCL_MAKE_VECTOR_ALIASES_FOR_OPENCL_TYPES'
     46 |   __SYCL_2020_MAKE_DEPRECATED_VECTOR_ALIAS(cl_uint, sycl::cl_uint, N, "")      \
        |                                                           ^
  /home/edgeai/downstream/include/sycl/aliases.hpp:114:5: note: 'cl_uint' has been explicitly marked deprecated here
    114 |     __SYCL2020_DEPRECATED("use sycl::opencl::cl_uint instead") = std::uint32_t;
        |     ^
  /home/edgeai/downstream/include/sycl/detail/defines_elementary.hpp:62:40: note: expanded from macro '__SYCL2020_DEPRECATED'
     62 | #define __SYCL2020_DEPRECATED(message) __SYCL_DEPRECATED(message)
        |                                        ^
  /home/edgeai/downstream/include/sycl/detail/defines_elementary.hpp:53:38: note: expanded from macro '__SYCL_DEPRECATED'
     53 | #define __SYCL_DEPRECATED(message) [[deprecated(message)]]
        |                                      ^
  In file included from /home/edgeai/esimd_learning/csrc/xpu/esimd_kernel.sycl:1:
  In file included from /home/edgeai/downstream/lib/python3.12/site-packages/torch/include/ATen/ATen.h:8:
  In file included from /home/edgeai/downstream/lib/python3.12/site-packages/torch/include/ATen/Context.h:5:
  In file included from /home/edgeai/downstream/lib/python3.12/site-packages/torch/include/ATen/CPUGeneratorImpl.h:4:
  In file included from /home/edgeai/downstream/lib/python3.12/site-packages/torch/include/ATen/core/Generator.h:19:
  In file included from /home/edgeai/downstream/lib/python3.12/site-packages/torch/include/c10/core/GeneratorImpl.h:9:
  In file included from /home/edgeai/downstream/lib/python3.12/site-packages/torch/include/c10/core/TensorImpl.h:12:
  In file included from /home/edgeai/downstream/lib/python3.12/site-packages/torch/include/c10/core/ScalarType.h:4:
  In file included from /home/edgeai/downstream/lib/python3.12/site-packages/torch/include/c10/util/BFloat16.h:2:
  In file included from /home/edgeai/downstream/lib/python3.12/site-packages/torch/include/torch/headeronly/util/BFloat16.h:22:
  In file included from /home/edgeai/downstream/include/sycl/sycl.hpp:49:
  In file included from /home/edgeai/downstream/include/sycl/detail/core.hpp:21:
  In file included from /home/edgeai/downstream/include/sycl/accessor.hpp:18:
  In file included from /home/edgeai/downstream/include/sycl/detail/generic_type_traits.hpp:12:
  /home/edgeai/downstream/include/sycl/aliases.hpp:145:1: warning: 'cl_long' is deprecated: use sycl::opencl::cl_long instead [-Wdeprecated-declarations]
    145 | __SYCL_2020_MAKE_VECTOR_ALIASES_FOR_VECTOR_LENGTH(4)
        | ^
  /home/edgeai/downstream/include/sycl/aliases.hpp:74:3: note: expanded from macro '__SYCL_2020_MAKE_VECTOR_ALIASES_FOR_VECTOR_LENGTH'
     74 |   __SYCL_MAKE_VECTOR_ALIASES_FOR_OPENCL_TYPES(N)                               \
        |   ^
  /home/edgeai/downstream/include/sycl/aliases.hpp:47:59: note: expanded from macro '__SYCL_MAKE_VECTOR_ALIASES_FOR_OPENCL_TYPES'
     47 |   __SYCL_2020_MAKE_DEPRECATED_VECTOR_ALIAS(cl_long, sycl::cl_long, N, "")      \
        |                                                           ^
  /home/edgeai/downstream/include/sycl/aliases.hpp:116:5: note: 'cl_long' has been explicitly marked deprecated here
    116 |     __SYCL2020_DEPRECATED("use sycl::opencl::cl_long instead") = std::int64_t;
        |     ^
  /home/edgeai/downstream/include/sycl/detail/defines_elementary.hpp:62:40: note: expanded from macro '__SYCL2020_DEPRECATED'
     62 | #define __SYCL2020_DEPRECATED(message) __SYCL_DEPRECATED(message)
        |                                        ^
  /home/edgeai/downstream/include/sycl/detail/defines_elementary.hpp:53:38: note: expanded from macro '__SYCL_DEPRECATED'
     53 | #define __SYCL_DEPRECATED(message) [[deprecated(message)]]
        |                                      ^
  In file included from /home/edgeai/esimd_learning/csrc/xpu/esimd_kernel.sycl:1:
  In file included from /home/edgeai/downstream/lib/python3.12/site-packages/torch/include/ATen/ATen.h:8:
  In file included from /home/edgeai/downstream/lib/python3.12/site-packages/torch/include/ATen/Context.h:5:
  In file included from /home/edgeai/downstream/lib/python3.12/site-packages/torch/include/ATen/CPUGeneratorImpl.h:4:
  In file included from /home/edgeai/downstream/lib/python3.12/site-packages/torch/include/ATen/core/Generator.h:19:
  In file included from /home/edgeai/downstream/lib/python3.12/site-packages/torch/include/c10/core/GeneratorImpl.h:9:
  In file included from /home/edgeai/downstream/lib/python3.12/site-packages/torch/include/c10/core/TensorImpl.h:12:
  In file included from /home/edgeai/downstream/lib/python3.12/site-packages/torch/include/c10/core/ScalarType.h:4:
  In file included from /home/edgeai/downstream/lib/python3.12/site-packages/torch/include/c10/util/BFloat16.h:2:
  In file included from /home/edgeai/downstream/lib/python3.12/site-packages/torch/include/torch/headeronly/util/BFloat16.h:22:
  In file included from /home/edgeai/downstream/include/sycl/sycl.hpp:49:
  In file included from /home/edgeai/downstream/include/sycl/detail/core.hpp:21:
  In file included from /home/edgeai/downstream/include/sycl/accessor.hpp:18:
  In file included from /home/edgeai/downstream/include/sycl/detail/generic_type_traits.hpp:12:
  /home/edgeai/downstream/include/sycl/aliases.hpp:145:1: warning: 'cl_ulong' is deprecated: use sycl::opencl::cl_ulong instead [-Wdeprecated-declarations]
    145 | __SYCL_2020_MAKE_VECTOR_ALIASES_FOR_VECTOR_LENGTH(4)
        | ^
  /home/edgeai/downstream/include/sycl/aliases.hpp:74:3: note: expanded from macro '__SYCL_2020_MAKE_VECTOR_ALIASES_FOR_VECTOR_LENGTH'
     74 |   __SYCL_MAKE_VECTOR_ALIASES_FOR_OPENCL_TYPES(N)                               \
        |   ^
  /home/edgeai/downstream/include/sycl/aliases.hpp:48:60: note: expanded from macro '__SYCL_MAKE_VECTOR_ALIASES_FOR_OPENCL_TYPES'
     48 |   __SYCL_2020_MAKE_DEPRECATED_VECTOR_ALIAS(cl_ulong, sycl::cl_ulong, N, "")    \
        |                                                            ^
  /home/edgeai/downstream/include/sycl/aliases.hpp:118:5: note: 'cl_ulong' has been explicitly marked deprecated here
    118 |     __SYCL2020_DEPRECATED("use sycl::opencl::cl_ulong instead") = std::uint64_t;
        |     ^
  /home/edgeai/downstream/include/sycl/detail/defines_elementary.hpp:62:40: note: expanded from macro '__SYCL2020_DEPRECATED'
     62 | #define __SYCL2020_DEPRECATED(message) __SYCL_DEPRECATED(message)
        |                                        ^
  /home/edgeai/downstream/include/sycl/detail/defines_elementary.hpp:53:38: note: expanded from macro '__SYCL_DEPRECATED'
     53 | #define __SYCL_DEPRECATED(message) [[deprecated(message)]]
        |                                      ^
  In file included from /home/edgeai/esimd_learning/csrc/xpu/esimd_kernel.sycl:1:
  In file included from /home/edgeai/downstream/lib/python3.12/site-packages/torch/include/ATen/ATen.h:8:
  In file included from /home/edgeai/downstream/lib/python3.12/site-packages/torch/include/ATen/Context.h:5:
  In file included from /home/edgeai/downstream/lib/python3.12/site-packages/torch/include/ATen/CPUGeneratorImpl.h:4:
  In file included from /home/edgeai/downstream/lib/python3.12/site-packages/torch/include/ATen/core/Generator.h:19:
  In file included from /home/edgeai/downstream/lib/python3.12/site-packages/torch/include/c10/core/GeneratorImpl.h:9:
  In file included from /home/edgeai/downstream/lib/python3.12/site-packages/torch/include/c10/core/TensorImpl.h:12:
  In file included from /home/edgeai/downstream/lib/python3.12/site-packages/torch/include/c10/core/ScalarType.h:4:
  In file included from /home/edgeai/downstream/lib/python3.12/site-packages/torch/include/c10/util/BFloat16.h:2:
  In file included from /home/edgeai/downstream/lib/python3.12/site-packages/torch/include/torch/headeronly/util/BFloat16.h:22:
  In file included from /home/edgeai/downstream/include/sycl/sycl.hpp:49:
  In file included from /home/edgeai/downstream/include/sycl/detail/core.hpp:21:
  In file included from /home/edgeai/downstream/include/sycl/accessor.hpp:18:
  In file included from /home/edgeai/downstream/include/sycl/detail/generic_type_traits.hpp:12:
  /home/edgeai/downstream/include/sycl/aliases.hpp:145:1: warning: 'cl_float' is deprecated: use sycl::opencl::cl_float instead [-Wdeprecated-declarations]
    145 | __SYCL_2020_MAKE_VECTOR_ALIASES_FOR_VECTOR_LENGTH(4)
        | ^
  /home/edgeai/downstream/include/sycl/aliases.hpp:74:3: note: expanded from macro '__SYCL_2020_MAKE_VECTOR_ALIASES_FOR_VECTOR_LENGTH'
     74 |   __SYCL_MAKE_VECTOR_ALIASES_FOR_OPENCL_TYPES(N)                               \
        |   ^
  /home/edgeai/downstream/include/sycl/aliases.hpp:49:60: note: expanded from macro '__SYCL_MAKE_VECTOR_ALIASES_FOR_OPENCL_TYPES'
     49 |   __SYCL_2020_MAKE_DEPRECATED_VECTOR_ALIAS(cl_float, sycl::cl_float, N, "")    \
        |                                                            ^
  /home/edgeai/downstream/include/sycl/aliases.hpp:121:5: note: 'cl_float' has been explicitly marked deprecated here
    121 |     __SYCL2020_DEPRECATED("use sycl::opencl::cl_float instead") = float;
        |     ^
  /home/edgeai/downstream/include/sycl/detail/defines_elementary.hpp:62:40: note: expanded from macro '__SYCL2020_DEPRECATED'
     62 | #define __SYCL2020_DEPRECATED(message) __SYCL_DEPRECATED(message)
        |                                        ^
  /home/edgeai/downstream/include/sycl/detail/defines_elementary.hpp:53:38: note: expanded from macro '__SYCL_DEPRECATED'
     53 | #define __SYCL_DEPRECATED(message) [[deprecated(message)]]
        |                                      ^
  In file included from /home/edgeai/esimd_learning/csrc/xpu/esimd_kernel.sycl:1:
  In file included from /home/edgeai/downstream/lib/python3.12/site-packages/torch/include/ATen/ATen.h:8:
  In file included from /home/edgeai/downstream/lib/python3.12/site-packages/torch/include/ATen/Context.h:5:
  In file included from /home/edgeai/downstream/lib/python3.12/site-packages/torch/include/ATen/CPUGeneratorImpl.h:4:
  In file included from /home/edgeai/downstream/lib/python3.12/site-packages/torch/include/ATen/core/Generator.h:19:
  In file included from /home/edgeai/downstream/lib/python3.12/site-packages/torch/include/c10/core/GeneratorImpl.h:9:
  In file included from /home/edgeai/downstream/lib/python3.12/site-packages/torch/include/c10/core/TensorImpl.h:12:
  In file included from /home/edgeai/downstream/lib/python3.12/site-packages/torch/include/c10/core/ScalarType.h:4:
  In file included from /home/edgeai/downstream/lib/python3.12/site-packages/torch/include/c10/util/BFloat16.h:2:
  In file included from /home/edgeai/downstream/lib/python3.12/site-packages/torch/include/torch/headeronly/util/BFloat16.h:22:
  In file included from /home/edgeai/downstream/include/sycl/sycl.hpp:49:
  In file included from /home/edgeai/downstream/include/sycl/detail/core.hpp:21:
  In file included from /home/edgeai/downstream/include/sycl/accessor.hpp:18:
  In file included from /home/edgeai/downstream/include/sycl/detail/generic_type_traits.hpp:12:
  /home/edgeai/downstream/include/sycl/aliases.hpp:145:1: warning: 'cl_double' is deprecated: use sycl::opencl::cl_double instead [-Wdeprecated-declarations]
    145 | __SYCL_2020_MAKE_VECTOR_ALIASES_FOR_VECTOR_LENGTH(4)
        | ^
  /home/edgeai/downstream/include/sycl/aliases.hpp:74:3: note: expanded from macro '__SYCL_2020_MAKE_VECTOR_ALIASES_FOR_VECTOR_LENGTH'
     74 |   __SYCL_MAKE_VECTOR_ALIASES_FOR_OPENCL_TYPES(N)                               \
        |   ^
  /home/edgeai/downstream/include/sycl/aliases.hpp:50:61: note: expanded from macro '__SYCL_MAKE_VECTOR_ALIASES_FOR_OPENCL_TYPES'
     50 |   __SYCL_2020_MAKE_DEPRECATED_VECTOR_ALIAS(cl_double, sycl::cl_double, N, "")  \
        |                                                             ^
  /home/edgeai/downstream/include/sycl/aliases.hpp:123:5: note: 'cl_double' has been explicitly marked deprecated here
    123 |     __SYCL2020_DEPRECATED("use sycl::opencl::cl_double instead") = double;
        |     ^
  /home/edgeai/downstream/include/sycl/detail/defines_elementary.hpp:62:40: note: expanded from macro '__SYCL2020_DEPRECATED'
     62 | #define __SYCL2020_DEPRECATED(message) __SYCL_DEPRECATED(message)
        |                                        ^
  /home/edgeai/downstream/include/sycl/detail/defines_elementary.hpp:53:38: note: expanded from macro '__SYCL_DEPRECATED'
     53 | #define __SYCL_DEPRECATED(message) [[deprecated(message)]]
        |                                      ^
  In file included from /home/edgeai/esimd_learning/csrc/xpu/esimd_kernel.sycl:1:
  In file included from /home/edgeai/downstream/lib/python3.12/site-packages/torch/include/ATen/ATen.h:8:
  In file included from /home/edgeai/downstream/lib/python3.12/site-packages/torch/include/ATen/Context.h:5:
  In file included from /home/edgeai/downstream/lib/python3.12/site-packages/torch/include/ATen/CPUGeneratorImpl.h:4:
  In file included from /home/edgeai/downstream/lib/python3.12/site-packages/torch/include/ATen/core/Generator.h:19:
  In file included from /home/edgeai/downstream/lib/python3.12/site-packages/torch/include/c10/core/GeneratorImpl.h:9:
  In file included from /home/edgeai/downstream/lib/python3.12/site-packages/torch/include/c10/core/TensorImpl.h:12:
  In file included from /home/edgeai/downstream/lib/python3.12/site-packages/torch/include/c10/core/ScalarType.h:4:
  In file included from /home/edgeai/downstream/lib/python3.12/site-packages/torch/include/c10/util/BFloat16.h:2:
  In file included from /home/edgeai/downstream/lib/python3.12/site-packages/torch/include/torch/headeronly/util/BFloat16.h:22:
  In file included from /home/edgeai/downstream/include/sycl/sycl.hpp:49:
  In file included from /home/edgeai/downstream/include/sycl/detail/core.hpp:21:
  In file included from /home/edgeai/downstream/include/sycl/accessor.hpp:18:
  In file included from /home/edgeai/downstream/include/sycl/detail/generic_type_traits.hpp:12:
  /home/edgeai/downstream/include/sycl/aliases.hpp:145:1: warning: 'cl_half' is deprecated: use sycl::opencl::cl_half instead [-Wdeprecated-declarations]
    145 | __SYCL_2020_MAKE_VECTOR_ALIASES_FOR_VECTOR_LENGTH(4)
        | ^
  /home/edgeai/downstream/include/sycl/aliases.hpp:74:3: note: expanded from macro '__SYCL_2020_MAKE_VECTOR_ALIASES_FOR_VECTOR_LENGTH'
     74 |   __SYCL_MAKE_VECTOR_ALIASES_FOR_OPENCL_TYPES(N)                               \
        |   ^
  /home/edgeai/downstream/include/sycl/aliases.hpp:51:59: note: expanded from macro '__SYCL_MAKE_VECTOR_ALIASES_FOR_OPENCL_TYPES'
     51 |   __SYCL_2020_MAKE_DEPRECATED_VECTOR_ALIAS(cl_half, sycl::cl_half, N, "")
        |                                                           ^
  /home/edgeai/downstream/include/sycl/aliases.hpp:119:15: note: 'cl_half' has been explicitly marked deprecated here
    119 | using cl_half __SYCL2020_DEPRECATED("use sycl::opencl::cl_half instead") = half;
        |               ^
  /home/edgeai/downstream/include/sycl/detail/defines_elementary.hpp:62:40: note: expanded from macro '__SYCL2020_DEPRECATED'
     62 | #define __SYCL2020_DEPRECATED(message) __SYCL_DEPRECATED(message)
        |                                        ^
  /home/edgeai/downstream/include/sycl/detail/defines_elementary.hpp:53:38: note: expanded from macro '__SYCL_DEPRECATED'
     53 | #define __SYCL_DEPRECATED(message) [[deprecated(message)]]
        |                                      ^
  In file included from /home/edgeai/esimd_learning/csrc/xpu/esimd_kernel.sycl:1:
  In file included from /home/edgeai/downstream/lib/python3.12/site-packages/torch/include/ATen/ATen.h:8:
  In file included from /home/edgeai/downstream/lib/python3.12/site-packages/torch/include/ATen/Context.h:5:
  In file included from /home/edgeai/downstream/lib/python3.12/site-packages/torch/include/ATen/CPUGeneratorImpl.h:4:
  In file included from /home/edgeai/downstream/lib/python3.12/site-packages/torch/include/ATen/core/Generator.h:19:
  In file included from /home/edgeai/downstream/lib/python3.12/site-packages/torch/include/c10/core/GeneratorImpl.h:9:
  In file included from /home/edgeai/downstream/lib/python3.12/site-packages/torch/include/c10/core/TensorImpl.h:12:
  In file included from /home/edgeai/downstream/lib/python3.12/site-packages/torch/include/c10/core/ScalarType.h:4:
  In file included from /home/edgeai/downstream/lib/python3.12/site-packages/torch/include/c10/util/BFloat16.h:2:
  In file included from /home/edgeai/downstream/lib/python3.12/site-packages/torch/include/torch/headeronly/util/BFloat16.h:22:
  In file included from /home/edgeai/downstream/include/sycl/sycl.hpp:49:
  In file included from /home/edgeai/downstream/include/sycl/detail/core.hpp:21:
  In file included from /home/edgeai/downstream/include/sycl/accessor.hpp:18:
  In file included from /home/edgeai/downstream/include/sycl/detail/generic_type_traits.hpp:12:
  /home/edgeai/downstream/include/sycl/aliases.hpp:146:1: warning: 'cl_char' is deprecated: use sycl::opencl::cl_char instead [-Wdeprecated-declarations]
    146 | __SYCL_2020_MAKE_VECTOR_ALIASES_FOR_VECTOR_LENGTH(8)
        | ^
  /home/edgeai/downstream/include/sycl/aliases.hpp:74:3: note: expanded from macro '__SYCL_2020_MAKE_VECTOR_ALIASES_FOR_VECTOR_LENGTH'
     74 |   __SYCL_MAKE_VECTOR_ALIASES_FOR_OPENCL_TYPES(N)                               \
        |   ^
  /home/edgeai/downstream/include/sycl/aliases.hpp:41:59: note: expanded from macro '__SYCL_MAKE_VECTOR_ALIASES_FOR_OPENCL_TYPES'
     41 |   __SYCL_2020_MAKE_DEPRECATED_VECTOR_ALIAS(cl_char, sycl::cl_char, N, "")      \
        |                                                           ^
  /home/edgeai/downstream/include/sycl/aliases.hpp:104:5: note: 'cl_char' has been explicitly marked deprecated here
    104 |     __SYCL2020_DEPRECATED("use sycl::opencl::cl_char instead") = std::int8_t;
        |     ^
  /home/edgeai/downstream/include/sycl/detail/defines_elementary.hpp:62:40: note: expanded from macro '__SYCL2020_DEPRECATED'
     62 | #define __SYCL2020_DEPRECATED(message) __SYCL_DEPRECATED(message)
        |                                        ^
  /home/edgeai/downstream/include/sycl/detail/defines_elementary.hpp:53:38: note: expanded from macro '__SYCL_DEPRECATED'
     53 | #define __SYCL_DEPRECATED(message) [[deprecated(message)]]
        |                                      ^
  In file included from /home/edgeai/esimd_learning/csrc/xpu/esimd_kernel.sycl:1:
  In file included from /home/edgeai/downstream/lib/python3.12/site-packages/torch/include/ATen/ATen.h:8:
  In file included from /home/edgeai/downstream/lib/python3.12/site-packages/torch/include/ATen/Context.h:5:
  In file included from /home/edgeai/downstream/lib/python3.12/site-packages/torch/include/ATen/CPUGeneratorImpl.h:4:
  In file included from /home/edgeai/downstream/lib/python3.12/site-packages/torch/include/ATen/core/Generator.h:19:
  In file included from /home/edgeai/downstream/lib/python3.12/site-packages/torch/include/c10/core/GeneratorImpl.h:9:
  In file included from /home/edgeai/downstream/lib/python3.12/site-packages/torch/include/c10/core/TensorImpl.h:12:
  In file included from /home/edgeai/downstream/lib/python3.12/site-packages/torch/include/c10/core/ScalarType.h:4:
  In file included from /home/edgeai/downstream/lib/python3.12/site-packages/torch/include/c10/util/BFloat16.h:2:
  In file included from /home/edgeai/downstream/lib/python3.12/site-packages/torch/include/torch/headeronly/util/BFloat16.h:22:
  In file included from /home/edgeai/downstream/include/sycl/sycl.hpp:49:
  In file included from /home/edgeai/downstream/include/sycl/detail/core.hpp:21:
  In file included from /home/edgeai/downstream/include/sycl/accessor.hpp:18:
  In file included from /home/edgeai/downstream/include/sycl/detail/generic_type_traits.hpp:12:
  /home/edgeai/downstream/include/sycl/aliases.hpp:146:1: warning: 'cl_uchar' is deprecated: use sycl::opencl::cl_uchar instead [-Wdeprecated-declarations]
    146 | __SYCL_2020_MAKE_VECTOR_ALIASES_FOR_VECTOR_LENGTH(8)
        | ^
  /home/edgeai/downstream/include/sycl/aliases.hpp:74:3: note: expanded from macro '__SYCL_2020_MAKE_VECTOR_ALIASES_FOR_VECTOR_LENGTH'
     74 |   __SYCL_MAKE_VECTOR_ALIASES_FOR_OPENCL_TYPES(N)                               \
        |   ^
  /home/edgeai/downstream/include/sycl/aliases.hpp:42:60: note: expanded from macro '__SYCL_MAKE_VECTOR_ALIASES_FOR_OPENCL_TYPES'
     42 |   __SYCL_2020_MAKE_DEPRECATED_VECTOR_ALIAS(cl_uchar, sycl::cl_uchar, N, "")    \
        |                                                            ^
  /home/edgeai/downstream/include/sycl/aliases.hpp:106:5: note: 'cl_uchar' has been explicitly marked deprecated here
    106 |     __SYCL2020_DEPRECATED("use sycl::opencl::cl_uchar instead") = std::uint8_t;
        |     ^
  /home/edgeai/downstream/include/sycl/detail/defines_elementary.hpp:62:40: note: expanded from macro '__SYCL2020_DEPRECATED'
     62 | #define __SYCL2020_DEPRECATED(message) __SYCL_DEPRECATED(message)
        |                                        ^
  /home/edgeai/downstream/include/sycl/detail/defines_elementary.hpp:53:38: note: expanded from macro '__SYCL_DEPRECATED'
     53 | #define __SYCL_DEPRECATED(message) [[deprecated(message)]]
        |                                      ^
  In file included from /home/edgeai/esimd_learning/csrc/xpu/esimd_kernel.sycl:1:
  In file included from /home/edgeai/downstream/lib/python3.12/site-packages/torch/include/ATen/ATen.h:8:
  In file included from /home/edgeai/downstream/lib/python3.12/site-packages/torch/include/ATen/Context.h:5:
  In file included from /home/edgeai/downstream/lib/python3.12/site-packages/torch/include/ATen/CPUGeneratorImpl.h:4:
  In file included from /home/edgeai/downstream/lib/python3.12/site-packages/torch/include/ATen/core/Generator.h:19:
  In file included from /home/edgeai/downstream/lib/python3.12/site-packages/torch/include/c10/core/GeneratorImpl.h:9:
  In file included from /home/edgeai/downstream/lib/python3.12/site-packages/torch/include/c10/core/TensorImpl.h:12:
  In file included from /home/edgeai/downstream/lib/python3.12/site-packages/torch/include/c10/core/ScalarType.h:4:
  In file included from /home/edgeai/downstream/lib/python3.12/site-packages/torch/include/c10/util/BFloat16.h:2:
  In file included from /home/edgeai/downstream/lib/python3.12/site-packages/torch/include/torch/headeronly/util/BFloat16.h:22:
  In file included from /home/edgeai/downstream/include/sycl/sycl.hpp:49:
  In file included from /home/edgeai/downstream/include/sycl/detail/core.hpp:21:
  In file included from /home/edgeai/downstream/include/sycl/accessor.hpp:18:
  In file included from /home/edgeai/downstream/include/sycl/detail/generic_type_traits.hpp:12:
  /home/edgeai/downstream/include/sycl/aliases.hpp:146:1: warning: 'cl_short' is deprecated: use sycl::opencl::cl_short instead [-Wdeprecated-declarations]
    146 | __SYCL_2020_MAKE_VECTOR_ALIASES_FOR_VECTOR_LENGTH(8)
        | ^
  /home/edgeai/downstream/include/sycl/aliases.hpp:74:3: note: expanded from macro '__SYCL_2020_MAKE_VECTOR_ALIASES_FOR_VECTOR_LENGTH'
     74 |   __SYCL_MAKE_VECTOR_ALIASES_FOR_OPENCL_TYPES(N)                               \
        |   ^
  /home/edgeai/downstream/include/sycl/aliases.hpp:43:60: note: expanded from macro '__SYCL_MAKE_VECTOR_ALIASES_FOR_OPENCL_TYPES'
     43 |   __SYCL_2020_MAKE_DEPRECATED_VECTOR_ALIAS(cl_short, sycl::cl_short, N, "")    \
        |                                                            ^
  /home/edgeai/downstream/include/sycl/aliases.hpp:108:5: note: 'cl_short' has been explicitly marked deprecated here
    108 |     __SYCL2020_DEPRECATED("use sycl::opencl::cl_short instead") = std::int16_t;
        |     ^
  /home/edgeai/downstream/include/sycl/detail/defines_elementary.hpp:62:40: note: expanded from macro '__SYCL2020_DEPRECATED'
     62 | #define __SYCL2020_DEPRECATED(message) __SYCL_DEPRECATED(message)
        |                                        ^
  /home/edgeai/downstream/include/sycl/detail/defines_elementary.hpp:53:38: note: expanded from macro '__SYCL_DEPRECATED'
     53 | #define __SYCL_DEPRECATED(message) [[deprecated(message)]]
        |                                      ^
  In file included from /home/edgeai/esimd_learning/csrc/xpu/esimd_kernel.sycl:1:
  In file included from /home/edgeai/downstream/lib/python3.12/site-packages/torch/include/ATen/ATen.h:8:
  In file included from /home/edgeai/downstream/lib/python3.12/site-packages/torch/include/ATen/Context.h:5:
  In file included from /home/edgeai/downstream/lib/python3.12/site-packages/torch/include/ATen/CPUGeneratorImpl.h:4:
  In file included from /home/edgeai/downstream/lib/python3.12/site-packages/torch/include/ATen/core/Generator.h:19:
  In file included from /home/edgeai/downstream/lib/python3.12/site-packages/torch/include/c10/core/GeneratorImpl.h:9:
  In file included from /home/edgeai/downstream/lib/python3.12/site-packages/torch/include/c10/core/TensorImpl.h:12:
  In file included from /home/edgeai/downstream/lib/python3.12/site-packages/torch/include/c10/core/ScalarType.h:4:
  In file included from /home/edgeai/downstream/lib/python3.12/site-packages/torch/include/c10/util/BFloat16.h:2:
  In file included from /home/edgeai/downstream/lib/python3.12/site-packages/torch/include/torch/headeronly/util/BFloat16.h:22:
  In file included from /home/edgeai/downstream/include/sycl/sycl.hpp:49:
  In file included from /home/edgeai/downstream/include/sycl/detail/core.hpp:21:
  In file included from /home/edgeai/downstream/include/sycl/accessor.hpp:18:
  In file included from /home/edgeai/downstream/include/sycl/detail/generic_type_traits.hpp:12:
  /home/edgeai/downstream/include/sycl/aliases.hpp:146:1: warning: 'cl_ushort' is deprecated: use sycl::opencl::cl_ushort instead [-Wdeprecated-declarations]
    146 | __SYCL_2020_MAKE_VECTOR_ALIASES_FOR_VECTOR_LENGTH(8)
        | ^
  /home/edgeai/downstream/include/sycl/aliases.hpp:74:3: note: expanded from macro '__SYCL_2020_MAKE_VECTOR_ALIASES_FOR_VECTOR_LENGTH'
     74 |   __SYCL_MAKE_VECTOR_ALIASES_FOR_OPENCL_TYPES(N)                               \
        |   ^
  /home/edgeai/downstream/include/sycl/aliases.hpp:44:61: note: expanded from macro '__SYCL_MAKE_VECTOR_ALIASES_FOR_OPENCL_TYPES'
     44 |   __SYCL_2020_MAKE_DEPRECATED_VECTOR_ALIAS(cl_ushort, sycl::cl_ushort, N, "")  \
        |                                                             ^
  /home/edgeai/downstream/include/sycl/aliases.hpp:109:17: note: 'cl_ushort' has been explicitly marked deprecated here
    109 | using cl_ushort __SYCL2020_DEPRECATED("use sycl::opencl::cl_ushort instead") =
        |                 ^
  /home/edgeai/downstream/include/sycl/detail/defines_elementary.hpp:62:40: note: expanded from macro '__SYCL2020_DEPRECATED'
     62 | #define __SYCL2020_DEPRECATED(message) __SYCL_DEPRECATED(message)
        |                                        ^
  /home/edgeai/downstream/include/sycl/detail/defines_elementary.hpp:53:38: note: expanded from macro '__SYCL_DEPRECATED'
     53 | #define __SYCL_DEPRECATED(message) [[deprecated(message)]]
        |                                      ^
  In file included from /home/edgeai/esimd_learning/csrc/xpu/esimd_kernel.sycl:1:
  In file included from /home/edgeai/downstream/lib/python3.12/site-packages/torch/include/ATen/ATen.h:8:
  In file included from /home/edgeai/downstream/lib/python3.12/site-packages/torch/include/ATen/Context.h:5:
  In file included from /home/edgeai/downstream/lib/python3.12/site-packages/torch/include/ATen/CPUGeneratorImpl.h:4:
  In file included from /home/edgeai/downstream/lib/python3.12/site-packages/torch/include/ATen/core/Generator.h:19:
  In file included from /home/edgeai/downstream/lib/python3.12/site-packages/torch/include/c10/core/GeneratorImpl.h:9:
  In file included from /home/edgeai/downstream/lib/python3.12/site-packages/torch/include/c10/core/TensorImpl.h:12:
  In file included from /home/edgeai/downstream/lib/python3.12/site-packages/torch/include/c10/core/ScalarType.h:4:
  In file included from /home/edgeai/downstream/lib/python3.12/site-packages/torch/include/c10/util/BFloat16.h:2:
  In file included from /home/edgeai/downstream/lib/python3.12/site-packages/torch/include/torch/headeronly/util/BFloat16.h:22:
  In file included from /home/edgeai/downstream/include/sycl/sycl.hpp:49:
  In file included from /home/edgeai/downstream/include/sycl/detail/core.hpp:21:
  In file included from /home/edgeai/downstream/include/sycl/accessor.hpp:18:
  In file included from /home/edgeai/downstream/include/sycl/detail/generic_type_traits.hpp:12:
  /home/edgeai/downstream/include/sycl/aliases.hpp:146:1: warning: 'cl_int' is deprecated: use sycl::opencl::cl_int instead [-Wdeprecated-declarations]
    146 | __SYCL_2020_MAKE_VECTOR_ALIASES_FOR_VECTOR_LENGTH(8)
        | ^
  /home/edgeai/downstream/include/sycl/aliases.hpp:74:3: note: expanded from macro '__SYCL_2020_MAKE_VECTOR_ALIASES_FOR_VECTOR_LENGTH'
     74 |   __SYCL_MAKE_VECTOR_ALIASES_FOR_OPENCL_TYPES(N)                               \
        |   ^
  /home/edgeai/downstream/include/sycl/aliases.hpp:45:58: note: expanded from macro '__SYCL_MAKE_VECTOR_ALIASES_FOR_OPENCL_TYPES'
     45 |   __SYCL_2020_MAKE_DEPRECATED_VECTOR_ALIAS(cl_int, sycl::cl_int, N, "")        \
        |                                                          ^
  /home/edgeai/downstream/include/sycl/aliases.hpp:112:5: note: 'cl_int' has been explicitly marked deprecated here
    112 |     __SYCL2020_DEPRECATED("use sycl::opencl::cl_int instead") = std::int32_t;
        |     ^
  /home/edgeai/downstream/include/sycl/detail/defines_elementary.hpp:62:40: note: expanded from macro '__SYCL2020_DEPRECATED'
     62 | #define __SYCL2020_DEPRECATED(message) __SYCL_DEPRECATED(message)
        |                                        ^
  /home/edgeai/downstream/include/sycl/detail/defines_elementary.hpp:53:38: note: expanded from macro '__SYCL_DEPRECATED'
     53 | #define __SYCL_DEPRECATED(message) [[deprecated(message)]]
        |                                      ^
  In file included from /home/edgeai/esimd_learning/csrc/xpu/esimd_kernel.sycl:1:
  In file included from /home/edgeai/downstream/lib/python3.12/site-packages/torch/include/ATen/ATen.h:8:
  In file included from /home/edgeai/downstream/lib/python3.12/site-packages/torch/include/ATen/Context.h:5:
  In file included from /home/edgeai/downstream/lib/python3.12/site-packages/torch/include/ATen/CPUGeneratorImpl.h:4:
  In file included from /home/edgeai/downstream/lib/python3.12/site-packages/torch/include/ATen/core/Generator.h:19:
  In file included from /home/edgeai/downstream/lib/python3.12/site-packages/torch/include/c10/core/GeneratorImpl.h:9:
  In file included from /home/edgeai/downstream/lib/python3.12/site-packages/torch/include/c10/core/TensorImpl.h:12:
  In file included from /home/edgeai/downstream/lib/python3.12/site-packages/torch/include/c10/core/ScalarType.h:4:
  In file included from /home/edgeai/downstream/lib/python3.12/site-packages/torch/include/c10/util/BFloat16.h:2:
  In file included from /home/edgeai/downstream/lib/python3.12/site-packages/torch/include/torch/headeronly/util/BFloat16.h:22:
  In file included from /home/edgeai/downstream/include/sycl/sycl.hpp:49:
  In file included from /home/edgeai/downstream/include/sycl/detail/core.hpp:21:
  In file included from /home/edgeai/downstream/include/sycl/accessor.hpp:18:
  In file included from /home/edgeai/downstream/include/sycl/detail/generic_type_traits.hpp:12:
  /home/edgeai/downstream/include/sycl/aliases.hpp:146:1: warning: 'cl_uint' is deprecated: use sycl::opencl::cl_uint instead [-Wdeprecated-declarations]
    146 | __SYCL_2020_MAKE_VECTOR_ALIASES_FOR_VECTOR_LENGTH(8)
        | ^
  /home/edgeai/downstream/include/sycl/aliases.hpp:74:3: note: expanded from macro '__SYCL_2020_MAKE_VECTOR_ALIASES_FOR_VECTOR_LENGTH'
     74 |   __SYCL_MAKE_VECTOR_ALIASES_FOR_OPENCL_TYPES(N)                               \
        |   ^
  /home/edgeai/downstream/include/sycl/aliases.hpp:46:59: note: expanded from macro '__SYCL_MAKE_VECTOR_ALIASES_FOR_OPENCL_TYPES'
     46 |   __SYCL_2020_MAKE_DEPRECATED_VECTOR_ALIAS(cl_uint, sycl::cl_uint, N, "")      \
        |                                                           ^
  /home/edgeai/downstream/include/sycl/aliases.hpp:114:5: note: 'cl_uint' has been explicitly marked deprecated here
    114 |     __SYCL2020_DEPRECATED("use sycl::opencl::cl_uint instead") = std::uint32_t;
        |     ^
  /home/edgeai/downstream/include/sycl/detail/defines_elementary.hpp:62:40: note: expanded from macro '__SYCL2020_DEPRECATED'
     62 | #define __SYCL2020_DEPRECATED(message) __SYCL_DEPRECATED(message)
        |                                        ^
  /home/edgeai/downstream/include/sycl/detail/defines_elementary.hpp:53:38: note: expanded from macro '__SYCL_DEPRECATED'
     53 | #define __SYCL_DEPRECATED(message) [[deprecated(message)]]
        |                                      ^
  In file included from /home/edgeai/esimd_learning/csrc/xpu/esimd_kernel.sycl:1:
  In file included from /home/edgeai/downstream/lib/python3.12/site-packages/torch/include/ATen/ATen.h:8:
  In file included from /home/edgeai/downstream/lib/python3.12/site-packages/torch/include/ATen/Context.h:5:
  In file included from /home/edgeai/downstream/lib/python3.12/site-packages/torch/include/ATen/CPUGeneratorImpl.h:4:
  In file included from /home/edgeai/downstream/lib/python3.12/site-packages/torch/include/ATen/core/Generator.h:19:
  In file included from /home/edgeai/downstream/lib/python3.12/site-packages/torch/include/c10/core/GeneratorImpl.h:9:
  In file included from /home/edgeai/downstream/lib/python3.12/site-packages/torch/include/c10/core/TensorImpl.h:12:
  In file included from /home/edgeai/downstream/lib/python3.12/site-packages/torch/include/c10/core/ScalarType.h:4:
  In file included from /home/edgeai/downstream/lib/python3.12/site-packages/torch/include/c10/util/BFloat16.h:2:
  In file included from /home/edgeai/downstream/lib/python3.12/site-packages/torch/include/torch/headeronly/util/BFloat16.h:22:
  In file included from /home/edgeai/downstream/include/sycl/sycl.hpp:49:
  In file included from /home/edgeai/downstream/include/sycl/detail/core.hpp:21:
  In file included from /home/edgeai/downstream/include/sycl/accessor.hpp:18:
  In file included from /home/edgeai/downstream/include/sycl/detail/generic_type_traits.hpp:12:
  /home/edgeai/downstream/include/sycl/aliases.hpp:146:1: warning: 'cl_long' is deprecated: use sycl::opencl::cl_long instead [-Wdeprecated-declarations]
    146 | __SYCL_2020_MAKE_VECTOR_ALIASES_FOR_VECTOR_LENGTH(8)
        | ^
  /home/edgeai/downstream/include/sycl/aliases.hpp:74:3: note: expanded from macro '__SYCL_2020_MAKE_VECTOR_ALIASES_FOR_VECTOR_LENGTH'
     74 |   __SYCL_MAKE_VECTOR_ALIASES_FOR_OPENCL_TYPES(N)                               \
        |   ^
  /home/edgeai/downstream/include/sycl/aliases.hpp:47:59: note: expanded from macro '__SYCL_MAKE_VECTOR_ALIASES_FOR_OPENCL_TYPES'
     47 |   __SYCL_2020_MAKE_DEPRECATED_VECTOR_ALIAS(cl_long, sycl::cl_long, N, "")      \
        |                                                           ^
  /home/edgeai/downstream/include/sycl/aliases.hpp:116:5: note: 'cl_long' has been explicitly marked deprecated here
    116 |     __SYCL2020_DEPRECATED("use sycl::opencl::cl_long instead") = std::int64_t;
        |     ^
  /home/edgeai/downstream/include/sycl/detail/defines_elementary.hpp:62:40: note: expanded from macro '__SYCL2020_DEPRECATED'
     62 | #define __SYCL2020_DEPRECATED(message) __SYCL_DEPRECATED(message)
        |                                        ^
  /home/edgeai/downstream/include/sycl/detail/defines_elementary.hpp:53:38: note: expanded from macro '__SYCL_DEPRECATED'
     53 | #define __SYCL_DEPRECATED(message) [[deprecated(message)]]
        |                                      ^
  In file included from /home/edgeai/esimd_learning/csrc/xpu/esimd_kernel.sycl:1:
  In file included from /home/edgeai/downstream/lib/python3.12/site-packages/torch/include/ATen/ATen.h:8:
  In file included from /home/edgeai/downstream/lib/python3.12/site-packages/torch/include/ATen/Context.h:5:
  In file included from /home/edgeai/downstream/lib/python3.12/site-packages/torch/include/ATen/CPUGeneratorImpl.h:4:
  In file included from /home/edgeai/downstream/lib/python3.12/site-packages/torch/include/ATen/core/Generator.h:19:
  In file included from /home/edgeai/downstream/lib/python3.12/site-packages/torch/include/c10/core/GeneratorImpl.h:9:
  In file included from /home/edgeai/downstream/lib/python3.12/site-packages/torch/include/c10/core/TensorImpl.h:12:
  In file included from /home/edgeai/downstream/lib/python3.12/site-packages/torch/include/c10/core/ScalarType.h:4:
  In file included from /home/edgeai/downstream/lib/python3.12/site-packages/torch/include/c10/util/BFloat16.h:2:
  In file included from /home/edgeai/downstream/lib/python3.12/site-packages/torch/include/torch/headeronly/util/BFloat16.h:22:
  In file included from /home/edgeai/downstream/include/sycl/sycl.hpp:49:
  In file included from /home/edgeai/downstream/include/sycl/detail/core.hpp:21:
  In file included from /home/edgeai/downstream/include/sycl/accessor.hpp:18:
  In file included from /home/edgeai/downstream/include/sycl/detail/generic_type_traits.hpp:12:
  /home/edgeai/downstream/include/sycl/aliases.hpp:146:1: warning: 'cl_ulong' is deprecated: use sycl::opencl::cl_ulong instead [-Wdeprecated-declarations]
    146 | __SYCL_2020_MAKE_VECTOR_ALIASES_FOR_VECTOR_LENGTH(8)
        | ^
  /home/edgeai/downstream/include/sycl/aliases.hpp:74:3: note: expanded from macro '__SYCL_2020_MAKE_VECTOR_ALIASES_FOR_VECTOR_LENGTH'
     74 |   __SYCL_MAKE_VECTOR_ALIASES_FOR_OPENCL_TYPES(N)                               \
        |   ^
  /home/edgeai/downstream/include/sycl/aliases.hpp:48:60: note: expanded from macro '__SYCL_MAKE_VECTOR_ALIASES_FOR_OPENCL_TYPES'
     48 |   __SYCL_2020_MAKE_DEPRECATED_VECTOR_ALIAS(cl_ulong, sycl::cl_ulong, N, "")    \
        |                                                            ^
  /home/edgeai/downstream/include/sycl/aliases.hpp:118:5: note: 'cl_ulong' has been explicitly marked deprecated here
    118 |     __SYCL2020_DEPRECATED("use sycl::opencl::cl_ulong instead") = std::uint64_t;
        |     ^
  /home/edgeai/downstream/include/sycl/detail/defines_elementary.hpp:62:40: note: expanded from macro '__SYCL2020_DEPRECATED'
     62 | #define __SYCL2020_DEPRECATED(message) __SYCL_DEPRECATED(message)
        |                                        ^
  /home/edgeai/downstream/include/sycl/detail/defines_elementary.hpp:53:38: note: expanded from macro '__SYCL_DEPRECATED'
     53 | #define __SYCL_DEPRECATED(message) [[deprecated(message)]]
        |                                      ^
  In file included from /home/edgeai/esimd_learning/csrc/xpu/esimd_kernel.sycl:1:
  In file included from /home/edgeai/downstream/lib/python3.12/site-packages/torch/include/ATen/ATen.h:8:
  In file included from /home/edgeai/downstream/lib/python3.12/site-packages/torch/include/ATen/Context.h:5:
  In file included from /home/edgeai/downstream/lib/python3.12/site-packages/torch/include/ATen/CPUGeneratorImpl.h:4:
  In file included from /home/edgeai/downstream/lib/python3.12/site-packages/torch/include/ATen/core/Generator.h:19:
  In file included from /home/edgeai/downstream/lib/python3.12/site-packages/torch/include/c10/core/GeneratorImpl.h:9:
  In file included from /home/edgeai/downstream/lib/python3.12/site-packages/torch/include/c10/core/TensorImpl.h:12:
  In file included from /home/edgeai/downstream/lib/python3.12/site-packages/torch/include/c10/core/ScalarType.h:4:
  In file included from /home/edgeai/downstream/lib/python3.12/site-packages/torch/include/c10/util/BFloat16.h:2:
  In file included from /home/edgeai/downstream/lib/python3.12/site-packages/torch/include/torch/headeronly/util/BFloat16.h:22:
  In file included from /home/edgeai/downstream/include/sycl/sycl.hpp:49:
  In file included from /home/edgeai/downstream/include/sycl/detail/core.hpp:21:
  In file included from /home/edgeai/downstream/include/sycl/accessor.hpp:18:
  In file included from /home/edgeai/downstream/include/sycl/detail/generic_type_traits.hpp:12:
  /home/edgeai/downstream/include/sycl/aliases.hpp:146:1: warning: 'cl_float' is deprecated: use sycl::opencl::cl_float instead [-Wdeprecated-declarations]
    146 | __SYCL_2020_MAKE_VECTOR_ALIASES_FOR_VECTOR_LENGTH(8)
        | ^
  /home/edgeai/downstream/include/sycl/aliases.hpp:74:3: note: expanded from macro '__SYCL_2020_MAKE_VECTOR_ALIASES_FOR_VECTOR_LENGTH'
     74 |   __SYCL_MAKE_VECTOR_ALIASES_FOR_OPENCL_TYPES(N)                               \
        |   ^
  /home/edgeai/downstream/include/sycl/aliases.hpp:49:60: note: expanded from macro '__SYCL_MAKE_VECTOR_ALIASES_FOR_OPENCL_TYPES'
     49 |   __SYCL_2020_MAKE_DEPRECATED_VECTOR_ALIAS(cl_float, sycl::cl_float, N, "")    \
        |                                                            ^
  /home/edgeai/downstream/include/sycl/aliases.hpp:121:5: note: 'cl_float' has been explicitly marked deprecated here
    121 |     __SYCL2020_DEPRECATED("use sycl::opencl::cl_float instead") = float;
        |     ^
  /home/edgeai/downstream/include/sycl/detail/defines_elementary.hpp:62:40: note: expanded from macro '__SYCL2020_DEPRECATED'
     62 | #define __SYCL2020_DEPRECATED(message) __SYCL_DEPRECATED(message)
        |                                        ^
  /home/edgeai/downstream/include/sycl/detail/defines_elementary.hpp:53:38: note: expanded from macro '__SYCL_DEPRECATED'
     53 | #define __SYCL_DEPRECATED(message) [[deprecated(message)]]
        |                                      ^
  In file included from /home/edgeai/esimd_learning/csrc/xpu/esimd_kernel.sycl:1:
  In file included from /home/edgeai/downstream/lib/python3.12/site-packages/torch/include/ATen/ATen.h:8:
  In file included from /home/edgeai/downstream/lib/python3.12/site-packages/torch/include/ATen/Context.h:5:
  In file included from /home/edgeai/downstream/lib/python3.12/site-packages/torch/include/ATen/CPUGeneratorImpl.h:4:
  In file included from /home/edgeai/downstream/lib/python3.12/site-packages/torch/include/ATen/core/Generator.h:19:
  In file included from /home/edgeai/downstream/lib/python3.12/site-packages/torch/include/c10/core/GeneratorImpl.h:9:
  In file included from /home/edgeai/downstream/lib/python3.12/site-packages/torch/include/c10/core/TensorImpl.h:12:
  In file included from /home/edgeai/downstream/lib/python3.12/site-packages/torch/include/c10/core/ScalarType.h:4:
  In file included from /home/edgeai/downstream/lib/python3.12/site-packages/torch/include/c10/util/BFloat16.h:2:
  In file included from /home/edgeai/downstream/lib/python3.12/site-packages/torch/include/torch/headeronly/util/BFloat16.h:22:
  In file included from /home/edgeai/downstream/include/sycl/sycl.hpp:49:
  In file included from /home/edgeai/downstream/include/sycl/detail/core.hpp:21:
  In file included from /home/edgeai/downstream/include/sycl/accessor.hpp:18:
  In file included from /home/edgeai/downstream/include/sycl/detail/generic_type_traits.hpp:12:
  /home/edgeai/downstream/include/sycl/aliases.hpp:146:1: warning: 'cl_double' is deprecated: use sycl::opencl::cl_double instead [-Wdeprecated-declarations]
    146 | __SYCL_2020_MAKE_VECTOR_ALIASES_FOR_VECTOR_LENGTH(8)
        | ^
  /home/edgeai/downstream/include/sycl/aliases.hpp:74:3: note: expanded from macro '__SYCL_2020_MAKE_VECTOR_ALIASES_FOR_VECTOR_LENGTH'
     74 |   __SYCL_MAKE_VECTOR_ALIASES_FOR_OPENCL_TYPES(N)                               \
        |   ^
  /home/edgeai/downstream/include/sycl/aliases.hpp:50:61: note: expanded from macro '__SYCL_MAKE_VECTOR_ALIASES_FOR_OPENCL_TYPES'
     50 |   __SYCL_2020_MAKE_DEPRECATED_VECTOR_ALIAS(cl_double, sycl::cl_double, N, "")  \
        |                                                             ^
  /home/edgeai/downstream/include/sycl/aliases.hpp:123:5: note: 'cl_double' has been explicitly marked deprecated here
    123 |     __SYCL2020_DEPRECATED("use sycl::opencl::cl_double instead") = double;
        |     ^
  /home/edgeai/downstream/include/sycl/detail/defines_elementary.hpp:62:40: note: expanded from macro '__SYCL2020_DEPRECATED'
     62 | #define __SYCL2020_DEPRECATED(message) __SYCL_DEPRECATED(message)
        |                                        ^
  /home/edgeai/downstream/include/sycl/detail/defines_elementary.hpp:53:38: note: expanded from macro '__SYCL_DEPRECATED'
     53 | #define __SYCL_DEPRECATED(message) [[deprecated(message)]]
        |                                      ^
  In file included from /home/edgeai/esimd_learning/csrc/xpu/esimd_kernel.sycl:1:
  In file included from /home/edgeai/downstream/lib/python3.12/site-packages/torch/include/ATen/ATen.h:8:
  In file included from /home/edgeai/downstream/lib/python3.12/site-packages/torch/include/ATen/Context.h:5:
  In file included from /home/edgeai/downstream/lib/python3.12/site-packages/torch/include/ATen/CPUGeneratorImpl.h:4:
  In file included from /home/edgeai/downstream/lib/python3.12/site-packages/torch/include/ATen/core/Generator.h:19:
  In file included from /home/edgeai/downstream/lib/python3.12/site-packages/torch/include/c10/core/GeneratorImpl.h:9:
  In file included from /home/edgeai/downstream/lib/python3.12/site-packages/torch/include/c10/core/TensorImpl.h:12:
  In file included from /home/edgeai/downstream/lib/python3.12/site-packages/torch/include/c10/core/ScalarType.h:4:
  In file included from /home/edgeai/downstream/lib/python3.12/site-packages/torch/include/c10/util/BFloat16.h:2:
  In file included from /home/edgeai/downstream/lib/python3.12/site-packages/torch/include/torch/headeronly/util/BFloat16.h:22:
  In file included from /home/edgeai/downstream/include/sycl/sycl.hpp:49:
  In file included from /home/edgeai/downstream/include/sycl/detail/core.hpp:21:
  In file included from /home/edgeai/downstream/include/sycl/accessor.hpp:18:
  In file included from /home/edgeai/downstream/include/sycl/detail/generic_type_traits.hpp:12:
  /home/edgeai/downstream/include/sycl/aliases.hpp:146:1: warning: 'cl_half' is deprecated: use sycl::opencl::cl_half instead [-Wdeprecated-declarations]
    146 | __SYCL_2020_MAKE_VECTOR_ALIASES_FOR_VECTOR_LENGTH(8)
        | ^
  /home/edgeai/downstream/include/sycl/aliases.hpp:74:3: note: expanded from macro '__SYCL_2020_MAKE_VECTOR_ALIASES_FOR_VECTOR_LENGTH'
     74 |   __SYCL_MAKE_VECTOR_ALIASES_FOR_OPENCL_TYPES(N)                               \
        |   ^
  /home/edgeai/downstream/include/sycl/aliases.hpp:51:59: note: expanded from macro '__SYCL_MAKE_VECTOR_ALIASES_FOR_OPENCL_TYPES'
     51 |   __SYCL_2020_MAKE_DEPRECATED_VECTOR_ALIAS(cl_half, sycl::cl_half, N, "")
        |                                                           ^
  /home/edgeai/downstream/include/sycl/aliases.hpp:119:15: note: 'cl_half' has been explicitly marked deprecated here
    119 | using cl_half __SYCL2020_DEPRECATED("use sycl::opencl::cl_half instead") = half;
        |               ^
  /home/edgeai/downstream/include/sycl/detail/defines_elementary.hpp:62:40: note: expanded from macro '__SYCL2020_DEPRECATED'
     62 | #define __SYCL2020_DEPRECATED(message) __SYCL_DEPRECATED(message)
        |                                        ^
  /home/edgeai/downstream/include/sycl/detail/defines_elementary.hpp:53:38: note: expanded from macro '__SYCL_DEPRECATED'
     53 | #define __SYCL_DEPRECATED(message) [[deprecated(message)]]
        |                                      ^
  In file included from /home/edgeai/esimd_learning/csrc/xpu/esimd_kernel.sycl:1:
  In file included from /home/edgeai/downstream/lib/python3.12/site-packages/torch/include/ATen/ATen.h:8:
  In file included from /home/edgeai/downstream/lib/python3.12/site-packages/torch/include/ATen/Context.h:5:
  In file included from /home/edgeai/downstream/lib/python3.12/site-packages/torch/include/ATen/CPUGeneratorImpl.h:4:
  In file included from /home/edgeai/downstream/lib/python3.12/site-packages/torch/include/ATen/core/Generator.h:19:
  In file included from /home/edgeai/downstream/lib/python3.12/site-packages/torch/include/c10/core/GeneratorImpl.h:9:
  In file included from /home/edgeai/downstream/lib/python3.12/site-packages/torch/include/c10/core/TensorImpl.h:12:
  In file included from /home/edgeai/downstream/lib/python3.12/site-packages/torch/include/c10/core/ScalarType.h:4:
  In file included from /home/edgeai/downstream/lib/python3.12/site-packages/torch/include/c10/util/BFloat16.h:2:
  In file included from /home/edgeai/downstream/lib/python3.12/site-packages/torch/include/torch/headeronly/util/BFloat16.h:22:
  In file included from /home/edgeai/downstream/include/sycl/sycl.hpp:49:
  In file included from /home/edgeai/downstream/include/sycl/detail/core.hpp:21:
  In file included from /home/edgeai/downstream/include/sycl/accessor.hpp:18:
  In file included from /home/edgeai/downstream/include/sycl/detail/generic_type_traits.hpp:12:
  /home/edgeai/downstream/include/sycl/aliases.hpp:147:1: warning: 'cl_char' is deprecated: use sycl::opencl::cl_char instead [-Wdeprecated-declarations]
    147 | __SYCL_2020_MAKE_VECTOR_ALIASES_FOR_VECTOR_LENGTH(16)
        | ^
  /home/edgeai/downstream/include/sycl/aliases.hpp:74:3: note: expanded from macro '__SYCL_2020_MAKE_VECTOR_ALIASES_FOR_VECTOR_LENGTH'
     74 |   __SYCL_MAKE_VECTOR_ALIASES_FOR_OPENCL_TYPES(N)                               \
        |   ^
  /home/edgeai/downstream/include/sycl/aliases.hpp:41:59: note: expanded from macro '__SYCL_MAKE_VECTOR_ALIASES_FOR_OPENCL_TYPES'
     41 |   __SYCL_2020_MAKE_DEPRECATED_VECTOR_ALIAS(cl_char, sycl::cl_char, N, "")      \
        |                                                           ^
  /home/edgeai/downstream/include/sycl/aliases.hpp:104:5: note: 'cl_char' has been explicitly marked deprecated here
    104 |     __SYCL2020_DEPRECATED("use sycl::opencl::cl_char instead") = std::int8_t;
        |     ^
  /home/edgeai/downstream/include/sycl/detail/defines_elementary.hpp:62:40: note: expanded from macro '__SYCL2020_DEPRECATED'
     62 | #define __SYCL2020_DEPRECATED(message) __SYCL_DEPRECATED(message)
        |                                        ^
  /home/edgeai/downstream/include/sycl/detail/defines_elementary.hpp:53:38: note: expanded from macro '__SYCL_DEPRECATED'
     53 | #define __SYCL_DEPRECATED(message) [[deprecated(message)]]
        |                                      ^
  In file included from /home/edgeai/esimd_learning/csrc/xpu/esimd_kernel.sycl:1:
  In file included from /home/edgeai/downstream/lib/python3.12/site-packages/torch/include/ATen/ATen.h:8:
  In file included from /home/edgeai/downstream/lib/python3.12/site-packages/torch/include/ATen/Context.h:5:
  In file included from /home/edgeai/downstream/lib/python3.12/site-packages/torch/include/ATen/CPUGeneratorImpl.h:4:
  In file included from /home/edgeai/downstream/lib/python3.12/site-packages/torch/include/ATen/core/Generator.h:19:
  In file included from /home/edgeai/downstream/lib/python3.12/site-packages/torch/include/c10/core/GeneratorImpl.h:9:
  In file included from /home/edgeai/downstream/lib/python3.12/site-packages/torch/include/c10/core/TensorImpl.h:12:
  In file included from /home/edgeai/downstream/lib/python3.12/site-packages/torch/include/c10/core/ScalarType.h:4:
  In file included from /home/edgeai/downstream/lib/python3.12/site-packages/torch/include/c10/util/BFloat16.h:2:
  In file included from /home/edgeai/downstream/lib/python3.12/site-packages/torch/include/torch/headeronly/util/BFloat16.h:22:
  In file included from /home/edgeai/downstream/include/sycl/sycl.hpp:49:
  In file included from /home/edgeai/downstream/include/sycl/detail/core.hpp:21:
  In file included from /home/edgeai/downstream/include/sycl/accessor.hpp:18:
  In file included from /home/edgeai/downstream/include/sycl/detail/generic_type_traits.hpp:12:
  /home/edgeai/downstream/include/sycl/aliases.hpp:147:1: warning: 'cl_uchar' is deprecated: use sycl::opencl::cl_uchar instead [-Wdeprecated-declarations]
    147 | __SYCL_2020_MAKE_VECTOR_ALIASES_FOR_VECTOR_LENGTH(16)
        | ^
  /home/edgeai/downstream/include/sycl/aliases.hpp:74:3: note: expanded from macro '__SYCL_2020_MAKE_VECTOR_ALIASES_FOR_VECTOR_LENGTH'
     74 |   __SYCL_MAKE_VECTOR_ALIASES_FOR_OPENCL_TYPES(N)                               \
        |   ^
  /home/edgeai/downstream/include/sycl/aliases.hpp:42:60: note: expanded from macro '__SYCL_MAKE_VECTOR_ALIASES_FOR_OPENCL_TYPES'
     42 |   __SYCL_2020_MAKE_DEPRECATED_VECTOR_ALIAS(cl_uchar, sycl::cl_uchar, N, "")    \
        |                                                            ^
  /home/edgeai/downstream/include/sycl/aliases.hpp:106:5: note: 'cl_uchar' has been explicitly marked deprecated here
    106 |     __SYCL2020_DEPRECATED("use sycl::opencl::cl_uchar instead") = std::uint8_t;
        |     ^
  /home/edgeai/downstream/include/sycl/detail/defines_elementary.hpp:62:40: note: expanded from macro '__SYCL2020_DEPRECATED'
     62 | #define __SYCL2020_DEPRECATED(message) __SYCL_DEPRECATED(message)
        |                                        ^
  /home/edgeai/downstream/include/sycl/detail/defines_elementary.hpp:53:38: note: expanded from macro '__SYCL_DEPRECATED'
     53 | #define __SYCL_DEPRECATED(message) [[deprecated(message)]]
        |                                      ^
  In file included from /home/edgeai/esimd_learning/csrc/xpu/esimd_kernel.sycl:1:
  In file included from /home/edgeai/downstream/lib/python3.12/site-packages/torch/include/ATen/ATen.h:8:
  In file included from /home/edgeai/downstream/lib/python3.12/site-packages/torch/include/ATen/Context.h:5:
  In file included from /home/edgeai/downstream/lib/python3.12/site-packages/torch/include/ATen/CPUGeneratorImpl.h:4:
  In file included from /home/edgeai/downstream/lib/python3.12/site-packages/torch/include/ATen/core/Generator.h:19:
  In file included from /home/edgeai/downstream/lib/python3.12/site-packages/torch/include/c10/core/GeneratorImpl.h:9:
  In file included from /home/edgeai/downstream/lib/python3.12/site-packages/torch/include/c10/core/TensorImpl.h:12:
  In file included from /home/edgeai/downstream/lib/python3.12/site-packages/torch/include/c10/core/ScalarType.h:4:
  In file included from /home/edgeai/downstream/lib/python3.12/site-packages/torch/include/c10/util/BFloat16.h:2:
  In file included from /home/edgeai/downstream/lib/python3.12/site-packages/torch/include/torch/headeronly/util/BFloat16.h:22:
  In file included from /home/edgeai/downstream/include/sycl/sycl.hpp:49:
  In file included from /home/edgeai/downstream/include/sycl/detail/core.hpp:21:
  In file included from /home/edgeai/downstream/include/sycl/accessor.hpp:18:
  In file included from /home/edgeai/downstream/include/sycl/detail/generic_type_traits.hpp:12:
  /home/edgeai/downstream/include/sycl/aliases.hpp:147:1: warning: 'cl_short' is deprecated: use sycl::opencl::cl_short instead [-Wdeprecated-declarations]
    147 | __SYCL_2020_MAKE_VECTOR_ALIASES_FOR_VECTOR_LENGTH(16)
        | ^
  /home/edgeai/downstream/include/sycl/aliases.hpp:74:3: note: expanded from macro '__SYCL_2020_MAKE_VECTOR_ALIASES_FOR_VECTOR_LENGTH'
     74 |   __SYCL_MAKE_VECTOR_ALIASES_FOR_OPENCL_TYPES(N)                               \
        |   ^
  /home/edgeai/downstream/include/sycl/aliases.hpp:43:60: note: expanded from macro '__SYCL_MAKE_VECTOR_ALIASES_FOR_OPENCL_TYPES'
     43 |   __SYCL_2020_MAKE_DEPRECATED_VECTOR_ALIAS(cl_short, sycl::cl_short, N, "")    \
        |                                                            ^
  /home/edgeai/downstream/include/sycl/aliases.hpp:108:5: note: 'cl_short' has been explicitly marked deprecated here
    108 |     __SYCL2020_DEPRECATED("use sycl::opencl::cl_short instead") = std::int16_t;
        |     ^
  /home/edgeai/downstream/include/sycl/detail/defines_elementary.hpp:62:40: note: expanded from macro '__SYCL2020_DEPRECATED'
     62 | #define __SYCL2020_DEPRECATED(message) __SYCL_DEPRECATED(message)
        |                                        ^
  /home/edgeai/downstream/include/sycl/detail/defines_elementary.hpp:53:38: note: expanded from macro '__SYCL_DEPRECATED'
     53 | #define __SYCL_DEPRECATED(message) [[deprecated(message)]]
        |                                      ^
  In file included from /home/edgeai/esimd_learning/csrc/xpu/esimd_kernel.sycl:1:
  In file included from /home/edgeai/downstream/lib/python3.12/site-packages/torch/include/ATen/ATen.h:8:
  In file included from /home/edgeai/downstream/lib/python3.12/site-packages/torch/include/ATen/Context.h:5:
  In file included from /home/edgeai/downstream/lib/python3.12/site-packages/torch/include/ATen/CPUGeneratorImpl.h:4:
  In file included from /home/edgeai/downstream/lib/python3.12/site-packages/torch/include/ATen/core/Generator.h:19:
  In file included from /home/edgeai/downstream/lib/python3.12/site-packages/torch/include/c10/core/GeneratorImpl.h:9:
  In file included from /home/edgeai/downstream/lib/python3.12/site-packages/torch/include/c10/core/TensorImpl.h:12:
  In file included from /home/edgeai/downstream/lib/python3.12/site-packages/torch/include/c10/core/ScalarType.h:4:
  In file included from /home/edgeai/downstream/lib/python3.12/site-packages/torch/include/c10/util/BFloat16.h:2:
  In file included from /home/edgeai/downstream/lib/python3.12/site-packages/torch/include/torch/headeronly/util/BFloat16.h:22:
  In file included from /home/edgeai/downstream/include/sycl/sycl.hpp:49:
  In file included from /home/edgeai/downstream/include/sycl/detail/core.hpp:21:
  In file included from /home/edgeai/downstream/include/sycl/accessor.hpp:18:
  In file included from /home/edgeai/downstream/include/sycl/detail/generic_type_traits.hpp:12:
  /home/edgeai/downstream/include/sycl/aliases.hpp:147:1: warning: 'cl_ushort' is deprecated: use sycl::opencl::cl_ushort instead [-Wdeprecated-declarations]
    147 | __SYCL_2020_MAKE_VECTOR_ALIASES_FOR_VECTOR_LENGTH(16)
        | ^
  /home/edgeai/downstream/include/sycl/aliases.hpp:74:3: note: expanded from macro '__SYCL_2020_MAKE_VECTOR_ALIASES_FOR_VECTOR_LENGTH'
     74 |   __SYCL_MAKE_VECTOR_ALIASES_FOR_OPENCL_TYPES(N)                               \
        |   ^
  /home/edgeai/downstream/include/sycl/aliases.hpp:44:61: note: expanded from macro '__SYCL_MAKE_VECTOR_ALIASES_FOR_OPENCL_TYPES'
     44 |   __SYCL_2020_MAKE_DEPRECATED_VECTOR_ALIAS(cl_ushort, sycl::cl_ushort, N, "")  \
        |                                                             ^
  /home/edgeai/downstream/include/sycl/aliases.hpp:109:17: note: 'cl_ushort' has been explicitly marked deprecated here
    109 | using cl_ushort __SYCL2020_DEPRECATED("use sycl::opencl::cl_ushort instead") =
        |                 ^
  /home/edgeai/downstream/include/sycl/detail/defines_elementary.hpp:62:40: note: expanded from macro '__SYCL2020_DEPRECATED'
     62 | #define __SYCL2020_DEPRECATED(message) __SYCL_DEPRECATED(message)
        |                                        ^
  /home/edgeai/downstream/include/sycl/detail/defines_elementary.hpp:53:38: note: expanded from macro '__SYCL_DEPRECATED'
     53 | #define __SYCL_DEPRECATED(message) [[deprecated(message)]]
        |                                      ^
  In file included from /home/edgeai/esimd_learning/csrc/xpu/esimd_kernel.sycl:1:
  In file included from /home/edgeai/downstream/lib/python3.12/site-packages/torch/include/ATen/ATen.h:8:
  In file included from /home/edgeai/downstream/lib/python3.12/site-packages/torch/include/ATen/Context.h:5:
  In file included from /home/edgeai/downstream/lib/python3.12/site-packages/torch/include/ATen/CPUGeneratorImpl.h:4:
  In file included from /home/edgeai/downstream/lib/python3.12/site-packages/torch/include/ATen/core/Generator.h:19:
  In file included from /home/edgeai/downstream/lib/python3.12/site-packages/torch/include/c10/core/GeneratorImpl.h:9:
  In file included from /home/edgeai/downstream/lib/python3.12/site-packages/torch/include/c10/core/TensorImpl.h:12:
  In file included from /home/edgeai/downstream/lib/python3.12/site-packages/torch/include/c10/core/ScalarType.h:4:
  In file included from /home/edgeai/downstream/lib/python3.12/site-packages/torch/include/c10/util/BFloat16.h:2:
  In file included from /home/edgeai/downstream/lib/python3.12/site-packages/torch/include/torch/headeronly/util/BFloat16.h:22:
  In file included from /home/edgeai/downstream/include/sycl/sycl.hpp:49:
  In file included from /home/edgeai/downstream/include/sycl/detail/core.hpp:21:
  In file included from /home/edgeai/downstream/include/sycl/accessor.hpp:18:
  In file included from /home/edgeai/downstream/include/sycl/detail/generic_type_traits.hpp:12:
  /home/edgeai/downstream/include/sycl/aliases.hpp:147:1: warning: 'cl_int' is deprecated: use sycl::opencl::cl_int instead [-Wdeprecated-declarations]
    147 | __SYCL_2020_MAKE_VECTOR_ALIASES_FOR_VECTOR_LENGTH(16)
        | ^
  /home/edgeai/downstream/include/sycl/aliases.hpp:74:3: note: expanded from macro '__SYCL_2020_MAKE_VECTOR_ALIASES_FOR_VECTOR_LENGTH'
     74 |   __SYCL_MAKE_VECTOR_ALIASES_FOR_OPENCL_TYPES(N)                               \
        |   ^
  /home/edgeai/downstream/include/sycl/aliases.hpp:45:58: note: expanded from macro '__SYCL_MAKE_VECTOR_ALIASES_FOR_OPENCL_TYPES'
     45 |   __SYCL_2020_MAKE_DEPRECATED_VECTOR_ALIAS(cl_int, sycl::cl_int, N, "")        \
        |                                                          ^
  /home/edgeai/downstream/include/sycl/aliases.hpp:112:5: note: 'cl_int' has been explicitly marked deprecated here
    112 |     __SYCL2020_DEPRECATED("use sycl::opencl::cl_int instead") = std::int32_t;
        |     ^
  /home/edgeai/downstream/include/sycl/detail/defines_elementary.hpp:62:40: note: expanded from macro '__SYCL2020_DEPRECATED'
     62 | #define __SYCL2020_DEPRECATED(message) __SYCL_DEPRECATED(message)
        |                                        ^
  /home/edgeai/downstream/include/sycl/detail/defines_elementary.hpp:53:38: note: expanded from macro '__SYCL_DEPRECATED'
     53 | #define __SYCL_DEPRECATED(message) [[deprecated(message)]]
        |                                      ^
  In file included from /home/edgeai/esimd_learning/csrc/xpu/esimd_kernel.sycl:1:
  In file included from /home/edgeai/downstream/lib/python3.12/site-packages/torch/include/ATen/ATen.h:8:
  In file included from /home/edgeai/downstream/lib/python3.12/site-packages/torch/include/ATen/Context.h:5:
  In file included from /home/edgeai/downstream/lib/python3.12/site-packages/torch/include/ATen/CPUGeneratorImpl.h:4:
  In file included from /home/edgeai/downstream/lib/python3.12/site-packages/torch/include/ATen/core/Generator.h:19:
  In file included from /home/edgeai/downstream/lib/python3.12/site-packages/torch/include/c10/core/GeneratorImpl.h:9:
  In file included from /home/edgeai/downstream/lib/python3.12/site-packages/torch/include/c10/core/TensorImpl.h:12:
  In file included from /home/edgeai/downstream/lib/python3.12/site-packages/torch/include/c10/core/ScalarType.h:4:
  In file included from /home/edgeai/downstream/lib/python3.12/site-packages/torch/include/c10/util/BFloat16.h:2:
  In file included from /home/edgeai/downstream/lib/python3.12/site-packages/torch/include/torch/headeronly/util/BFloat16.h:22:
  In file included from /home/edgeai/downstream/include/sycl/sycl.hpp:49:
  In file included from /home/edgeai/downstream/include/sycl/detail/core.hpp:21:
  In file included from /home/edgeai/downstream/include/sycl/accessor.hpp:18:
  In file included from /home/edgeai/downstream/include/sycl/detail/generic_type_traits.hpp:12:
  /home/edgeai/downstream/include/sycl/aliases.hpp:147:1: warning: 'cl_uint' is deprecated: use sycl::opencl::cl_uint instead [-Wdeprecated-declarations]
    147 | __SYCL_2020_MAKE_VECTOR_ALIASES_FOR_VECTOR_LENGTH(16)
        | ^
  /home/edgeai/downstream/include/sycl/aliases.hpp:74:3: note: expanded from macro '__SYCL_2020_MAKE_VECTOR_ALIASES_FOR_VECTOR_LENGTH'
     74 |   __SYCL_MAKE_VECTOR_ALIASES_FOR_OPENCL_TYPES(N)                               \
        |   ^
  /home/edgeai/downstream/include/sycl/aliases.hpp:46:59: note: expanded from macro '__SYCL_MAKE_VECTOR_ALIASES_FOR_OPENCL_TYPES'
     46 |   __SYCL_2020_MAKE_DEPRECATED_VECTOR_ALIAS(cl_uint, sycl::cl_uint, N, "")      \
        |                                                           ^
  /home/edgeai/downstream/include/sycl/aliases.hpp:114:5: note: 'cl_uint' has been explicitly marked deprecated here
    114 |     __SYCL2020_DEPRECATED("use sycl::opencl::cl_uint instead") = std::uint32_t;
        |     ^
  /home/edgeai/downstream/include/sycl/detail/defines_elementary.hpp:62:40: note: expanded from macro '__SYCL2020_DEPRECATED'
     62 | #define __SYCL2020_DEPRECATED(message) __SYCL_DEPRECATED(message)
        |                                        ^
  /home/edgeai/downstream/include/sycl/detail/defines_elementary.hpp:53:38: note: expanded from macro '__SYCL_DEPRECATED'
     53 | #define __SYCL_DEPRECATED(message) [[deprecated(message)]]
        |                                      ^
  In file included from /home/edgeai/esimd_learning/csrc/xpu/esimd_kernel.sycl:1:
  In file included from /home/edgeai/downstream/lib/python3.12/site-packages/torch/include/ATen/ATen.h:8:
  In file included from /home/edgeai/downstream/lib/python3.12/site-packages/torch/include/ATen/Context.h:5:
  In file included from /home/edgeai/downstream/lib/python3.12/site-packages/torch/include/ATen/CPUGeneratorImpl.h:4:
  In file included from /home/edgeai/downstream/lib/python3.12/site-packages/torch/include/ATen/core/Generator.h:19:
  In file included from /home/edgeai/downstream/lib/python3.12/site-packages/torch/include/c10/core/GeneratorImpl.h:9:
  In file included from /home/edgeai/downstream/lib/python3.12/site-packages/torch/include/c10/core/TensorImpl.h:12:
  In file included from /home/edgeai/downstream/lib/python3.12/site-packages/torch/include/c10/core/ScalarType.h:4:
  In file included from /home/edgeai/downstream/lib/python3.12/site-packages/torch/include/c10/util/BFloat16.h:2:
  In file included from /home/edgeai/downstream/lib/python3.12/site-packages/torch/include/torch/headeronly/util/BFloat16.h:22:
  In file included from /home/edgeai/downstream/include/sycl/sycl.hpp:49:
  In file included from /home/edgeai/downstream/include/sycl/detail/core.hpp:21:
  In file included from /home/edgeai/downstream/include/sycl/accessor.hpp:18:
  In file included from /home/edgeai/downstream/include/sycl/detail/generic_type_traits.hpp:12:
  /home/edgeai/downstream/include/sycl/aliases.hpp:147:1: warning: 'cl_long' is deprecated: use sycl::opencl::cl_long instead [-Wdeprecated-declarations]
    147 | __SYCL_2020_MAKE_VECTOR_ALIASES_FOR_VECTOR_LENGTH(16)
        | ^
  /home/edgeai/downstream/include/sycl/aliases.hpp:74:3: note: expanded from macro '__SYCL_2020_MAKE_VECTOR_ALIASES_FOR_VECTOR_LENGTH'
     74 |   __SYCL_MAKE_VECTOR_ALIASES_FOR_OPENCL_TYPES(N)                               \
        |   ^
  /home/edgeai/downstream/include/sycl/aliases.hpp:47:59: note: expanded from macro '__SYCL_MAKE_VECTOR_ALIASES_FOR_OPENCL_TYPES'
     47 |   __SYCL_2020_MAKE_DEPRECATED_VECTOR_ALIAS(cl_long, sycl::cl_long, N, "")      \
        |                                                           ^
  /home/edgeai/downstream/include/sycl/aliases.hpp:116:5: note: 'cl_long' has been explicitly marked deprecated here
    116 |     __SYCL2020_DEPRECATED("use sycl::opencl::cl_long instead") = std::int64_t;
        |     ^
  /home/edgeai/downstream/include/sycl/detail/defines_elementary.hpp:62:40: note: expanded from macro '__SYCL2020_DEPRECATED'
     62 | #define __SYCL2020_DEPRECATED(message) __SYCL_DEPRECATED(message)
        |                                        ^
  /home/edgeai/downstream/include/sycl/detail/defines_elementary.hpp:53:38: note: expanded from macro '__SYCL_DEPRECATED'
     53 | #define __SYCL_DEPRECATED(message) [[deprecated(message)]]
        |                                      ^
  In file included from /home/edgeai/esimd_learning/csrc/xpu/esimd_kernel.sycl:1:
  In file included from /home/edgeai/downstream/lib/python3.12/site-packages/torch/include/ATen/ATen.h:8:
  In file included from /home/edgeai/downstream/lib/python3.12/site-packages/torch/include/ATen/Context.h:5:
  In file included from /home/edgeai/downstream/lib/python3.12/site-packages/torch/include/ATen/CPUGeneratorImpl.h:4:
  In file included from /home/edgeai/downstream/lib/python3.12/site-packages/torch/include/ATen/core/Generator.h:19:
  In file included from /home/edgeai/downstream/lib/python3.12/site-packages/torch/include/c10/core/GeneratorImpl.h:9:
  In file included from /home/edgeai/downstream/lib/python3.12/site-packages/torch/include/c10/core/TensorImpl.h:12:
  In file included from /home/edgeai/downstream/lib/python3.12/site-packages/torch/include/c10/core/ScalarType.h:4:
  In file included from /home/edgeai/downstream/lib/python3.12/site-packages/torch/include/c10/util/BFloat16.h:2:
  In file included from /home/edgeai/downstream/lib/python3.12/site-packages/torch/include/torch/headeronly/util/BFloat16.h:22:
  In file included from /home/edgeai/downstream/include/sycl/sycl.hpp:49:
  In file included from /home/edgeai/downstream/include/sycl/detail/core.hpp:21:
  In file included from /home/edgeai/downstream/include/sycl/accessor.hpp:18:
  In file included from /home/edgeai/downstream/include/sycl/detail/generic_type_traits.hpp:12:
  /home/edgeai/downstream/include/sycl/aliases.hpp:147:1: warning: 'cl_ulong' is deprecated: use sycl::opencl::cl_ulong instead [-Wdeprecated-declarations]
    147 | __SYCL_2020_MAKE_VECTOR_ALIASES_FOR_VECTOR_LENGTH(16)
        | ^
  /home/edgeai/downstream/include/sycl/aliases.hpp:74:3: note: expanded from macro '__SYCL_2020_MAKE_VECTOR_ALIASES_FOR_VECTOR_LENGTH'
     74 |   __SYCL_MAKE_VECTOR_ALIASES_FOR_OPENCL_TYPES(N)                               \
        |   ^
  /home/edgeai/downstream/include/sycl/aliases.hpp:48:60: note: expanded from macro '__SYCL_MAKE_VECTOR_ALIASES_FOR_OPENCL_TYPES'
     48 |   __SYCL_2020_MAKE_DEPRECATED_VECTOR_ALIAS(cl_ulong, sycl::cl_ulong, N, "")    \
        |                                                            ^
  /home/edgeai/downstream/include/sycl/aliases.hpp:118:5: note: 'cl_ulong' has been explicitly marked deprecated here
    118 |     __SYCL2020_DEPRECATED("use sycl::opencl::cl_ulong instead") = std::uint64_t;
        |     ^
  /home/edgeai/downstream/include/sycl/detail/defines_elementary.hpp:62:40: note: expanded from macro '__SYCL2020_DEPRECATED'
     62 | #define __SYCL2020_DEPRECATED(message) __SYCL_DEPRECATED(message)
        |                                        ^
  /home/edgeai/downstream/include/sycl/detail/defines_elementary.hpp:53:38: note: expanded from macro '__SYCL_DEPRECATED'
     53 | #define __SYCL_DEPRECATED(message) [[deprecated(message)]]
        |                                      ^
  In file included from /home/edgeai/esimd_learning/csrc/xpu/esimd_kernel.sycl:1:
  In file included from /home/edgeai/downstream/lib/python3.12/site-packages/torch/include/ATen/ATen.h:8:
  In file included from /home/edgeai/downstream/lib/python3.12/site-packages/torch/include/ATen/Context.h:5:
  In file included from /home/edgeai/downstream/lib/python3.12/site-packages/torch/include/ATen/CPUGeneratorImpl.h:4:
  In file included from /home/edgeai/downstream/lib/python3.12/site-packages/torch/include/ATen/core/Generator.h:19:
  In file included from /home/edgeai/downstream/lib/python3.12/site-packages/torch/include/c10/core/GeneratorImpl.h:9:
  In file included from /home/edgeai/downstream/lib/python3.12/site-packages/torch/include/c10/core/TensorImpl.h:12:
  In file included from /home/edgeai/downstream/lib/python3.12/site-packages/torch/include/c10/core/ScalarType.h:4:
  In file included from /home/edgeai/downstream/lib/python3.12/site-packages/torch/include/c10/util/BFloat16.h:2:
  In file included from /home/edgeai/downstream/lib/python3.12/site-packages/torch/include/torch/headeronly/util/BFloat16.h:22:
  In file included from /home/edgeai/downstream/include/sycl/sycl.hpp:49:
  In file included from /home/edgeai/downstream/include/sycl/detail/core.hpp:21:
  In file included from /home/edgeai/downstream/include/sycl/accessor.hpp:18:
  In file included from /home/edgeai/downstream/include/sycl/detail/generic_type_traits.hpp:12:
  /home/edgeai/downstream/include/sycl/aliases.hpp:147:1: warning: 'cl_float' is deprecated: use sycl::opencl::cl_float instead [-Wdeprecated-declarations]
    147 | __SYCL_2020_MAKE_VECTOR_ALIASES_FOR_VECTOR_LENGTH(16)
        | ^
  /home/edgeai/downstream/include/sycl/aliases.hpp:74:3: note: expanded from macro '__SYCL_2020_MAKE_VECTOR_ALIASES_FOR_VECTOR_LENGTH'
     74 |   __SYCL_MAKE_VECTOR_ALIASES_FOR_OPENCL_TYPES(N)                               \
        |   ^
  /home/edgeai/downstream/include/sycl/aliases.hpp:49:60: note: expanded from macro '__SYCL_MAKE_VECTOR_ALIASES_FOR_OPENCL_TYPES'
     49 |   __SYCL_2020_MAKE_DEPRECATED_VECTOR_ALIAS(cl_float, sycl::cl_float, N, "")    \
        |                                                            ^
  /home/edgeai/downstream/include/sycl/aliases.hpp:121:5: note: 'cl_float' has been explicitly marked deprecated here
    121 |     __SYCL2020_DEPRECATED("use sycl::opencl::cl_float instead") = float;
        |     ^
  /home/edgeai/downstream/include/sycl/detail/defines_elementary.hpp:62:40: note: expanded from macro '__SYCL2020_DEPRECATED'
     62 | #define __SYCL2020_DEPRECATED(message) __SYCL_DEPRECATED(message)
        |                                        ^
  /home/edgeai/downstream/include/sycl/detail/defines_elementary.hpp:53:38: note: expanded from macro '__SYCL_DEPRECATED'
     53 | #define __SYCL_DEPRECATED(message) [[deprecated(message)]]
        |                                      ^
  In file included from /home/edgeai/esimd_learning/csrc/xpu/esimd_kernel.sycl:1:
  In file included from /home/edgeai/downstream/lib/python3.12/site-packages/torch/include/ATen/ATen.h:8:
  In file included from /home/edgeai/downstream/lib/python3.12/site-packages/torch/include/ATen/Context.h:5:
  In file included from /home/edgeai/downstream/lib/python3.12/site-packages/torch/include/ATen/CPUGeneratorImpl.h:4:
  In file included from /home/edgeai/downstream/lib/python3.12/site-packages/torch/include/ATen/core/Generator.h:19:
  In file included from /home/edgeai/downstream/lib/python3.12/site-packages/torch/include/c10/core/GeneratorImpl.h:9:
  In file included from /home/edgeai/downstream/lib/python3.12/site-packages/torch/include/c10/core/TensorImpl.h:12:
  In file included from /home/edgeai/downstream/lib/python3.12/site-packages/torch/include/c10/core/ScalarType.h:4:
  In file included from /home/edgeai/downstream/lib/python3.12/site-packages/torch/include/c10/util/BFloat16.h:2:
  In file included from /home/edgeai/downstream/lib/python3.12/site-packages/torch/include/torch/headeronly/util/BFloat16.h:22:
  In file included from /home/edgeai/downstream/include/sycl/sycl.hpp:49:
  In file included from /home/edgeai/downstream/include/sycl/detail/core.hpp:21:
  In file included from /home/edgeai/downstream/include/sycl/accessor.hpp:18:
  In file included from /home/edgeai/downstream/include/sycl/detail/generic_type_traits.hpp:12:
  /home/edgeai/downstream/include/sycl/aliases.hpp:147:1: warning: 'cl_double' is deprecated: use sycl::opencl::cl_double instead [-Wdeprecated-declarations]
    147 | __SYCL_2020_MAKE_VECTOR_ALIASES_FOR_VECTOR_LENGTH(16)
        | ^
  /home/edgeai/downstream/include/sycl/aliases.hpp:74:3: note: expanded from macro '__SYCL_2020_MAKE_VECTOR_ALIASES_FOR_VECTOR_LENGTH'
     74 |   __SYCL_MAKE_VECTOR_ALIASES_FOR_OPENCL_TYPES(N)                               \
        |   ^
  /home/edgeai/downstream/include/sycl/aliases.hpp:50:61: note: expanded from macro '__SYCL_MAKE_VECTOR_ALIASES_FOR_OPENCL_TYPES'
     50 |   __SYCL_2020_MAKE_DEPRECATED_VECTOR_ALIAS(cl_double, sycl::cl_double, N, "")  \
        |                                                             ^
  /home/edgeai/downstream/include/sycl/aliases.hpp:123:5: note: 'cl_double' has been explicitly marked deprecated here
    123 |     __SYCL2020_DEPRECATED("use sycl::opencl::cl_double instead") = double;
        |     ^
  /home/edgeai/downstream/include/sycl/detail/defines_elementary.hpp:62:40: note: expanded from macro '__SYCL2020_DEPRECATED'
     62 | #define __SYCL2020_DEPRECATED(message) __SYCL_DEPRECATED(message)
        |                                        ^
  /home/edgeai/downstream/include/sycl/detail/defines_elementary.hpp:53:38: note: expanded from macro '__SYCL_DEPRECATED'
     53 | #define __SYCL_DEPRECATED(message) [[deprecated(message)]]
        |                                      ^
  In file included from /home/edgeai/esimd_learning/csrc/xpu/esimd_kernel.sycl:1:
  In file included from /home/edgeai/downstream/lib/python3.12/site-packages/torch/include/ATen/ATen.h:8:
  In file included from /home/edgeai/downstream/lib/python3.12/site-packages/torch/include/ATen/Context.h:5:
  In file included from /home/edgeai/downstream/lib/python3.12/site-packages/torch/include/ATen/CPUGeneratorImpl.h:4:
  In file included from /home/edgeai/downstream/lib/python3.12/site-packages/torch/include/ATen/core/Generator.h:19:
  In file included from /home/edgeai/downstream/lib/python3.12/site-packages/torch/include/c10/core/GeneratorImpl.h:9:
  In file included from /home/edgeai/downstream/lib/python3.12/site-packages/torch/include/c10/core/TensorImpl.h:12:
  In file included from /home/edgeai/downstream/lib/python3.12/site-packages/torch/include/c10/core/ScalarType.h:4:
  In file included from /home/edgeai/downstream/lib/python3.12/site-packages/torch/include/c10/util/BFloat16.h:2:
  In file included from /home/edgeai/downstream/lib/python3.12/site-packages/torch/include/torch/headeronly/util/BFloat16.h:22:
  In file included from /home/edgeai/downstream/include/sycl/sycl.hpp:49:
  In file included from /home/edgeai/downstream/include/sycl/detail/core.hpp:21:
  In file included from /home/edgeai/downstream/include/sycl/accessor.hpp:18:
  In file included from /home/edgeai/downstream/include/sycl/detail/generic_type_traits.hpp:12:
  /home/edgeai/downstream/include/sycl/aliases.hpp:147:1: warning: 'cl_half' is deprecated: use sycl::opencl::cl_half instead [-Wdeprecated-declarations]
    147 | __SYCL_2020_MAKE_VECTOR_ALIASES_FOR_VECTOR_LENGTH(16)
        | ^
  /home/edgeai/downstream/include/sycl/aliases.hpp:74:3: note: expanded from macro '__SYCL_2020_MAKE_VECTOR_ALIASES_FOR_VECTOR_LENGTH'
     74 |   __SYCL_MAKE_VECTOR_ALIASES_FOR_OPENCL_TYPES(N)                               \
        |   ^
  /home/edgeai/downstream/include/sycl/aliases.hpp:51:59: note: expanded from macro '__SYCL_MAKE_VECTOR_ALIASES_FOR_OPENCL_TYPES'
     51 |   __SYCL_2020_MAKE_DEPRECATED_VECTOR_ALIAS(cl_half, sycl::cl_half, N, "")
        |                                                           ^
  /home/edgeai/downstream/include/sycl/aliases.hpp:119:15: note: 'cl_half' has been explicitly marked deprecated here
    119 | using cl_half __SYCL2020_DEPRECATED("use sycl::opencl::cl_half instead") = half;
        |               ^
  /home/edgeai/downstream/include/sycl/detail/defines_elementary.hpp:62:40: note: expanded from macro '__SYCL2020_DEPRECATED'
     62 | #define __SYCL2020_DEPRECATED(message) __SYCL_DEPRECATED(message)
        |                                        ^
  /home/edgeai/downstream/include/sycl/detail/defines_elementary.hpp:53:38: note: expanded from macro '__SYCL_DEPRECATED'
     53 | #define __SYCL_DEPRECATED(message) [[deprecated(message)]]
        |                                      ^
  In file included from /home/edgeai/esimd_learning/csrc/xpu/esimd_kernel.sycl:1:
  In file included from /home/edgeai/downstream/lib/python3.12/site-packages/torch/include/ATen/ATen.h:8:
  In file included from /home/edgeai/downstream/lib/python3.12/site-packages/torch/include/ATen/Context.h:5:
  In file included from /home/edgeai/downstream/lib/python3.12/site-packages/torch/include/ATen/CPUGeneratorImpl.h:4:
  In file included from /home/edgeai/downstream/lib/python3.12/site-packages/torch/include/ATen/core/Generator.h:19:
  In file included from /home/edgeai/downstream/lib/python3.12/site-packages/torch/include/c10/core/GeneratorImpl.h:9:
  In file included from /home/edgeai/downstream/lib/python3.12/site-packages/torch/include/c10/core/TensorImpl.h:12:
  In file included from /home/edgeai/downstream/lib/python3.12/site-packages/torch/include/c10/core/ScalarType.h:4:
  In file included from /home/edgeai/downstream/lib/python3.12/site-packages/torch/include/c10/util/BFloat16.h:2:
  In file included from /home/edgeai/downstream/lib/python3.12/site-packages/torch/include/torch/headeronly/util/BFloat16.h:22:
  In file included from /home/edgeai/downstream/include/sycl/sycl.hpp:49:
  In file included from /home/edgeai/downstream/include/sycl/detail/core.hpp:21:
  In file included from /home/edgeai/downstream/include/sycl/accessor.hpp:18:
  In file included from /home/edgeai/downstream/include/sycl/detail/generic_type_traits.hpp:15:
  /home/edgeai/downstream/include/sycl/half_type.hpp:613:12: warning: use of NaN is undefined behavior due to the currently enabled floating-point options [-Wnan-infinity-disabled]
    613 |     return __builtin_nanf("");
        |            ^~~~~~~~~~~~~~~~~~
  In file included from /home/edgeai/esimd_learning/csrc/xpu/esimd_kernel.sycl:1:
  In file included from /home/edgeai/downstream/lib/python3.12/site-packages/torch/include/ATen/ATen.h:8:
  In file included from /home/edgeai/downstream/lib/python3.12/site-packages/torch/include/ATen/Context.h:5:
  In file included from /home/edgeai/downstream/lib/python3.12/site-packages/torch/include/ATen/CPUGeneratorImpl.h:4:
  In file included from /home/edgeai/downstream/lib/python3.12/site-packages/torch/include/ATen/core/Generator.h:19:
  In file included from /home/edgeai/downstream/lib/python3.12/site-packages/torch/include/c10/core/GeneratorImpl.h:9:
  In file included from /home/edgeai/downstream/lib/python3.12/site-packages/torch/include/c10/core/TensorImpl.h:12:
  In file included from /home/edgeai/downstream/lib/python3.12/site-packages/torch/include/c10/core/ScalarType.h:4:
  In file included from /home/edgeai/downstream/lib/python3.12/site-packages/torch/include/c10/util/BFloat16.h:2:
  In file included from /home/edgeai/downstream/lib/python3.12/site-packages/torch/include/torch/headeronly/util/BFloat16.h:22:
  In file included from /home/edgeai/downstream/include/sycl/sycl.hpp:49:
  In file included from /home/edgeai/downstream/include/sycl/detail/core.hpp:21:
  In file included from /home/edgeai/downstream/include/sycl/accessor.hpp:18:
  In file included from /home/edgeai/downstream/include/sycl/detail/generic_type_traits.hpp:16:
  In file included from /home/edgeai/downstream/include/sycl/multi_ptr.hpp:13:
  /home/edgeai/downstream/include/sycl/detail/address_space_cast.hpp:25:48: warning: 'constant_space' is deprecated: sycl::access::address_space::constant_space is deprecated since SYCL 2020 [-Wdeprecated-declarations]
     25 |   auto constant_space = access::address_space::constant_space;
        |                                                ^
  /home/edgeai/downstream/include/sycl/access/access.hpp:53:18: note: 'constant_space' has been explicitly marked deprecated here
     53 |   constant_space __SYCL2020_DEPRECATED("sycl::access::address_space::constant_"
        |                  ^
  /home/edgeai/downstream/include/sycl/detail/defines_elementary.hpp:62:40: note: expanded from macro '__SYCL2020_DEPRECATED'
     62 | #define __SYCL2020_DEPRECATED(message) __SYCL_DEPRECATED(message)
        |                                        ^
  /home/edgeai/downstream/include/sycl/detail/defines_elementary.hpp:53:38: note: expanded from macro '__SYCL_DEPRECATED'
     53 | #define __SYCL_DEPRECATED(message) [[deprecated(message)]]
        |                                      ^
  In file included from /home/edgeai/esimd_learning/csrc/xpu/esimd_kernel.sycl:1:
  In file included from /home/edgeai/downstream/lib/python3.12/site-packages/torch/include/ATen/ATen.h:8:
  In file included from /home/edgeai/downstream/lib/python3.12/site-packages/torch/include/ATen/Context.h:5:
  In file included from /home/edgeai/downstream/lib/python3.12/site-packages/torch/include/ATen/CPUGeneratorImpl.h:4:
  In file included from /home/edgeai/downstream/lib/python3.12/site-packages/torch/include/ATen/core/Generator.h:19:
  In file included from /home/edgeai/downstream/lib/python3.12/site-packages/torch/include/c10/core/GeneratorImpl.h:9:
  In file included from /home/edgeai/downstream/lib/python3.12/site-packages/torch/include/c10/core/TensorImpl.h:12:
  In file included from /home/edgeai/downstream/lib/python3.12/site-packages/torch/include/c10/core/ScalarType.h:4:
  In file included from /home/edgeai/downstream/lib/python3.12/site-packages/torch/include/c10/util/BFloat16.h:2:
  In file included from /home/edgeai/downstream/lib/python3.12/site-packages/torch/include/torch/headeronly/util/BFloat16.h:22:
  In file included from /home/edgeai/downstream/include/sycl/sycl.hpp:49:
  In file included from /home/edgeai/downstream/include/sycl/detail/core.hpp:21:
  In file included from /home/edgeai/downstream/include/sycl/accessor.hpp:18:
  In file included from /home/edgeai/downstream/include/sycl/detail/generic_type_traits.hpp:16:
  /home/edgeai/downstream/include/sycl/multi_ptr.hpp:41:43: warning: 'constant_space' is deprecated: sycl::access::address_space::constant_space is deprecated since SYCL 2020 [-Wdeprecated-declarations]
     41 |       ElementType, access::address_space::constant_space>::type;
        |                                           ^
  /home/edgeai/downstream/include/sycl/access/access.hpp:53:18: note: 'constant_space' has been explicitly marked deprecated here
     53 |   constant_space __SYCL2020_DEPRECATED("sycl::access::address_space::constant_"
        |                  ^
  /home/edgeai/downstream/include/sycl/detail/defines_elementary.hpp:62:40: note: expanded from macro '__SYCL2020_DEPRECATED'
     62 | #define __SYCL2020_DEPRECATED(message) __SYCL_DEPRECATED(message)
        |                                        ^
  /home/edgeai/downstream/include/sycl/detail/defines_elementary.hpp:53:38: note: expanded from macro '__SYCL_DEPRECATED'
     53 | #define __SYCL_DEPRECATED(message) [[deprecated(message)]]
        |                                      ^
  In file included from /home/edgeai/esimd_learning/csrc/xpu/esimd_kernel.sycl:1:
  In file included from /home/edgeai/downstream/lib/python3.12/site-packages/torch/include/ATen/ATen.h:8:
  In file included from /home/edgeai/downstream/lib/python3.12/site-packages/torch/include/ATen/Context.h:5:
  In file included from /home/edgeai/downstream/lib/python3.12/site-packages/torch/include/ATen/CPUGeneratorImpl.h:4:
  In file included from /home/edgeai/downstream/lib/python3.12/site-packages/torch/include/ATen/core/Generator.h:19:
  In file included from /home/edgeai/downstream/lib/python3.12/site-packages/torch/include/c10/core/GeneratorImpl.h:9:
  In file included from /home/edgeai/downstream/lib/python3.12/site-packages/torch/include/c10/core/TensorImpl.h:12:
  In file included from /home/edgeai/downstream/lib/python3.12/site-packages/torch/include/c10/core/ScalarType.h:4:
  In file included from /home/edgeai/downstream/lib/python3.12/site-packages/torch/include/c10/util/BFloat16.h:2:
  In file included from /home/edgeai/downstream/lib/python3.12/site-packages/torch/include/torch/headeronly/util/BFloat16.h:22:
  In file included from /home/edgeai/downstream/include/sycl/sycl.hpp:49:
  In file included from /home/edgeai/downstream/include/sycl/detail/core.hpp:21:
  In file included from /home/edgeai/downstream/include/sycl/accessor.hpp:18:
  In file included from /home/edgeai/downstream/include/sycl/detail/generic_type_traits.hpp:16:
  /home/edgeai/downstream/include/sycl/multi_ptr.hpp:62:43: warning: 'constant_space' is deprecated: sycl::access::address_space::constant_space is deprecated since SYCL 2020 [-Wdeprecated-declarations]
     62 |       ElementType, access::address_space::constant_space>::type;
        |                                           ^
  /home/edgeai/downstream/include/sycl/access/access.hpp:53:18: note: 'constant_space' has been explicitly marked deprecated here
     53 |   constant_space __SYCL2020_DEPRECATED("sycl::access::address_space::constant_"
        |                  ^
  /home/edgeai/downstream/include/sycl/detail/defines_elementary.hpp:62:40: note: expanded from macro '__SYCL2020_DEPRECATED'
     62 | #define __SYCL2020_DEPRECATED(message) __SYCL_DEPRECATED(message)
        |                                        ^
  /home/edgeai/downstream/include/sycl/detail/defines_elementary.hpp:53:38: note: expanded from macro '__SYCL_DEPRECATED'
     53 | #define __SYCL_DEPRECATED(message) [[deprecated(message)]]
        |                                      ^
  In file included from /home/edgeai/esimd_learning/csrc/xpu/esimd_kernel.sycl:1:
  In file included from /home/edgeai/downstream/lib/python3.12/site-packages/torch/include/ATen/ATen.h:8:
  In file included from /home/edgeai/downstream/lib/python3.12/site-packages/torch/include/ATen/Context.h:5:
  In file included from /home/edgeai/downstream/lib/python3.12/site-packages/torch/include/ATen/CPUGeneratorImpl.h:4:
  In file included from /home/edgeai/downstream/lib/python3.12/site-packages/torch/include/ATen/core/Generator.h:19:
  In file included from /home/edgeai/downstream/lib/python3.12/site-packages/torch/include/c10/core/GeneratorImpl.h:9:
  In file included from /home/edgeai/downstream/lib/python3.12/site-packages/torch/include/c10/core/TensorImpl.h:12:
  In file included from /home/edgeai/downstream/lib/python3.12/site-packages/torch/include/c10/core/ScalarType.h:4:
  In file included from /home/edgeai/downstream/lib/python3.12/site-packages/torch/include/c10/util/BFloat16.h:2:
  In file included from /home/edgeai/downstream/lib/python3.12/site-packages/torch/include/torch/headeronly/util/BFloat16.h:22:
  In file included from /home/edgeai/downstream/include/sycl/sycl.hpp:49:
  In file included from /home/edgeai/downstream/include/sycl/detail/core.hpp:21:
  In file included from /home/edgeai/downstream/include/sycl/accessor.hpp:18:
  In file included from /home/edgeai/downstream/include/sycl/detail/generic_type_traits.hpp:16:
  /home/edgeai/downstream/include/sycl/multi_ptr.hpp:272:65: warning: 'constant_space' is deprecated: sycl::access::address_space::constant_space is deprecated since SYCL 2020 [-Wdeprecated-declarations]
    272 |                            OtherSpace != access::address_space::constant_space>>
        |                                                                 ^
  /home/edgeai/downstream/include/sycl/access/access.hpp:53:18: note: 'constant_space' has been explicitly marked deprecated here
     53 |   constant_space __SYCL2020_DEPRECATED("sycl::access::address_space::constant_"
        |                  ^
  /home/edgeai/downstream/include/sycl/detail/defines_elementary.hpp:62:40: note: expanded from macro '__SYCL2020_DEPRECATED'
     62 | #define __SYCL2020_DEPRECATED(message) __SYCL_DEPRECATED(message)
        |                                        ^
  /home/edgeai/downstream/include/sycl/detail/defines_elementary.hpp:53:38: note: expanded from macro '__SYCL_DEPRECATED'
     53 | #define __SYCL_DEPRECATED(message) [[deprecated(message)]]
        |                                      ^
  In file included from /home/edgeai/esimd_learning/csrc/xpu/esimd_kernel.sycl:1:
  In file included from /home/edgeai/downstream/lib/python3.12/site-packages/torch/include/ATen/ATen.h:8:
  In file included from /home/edgeai/downstream/lib/python3.12/site-packages/torch/include/ATen/Context.h:5:
  In file included from /home/edgeai/downstream/lib/python3.12/site-packages/torch/include/ATen/CPUGeneratorImpl.h:4:
  In file included from /home/edgeai/downstream/lib/python3.12/site-packages/torch/include/ATen/core/Generator.h:19:
  In file included from /home/edgeai/downstream/lib/python3.12/site-packages/torch/include/c10/core/GeneratorImpl.h:9:
  In file included from /home/edgeai/downstream/lib/python3.12/site-packages/torch/include/c10/core/TensorImpl.h:12:
  In file included from /home/edgeai/downstream/lib/python3.12/site-packages/torch/include/c10/core/ScalarType.h:4:
  In file included from /home/edgeai/downstream/lib/python3.12/site-packages/torch/include/c10/util/BFloat16.h:2:
  In file included from /home/edgeai/downstream/lib/python3.12/site-packages/torch/include/torch/headeronly/util/BFloat16.h:22:
  In file included from /home/edgeai/downstream/include/sycl/sycl.hpp:49:
  In file included from /home/edgeai/downstream/include/sycl/detail/core.hpp:21:
  In file included from /home/edgeai/downstream/include/sycl/accessor.hpp:18:
  In file included from /home/edgeai/downstream/include/sycl/detail/generic_type_traits.hpp:16:
  /home/edgeai/downstream/include/sycl/multi_ptr.hpp:282:65: warning: 'constant_space' is deprecated: sycl::access::address_space::constant_space is deprecated since SYCL 2020 [-Wdeprecated-declarations]
    282 |                            OtherSpace != access::address_space::constant_space>>
        |                                                                 ^
  /home/edgeai/downstream/include/sycl/access/access.hpp:53:18: note: 'constant_space' has been explicitly marked deprecated here
     53 |   constant_space __SYCL2020_DEPRECATED("sycl::access::address_space::constant_"
        |                  ^
  /home/edgeai/downstream/include/sycl/detail/defines_elementary.hpp:62:40: note: expanded from macro '__SYCL2020_DEPRECATED'
     62 | #define __SYCL2020_DEPRECATED(message) __SYCL_DEPRECATED(message)
        |                                        ^
  /home/edgeai/downstream/include/sycl/detail/defines_elementary.hpp:53:38: note: expanded from macro '__SYCL_DEPRECATED'
     53 | #define __SYCL_DEPRECATED(message) [[deprecated(message)]]
        |                                      ^
  In file included from /home/edgeai/esimd_learning/csrc/xpu/esimd_kernel.sycl:1:
  In file included from /home/edgeai/downstream/lib/python3.12/site-packages/torch/include/ATen/ATen.h:8:
  In file included from /home/edgeai/downstream/lib/python3.12/site-packages/torch/include/ATen/Context.h:5:
  In file included from /home/edgeai/downstream/lib/python3.12/site-packages/torch/include/ATen/CPUGeneratorImpl.h:4:
  In file included from /home/edgeai/downstream/lib/python3.12/site-packages/torch/include/ATen/core/Generator.h:19:
  In file included from /home/edgeai/downstream/lib/python3.12/site-packages/torch/include/c10/core/GeneratorImpl.h:9:
  In file included from /home/edgeai/downstream/lib/python3.12/site-packages/torch/include/c10/core/TensorImpl.h:12:
  In file included from /home/edgeai/downstream/lib/python3.12/site-packages/torch/include/c10/core/ScalarType.h:4:
  In file included from /home/edgeai/downstream/lib/python3.12/site-packages/torch/include/c10/util/BFloat16.h:2:
  In file included from /home/edgeai/downstream/lib/python3.12/site-packages/torch/include/torch/headeronly/util/BFloat16.h:22:
  In file included from /home/edgeai/downstream/include/sycl/sycl.hpp:49:
  In file included from /home/edgeai/downstream/include/sycl/detail/core.hpp:21:
  In file included from /home/edgeai/downstream/include/sycl/accessor.hpp:18:
  In file included from /home/edgeai/downstream/include/sycl/detail/generic_type_traits.hpp:16:
  /home/edgeai/downstream/include/sycl/multi_ptr.hpp:610:49: warning: 'constant_space' is deprecated: sycl::access::address_space::constant_space is deprecated since SYCL 2020 [-Wdeprecated-declarations]
    610 |   static_assert(Space != access::address_space::constant_space,
        |                                                 ^
  /home/edgeai/downstream/include/sycl/access/access.hpp:53:18: note: 'constant_space' has been explicitly marked deprecated here
     53 |   constant_space __SYCL2020_DEPRECATED("sycl::access::address_space::constant_"
        |                  ^
  /home/edgeai/downstream/include/sycl/detail/defines_elementary.hpp:62:40: note: expanded from macro '__SYCL2020_DEPRECATED'
     62 | #define __SYCL2020_DEPRECATED(message) __SYCL_DEPRECATED(message)
        |                                        ^
  /home/edgeai/downstream/include/sycl/detail/defines_elementary.hpp:53:38: note: expanded from macro '__SYCL_DEPRECATED'
     53 | #define __SYCL_DEPRECATED(message) [[deprecated(message)]]
        |                                      ^
  In file included from /home/edgeai/esimd_learning/csrc/xpu/esimd_kernel.sycl:1:
  In file included from /home/edgeai/downstream/lib/python3.12/site-packages/torch/include/ATen/ATen.h:8:
  In file included from /home/edgeai/downstream/lib/python3.12/site-packages/torch/include/ATen/Context.h:5:
  In file included from /home/edgeai/downstream/lib/python3.12/site-packages/torch/include/ATen/CPUGeneratorImpl.h:4:
  In file included from /home/edgeai/downstream/lib/python3.12/site-packages/torch/include/ATen/core/Generator.h:19:
  In file included from /home/edgeai/downstream/lib/python3.12/site-packages/torch/include/c10/core/GeneratorImpl.h:9:
  In file included from /home/edgeai/downstream/lib/python3.12/site-packages/torch/include/c10/core/TensorImpl.h:12:
  In file included from /home/edgeai/downstream/lib/python3.12/site-packages/torch/include/c10/core/ScalarType.h:4:
  In file included from /home/edgeai/downstream/lib/python3.12/site-packages/torch/include/c10/util/BFloat16.h:2:
  In file included from /home/edgeai/downstream/lib/python3.12/site-packages/torch/include/torch/headeronly/util/BFloat16.h:22:
  In file included from /home/edgeai/downstream/include/sycl/sycl.hpp:49:
  In file included from /home/edgeai/downstream/include/sycl/detail/core.hpp:21:
  In file included from /home/edgeai/downstream/include/sycl/accessor.hpp:18:
  In file included from /home/edgeai/downstream/include/sycl/detail/generic_type_traits.hpp:16:
  /home/edgeai/downstream/include/sycl/multi_ptr.hpp:887:61: warning: 'local' is deprecated: use `local_accessor` instead [-Wdeprecated-declarations]
    887 |   multi_ptr(accessor<ElementType, dimensions, Mode, target::local,
        |                                                             ^
  /home/edgeai/downstream/include/sycl/access/access.hpp:25:9: note: 'local' has been explicitly marked deprecated here
     25 |   local __SYCL2020_DEPRECATED("use `local_accessor` instead") = 2016,
        |         ^
  /home/edgeai/downstream/include/sycl/detail/defines_elementary.hpp:62:40: note: expanded from macro '__SYCL2020_DEPRECATED'
     62 | #define __SYCL2020_DEPRECATED(message) __SYCL_DEPRECATED(message)
        |                                        ^
  /home/edgeai/downstream/include/sycl/detail/defines_elementary.hpp:53:38: note: expanded from macro '__SYCL_DEPRECATED'
     53 | #define __SYCL_DEPRECATED(message) [[deprecated(message)]]
        |                                      ^
  In file included from /home/edgeai/esimd_learning/csrc/xpu/esimd_kernel.sycl:1:
  In file included from /home/edgeai/downstream/lib/python3.12/site-packages/torch/include/ATen/ATen.h:8:
  In file included from /home/edgeai/downstream/lib/python3.12/site-packages/torch/include/ATen/Context.h:5:
  In file included from /home/edgeai/downstream/lib/python3.12/site-packages/torch/include/ATen/CPUGeneratorImpl.h:4:
  In file included from /home/edgeai/downstream/lib/python3.12/site-packages/torch/include/ATen/core/Generator.h:19:
  In file included from /home/edgeai/downstream/lib/python3.12/site-packages/torch/include/c10/core/GeneratorImpl.h:9:
  In file included from /home/edgeai/downstream/lib/python3.12/site-packages/torch/include/c10/core/TensorImpl.h:12:
  In file included from /home/edgeai/downstream/lib/python3.12/site-packages/torch/include/c10/core/ScalarType.h:4:
  In file included from /home/edgeai/downstream/lib/python3.12/site-packages/torch/include/c10/util/BFloat16.h:2:
  In file included from /home/edgeai/downstream/lib/python3.12/site-packages/torch/include/torch/headeronly/util/BFloat16.h:22:
  In file included from /home/edgeai/downstream/include/sycl/sycl.hpp:49:
  In file included from /home/edgeai/downstream/include/sycl/detail/core.hpp:21:
  In file included from /home/edgeai/downstream/include/sycl/accessor.hpp:18:
  In file included from /home/edgeai/downstream/include/sycl/detail/generic_type_traits.hpp:16:
  /home/edgeai/downstream/include/sycl/multi_ptr.hpp:902:62: warning: 'constant_space' is deprecated: sycl::access::address_space::constant_space is deprecated since SYCL 2020 [-Wdeprecated-declarations]
    902 |           _Space == Space && Space == access::address_space::constant_space>>
        |                                                              ^
  /home/edgeai/downstream/include/sycl/access/access.hpp:53:18: note: 'constant_space' has been explicitly marked deprecated here
     53 |   constant_space __SYCL2020_DEPRECATED("sycl::access::address_space::constant_"
        |                  ^
  /home/edgeai/downstream/include/sycl/detail/defines_elementary.hpp:62:40: note: expanded from macro '__SYCL2020_DEPRECATED'
     62 | #define __SYCL2020_DEPRECATED(message) __SYCL_DEPRECATED(message)
        |                                        ^
  /home/edgeai/downstream/include/sycl/detail/defines_elementary.hpp:53:38: note: expanded from macro '__SYCL_DEPRECATED'
     53 | #define __SYCL_DEPRECATED(message) [[deprecated(message)]]
        |                                      ^
  In file included from /home/edgeai/esimd_learning/csrc/xpu/esimd_kernel.sycl:1:
  In file included from /home/edgeai/downstream/lib/python3.12/site-packages/torch/include/ATen/ATen.h:8:
  In file included from /home/edgeai/downstream/lib/python3.12/site-packages/torch/include/ATen/Context.h:5:
  In file included from /home/edgeai/downstream/lib/python3.12/site-packages/torch/include/ATen/CPUGeneratorImpl.h:4:
  In file included from /home/edgeai/downstream/lib/python3.12/site-packages/torch/include/ATen/core/Generator.h:19:
  In file included from /home/edgeai/downstream/lib/python3.12/site-packages/torch/include/c10/core/GeneratorImpl.h:9:
  In file included from /home/edgeai/downstream/lib/python3.12/site-packages/torch/include/c10/core/TensorImpl.h:12:
  In file included from /home/edgeai/downstream/lib/python3.12/site-packages/torch/include/c10/core/ScalarType.h:4:
  In file included from /home/edgeai/downstream/lib/python3.12/site-packages/torch/include/c10/util/BFloat16.h:2:
  In file included from /home/edgeai/downstream/lib/python3.12/site-packages/torch/include/torch/headeronly/util/BFloat16.h:22:
  In file included from /home/edgeai/downstream/include/sycl/sycl.hpp:49:
  In file included from /home/edgeai/downstream/include/sycl/detail/core.hpp:21:
  In file included from /home/edgeai/downstream/include/sycl/accessor.hpp:18:
  In file included from /home/edgeai/downstream/include/sycl/detail/generic_type_traits.hpp:16:
  /home/edgeai/downstream/include/sycl/multi_ptr.hpp:903:61: warning: 'constant_buffer' is deprecated: use 'target::device' instead [-Wdeprecated-declarations]
    903 |   multi_ptr(accessor<ElementType, dimensions, Mode, target::constant_buffer,
        |                                                             ^
  /home/edgeai/downstream/include/sycl/access/access.hpp:24:19: note: 'constant_buffer' has been explicitly marked deprecated here
     24 |   constant_buffer __SYCL2020_DEPRECATED("use 'target::device' instead") = 2015,
        |                   ^
  /home/edgeai/downstream/include/sycl/detail/defines_elementary.hpp:62:40: note: expanded from macro '__SYCL2020_DEPRECATED'
     62 | #define __SYCL2020_DEPRECATED(message) __SYCL_DEPRECATED(message)
        |                                        ^
  /home/edgeai/downstream/include/sycl/detail/defines_elementary.hpp:53:38: note: expanded from macro '__SYCL_DEPRECATED'
     53 | #define __SYCL_DEPRECATED(message) [[deprecated(message)]]
        |                                      ^
  In file included from /home/edgeai/esimd_learning/csrc/xpu/esimd_kernel.sycl:1:
  In file included from /home/edgeai/downstream/lib/python3.12/site-packages/torch/include/ATen/ATen.h:8:
  In file included from /home/edgeai/downstream/lib/python3.12/site-packages/torch/include/ATen/Context.h:5:
  In file included from /home/edgeai/downstream/lib/python3.12/site-packages/torch/include/ATen/CPUGeneratorImpl.h:4:
  In file included from /home/edgeai/downstream/lib/python3.12/site-packages/torch/include/ATen/core/Generator.h:19:
  In file included from /home/edgeai/downstream/lib/python3.12/site-packages/torch/include/c10/core/GeneratorImpl.h:9:
  In file included from /home/edgeai/downstream/lib/python3.12/site-packages/torch/include/c10/core/TensorImpl.h:12:
  In file included from /home/edgeai/downstream/lib/python3.12/site-packages/torch/include/c10/core/ScalarType.h:4:
  In file included from /home/edgeai/downstream/lib/python3.12/site-packages/torch/include/c10/util/BFloat16.h:2:
  In file included from /home/edgeai/downstream/lib/python3.12/site-packages/torch/include/torch/headeronly/util/BFloat16.h:22:
  In file included from /home/edgeai/downstream/include/sycl/sycl.hpp:49:
  In file included from /home/edgeai/downstream/include/sycl/detail/core.hpp:21:
  In file included from /home/edgeai/downstream/include/sycl/accessor.hpp:18:
  In file included from /home/edgeai/downstream/include/sycl/detail/generic_type_traits.hpp:16:
  /home/edgeai/downstream/include/sycl/multi_ptr.hpp:946:30: warning: 'local' is deprecated: use `local_accessor` instead [-Wdeprecated-declarations]
    946 |                      target::local, isPlaceholder, PropertyListT>
        |                              ^
  /home/edgeai/downstream/include/sycl/access/access.hpp:25:9: note: 'local' has been explicitly marked deprecated here
     25 |   local __SYCL2020_DEPRECATED("use `local_accessor` instead") = 2016,
        |         ^
  /home/edgeai/downstream/include/sycl/detail/defines_elementary.hpp:62:40: note: expanded from macro '__SYCL2020_DEPRECATED'
     62 | #define __SYCL2020_DEPRECATED(message) __SYCL_DEPRECATED(message)
        |                                        ^
  /home/edgeai/downstream/include/sycl/detail/defines_elementary.hpp:53:38: note: expanded from macro '__SYCL_DEPRECATED'
     53 | #define __SYCL_DEPRECATED(message) [[deprecated(message)]]
        |                                      ^
  In file included from /home/edgeai/esimd_learning/csrc/xpu/esimd_kernel.sycl:1:
  In file included from /home/edgeai/downstream/lib/python3.12/site-packages/torch/include/ATen/ATen.h:8:
  In file included from /home/edgeai/downstream/lib/python3.12/site-packages/torch/include/ATen/Context.h:5:
  In file included from /home/edgeai/downstream/lib/python3.12/site-packages/torch/include/ATen/CPUGeneratorImpl.h:4:
  In file included from /home/edgeai/downstream/lib/python3.12/site-packages/torch/include/ATen/core/Generator.h:19:
  In file included from /home/edgeai/downstream/lib/python3.12/site-packages/torch/include/c10/core/GeneratorImpl.h:9:
  In file included from /home/edgeai/downstream/lib/python3.12/site-packages/torch/include/c10/core/TensorImpl.h:12:
  In file included from /home/edgeai/downstream/lib/python3.12/site-packages/torch/include/c10/core/ScalarType.h:4:
  In file included from /home/edgeai/downstream/lib/python3.12/site-packages/torch/include/c10/util/BFloat16.h:2:
  In file included from /home/edgeai/downstream/lib/python3.12/site-packages/torch/include/torch/headeronly/util/BFloat16.h:22:
  In file included from /home/edgeai/downstream/include/sycl/sycl.hpp:49:
  In file included from /home/edgeai/downstream/include/sycl/detail/core.hpp:21:
  In file included from /home/edgeai/downstream/include/sycl/accessor.hpp:18:
  In file included from /home/edgeai/downstream/include/sycl/detail/generic_type_traits.hpp:16:
  /home/edgeai/downstream/include/sycl/multi_ptr.hpp:968:62: warning: 'constant_space' is deprecated: sycl::access::address_space::constant_space is deprecated since SYCL 2020 [-Wdeprecated-declarations]
    968 |           _Space == Space && Space == access::address_space::constant_space &&
        |                                                              ^
  /home/edgeai/downstream/include/sycl/access/access.hpp:53:18: note: 'constant_space' has been explicitly marked deprecated here
     53 |   constant_space __SYCL2020_DEPRECATED("sycl::access::address_space::constant_"
        |                  ^
  /home/edgeai/downstream/include/sycl/detail/defines_elementary.hpp:62:40: note: expanded from macro '__SYCL2020_DEPRECATED'
     62 | #define __SYCL2020_DEPRECATED(message) __SYCL_DEPRECATED(message)
        |                                        ^
  /home/edgeai/downstream/include/sycl/detail/defines_elementary.hpp:53:38: note: expanded from macro '__SYCL_DEPRECATED'
     53 | #define __SYCL_DEPRECATED(message) [[deprecated(message)]]
        |                                      ^
  In file included from /home/edgeai/esimd_learning/csrc/xpu/esimd_kernel.sycl:1:
  In file included from /home/edgeai/downstream/lib/python3.12/site-packages/torch/include/ATen/ATen.h:8:
  In file included from /home/edgeai/downstream/lib/python3.12/site-packages/torch/include/ATen/Context.h:5:
  In file included from /home/edgeai/downstream/lib/python3.12/site-packages/torch/include/ATen/CPUGeneratorImpl.h:4:
  In file included from /home/edgeai/downstream/lib/python3.12/site-packages/torch/include/ATen/core/Generator.h:19:
  In file included from /home/edgeai/downstream/lib/python3.12/site-packages/torch/include/c10/core/GeneratorImpl.h:9:
  In file included from /home/edgeai/downstream/lib/python3.12/site-packages/torch/include/c10/core/TensorImpl.h:12:
  In file included from /home/edgeai/downstream/lib/python3.12/site-packages/torch/include/c10/core/ScalarType.h:4:
  In file included from /home/edgeai/downstream/lib/python3.12/site-packages/torch/include/c10/util/BFloat16.h:2:
  In file included from /home/edgeai/downstream/lib/python3.12/site-packages/torch/include/torch/headeronly/util/BFloat16.h:22:
  In file included from /home/edgeai/downstream/include/sycl/sycl.hpp:49:
  In file included from /home/edgeai/downstream/include/sycl/detail/core.hpp:21:
  In file included from /home/edgeai/downstream/include/sycl/accessor.hpp:18:
  In file included from /home/edgeai/downstream/include/sycl/detail/generic_type_traits.hpp:16:
  /home/edgeai/downstream/include/sycl/multi_ptr.hpp:971:30: warning: 'constant_buffer' is deprecated: use 'target::device' instead [-Wdeprecated-declarations]
    971 |                      target::constant_buffer, isPlaceholder, PropertyListT>
        |                              ^
  /home/edgeai/downstream/include/sycl/access/access.hpp:24:19: note: 'constant_buffer' has been explicitly marked deprecated here
     24 |   constant_buffer __SYCL2020_DEPRECATED("use 'target::device' instead") = 2015,
        |                   ^
  /home/edgeai/downstream/include/sycl/detail/defines_elementary.hpp:62:40: note: expanded from macro '__SYCL2020_DEPRECATED'
     62 | #define __SYCL2020_DEPRECATED(message) __SYCL_DEPRECATED(message)
        |                                        ^
  /home/edgeai/downstream/include/sycl/detail/defines_elementary.hpp:53:38: note: expanded from macro '__SYCL_DEPRECATED'
     53 | #define __SYCL_DEPRECATED(message) [[deprecated(message)]]
        |                                      ^
  In file included from /home/edgeai/esimd_learning/csrc/xpu/esimd_kernel.sycl:1:
  In file included from /home/edgeai/downstream/lib/python3.12/site-packages/torch/include/ATen/ATen.h:8:
  In file included from /home/edgeai/downstream/lib/python3.12/site-packages/torch/include/ATen/Context.h:5:
  In file included from /home/edgeai/downstream/lib/python3.12/site-packages/torch/include/ATen/CPUGeneratorImpl.h:4:
  In file included from /home/edgeai/downstream/lib/python3.12/site-packages/torch/include/ATen/core/Generator.h:19:
  In file included from /home/edgeai/downstream/lib/python3.12/site-packages/torch/include/c10/core/GeneratorImpl.h:9:
  In file included from /home/edgeai/downstream/lib/python3.12/site-packages/torch/include/c10/core/TensorImpl.h:12:
  In file included from /home/edgeai/downstream/lib/python3.12/site-packages/torch/include/c10/core/ScalarType.h:4:
  In file included from /home/edgeai/downstream/lib/python3.12/site-packages/torch/include/c10/util/BFloat16.h:2:
  In file included from /home/edgeai/downstream/lib/python3.12/site-packages/torch/include/torch/headeronly/util/BFloat16.h:22:
  In file included from /home/edgeai/downstream/include/sycl/sycl.hpp:49:
  In file included from /home/edgeai/downstream/include/sycl/detail/core.hpp:21:
  In file included from /home/edgeai/downstream/include/sycl/accessor.hpp:18:
  In file included from /home/edgeai/downstream/include/sycl/detail/generic_type_traits.hpp:16:
  /home/edgeai/downstream/include/sycl/multi_ptr.hpp:1208:61: warning: 'local' is deprecated: use `local_accessor` instead [-Wdeprecated-declarations]
   1208 |   multi_ptr(accessor<ElementType, dimensions, Mode, target::local,
        |                                                             ^
  /home/edgeai/downstream/include/sycl/access/access.hpp:25:9: note: 'local' has been explicitly marked deprecated here
     25 |   local __SYCL2020_DEPRECATED("use `local_accessor` instead") = 2016,
        |         ^
  /home/edgeai/downstream/include/sycl/detail/defines_elementary.hpp:62:40: note: expanded from macro '__SYCL2020_DEPRECATED'
     62 | #define __SYCL2020_DEPRECATED(message) __SYCL_DEPRECATED(message)
        |                                        ^
  /home/edgeai/downstream/include/sycl/detail/defines_elementary.hpp:53:38: note: expanded from macro '__SYCL_DEPRECATED'
     53 | #define __SYCL_DEPRECATED(message) [[deprecated(message)]]
        |                                      ^
  In file included from /home/edgeai/esimd_learning/csrc/xpu/esimd_kernel.sycl:1:
  In file included from /home/edgeai/downstream/lib/python3.12/site-packages/torch/include/ATen/ATen.h:8:
  In file included from /home/edgeai/downstream/lib/python3.12/site-packages/torch/include/ATen/Context.h:5:
  In file included from /home/edgeai/downstream/lib/python3.12/site-packages/torch/include/ATen/CPUGeneratorImpl.h:4:
  In file included from /home/edgeai/downstream/lib/python3.12/site-packages/torch/include/ATen/core/Generator.h:19:
  In file included from /home/edgeai/downstream/lib/python3.12/site-packages/torch/include/c10/core/GeneratorImpl.h:9:
  In file included from /home/edgeai/downstream/lib/python3.12/site-packages/torch/include/c10/core/TensorImpl.h:12:
  In file included from /home/edgeai/downstream/lib/python3.12/site-packages/torch/include/c10/core/ScalarType.h:4:
  In file included from /home/edgeai/downstream/lib/python3.12/site-packages/torch/include/c10/util/BFloat16.h:2:
  In file included from /home/edgeai/downstream/lib/python3.12/site-packages/torch/include/torch/headeronly/util/BFloat16.h:22:
  In file included from /home/edgeai/downstream/include/sycl/sycl.hpp:49:
  In file included from /home/edgeai/downstream/include/sycl/detail/core.hpp:21:
  In file included from /home/edgeai/downstream/include/sycl/accessor.hpp:18:
  In file included from /home/edgeai/downstream/include/sycl/detail/generic_type_traits.hpp:16:
  /home/edgeai/downstream/include/sycl/multi_ptr.hpp:1228:62: warning: 'constant_space' is deprecated: sycl::access::address_space::constant_space is deprecated since SYCL 2020 [-Wdeprecated-declarations]
   1228 |           _Space == Space && Space == access::address_space::constant_space>>
        |                                                              ^
  /home/edgeai/downstream/include/sycl/access/access.hpp:53:18: note: 'constant_space' has been explicitly marked deprecated here
     53 |   constant_space __SYCL2020_DEPRECATED("sycl::access::address_space::constant_"
        |                  ^
  /home/edgeai/downstream/include/sycl/detail/defines_elementary.hpp:62:40: note: expanded from macro '__SYCL2020_DEPRECATED'
     62 | #define __SYCL2020_DEPRECATED(message) __SYCL_DEPRECATED(message)
        |                                        ^
  /home/edgeai/downstream/include/sycl/detail/defines_elementary.hpp:53:38: note: expanded from macro '__SYCL_DEPRECATED'
     53 | #define __SYCL_DEPRECATED(message) [[deprecated(message)]]
        |                                      ^
  In file included from /home/edgeai/esimd_learning/csrc/xpu/esimd_kernel.sycl:1:
  In file included from /home/edgeai/downstream/lib/python3.12/site-packages/torch/include/ATen/ATen.h:8:
  In file included from /home/edgeai/downstream/lib/python3.12/site-packages/torch/include/ATen/Context.h:5:
  In file included from /home/edgeai/downstream/lib/python3.12/site-packages/torch/include/ATen/CPUGeneratorImpl.h:4:
  In file included from /home/edgeai/downstream/lib/python3.12/site-packages/torch/include/ATen/core/Generator.h:19:
  In file included from /home/edgeai/downstream/lib/python3.12/site-packages/torch/include/c10/core/GeneratorImpl.h:9:
  In file included from /home/edgeai/downstream/lib/python3.12/site-packages/torch/include/c10/core/TensorImpl.h:12:
  In file included from /home/edgeai/downstream/lib/python3.12/site-packages/torch/include/c10/core/ScalarType.h:4:
  In file included from /home/edgeai/downstream/lib/python3.12/site-packages/torch/include/c10/util/BFloat16.h:2:
  In file included from /home/edgeai/downstream/lib/python3.12/site-packages/torch/include/torch/headeronly/util/BFloat16.h:22:
  In file included from /home/edgeai/downstream/include/sycl/sycl.hpp:49:
  In file included from /home/edgeai/downstream/include/sycl/detail/core.hpp:21:
  In file included from /home/edgeai/downstream/include/sycl/accessor.hpp:18:
  In file included from /home/edgeai/downstream/include/sycl/detail/generic_type_traits.hpp:16:
  /home/edgeai/downstream/include/sycl/multi_ptr.hpp:1229:61: warning: 'constant_buffer' is deprecated: use 'target::device' instead [-Wdeprecated-declarations]
   1229 |   multi_ptr(accessor<ElementType, dimensions, Mode, target::constant_buffer,
        |                                                             ^
  /home/edgeai/downstream/include/sycl/access/access.hpp:24:19: note: 'constant_buffer' has been explicitly marked deprecated here
     24 |   constant_buffer __SYCL2020_DEPRECATED("use 'target::device' instead") = 2015,
        |                   ^
  /home/edgeai/downstream/include/sycl/detail/defines_elementary.hpp:62:40: note: expanded from macro '__SYCL2020_DEPRECATED'
     62 | #define __SYCL2020_DEPRECATED(message) __SYCL_DEPRECATED(message)
        |                                        ^
  /home/edgeai/downstream/include/sycl/detail/defines_elementary.hpp:53:38: note: expanded from macro '__SYCL_DEPRECATED'
     53 | #define __SYCL_DEPRECATED(message) [[deprecated(message)]]
        |                                      ^
  In file included from /home/edgeai/esimd_learning/csrc/xpu/esimd_kernel.sycl:1:
  In file included from /home/edgeai/downstream/lib/python3.12/site-packages/torch/include/ATen/ATen.h:8:
  In file included from /home/edgeai/downstream/lib/python3.12/site-packages/torch/include/ATen/Context.h:5:
  In file included from /home/edgeai/downstream/lib/python3.12/site-packages/torch/include/ATen/CPUGeneratorImpl.h:4:
  In file included from /home/edgeai/downstream/lib/python3.12/site-packages/torch/include/ATen/core/Generator.h:19:
  In file included from /home/edgeai/downstream/lib/python3.12/site-packages/torch/include/c10/core/GeneratorImpl.h:9:
  In file included from /home/edgeai/downstream/lib/python3.12/site-packages/torch/include/c10/core/TensorImpl.h:12:
  In file included from /home/edgeai/downstream/lib/python3.12/site-packages/torch/include/c10/core/ScalarType.h:4:
  In file included from /home/edgeai/downstream/lib/python3.12/site-packages/torch/include/c10/util/BFloat16.h:2:
  In file included from /home/edgeai/downstream/lib/python3.12/site-packages/torch/include/torch/headeronly/util/BFloat16.h:22:
  In file included from /home/edgeai/downstream/include/sycl/sycl.hpp:49:
  In file included from /home/edgeai/downstream/include/sycl/detail/core.hpp:21:
  In file included from /home/edgeai/downstream/include/sycl/accessor.hpp:18:
  In file included from /home/edgeai/downstream/include/sycl/detail/generic_type_traits.hpp:16:
  /home/edgeai/downstream/include/sycl/multi_ptr.hpp:1369:61: warning: 'local' is deprecated: use `local_accessor` instead [-Wdeprecated-declarations]
   1369 |   multi_ptr(accessor<ElementType, dimensions, Mode, target::local,
        |                                                             ^
  /home/edgeai/downstream/include/sycl/access/access.hpp:25:9: note: 'local' has been explicitly marked deprecated here
     25 |   local __SYCL2020_DEPRECATED("use `local_accessor` instead") = 2016,
        |         ^
  /home/edgeai/downstream/include/sycl/detail/defines_elementary.hpp:62:40: note: expanded from macro '__SYCL2020_DEPRECATED'
     62 | #define __SYCL2020_DEPRECATED(message) __SYCL_DEPRECATED(message)
        |                                        ^
  /home/edgeai/downstream/include/sycl/detail/defines_elementary.hpp:53:38: note: expanded from macro '__SYCL_DEPRECATED'
     53 | #define __SYCL_DEPRECATED(message) [[deprecated(message)]]
        |                                      ^
  In file included from /home/edgeai/esimd_learning/csrc/xpu/esimd_kernel.sycl:1:
  In file included from /home/edgeai/downstream/lib/python3.12/site-packages/torch/include/ATen/ATen.h:8:
  In file included from /home/edgeai/downstream/lib/python3.12/site-packages/torch/include/ATen/Context.h:5:
  In file included from /home/edgeai/downstream/lib/python3.12/site-packages/torch/include/ATen/CPUGeneratorImpl.h:4:
  In file included from /home/edgeai/downstream/lib/python3.12/site-packages/torch/include/ATen/core/Generator.h:19:
  In file included from /home/edgeai/downstream/lib/python3.12/site-packages/torch/include/c10/core/GeneratorImpl.h:9:
  In file included from /home/edgeai/downstream/lib/python3.12/site-packages/torch/include/c10/core/TensorImpl.h:12:
  In file included from /home/edgeai/downstream/lib/python3.12/site-packages/torch/include/c10/core/ScalarType.h:4:
  In file included from /home/edgeai/downstream/lib/python3.12/site-packages/torch/include/c10/util/BFloat16.h:2:
  In file included from /home/edgeai/downstream/lib/python3.12/site-packages/torch/include/torch/headeronly/util/BFloat16.h:22:
  In file included from /home/edgeai/downstream/include/sycl/sycl.hpp:49:
  In file included from /home/edgeai/downstream/include/sycl/detail/core.hpp:21:
  In file included from /home/edgeai/downstream/include/sycl/accessor.hpp:18:
  In file included from /home/edgeai/downstream/include/sycl/detail/generic_type_traits.hpp:16:
  /home/edgeai/downstream/include/sycl/multi_ptr.hpp:1389:62: warning: 'constant_space' is deprecated: sycl::access::address_space::constant_space is deprecated since SYCL 2020 [-Wdeprecated-declarations]
   1389 |           _Space == Space && Space == access::address_space::constant_space>>
        |                                                              ^
  /home/edgeai/downstream/include/sycl/access/access.hpp:53:18: note: 'constant_space' has been explicitly marked deprecated here
     53 |   constant_space __SYCL2020_DEPRECATED("sycl::access::address_space::constant_"
        |                  ^
  /home/edgeai/downstream/include/sycl/detail/defines_elementary.hpp:62:40: note: expanded from macro '__SYCL2020_DEPRECATED'
     62 | #define __SYCL2020_DEPRECATED(message) __SYCL_DEPRECATED(message)
        |                                        ^
  /home/edgeai/downstream/include/sycl/detail/defines_elementary.hpp:53:38: note: expanded from macro '__SYCL_DEPRECATED'
     53 | #define __SYCL_DEPRECATED(message) [[deprecated(message)]]
        |                                      ^
  In file included from /home/edgeai/esimd_learning/csrc/xpu/esimd_kernel.sycl:1:
  In file included from /home/edgeai/downstream/lib/python3.12/site-packages/torch/include/ATen/ATen.h:8:
  In file included from /home/edgeai/downstream/lib/python3.12/site-packages/torch/include/ATen/Context.h:5:
  In file included from /home/edgeai/downstream/lib/python3.12/site-packages/torch/include/ATen/CPUGeneratorImpl.h:4:
  In file included from /home/edgeai/downstream/lib/python3.12/site-packages/torch/include/ATen/core/Generator.h:19:
  In file included from /home/edgeai/downstream/lib/python3.12/site-packages/torch/include/c10/core/GeneratorImpl.h:9:
  In file included from /home/edgeai/downstream/lib/python3.12/site-packages/torch/include/c10/core/TensorImpl.h:12:
  In file included from /home/edgeai/downstream/lib/python3.12/site-packages/torch/include/c10/core/ScalarType.h:4:
  In file included from /home/edgeai/downstream/lib/python3.12/site-packages/torch/include/c10/util/BFloat16.h:2:
  In file included from /home/edgeai/downstream/lib/python3.12/site-packages/torch/include/torch/headeronly/util/BFloat16.h:22:
  In file included from /home/edgeai/downstream/include/sycl/sycl.hpp:49:
  In file included from /home/edgeai/downstream/include/sycl/detail/core.hpp:21:
  In file included from /home/edgeai/downstream/include/sycl/accessor.hpp:18:
  In file included from /home/edgeai/downstream/include/sycl/detail/generic_type_traits.hpp:16:
  /home/edgeai/downstream/include/sycl/multi_ptr.hpp:1390:61: warning: 'constant_buffer' is deprecated: use 'target::device' instead [-Wdeprecated-declarations]
   1390 |   multi_ptr(accessor<ElementType, dimensions, Mode, target::constant_buffer,
        |                                                             ^
  /home/edgeai/downstream/include/sycl/access/access.hpp:24:19: note: 'constant_buffer' has been explicitly marked deprecated here
     24 |   constant_buffer __SYCL2020_DEPRECATED("use 'target::device' instead") = 2015,
        |                   ^
  /home/edgeai/downstream/include/sycl/detail/defines_elementary.hpp:62:40: note: expanded from macro '__SYCL2020_DEPRECATED'
     62 | #define __SYCL2020_DEPRECATED(message) __SYCL_DEPRECATED(message)
        |                                        ^
  /home/edgeai/downstream/include/sycl/detail/defines_elementary.hpp:53:38: note: expanded from macro '__SYCL_DEPRECATED'
     53 | #define __SYCL_DEPRECATED(message) [[deprecated(message)]]
        |                                      ^
  In file included from /home/edgeai/esimd_learning/csrc/xpu/esimd_kernel.sycl:1:
  In file included from /home/edgeai/downstream/lib/python3.12/site-packages/torch/include/ATen/ATen.h:8:
  In file included from /home/edgeai/downstream/lib/python3.12/site-packages/torch/include/ATen/Context.h:5:
  In file included from /home/edgeai/downstream/lib/python3.12/site-packages/torch/include/ATen/CPUGeneratorImpl.h:4:
  In file included from /home/edgeai/downstream/lib/python3.12/site-packages/torch/include/ATen/core/Generator.h:19:
  In file included from /home/edgeai/downstream/lib/python3.12/site-packages/torch/include/c10/core/GeneratorImpl.h:9:
  In file included from /home/edgeai/downstream/lib/python3.12/site-packages/torch/include/c10/core/TensorImpl.h:12:
  In file included from /home/edgeai/downstream/lib/python3.12/site-packages/torch/include/c10/core/ScalarType.h:4:
  In file included from /home/edgeai/downstream/lib/python3.12/site-packages/torch/include/c10/util/BFloat16.h:2:
  In file included from /home/edgeai/downstream/lib/python3.12/site-packages/torch/include/torch/headeronly/util/BFloat16.h:22:
  In file included from /home/edgeai/downstream/include/sycl/sycl.hpp:49:
  In file included from /home/edgeai/downstream/include/sycl/detail/core.hpp:21:
  In file included from /home/edgeai/downstream/include/sycl/accessor.hpp:18:
  In file included from /home/edgeai/downstream/include/sycl/detail/generic_type_traits.hpp:16:
  /home/edgeai/downstream/include/sycl/multi_ptr.hpp:1446:50: warning: 'constant_space' is deprecated: sycl::access::address_space::constant_space is deprecated since SYCL 2020 [-Wdeprecated-declarations]
   1446 |     -> multi_ptr<const T, access::address_space::constant_space,
        |                                                  ^
  /home/edgeai/downstream/include/sycl/access/access.hpp:53:18: note: 'constant_space' has been explicitly marked deprecated here
     53 |   constant_space __SYCL2020_DEPRECATED("sycl::access::address_space::constant_"
        |                  ^
  /home/edgeai/downstream/include/sycl/detail/defines_elementary.hpp:62:40: note: expanded from macro '__SYCL2020_DEPRECATED'
     62 | #define __SYCL2020_DEPRECATED(message) __SYCL_DEPRECATED(message)
        |                                        ^
  /home/edgeai/downstream/include/sycl/detail/defines_elementary.hpp:53:38: note: expanded from macro '__SYCL_DEPRECATED'
     53 | #define __SYCL_DEPRECATED(message) [[deprecated(message)]]
        |                                      ^
  In file included from /home/edgeai/esimd_learning/csrc/xpu/esimd_kernel.sycl:1:
  In file included from /home/edgeai/downstream/lib/python3.12/site-packages/torch/include/ATen/ATen.h:8:
  In file included from /home/edgeai/downstream/lib/python3.12/site-packages/torch/include/ATen/Context.h:5:
  In file included from /home/edgeai/downstream/lib/python3.12/site-packages/torch/include/ATen/CPUGeneratorImpl.h:4:
  In file included from /home/edgeai/downstream/lib/python3.12/site-packages/torch/include/ATen/core/Generator.h:19:
  In file included from /home/edgeai/downstream/lib/python3.12/site-packages/torch/include/c10/core/GeneratorImpl.h:9:
  In file included from /home/edgeai/downstream/lib/python3.12/site-packages/torch/include/c10/core/TensorImpl.h:12:
  In file included from /home/edgeai/downstream/lib/python3.12/site-packages/torch/include/c10/core/ScalarType.h:4:
  In file included from /home/edgeai/downstream/lib/python3.12/site-packages/torch/include/c10/util/BFloat16.h:2:
  In file included from /home/edgeai/downstream/lib/python3.12/site-packages/torch/include/torch/headeronly/util/BFloat16.h:22:
  In file included from /home/edgeai/downstream/include/sycl/sycl.hpp:49:
  In file included from /home/edgeai/downstream/include/sycl/detail/core.hpp:21:
  In file included from /home/edgeai/downstream/include/sycl/accessor.hpp:18:
  In file included from /home/edgeai/downstream/include/sycl/detail/generic_type_traits.hpp:16:
  /home/edgeai/downstream/include/sycl/multi_ptr.hpp:1444:62: warning: 'constant_buffer' is deprecated: use 'target::device' instead [-Wdeprecated-declarations]
   1444 | multi_ptr(accessor<T, dimensions, access_mode::read, target::constant_buffer,
        |                                                              ^
  /home/edgeai/downstream/include/sycl/access/access.hpp:24:19: note: 'constant_buffer' has been explicitly marked deprecated here
     24 |   constant_buffer __SYCL2020_DEPRECATED("use 'target::device' instead") = 2015,
        |                   ^
  /home/edgeai/downstream/include/sycl/detail/defines_elementary.hpp:62:40: note: expanded from macro '__SYCL2020_DEPRECATED'
     62 | #define __SYCL2020_DEPRECATED(message) __SYCL_DEPRECATED(message)
        |                                        ^
  /home/edgeai/downstream/include/sycl/detail/defines_elementary.hpp:53:38: note: expanded from macro '__SYCL_DEPRECATED'
     53 | #define __SYCL_DEPRECATED(message) [[deprecated(message)]]
        |                                      ^
  In file included from /home/edgeai/esimd_learning/csrc/xpu/esimd_kernel.sycl:1:
  In file included from /home/edgeai/downstream/lib/python3.12/site-packages/torch/include/ATen/ATen.h:8:
  In file included from /home/edgeai/downstream/lib/python3.12/site-packages/torch/include/ATen/Context.h:5:
  In file included from /home/edgeai/downstream/lib/python3.12/site-packages/torch/include/ATen/CPUGeneratorImpl.h:4:
  In file included from /home/edgeai/downstream/lib/python3.12/site-packages/torch/include/ATen/core/Generator.h:19:
  In file included from /home/edgeai/downstream/lib/python3.12/site-packages/torch/include/c10/core/GeneratorImpl.h:9:
  In file included from /home/edgeai/downstream/lib/python3.12/site-packages/torch/include/c10/core/TensorImpl.h:12:
  In file included from /home/edgeai/downstream/lib/python3.12/site-packages/torch/include/c10/core/ScalarType.h:4:
  In file included from /home/edgeai/downstream/lib/python3.12/site-packages/torch/include/c10/util/BFloat16.h:2:
  In file included from /home/edgeai/downstream/lib/python3.12/site-packages/torch/include/torch/headeronly/util/BFloat16.h:22:
  In file included from /home/edgeai/downstream/include/sycl/sycl.hpp:49:
  In file included from /home/edgeai/downstream/include/sycl/detail/core.hpp:21:
  In file included from /home/edgeai/downstream/include/sycl/accessor.hpp:18:
  In file included from /home/edgeai/downstream/include/sycl/detail/generic_type_traits.hpp:16:
  /home/edgeai/downstream/include/sycl/multi_ptr.hpp:1451:43: warning: 'local' is deprecated: use `local_accessor` instead [-Wdeprecated-declarations]
   1451 |     accessor<T, dimensions, Mode, target::local, isPlaceholder, PropertyListT>)
        |                                           ^
  /home/edgeai/downstream/include/sycl/access/access.hpp:25:9: note: 'local' has been explicitly marked deprecated here
     25 |   local __SYCL2020_DEPRECATED("use `local_accessor` instead") = 2016,
        |         ^
  /home/edgeai/downstream/include/sycl/detail/defines_elementary.hpp:62:40: note: expanded from macro '__SYCL2020_DEPRECATED'
     62 | #define __SYCL2020_DEPRECATED(message) __SYCL_DEPRECATED(message)
        |                                        ^
  /home/edgeai/downstream/include/sycl/detail/defines_elementary.hpp:53:38: note: expanded from macro '__SYCL_DEPRECATED'
     53 | #define __SYCL_DEPRECATED(message) [[deprecated(message)]]
        |                                      ^
  In file included from /home/edgeai/esimd_learning/csrc/xpu/esimd_kernel.sycl:1:
  In file included from /home/edgeai/downstream/lib/python3.12/site-packages/torch/include/ATen/ATen.h:8:
  In file included from /home/edgeai/downstream/lib/python3.12/site-packages/torch/include/ATen/Context.h:5:
  In file included from /home/edgeai/downstream/lib/python3.12/site-packages/torch/include/ATen/CPUGeneratorImpl.h:4:
  In file included from /home/edgeai/downstream/lib/python3.12/site-packages/torch/include/ATen/core/Generator.h:19:
  In file included from /home/edgeai/downstream/lib/python3.12/site-packages/torch/include/c10/core/GeneratorImpl.h:9:
  In file included from /home/edgeai/downstream/lib/python3.12/site-packages/torch/include/c10/core/TensorImpl.h:12:
  In file included from /home/edgeai/downstream/lib/python3.12/site-packages/torch/include/c10/core/ScalarType.h:4:
  In file included from /home/edgeai/downstream/lib/python3.12/site-packages/torch/include/c10/util/BFloat16.h:2:
  In file included from /home/edgeai/downstream/lib/python3.12/site-packages/torch/include/torch/headeronly/util/BFloat16.h:22:
  In file included from /home/edgeai/downstream/include/sycl/sycl.hpp:49:
  In file included from /home/edgeai/downstream/include/sycl/detail/core.hpp:21:
  In file included from /home/edgeai/downstream/include/sycl/accessor.hpp:32:
  In file included from /home/edgeai/downstream/include/sycl/properties/buffer_properties.hpp:11:
  In file included from /home/edgeai/downstream/include/sycl/context.hpp:15:
  In file included from /home/edgeai/downstream/include/sycl/detail/info_desc_helpers.hpp:66:
  /home/edgeai/downstream/include/sycl/info/platform_traits.def:5:1: warning: 'extensions' is deprecated: deprecated in SYCL 2020, use device::get_info() with info::device::aspects instead [-Wdeprecated-declarations]
      5 | __SYCL_PARAM_TRAITS_SPEC(platform, extensions, std::vector<std::string>, UR_PLATFORM_INFO_EXTENSIONS)
        | ^
  /home/edgeai/downstream/include/sycl/detail/info_desc_helpers.hpp:61:45: note: expanded from macro '__SYCL_PARAM_TRAITS_SPEC'
     61 |     using return_type = info::DescType::Desc::return_type;                     \
        |                                             ^
  /home/edgeai/downstream/include/sycl/info/info_desc.hpp:61:8: note: 'extensions' has been explicitly marked deprecated here
     61 | struct __SYCL2020_DEPRECATED("deprecated in SYCL 2020, use device::get_info() "
        |        ^
  /home/edgeai/downstream/include/sycl/detail/defines_elementary.hpp:62:40: note: expanded from macro '__SYCL2020_DEPRECATED'
     62 | #define __SYCL2020_DEPRECATED(message) __SYCL_DEPRECATED(message)
        |                                        ^
  /home/edgeai/downstream/include/sycl/detail/defines_elementary.hpp:53:38: note: expanded from macro '__SYCL_DEPRECATED'
     53 | #define __SYCL_DEPRECATED(message) [[deprecated(message)]]
        |                                      ^
  In file included from /home/edgeai/esimd_learning/csrc/xpu/esimd_kernel.sycl:1:
  In file included from /home/edgeai/downstream/lib/python3.12/site-packages/torch/include/ATen/ATen.h:8:
  In file included from /home/edgeai/downstream/lib/python3.12/site-packages/torch/include/ATen/Context.h:5:
  In file included from /home/edgeai/downstream/lib/python3.12/site-packages/torch/include/ATen/CPUGeneratorImpl.h:4:
  In file included from /home/edgeai/downstream/lib/python3.12/site-packages/torch/include/ATen/core/Generator.h:19:
  In file included from /home/edgeai/downstream/lib/python3.12/site-packages/torch/include/c10/core/GeneratorImpl.h:9:
  In file included from /home/edgeai/downstream/lib/python3.12/site-packages/torch/include/c10/core/TensorImpl.h:12:
  In file included from /home/edgeai/downstream/lib/python3.12/site-packages/torch/include/c10/core/ScalarType.h:4:
  In file included from /home/edgeai/downstream/lib/python3.12/site-packages/torch/include/c10/util/BFloat16.h:2:
  In file included from /home/edgeai/downstream/lib/python3.12/site-packages/torch/include/torch/headeronly/util/BFloat16.h:22:
  In file included from /home/edgeai/downstream/include/sycl/sycl.hpp:49:
  In file included from /home/edgeai/downstream/include/sycl/detail/core.hpp:21:
  In file included from /home/edgeai/downstream/include/sycl/accessor.hpp:32:
  In file included from /home/edgeai/downstream/include/sycl/properties/buffer_properties.hpp:11:
  In file included from /home/edgeai/downstream/include/sycl/context.hpp:15:
  In file included from /home/edgeai/downstream/include/sycl/detail/info_desc_helpers.hpp:103:
  /home/edgeai/downstream/include/sycl/info/device_traits.def:100:1: warning: 'max_constant_buffer_size' is deprecated: deprecated in SYCL 2020 [-Wdeprecated-declarations]
    100 | __SYCL_PARAM_TRAITS_SPEC(device, max_constant_buffer_size, uint64_t,
        | ^
  /home/edgeai/downstream/include/sycl/detail/info_desc_helpers.hpp:98:45: note: expanded from macro '__SYCL_PARAM_TRAITS_SPEC'
     98 |     using return_type = info::DescType::Desc::return_type;                     \
        |                                             ^
  /home/edgeai/downstream/include/sycl/info/device_traits_2020_deprecated.def:3:1: note: 'max_constant_buffer_size' has been explicitly marked deprecated here
      3 | __SYCL_PARAM_TRAITS_DEPRECATED(max_constant_buffer_size,"deprecated in SYCL 2020")
        | ^
  /home/edgeai/downstream/include/sycl/info/info_desc.hpp:123:10: note: expanded from macro '__SYCL_PARAM_TRAITS_DEPRECATED'
    123 |   struct __SYCL2020_DEPRECATED(Message) Desc;
        |          ^
  /home/edgeai/downstream/include/sycl/detail/defines_elementary.hpp:62:40: note: expanded from macro '__SYCL2020_DEPRECATED'
     62 | #define __SYCL2020_DEPRECATED(message) __SYCL_DEPRECATED(message)
        |                                        ^
  /home/edgeai/downstream/include/sycl/detail/defines_elementary.hpp:53:38: note: expanded from macro '__SYCL_DEPRECATED'
     53 | #define __SYCL_DEPRECATED(message) [[deprecated(message)]]
        |                                      ^
  In file included from /home/edgeai/esimd_learning/csrc/xpu/esimd_kernel.sycl:1:
  In file included from /home/edgeai/downstream/lib/python3.12/site-packages/torch/include/ATen/ATen.h:8:
  In file included from /home/edgeai/downstream/lib/python3.12/site-packages/torch/include/ATen/Context.h:5:
  In file included from /home/edgeai/downstream/lib/python3.12/site-packages/torch/include/ATen/CPUGeneratorImpl.h:4:
  In file included from /home/edgeai/downstream/lib/python3.12/site-packages/torch/include/ATen/core/Generator.h:19:
  In file included from /home/edgeai/downstream/lib/python3.12/site-packages/torch/include/c10/core/GeneratorImpl.h:9:
  In file included from /home/edgeai/downstream/lib/python3.12/site-packages/torch/include/c10/core/TensorImpl.h:12:
  In file included from /home/edgeai/downstream/lib/python3.12/site-packages/torch/include/c10/core/ScalarType.h:4:
  In file included from /home/edgeai/downstream/lib/python3.12/site-packages/torch/include/c10/util/BFloat16.h:2:
  In file included from /home/edgeai/downstream/lib/python3.12/site-packages/torch/include/torch/headeronly/util/BFloat16.h:22:
  In file included from /home/edgeai/downstream/include/sycl/sycl.hpp:49:
  In file included from /home/edgeai/downstream/include/sycl/detail/core.hpp:21:
  In file included from /home/edgeai/downstream/include/sycl/accessor.hpp:32:
  In file included from /home/edgeai/downstream/include/sycl/properties/buffer_properties.hpp:11:
  In file included from /home/edgeai/downstream/include/sycl/context.hpp:15:
  In file included from /home/edgeai/downstream/include/sycl/detail/info_desc_helpers.hpp:103:
  /home/edgeai/downstream/include/sycl/info/device_traits.def:102:1: warning: 'max_constant_args' is deprecated: deprecated in SYCL 2020 [-Wdeprecated-declarations]
    102 | __SYCL_PARAM_TRAITS_SPEC(device, max_constant_args, uint32_t,
        | ^
  /home/edgeai/downstream/include/sycl/detail/info_desc_helpers.hpp:98:45: note: expanded from macro '__SYCL_PARAM_TRAITS_SPEC'
     98 |     using return_type = info::DescType::Desc::return_type;                     \
        |                                             ^
  /home/edgeai/downstream/include/sycl/info/device_traits_2020_deprecated.def:4:1: note: 'max_constant_args' has been explicitly marked deprecated here
      4 | __SYCL_PARAM_TRAITS_DEPRECATED(max_constant_args,"deprecated in SYCL 2020")
        | ^
  /home/edgeai/downstream/include/sycl/info/info_desc.hpp:123:10: note: expanded from macro '__SYCL_PARAM_TRAITS_DEPRECATED'
    123 |   struct __SYCL2020_DEPRECATED(Message) Desc;
        |          ^
  /home/edgeai/downstream/include/sycl/detail/defines_elementary.hpp:62:40: note: expanded from macro '__SYCL2020_DEPRECATED'
     62 | #define __SYCL2020_DEPRECATED(message) __SYCL_DEPRECATED(message)
        |                                        ^
  /home/edgeai/downstream/include/sycl/detail/defines_elementary.hpp:53:38: note: expanded from macro '__SYCL_DEPRECATED'
     53 | #define __SYCL_DEPRECATED(message) [[deprecated(message)]]
        |                                      ^
  In file included from /home/edgeai/esimd_learning/csrc/xpu/esimd_kernel.sycl:1:
  In file included from /home/edgeai/downstream/lib/python3.12/site-packages/torch/include/ATen/ATen.h:8:
  In file included from /home/edgeai/downstream/lib/python3.12/site-packages/torch/include/ATen/Context.h:5:
  In file included from /home/edgeai/downstream/lib/python3.12/site-packages/torch/include/ATen/CPUGeneratorImpl.h:4:
  In file included from /home/edgeai/downstream/lib/python3.12/site-packages/torch/include/ATen/core/Generator.h:19:
  In file included from /home/edgeai/downstream/lib/python3.12/site-packages/torch/include/c10/core/GeneratorImpl.h:9:
  In file included from /home/edgeai/downstream/lib/python3.12/site-packages/torch/include/c10/core/TensorImpl.h:12:
  In file included from /home/edgeai/downstream/lib/python3.12/site-packages/torch/include/c10/core/ScalarType.h:4:
  In file included from /home/edgeai/downstream/lib/python3.12/site-packages/torch/include/c10/util/BFloat16.h:2:
  In file included from /home/edgeai/downstream/lib/python3.12/site-packages/torch/include/torch/headeronly/util/BFloat16.h:22:
  In file included from /home/edgeai/downstream/include/sycl/sycl.hpp:49:
  In file included from /home/edgeai/downstream/include/sycl/detail/core.hpp:21:
  In file included from /home/edgeai/downstream/include/sycl/accessor.hpp:32:
  In file included from /home/edgeai/downstream/include/sycl/properties/buffer_properties.hpp:11:
  In file included from /home/edgeai/downstream/include/sycl/context.hpp:15:
  In file included from /home/edgeai/downstream/include/sycl/detail/info_desc_helpers.hpp:103:
  /home/edgeai/downstream/include/sycl/info/device_traits.def:110:1: warning: 'host_unified_memory' is deprecated: deprecated in SYCL 2020, use device::has() with one of the aspect::usm_* aspects instead [-Wdeprecated-declarations]
    110 | __SYCL_PARAM_TRAITS_SPEC(device, host_unified_memory, bool,
        | ^
  /home/edgeai/downstream/include/sycl/detail/info_desc_helpers.hpp:98:45: note: expanded from macro '__SYCL_PARAM_TRAITS_SPEC'
     98 |     using return_type = info::DescType::Desc::return_type;                     \
        |                                             ^
  /home/edgeai/downstream/include/sycl/info/device_traits_2020_deprecated.def:5:1: note: 'host_unified_memory' has been explicitly marked deprecated here
      5 | __SYCL_PARAM_TRAITS_DEPRECATED(host_unified_memory,"deprecated in SYCL 2020, use device::has() with "
        | ^
  /home/edgeai/downstream/include/sycl/info/info_desc.hpp:123:10: note: expanded from macro '__SYCL_PARAM_TRAITS_DEPRECATED'
    123 |   struct __SYCL2020_DEPRECATED(Message) Desc;
        |          ^
  /home/edgeai/downstream/include/sycl/detail/defines_elementary.hpp:62:40: note: expanded from macro '__SYCL2020_DEPRECATED'
     62 | #define __SYCL2020_DEPRECATED(message) __SYCL_DEPRECATED(message)
        |                                        ^
  /home/edgeai/downstream/include/sycl/detail/defines_elementary.hpp:53:38: note: expanded from macro '__SYCL_DEPRECATED'
     53 | #define __SYCL_DEPRECATED(message) [[deprecated(message)]]
        |                                      ^
  In file included from /home/edgeai/esimd_learning/csrc/xpu/esimd_kernel.sycl:1:
  In file included from /home/edgeai/downstream/lib/python3.12/site-packages/torch/include/ATen/ATen.h:8:
  In file included from /home/edgeai/downstream/lib/python3.12/site-packages/torch/include/ATen/Context.h:5:
  In file included from /home/edgeai/downstream/lib/python3.12/site-packages/torch/include/ATen/CPUGeneratorImpl.h:4:
  In file included from /home/edgeai/downstream/lib/python3.12/site-packages/torch/include/ATen/core/Generator.h:19:
  In file included from /home/edgeai/downstream/lib/python3.12/site-packages/torch/include/c10/core/GeneratorImpl.h:9:
  In file included from /home/edgeai/downstream/lib/python3.12/site-packages/torch/include/c10/core/TensorImpl.h:12:
  In file included from /home/edgeai/downstream/lib/python3.12/site-packages/torch/include/c10/core/ScalarType.h:4:
  In file included from /home/edgeai/downstream/lib/python3.12/site-packages/torch/include/c10/util/BFloat16.h:2:
  In file included from /home/edgeai/downstream/lib/python3.12/site-packages/torch/include/torch/headeronly/util/BFloat16.h:22:
  In file included from /home/edgeai/downstream/include/sycl/sycl.hpp:49:
  In file included from /home/edgeai/downstream/include/sycl/detail/core.hpp:21:
  In file included from /home/edgeai/downstream/include/sycl/accessor.hpp:32:
  In file included from /home/edgeai/downstream/include/sycl/properties/buffer_properties.hpp:11:
  In file included from /home/edgeai/downstream/include/sycl/context.hpp:15:
  In file included from /home/edgeai/downstream/include/sycl/detail/info_desc_helpers.hpp:103:
  /home/edgeai/downstream/include/sycl/info/device_traits.def:126:1: warning: 'is_endian_little' is deprecated: deprecated in SYCL 2020, check the byte order of the host system instead, the host and the device are required to have the same byte order [-Wdeprecated-declarations]
    126 | __SYCL_PARAM_TRAITS_SPEC(device, is_endian_little, bool,
        | ^
  /home/edgeai/downstream/include/sycl/detail/info_desc_helpers.hpp:98:45: note: expanded from macro '__SYCL_PARAM_TRAITS_SPEC'
     98 |     using return_type = info::DescType::Desc::return_type;                     \
        |                                             ^
  /home/edgeai/downstream/include/sycl/info/device_traits_2020_deprecated.def:7:1: note: 'is_endian_little' has been explicitly marked deprecated here
      7 | __SYCL_PARAM_TRAITS_DEPRECATED(is_endian_little,"deprecated in SYCL 2020, check the byte order of "
        | ^
  /home/edgeai/downstream/include/sycl/info/info_desc.hpp:123:10: note: expanded from macro '__SYCL_PARAM_TRAITS_DEPRECATED'
    123 |   struct __SYCL2020_DEPRECATED(Message) Desc;
        |          ^
  /home/edgeai/downstream/include/sycl/detail/defines_elementary.hpp:62:40: note: expanded from macro '__SYCL2020_DEPRECATED'
     62 | #define __SYCL2020_DEPRECATED(message) __SYCL_DEPRECATED(message)
        |                                        ^
  /home/edgeai/downstream/include/sycl/detail/defines_elementary.hpp:53:38: note: expanded from macro '__SYCL_DEPRECATED'
     53 | #define __SYCL_DEPRECATED(message) [[deprecated(message)]]
        |                                      ^
  In file included from /home/edgeai/esimd_learning/csrc/xpu/esimd_kernel.sycl:1:
  In file included from /home/edgeai/downstream/lib/python3.12/site-packages/torch/include/ATen/ATen.h:8:
  In file included from /home/edgeai/downstream/lib/python3.12/site-packages/torch/include/ATen/Context.h:5:
  In file included from /home/edgeai/downstream/lib/python3.12/site-packages/torch/include/ATen/CPUGeneratorImpl.h:4:
  In file included from /home/edgeai/downstream/lib/python3.12/site-packages/torch/include/ATen/core/Generator.h:19:
  In file included from /home/edgeai/downstream/lib/python3.12/site-packages/torch/include/c10/core/GeneratorImpl.h:9:
  In file included from /home/edgeai/downstream/lib/python3.12/site-packages/torch/include/c10/core/TensorImpl.h:12:
  In file included from /home/edgeai/downstream/lib/python3.12/site-packages/torch/include/c10/core/ScalarType.h:4:
  In file included from /home/edgeai/downstream/lib/python3.12/site-packages/torch/include/c10/util/BFloat16.h:2:
  In file included from /home/edgeai/downstream/lib/python3.12/site-packages/torch/include/torch/headeronly/util/BFloat16.h:22:
  In file included from /home/edgeai/downstream/include/sycl/sycl.hpp:49:
  In file included from /home/edgeai/downstream/include/sycl/detail/core.hpp:21:
  In file included from /home/edgeai/downstream/include/sycl/accessor.hpp:32:
  In file included from /home/edgeai/downstream/include/sycl/properties/buffer_properties.hpp:11:
  In file included from /home/edgeai/downstream/include/sycl/context.hpp:15:
  In file included from /home/edgeai/downstream/include/sycl/detail/info_desc_helpers.hpp:103:
  /home/edgeai/downstream/include/sycl/info/device_traits.def:129:1: warning: 'is_compiler_available' is deprecated: deprecated in SYCL 2020, use device::has(aspect::online_compiler) instead [-Wdeprecated-declarations]
    129 | __SYCL_PARAM_TRAITS_SPEC(device, is_compiler_available, bool,
        | ^
  /home/edgeai/downstream/include/sycl/detail/info_desc_helpers.hpp:98:45: note: expanded from macro '__SYCL_PARAM_TRAITS_SPEC'
     98 |     using return_type = info::DescType::Desc::return_type;                     \
        |                                             ^
  /home/edgeai/downstream/include/sycl/info/device_traits_2020_deprecated.def:10:1: note: 'is_compiler_available' has been explicitly marked deprecated here
     10 | __SYCL_PARAM_TRAITS_DEPRECATED(is_compiler_available,"deprecated in SYCL 2020, use device::has(aspect::online_compiler) instead")
        | ^
  /home/edgeai/downstream/include/sycl/info/info_desc.hpp:123:10: note: expanded from macro '__SYCL_PARAM_TRAITS_DEPRECATED'
    123 |   struct __SYCL2020_DEPRECATED(Message) Desc;
        |          ^
  /home/edgeai/downstream/include/sycl/detail/defines_elementary.hpp:62:40: note: expanded from macro '__SYCL2020_DEPRECATED'
     62 | #define __SYCL2020_DEPRECATED(message) __SYCL_DEPRECATED(message)
        |                                        ^
  /home/edgeai/downstream/include/sycl/detail/defines_elementary.hpp:53:38: note: expanded from macro '__SYCL_DEPRECATED'
     53 | #define __SYCL_DEPRECATED(message) [[deprecated(message)]]
        |                                      ^
  In file included from /home/edgeai/esimd_learning/csrc/xpu/esimd_kernel.sycl:1:
  In file included from /home/edgeai/downstream/lib/python3.12/site-packages/torch/include/ATen/ATen.h:8:
  In file included from /home/edgeai/downstream/lib/python3.12/site-packages/torch/include/ATen/Context.h:5:
  In file included from /home/edgeai/downstream/lib/python3.12/site-packages/torch/include/ATen/CPUGeneratorImpl.h:4:
  In file included from /home/edgeai/downstream/lib/python3.12/site-packages/torch/include/ATen/core/Generator.h:19:
  In file included from /home/edgeai/downstream/lib/python3.12/site-packages/torch/include/c10/core/GeneratorImpl.h:9:
  In file included from /home/edgeai/downstream/lib/python3.12/site-packages/torch/include/c10/core/TensorImpl.h:12:
  In file included from /home/edgeai/downstream/lib/python3.12/site-packages/torch/include/c10/core/ScalarType.h:4:
  In file included from /home/edgeai/downstream/lib/python3.12/site-packages/torch/include/c10/util/BFloat16.h:2:
  In file included from /home/edgeai/downstream/lib/python3.12/site-packages/torch/include/torch/headeronly/util/BFloat16.h:22:
  In file included from /home/edgeai/downstream/include/sycl/sycl.hpp:49:
  In file included from /home/edgeai/downstream/include/sycl/detail/core.hpp:21:
  In file included from /home/edgeai/downstream/include/sycl/accessor.hpp:32:
  In file included from /home/edgeai/downstream/include/sycl/properties/buffer_properties.hpp:11:
  In file included from /home/edgeai/downstream/include/sycl/context.hpp:15:
  In file included from /home/edgeai/downstream/include/sycl/detail/info_desc_helpers.hpp:103:
  /home/edgeai/downstream/include/sycl/info/device_traits.def:131:1: warning: 'is_linker_available' is deprecated: deprecated in SYCL 2020, use device::has(aspect::online_linker) instead [-Wdeprecated-declarations]
    131 | __SYCL_PARAM_TRAITS_SPEC(device, is_linker_available, bool,
        | ^
  /home/edgeai/downstream/include/sycl/detail/info_desc_helpers.hpp:98:45: note: expanded from macro '__SYCL_PARAM_TRAITS_SPEC'
     98 |     using return_type = info::DescType::Desc::return_type;                     \
        |                                             ^
  /home/edgeai/downstream/include/sycl/info/device_traits_2020_deprecated.def:11:1: note: 'is_linker_available' has been explicitly marked deprecated here
     11 | __SYCL_PARAM_TRAITS_DEPRECATED(is_linker_available, "deprecated in SYCL 2020, use device::has(aspect::online_linker) instead")
        | ^
  /home/edgeai/downstream/include/sycl/info/info_desc.hpp:123:10: note: expanded from macro '__SYCL_PARAM_TRAITS_DEPRECATED'
    123 |   struct __SYCL2020_DEPRECATED(Message) Desc;
        |          ^
  /home/edgeai/downstream/include/sycl/detail/defines_elementary.hpp:62:40: note: expanded from macro '__SYCL2020_DEPRECATED'
     62 | #define __SYCL2020_DEPRECATED(message) __SYCL_DEPRECATED(message)
        |                                        ^
  /home/edgeai/downstream/include/sycl/detail/defines_elementary.hpp:53:38: note: expanded from macro '__SYCL_DEPRECATED'
     53 | #define __SYCL_DEPRECATED(message) [[deprecated(message)]]
        |                                      ^
  In file included from /home/edgeai/esimd_learning/csrc/xpu/esimd_kernel.sycl:1:
  In file included from /home/edgeai/downstream/lib/python3.12/site-packages/torch/include/ATen/ATen.h:8:
  In file included from /home/edgeai/downstream/lib/python3.12/site-packages/torch/include/ATen/Context.h:5:
  In file included from /home/edgeai/downstream/lib/python3.12/site-packages/torch/include/ATen/CPUGeneratorImpl.h:4:
  In file included from /home/edgeai/downstream/lib/python3.12/site-packages/torch/include/ATen/core/Generator.h:19:
  In file included from /home/edgeai/downstream/lib/python3.12/site-packages/torch/include/c10/core/GeneratorImpl.h:9:
  In file included from /home/edgeai/downstream/lib/python3.12/site-packages/torch/include/c10/core/TensorImpl.h:12:
  In file included from /home/edgeai/downstream/lib/python3.12/site-packages/torch/include/c10/core/ScalarType.h:4:
  In file included from /home/edgeai/downstream/lib/python3.12/site-packages/torch/include/c10/util/BFloat16.h:2:
  In file included from /home/edgeai/downstream/lib/python3.12/site-packages/torch/include/torch/headeronly/util/BFloat16.h:22:
  In file included from /home/edgeai/downstream/include/sycl/sycl.hpp:49:
  In file included from /home/edgeai/downstream/include/sycl/detail/core.hpp:21:
  In file included from /home/edgeai/downstream/include/sycl/accessor.hpp:32:
  In file included from /home/edgeai/downstream/include/sycl/properties/buffer_properties.hpp:11:
  In file included from /home/edgeai/downstream/include/sycl/context.hpp:15:
  In file included from /home/edgeai/downstream/include/sycl/detail/info_desc_helpers.hpp:103:
  /home/edgeai/downstream/include/sycl/info/device_traits.def:136:1: warning: 'queue_profiling' is deprecated: deprecated in SYCL 2020, use device::has(aspect::queue_profiling) instead [-Wdeprecated-declarations]
    136 | __SYCL_PARAM_TRAITS_SPEC(device, queue_profiling, bool,
        | ^
  /home/edgeai/downstream/include/sycl/detail/info_desc_helpers.hpp:98:45: note: expanded from macro '__SYCL_PARAM_TRAITS_SPEC'
     98 |     using return_type = info::DescType::Desc::return_type;                     \
        |                                             ^
  /home/edgeai/downstream/include/sycl/info/device_traits_2020_deprecated.def:12:1: note: 'queue_profiling' has been explicitly marked deprecated here
     12 | __SYCL_PARAM_TRAITS_DEPRECATED(queue_profiling, "deprecated in SYCL 2020, use device::has(aspect::queue_profiling) instead")
        | ^
  /home/edgeai/downstream/include/sycl/info/info_desc.hpp:123:10: note: expanded from macro '__SYCL_PARAM_TRAITS_DEPRECATED'
    123 |   struct __SYCL2020_DEPRECATED(Message) Desc;
        |          ^
  /home/edgeai/downstream/include/sycl/detail/defines_elementary.hpp:62:40: note: expanded from macro '__SYCL2020_DEPRECATED'
     62 | #define __SYCL2020_DEPRECATED(message) __SYCL_DEPRECATED(message)
        |                                        ^
  /home/edgeai/downstream/include/sycl/detail/defines_elementary.hpp:53:38: note: expanded from macro '__SYCL_DEPRECATED'
     53 | #define __SYCL_DEPRECATED(message) [[deprecated(message)]]
        |                                      ^
  In file included from /home/edgeai/esimd_learning/csrc/xpu/esimd_kernel.sycl:1:
  In file included from /home/edgeai/downstream/lib/python3.12/site-packages/torch/include/ATen/ATen.h:8:
  In file included from /home/edgeai/downstream/lib/python3.12/site-packages/torch/include/ATen/Context.h:5:
  In file included from /home/edgeai/downstream/lib/python3.12/site-packages/torch/include/ATen/CPUGeneratorImpl.h:4:
  In file included from /home/edgeai/downstream/lib/python3.12/site-packages/torch/include/ATen/core/Generator.h:19:
  In file included from /home/edgeai/downstream/lib/python3.12/site-packages/torch/include/c10/core/GeneratorImpl.h:9:
  In file included from /home/edgeai/downstream/lib/python3.12/site-packages/torch/include/c10/core/TensorImpl.h:12:
  In file included from /home/edgeai/downstream/lib/python3.12/site-packages/torch/include/c10/core/ScalarType.h:4:
  In file included from /home/edgeai/downstream/lib/python3.12/site-packages/torch/include/c10/util/BFloat16.h:2:
  In file included from /home/edgeai/downstream/lib/python3.12/site-packages/torch/include/torch/headeronly/util/BFloat16.h:22:
  In file included from /home/edgeai/downstream/include/sycl/sycl.hpp:49:
  In file included from /home/edgeai/downstream/include/sycl/detail/core.hpp:21:
  In file included from /home/edgeai/downstream/include/sycl/accessor.hpp:32:
  In file included from /home/edgeai/downstream/include/sycl/properties/buffer_properties.hpp:11:
  In file included from /home/edgeai/downstream/include/sycl/context.hpp:15:
  In file included from /home/edgeai/downstream/include/sycl/detail/info_desc_helpers.hpp:103:
  /home/edgeai/downstream/include/sycl/info/device_traits.def:141:1: warning: 'built_in_kernels' is deprecated: deprecated in SYCL 2020, use info::device::built_in_kernel_ids instead [-Wdeprecated-declarations]
    141 | __SYCL_PARAM_TRAITS_SPEC(device, built_in_kernels, std::vector<std::string>,
        | ^
  /home/edgeai/downstream/include/sycl/detail/info_desc_helpers.hpp:98:45: note: expanded from macro '__SYCL_PARAM_TRAITS_SPEC'
     98 |     using return_type = info::DescType::Desc::return_type;                     \
        |                                             ^
  /home/edgeai/downstream/include/sycl/info/device_traits_2020_deprecated.def:13:1: note: 'built_in_kernels' has been explicitly marked deprecated here
     13 | __SYCL_PARAM_TRAITS_DEPRECATED(built_in_kernels,"deprecated in SYCL 2020, use info::device::built_in_kernel_ids instead")
        | ^
  /home/edgeai/downstream/include/sycl/info/info_desc.hpp:123:10: note: expanded from macro '__SYCL_PARAM_TRAITS_DEPRECATED'
    123 |   struct __SYCL2020_DEPRECATED(Message) Desc;
        |          ^
  /home/edgeai/downstream/include/sycl/detail/defines_elementary.hpp:62:40: note: expanded from macro '__SYCL2020_DEPRECATED'
     62 | #define __SYCL2020_DEPRECATED(message) __SYCL_DEPRECATED(message)
        |                                        ^
  /home/edgeai/downstream/include/sycl/detail/defines_elementary.hpp:53:38: note: expanded from macro '__SYCL_DEPRECATED'
     53 | #define __SYCL_DEPRECATED(message) [[deprecated(message)]]
        |                                      ^
  In file included from /home/edgeai/esimd_learning/csrc/xpu/esimd_kernel.sycl:1:
  In file included from /home/edgeai/downstream/lib/python3.12/site-packages/torch/include/ATen/ATen.h:8:
  In file included from /home/edgeai/downstream/lib/python3.12/site-packages/torch/include/ATen/Context.h:5:
  In file included from /home/edgeai/downstream/lib/python3.12/site-packages/torch/include/ATen/CPUGeneratorImpl.h:4:
  In file included from /home/edgeai/downstream/lib/python3.12/site-packages/torch/include/ATen/core/Generator.h:19:
  In file included from /home/edgeai/downstream/lib/python3.12/site-packages/torch/include/c10/core/GeneratorImpl.h:9:
  In file included from /home/edgeai/downstream/lib/python3.12/site-packages/torch/include/c10/core/TensorImpl.h:12:
  In file included from /home/edgeai/downstream/lib/python3.12/site-packages/torch/include/c10/core/ScalarType.h:4:
  In file included from /home/edgeai/downstream/lib/python3.12/site-packages/torch/include/c10/util/BFloat16.h:2:
  In file included from /home/edgeai/downstream/lib/python3.12/site-packages/torch/include/torch/headeronly/util/BFloat16.h:22:
  In file included from /home/edgeai/downstream/include/sycl/sycl.hpp:49:
  In file included from /home/edgeai/downstream/include/sycl/detail/core.hpp:21:
  In file included from /home/edgeai/downstream/include/sycl/accessor.hpp:32:
  In file included from /home/edgeai/downstream/include/sycl/properties/buffer_properties.hpp:11:
  In file included from /home/edgeai/downstream/include/sycl/context.hpp:15:
  In file included from /home/edgeai/downstream/include/sycl/detail/info_desc_helpers.hpp:103:
  /home/edgeai/downstream/include/sycl/info/device_traits.def:149:1: warning: 'profile' is deprecated: deprecated in SYCL 2020 [-Wdeprecated-declarations]
    149 | __SYCL_PARAM_TRAITS_SPEC(device, profile, std::string,UR_DEVICE_INFO_PROFILE)
        | ^
  /home/edgeai/downstream/include/sycl/detail/info_desc_helpers.hpp:98:45: note: expanded from macro '__SYCL_PARAM_TRAITS_SPEC'
     98 |     using return_type = info::DescType::Desc::return_type;                     \
        |                                             ^
  /home/edgeai/downstream/include/sycl/info/device_traits_2020_deprecated.def:14:1: note: 'profile' has been explicitly marked deprecated here
     14 | __SYCL_PARAM_TRAITS_DEPRECATED(profile,"deprecated in SYCL 2020")
        | ^
  /home/edgeai/downstream/include/sycl/info/info_desc.hpp:123:10: note: expanded from macro '__SYCL_PARAM_TRAITS_DEPRECATED'
    123 |   struct __SYCL2020_DEPRECATED(Message) Desc;
        |          ^
  /home/edgeai/downstream/include/sycl/detail/defines_elementary.hpp:62:40: note: expanded from macro '__SYCL2020_DEPRECATED'
     62 | #define __SYCL2020_DEPRECATED(message) __SYCL_DEPRECATED(message)
        |                                        ^
  /home/edgeai/downstream/include/sycl/detail/defines_elementary.hpp:53:38: note: expanded from macro '__SYCL_DEPRECATED'
     53 | #define __SYCL_DEPRECATED(message) [[deprecated(message)]]
        |                                      ^
  In file included from /home/edgeai/esimd_learning/csrc/xpu/esimd_kernel.sycl:1:
  In file included from /home/edgeai/downstream/lib/python3.12/site-packages/torch/include/ATen/ATen.h:8:
  In file included from /home/edgeai/downstream/lib/python3.12/site-packages/torch/include/ATen/Context.h:5:
  In file included from /home/edgeai/downstream/lib/python3.12/site-packages/torch/include/ATen/CPUGeneratorImpl.h:4:
  In file included from /home/edgeai/downstream/lib/python3.12/site-packages/torch/include/ATen/core/Generator.h:19:
  In file included from /home/edgeai/downstream/lib/python3.12/site-packages/torch/include/c10/core/GeneratorImpl.h:9:
  In file included from /home/edgeai/downstream/lib/python3.12/site-packages/torch/include/c10/core/TensorImpl.h:12:
  In file included from /home/edgeai/downstream/lib/python3.12/site-packages/torch/include/c10/core/ScalarType.h:4:
  In file included from /home/edgeai/downstream/lib/python3.12/site-packages/torch/include/c10/util/BFloat16.h:2:
  In file included from /home/edgeai/downstream/lib/python3.12/site-packages/torch/include/torch/headeronly/util/BFloat16.h:22:
  In file included from /home/edgeai/downstream/include/sycl/sycl.hpp:49:
  In file included from /home/edgeai/downstream/include/sycl/detail/core.hpp:21:
  In file included from /home/edgeai/downstream/include/sycl/accessor.hpp:32:
  In file included from /home/edgeai/downstream/include/sycl/properties/buffer_properties.hpp:11:
  In file included from /home/edgeai/downstream/include/sycl/context.hpp:15:
  In file included from /home/edgeai/downstream/include/sycl/detail/info_desc_helpers.hpp:103:
  /home/edgeai/downstream/include/sycl/info/device_traits.def:153:1: warning: 'extensions' is deprecated: deprecated in SYCL 2020, use info::device::aspects instead [-Wdeprecated-declarations]
    153 | __SYCL_PARAM_TRAITS_SPEC(device, extensions, std::vector<std::string>,
        | ^
  /home/edgeai/downstream/include/sycl/detail/info_desc_helpers.hpp:98:45: note: expanded from macro '__SYCL_PARAM_TRAITS_SPEC'
     98 |     using return_type = info::DescType::Desc::return_type;                     \
        |                                             ^
  /home/edgeai/downstream/include/sycl/info/device_traits_2020_deprecated.def:15:1: note: 'extensions' has been explicitly marked deprecated here
     15 | __SYCL_PARAM_TRAITS_DEPRECATED(extensions,"deprecated in SYCL 2020, use info::device::aspects instead")
        | ^
  /home/edgeai/downstream/include/sycl/info/info_desc.hpp:123:10: note: expanded from macro '__SYCL_PARAM_TRAITS_DEPRECATED'
    123 |   struct __SYCL2020_DEPRECATED(Message) Desc;
        |          ^
  /home/edgeai/downstream/include/sycl/detail/defines_elementary.hpp:62:40: note: expanded from macro '__SYCL2020_DEPRECATED'
     62 | #define __SYCL2020_DEPRECATED(message) __SYCL_DEPRECATED(message)
        |                                        ^
  /home/edgeai/downstream/include/sycl/detail/defines_elementary.hpp:53:38: note: expanded from macro '__SYCL_DEPRECATED'
     53 | #define __SYCL_DEPRECATED(message) [[deprecated(message)]]
        |                                      ^
  In file included from /home/edgeai/esimd_learning/csrc/xpu/esimd_kernel.sycl:1:
  In file included from /home/edgeai/downstream/lib/python3.12/site-packages/torch/include/ATen/ATen.h:8:
  In file included from /home/edgeai/downstream/lib/python3.12/site-packages/torch/include/ATen/Context.h:5:
  In file included from /home/edgeai/downstream/lib/python3.12/site-packages/torch/include/ATen/CPUGeneratorImpl.h:4:
  In file included from /home/edgeai/downstream/lib/python3.12/site-packages/torch/include/ATen/core/Generator.h:19:
  In file included from /home/edgeai/downstream/lib/python3.12/site-packages/torch/include/c10/core/GeneratorImpl.h:9:
  In file included from /home/edgeai/downstream/lib/python3.12/site-packages/torch/include/c10/core/TensorImpl.h:12:
  In file included from /home/edgeai/downstream/lib/python3.12/site-packages/torch/include/c10/core/ScalarType.h:4:
  In file included from /home/edgeai/downstream/lib/python3.12/site-packages/torch/include/c10/util/BFloat16.h:2:
  In file included from /home/edgeai/downstream/lib/python3.12/site-packages/torch/include/torch/headeronly/util/BFloat16.h:22:
  In file included from /home/edgeai/downstream/include/sycl/sycl.hpp:49:
  In file included from /home/edgeai/downstream/include/sycl/detail/core.hpp:21:
  In file included from /home/edgeai/downstream/include/sycl/accessor.hpp:32:
  In file included from /home/edgeai/downstream/include/sycl/properties/buffer_properties.hpp:11:
  In file included from /home/edgeai/downstream/include/sycl/context.hpp:15:
  In file included from /home/edgeai/downstream/include/sycl/detail/info_desc_helpers.hpp:103:
  /home/edgeai/downstream/include/sycl/info/device_traits.def:155:1: warning: 'printf_buffer_size' is deprecated: deprecated in SYCL 2020 [-Wdeprecated-declarations]
    155 | __SYCL_PARAM_TRAITS_SPEC(device, printf_buffer_size, size_t,
        | ^
  /home/edgeai/downstream/include/sycl/detail/info_desc_helpers.hpp:98:45: note: expanded from macro '__SYCL_PARAM_TRAITS_SPEC'
     98 |     using return_type = info::DescType::Desc::return_type;                     \
        |                                             ^
  /home/edgeai/downstream/include/sycl/info/device_traits_2020_deprecated.def:16:1: note: 'printf_buffer_size' has been explicitly marked deprecated here
     16 | __SYCL_PARAM_TRAITS_DEPRECATED(printf_buffer_size,"deprecated in SYCL 2020")
        | ^
  /home/edgeai/downstream/include/sycl/info/info_desc.hpp:123:10: note: expanded from macro '__SYCL_PARAM_TRAITS_DEPRECATED'
    123 |   struct __SYCL2020_DEPRECATED(Message) Desc;
        |          ^
  /home/edgeai/downstream/include/sycl/detail/defines_elementary.hpp:62:40: note: expanded from macro '__SYCL2020_DEPRECATED'
     62 | #define __SYCL2020_DEPRECATED(message) __SYCL_DEPRECATED(message)
        |                                        ^
  /home/edgeai/downstream/include/sycl/detail/defines_elementary.hpp:53:38: note: expanded from macro '__SYCL_DEPRECATED'
     53 | #define __SYCL_DEPRECATED(message) [[deprecated(message)]]
        |                                      ^
  In file included from /home/edgeai/esimd_learning/csrc/xpu/esimd_kernel.sycl:1:
  In file included from /home/edgeai/downstream/lib/python3.12/site-packages/torch/include/ATen/ATen.h:8:
  In file included from /home/edgeai/downstream/lib/python3.12/site-packages/torch/include/ATen/Context.h:5:
  In file included from /home/edgeai/downstream/lib/python3.12/site-packages/torch/include/ATen/CPUGeneratorImpl.h:4:
  In file included from /home/edgeai/downstream/lib/python3.12/site-packages/torch/include/ATen/core/Generator.h:19:
  In file included from /home/edgeai/downstream/lib/python3.12/site-packages/torch/include/c10/core/GeneratorImpl.h:9:
  In file included from /home/edgeai/downstream/lib/python3.12/site-packages/torch/include/c10/core/TensorImpl.h:12:
  In file included from /home/edgeai/downstream/lib/python3.12/site-packages/torch/include/c10/core/ScalarType.h:4:
  In file included from /home/edgeai/downstream/lib/python3.12/site-packages/torch/include/c10/util/BFloat16.h:2:
  In file included from /home/edgeai/downstream/lib/python3.12/site-packages/torch/include/torch/headeronly/util/BFloat16.h:22:
  In file included from /home/edgeai/downstream/include/sycl/sycl.hpp:49:
  In file included from /home/edgeai/downstream/include/sycl/detail/core.hpp:21:
  In file included from /home/edgeai/downstream/include/sycl/accessor.hpp:32:
  In file included from /home/edgeai/downstream/include/sycl/properties/buffer_properties.hpp:11:
  In file included from /home/edgeai/downstream/include/sycl/context.hpp:15:
  In file included from /home/edgeai/downstream/include/sycl/detail/info_desc_helpers.hpp:103:
  /home/edgeai/downstream/include/sycl/info/device_traits.def:157:1: warning: 'preferred_interop_user_sync' is deprecated: deprecated in SYCL 2020 [-Wdeprecated-declarations]
    157 | __SYCL_PARAM_TRAITS_SPEC(device, preferred_interop_user_sync, bool,
        | ^
  /home/edgeai/downstream/include/sycl/detail/info_desc_helpers.hpp:98:45: note: expanded from macro '__SYCL_PARAM_TRAITS_SPEC'
     98 |     using return_type = info::DescType::Desc::return_type;                     \
        |                                             ^
  /home/edgeai/downstream/include/sycl/info/device_traits_2020_deprecated.def:17:1: note: 'preferred_interop_user_sync' has been explicitly marked deprecated here
     17 | __SYCL_PARAM_TRAITS_DEPRECATED(preferred_interop_user_sync,"deprecated in SYCL 2020")
        | ^
  /home/edgeai/downstream/include/sycl/info/info_desc.hpp:123:10: note: expanded from macro '__SYCL_PARAM_TRAITS_DEPRECATED'
    123 |   struct __SYCL2020_DEPRECATED(Message) Desc;
        |          ^
  /home/edgeai/downstream/include/sycl/detail/defines_elementary.hpp:62:40: note: expanded from macro '__SYCL2020_DEPRECATED'
     62 | #define __SYCL2020_DEPRECATED(message) __SYCL_DEPRECATED(message)
        |                                        ^
  /home/edgeai/downstream/include/sycl/detail/defines_elementary.hpp:53:38: note: expanded from macro '__SYCL_DEPRECATED'
     53 | #define __SYCL_DEPRECATED(message) [[deprecated(message)]]
        |                                      ^
  In file included from /home/edgeai/esimd_learning/csrc/xpu/esimd_kernel.sycl:1:
  In file included from /home/edgeai/downstream/lib/python3.12/site-packages/torch/include/ATen/ATen.h:8:
  In file included from /home/edgeai/downstream/lib/python3.12/site-packages/torch/include/ATen/Context.h:5:
  In file included from /home/edgeai/downstream/lib/python3.12/site-packages/torch/include/ATen/CPUGeneratorImpl.h:4:
  In file included from /home/edgeai/downstream/lib/python3.12/site-packages/torch/include/ATen/core/Generator.h:19:
  In file included from /home/edgeai/downstream/lib/python3.12/site-packages/torch/include/c10/core/GeneratorImpl.h:9:
  In file included from /home/edgeai/downstream/lib/python3.12/site-packages/torch/include/c10/core/TensorImpl.h:12:
  In file included from /home/edgeai/downstream/lib/python3.12/site-packages/torch/include/c10/core/ScalarType.h:4:
  In file included from /home/edgeai/downstream/lib/python3.12/site-packages/torch/include/c10/util/BFloat16.h:2:
  In file included from /home/edgeai/downstream/lib/python3.12/site-packages/torch/include/torch/headeronly/util/BFloat16.h:22:
  In file included from /home/edgeai/downstream/include/sycl/sycl.hpp:49:
  In file included from /home/edgeai/downstream/include/sycl/detail/core.hpp:21:
  In file included from /home/edgeai/downstream/include/sycl/accessor.hpp:32:
  In file included from /home/edgeai/downstream/include/sycl/properties/buffer_properties.hpp:11:
  In file included from /home/edgeai/downstream/include/sycl/context.hpp:15:
  In file included from /home/edgeai/downstream/include/sycl/detail/info_desc_helpers.hpp:103:
  /home/edgeai/downstream/include/sycl/info/device_traits.def:180:1: warning: 'image_support' is deprecated: deprecated in SYCL 2020, use device::has(aspect::ext_intel_legacy_image) to query for SYCL 1.2.1 image support [-Wdeprecated-declarations]
    180 | __SYCL_PARAM_TRAITS_SPEC_SPECIALIZED(device, image_support, bool,
        | ^
  /home/edgeai/downstream/include/sycl/detail/info_desc_helpers.hpp:101:3: note: expanded from macro '__SYCL_PARAM_TRAITS_SPEC_SPECIALIZED'
    101 |   __SYCL_PARAM_TRAITS_SPEC(DescType, Desc, ReturnT, PiCode)
        |   ^
  /home/edgeai/downstream/include/sycl/detail/info_desc_helpers.hpp:98:45: note: expanded from macro '__SYCL_PARAM_TRAITS_SPEC'
     98 |     using return_type = info::DescType::Desc::return_type;                     \
        |                                             ^
  /home/edgeai/downstream/include/sycl/info/device_traits_2020_deprecated.def:2:1: note: 'image_support' has been explicitly marked deprecated here
      2 | __SYCL_PARAM_TRAITS_DEPRECATED(image_support, "deprecated in SYCL 2020, use device::has(aspect::ext_intel_legacy_image) to query for SYCL 1.2.1 image support")
        | ^
  /home/edgeai/downstream/include/sycl/info/info_desc.hpp:123:10: note: expanded from macro '__SYCL_PARAM_TRAITS_DEPRECATED'
    123 |   struct __SYCL2020_DEPRECATED(Message) Desc;
        |          ^
  /home/edgeai/downstream/include/sycl/detail/defines_elementary.hpp:62:40: note: expanded from macro '__SYCL2020_DEPRECATED'
     62 | #define __SYCL2020_DEPRECATED(message) __SYCL_DEPRECATED(message)
        |                                        ^
  /home/edgeai/downstream/include/sycl/detail/defines_elementary.hpp:53:38: note: expanded from macro '__SYCL_DEPRECATED'
     53 | #define __SYCL_DEPRECATED(message) [[deprecated(message)]]
        |                                      ^
  In file included from /home/edgeai/esimd_learning/csrc/xpu/esimd_kernel.sycl:1:
  In file included from /home/edgeai/downstream/lib/python3.12/site-packages/torch/include/ATen/ATen.h:8:
  In file included from /home/edgeai/downstream/lib/python3.12/site-packages/torch/include/ATen/Context.h:5:
  In file included from /home/edgeai/downstream/lib/python3.12/site-packages/torch/include/ATen/CPUGeneratorImpl.h:4:
  In file included from /home/edgeai/downstream/lib/python3.12/site-packages/torch/include/ATen/core/Generator.h:19:
  In file included from /home/edgeai/downstream/lib/python3.12/site-packages/torch/include/c10/core/GeneratorImpl.h:9:
  In file included from /home/edgeai/downstream/lib/python3.12/site-packages/torch/include/c10/core/TensorImpl.h:12:
  In file included from /home/edgeai/downstream/lib/python3.12/site-packages/torch/include/c10/core/ScalarType.h:4:
  In file included from /home/edgeai/downstream/lib/python3.12/site-packages/torch/include/c10/util/BFloat16.h:2:
  In file included from /home/edgeai/downstream/lib/python3.12/site-packages/torch/include/torch/headeronly/util/BFloat16.h:22:
  In file included from /home/edgeai/downstream/include/sycl/sycl.hpp:49:
  In file included from /home/edgeai/downstream/include/sycl/detail/core.hpp:21:
  In file included from /home/edgeai/downstream/include/sycl/accessor.hpp:32:
  In file included from /home/edgeai/downstream/include/sycl/properties/buffer_properties.hpp:11:
  In file included from /home/edgeai/downstream/include/sycl/context.hpp:15:
  In file included from /home/edgeai/downstream/include/sycl/detail/info_desc_helpers.hpp:103:
  /home/edgeai/downstream/include/sycl/info/device_traits.def:184:1: warning: 'atomic64' is deprecated: use sycl::aspect::atomic64 instead [-Wdeprecated-declarations]
    184 | __SYCL_PARAM_TRAITS_SPEC(device, atomic64, bool,UR_DEVICE_INFO_ATOMIC_64)
        | ^
  /home/edgeai/downstream/include/sycl/detail/info_desc_helpers.hpp:98:45: note: expanded from macro '__SYCL_PARAM_TRAITS_SPEC'
     98 |     using return_type = info::DescType::Desc::return_type;                     \
        |                                             ^
  /home/edgeai/downstream/include/sycl/info/device_traits_deprecated.def:4:1: note: 'atomic64' has been explicitly marked deprecated here
      4 | __SYCL_PARAM_TRAITS_DEPRECATED(atomic64, "use sycl::aspect::atomic64 instead")
        | ^
  /home/edgeai/downstream/include/sycl/info/info_desc.hpp:128:10: note: expanded from macro '__SYCL_PARAM_TRAITS_DEPRECATED'
    128 |   struct __SYCL_DEPRECATED(Message) Desc;
        |          ^
  /home/edgeai/downstream/include/sycl/detail/defines_elementary.hpp:53:38: note: expanded from macro '__SYCL_DEPRECATED'
     53 | #define __SYCL_DEPRECATED(message) [[deprecated(message)]]
        |                                      ^
  In file included from /home/edgeai/esimd_learning/csrc/xpu/esimd_kernel.sycl:1:
  In file included from /home/edgeai/downstream/lib/python3.12/site-packages/torch/include/ATen/ATen.h:8:
  In file included from /home/edgeai/downstream/lib/python3.12/site-packages/torch/include/ATen/Context.h:5:
  In file included from /home/edgeai/downstream/lib/python3.12/site-packages/torch/include/ATen/CPUGeneratorImpl.h:4:
  In file included from /home/edgeai/downstream/lib/python3.12/site-packages/torch/include/ATen/core/Generator.h:19:
  In file included from /home/edgeai/downstream/lib/python3.12/site-packages/torch/include/c10/core/GeneratorImpl.h:9:
  In file included from /home/edgeai/downstream/lib/python3.12/site-packages/torch/include/c10/core/TensorImpl.h:12:
  In file included from /home/edgeai/downstream/lib/python3.12/site-packages/torch/include/c10/core/ScalarType.h:4:
  In file included from /home/edgeai/downstream/lib/python3.12/site-packages/torch/include/c10/util/BFloat16.h:2:
  In file included from /home/edgeai/downstream/lib/python3.12/site-packages/torch/include/torch/headeronly/util/BFloat16.h:22:
  In file included from /home/edgeai/downstream/include/sycl/sycl.hpp:49:
  In file included from /home/edgeai/downstream/include/sycl/detail/core.hpp:21:
  In file included from /home/edgeai/downstream/include/sycl/accessor.hpp:32:
  In file included from /home/edgeai/downstream/include/sycl/properties/buffer_properties.hpp:11:
  In file included from /home/edgeai/downstream/include/sycl/context.hpp:15:
  In file included from /home/edgeai/downstream/include/sycl/detail/info_desc_helpers.hpp:103:
  /home/edgeai/downstream/include/sycl/info/device_traits.def:200:1: warning: 'image_max_array_size' is deprecated: support for image arrays has been removed in SYCL 2020 [-Wdeprecated-declarations]
    200 | __SYCL_PARAM_TRAITS_SPEC(device, image_max_array_size, size_t,
        | ^
  /home/edgeai/downstream/include/sycl/detail/info_desc_helpers.hpp:98:45: note: expanded from macro '__SYCL_PARAM_TRAITS_SPEC'
     98 |     using return_type = info::DescType::Desc::return_type;                     \
        |                                             ^
  /home/edgeai/downstream/include/sycl/info/device_traits_deprecated.def:2:1: note: 'image_max_array_size' has been explicitly marked deprecated here
      2 | __SYCL_PARAM_TRAITS_DEPRECATED(image_max_array_size,"support for image arrays has been removed in SYCL 2020")
        | ^
  /home/edgeai/downstream/include/sycl/info/info_desc.hpp:128:10: note: expanded from macro '__SYCL_PARAM_TRAITS_DEPRECATED'
    128 |   struct __SYCL_DEPRECATED(Message) Desc;
        |          ^
  /home/edgeai/downstream/include/sycl/detail/defines_elementary.hpp:53:38: note: expanded from macro '__SYCL_DEPRECATED'
     53 | #define __SYCL_DEPRECATED(message) [[deprecated(message)]]
        |                                      ^
  In file included from /home/edgeai/esimd_learning/csrc/xpu/esimd_kernel.sycl:1:
  In file included from /home/edgeai/downstream/lib/python3.12/site-packages/torch/include/ATen/ATen.h:8:
  In file included from /home/edgeai/downstream/lib/python3.12/site-packages/torch/include/ATen/Context.h:5:
  In file included from /home/edgeai/downstream/lib/python3.12/site-packages/torch/include/ATen/CPUGeneratorImpl.h:4:
  In file included from /home/edgeai/downstream/lib/python3.12/site-packages/torch/include/ATen/core/Generator.h:19:
  In file included from /home/edgeai/downstream/lib/python3.12/site-packages/torch/include/c10/core/GeneratorImpl.h:9:
  In file included from /home/edgeai/downstream/lib/python3.12/site-packages/torch/include/c10/core/TensorImpl.h:12:
  In file included from /home/edgeai/downstream/lib/python3.12/site-packages/torch/include/c10/core/ScalarType.h:4:
  In file included from /home/edgeai/downstream/lib/python3.12/site-packages/torch/include/c10/util/BFloat16.h:2:
  In file included from /home/edgeai/downstream/lib/python3.12/site-packages/torch/include/torch/headeronly/util/BFloat16.h:22:
  In file included from /home/edgeai/downstream/include/sycl/sycl.hpp:49:
  In file included from /home/edgeai/downstream/include/sycl/detail/core.hpp:21:
  In file included from /home/edgeai/downstream/include/sycl/accessor.hpp:32:
  In file included from /home/edgeai/downstream/include/sycl/properties/buffer_properties.hpp:11:
  In file included from /home/edgeai/downstream/include/sycl/context.hpp:15:
  In file included from /home/edgeai/downstream/include/sycl/detail/info_desc_helpers.hpp:103:
  /home/edgeai/downstream/include/sycl/info/device_traits.def:203:1: warning: 'opencl_c_version' is deprecated: use device::get_info instead [-Wdeprecated-declarations]
    203 | __SYCL_PARAM_TRAITS_SPEC(device, opencl_c_version, std::string, __SYCL_TRAIT_HANDLED_IN_RT)
        | ^
  /home/edgeai/downstream/include/sycl/detail/info_desc_helpers.hpp:98:45: note: expanded from macro '__SYCL_PARAM_TRAITS_SPEC'
     98 |     using return_type = info::DescType::Desc::return_type;                     \
        |                                             ^
  /home/edgeai/downstream/include/sycl/info/device_traits_deprecated.def:3:1: note: 'opencl_c_version' has been explicitly marked deprecated here
      3 | __SYCL_PARAM_TRAITS_DEPRECATED(opencl_c_version,"use device::get_info instead")
        | ^
  /home/edgeai/downstream/include/sycl/info/info_desc.hpp:128:10: note: expanded from macro '__SYCL_PARAM_TRAITS_DEPRECATED'
    128 |   struct __SYCL_DEPRECATED(Message) Desc;
        |          ^
  /home/edgeai/downstream/include/sycl/detail/defines_elementary.hpp:53:38: note: expanded from macro '__SYCL_DEPRECATED'
     53 | #define __SYCL_DEPRECATED(message) [[deprecated(message)]]
        |                                      ^
  In file included from /home/edgeai/esimd_learning/csrc/xpu/esimd_kernel.sycl:1:
  In file included from /home/edgeai/downstream/lib/python3.12/site-packages/torch/include/ATen/ATen.h:8:
  In file included from /home/edgeai/downstream/lib/python3.12/site-packages/torch/include/ATen/Context.h:5:
  In file included from /home/edgeai/downstream/lib/python3.12/site-packages/torch/include/ATen/CPUGeneratorImpl.h:4:
  In file included from /home/edgeai/downstream/lib/python3.12/site-packages/torch/include/ATen/core/Generator.h:19:
  In file included from /home/edgeai/downstream/lib/python3.12/site-packages/torch/include/c10/core/GeneratorImpl.h:9:
  In file included from /home/edgeai/downstream/lib/python3.12/site-packages/torch/include/c10/core/TensorImpl.h:12:
  In file included from /home/edgeai/downstream/lib/python3.12/site-packages/torch/include/c10/core/ScalarType.h:4:
  In file included from /home/edgeai/downstream/lib/python3.12/site-packages/torch/include/c10/util/BFloat16.h:2:
  In file included from /home/edgeai/downstream/lib/python3.12/site-packages/torch/include/torch/headeronly/util/BFloat16.h:22:
  In file included from /home/edgeai/downstream/include/sycl/sycl.hpp:49:
  In file included from /home/edgeai/downstream/include/sycl/detail/core.hpp:21:
  In file included from /home/edgeai/downstream/include/sycl/accessor.hpp:32:
  In file included from /home/edgeai/downstream/include/sycl/properties/buffer_properties.hpp:11:
  In file included from /home/edgeai/downstream/include/sycl/context.hpp:15:
  In file included from /home/edgeai/downstream/include/sycl/detail/info_desc_helpers.hpp:103:
  /home/edgeai/downstream/include/sycl/info/device_traits.def:214:1: warning: 'ext_intel_pci_address' is deprecated: use ext::intel::info::device::pci_address instead [-Wdeprecated-declarations]
    214 | __SYCL_PARAM_TRAITS_SPEC(device, ext_intel_pci_address, std::string,
        | ^
  /home/edgeai/downstream/include/sycl/detail/info_desc_helpers.hpp:98:45: note: expanded from macro '__SYCL_PARAM_TRAITS_SPEC'
     98 |     using return_type = info::DescType::Desc::return_type;                     \
        |                                             ^
  /home/edgeai/downstream/include/sycl/info/device_traits_deprecated.def:7:1: note: 'ext_intel_pci_address' has been explicitly marked deprecated here
      7 | __SYCL_PARAM_TRAITS_DEPRECATED(ext_intel_pci_address,"use ext::intel::info::device::pci_address instead")
        | ^
  /home/edgeai/downstream/include/sycl/info/info_desc.hpp:128:10: note: expanded from macro '__SYCL_PARAM_TRAITS_DEPRECATED'
    128 |   struct __SYCL_DEPRECATED(Message) Desc;
        |          ^
  /home/edgeai/downstream/include/sycl/detail/defines_elementary.hpp:53:38: note: expanded from macro '__SYCL_DEPRECATED'
     53 | #define __SYCL_DEPRECATED(message) [[deprecated(message)]]
        |                                      ^
  In file included from /home/edgeai/esimd_learning/csrc/xpu/esimd_kernel.sycl:1:
  In file included from /home/edgeai/downstream/lib/python3.12/site-packages/torch/include/ATen/ATen.h:8:
  In file included from /home/edgeai/downstream/lib/python3.12/site-packages/torch/include/ATen/Context.h:5:
  In file included from /home/edgeai/downstream/lib/python3.12/site-packages/torch/include/ATen/CPUGeneratorImpl.h:4:
  In file included from /home/edgeai/downstream/lib/python3.12/site-packages/torch/include/ATen/core/Generator.h:19:
  In file included from /home/edgeai/downstream/lib/python3.12/site-packages/torch/include/c10/core/GeneratorImpl.h:9:
  In file included from /home/edgeai/downstream/lib/python3.12/site-packages/torch/include/c10/core/TensorImpl.h:12:
  In file included from /home/edgeai/downstream/lib/python3.12/site-packages/torch/include/c10/core/ScalarType.h:4:
  In file included from /home/edgeai/downstream/lib/python3.12/site-packages/torch/include/c10/util/BFloat16.h:2:
  In file included from /home/edgeai/downstream/lib/python3.12/site-packages/torch/include/torch/headeronly/util/BFloat16.h:22:
  In file included from /home/edgeai/downstream/include/sycl/sycl.hpp:49:
  In file included from /home/edgeai/downstream/include/sycl/detail/core.hpp:21:
  In file included from /home/edgeai/downstream/include/sycl/accessor.hpp:32:
  In file included from /home/edgeai/downstream/include/sycl/properties/buffer_properties.hpp:11:
  In file included from /home/edgeai/downstream/include/sycl/context.hpp:15:
  In file included from /home/edgeai/downstream/include/sycl/detail/info_desc_helpers.hpp:103:
  /home/edgeai/downstream/include/sycl/info/device_traits.def:216:1: warning: 'ext_intel_gpu_eu_count' is deprecated: use ext::intel::info::device::gpu_eu_count instead [-Wdeprecated-declarations]
    216 | __SYCL_PARAM_TRAITS_SPEC(device, ext_intel_gpu_eu_count, uint32_t,
        | ^
  /home/edgeai/downstream/include/sycl/detail/info_desc_helpers.hpp:98:45: note: expanded from macro '__SYCL_PARAM_TRAITS_SPEC'
     98 |     using return_type = info::DescType::Desc::return_type;                     \
        |                                             ^
  /home/edgeai/downstream/include/sycl/info/device_traits_deprecated.def:8:1: note: 'ext_intel_gpu_eu_count' has been explicitly marked deprecated here
      8 | __SYCL_PARAM_TRAITS_DEPRECATED(ext_intel_gpu_eu_count,"use ext::intel::info::device::gpu_eu_count instead")
        | ^
  /home/edgeai/downstream/include/sycl/info/info_desc.hpp:128:10: note: expanded from macro '__SYCL_PARAM_TRAITS_DEPRECATED'
    128 |   struct __SYCL_DEPRECATED(Message) Desc;
        |          ^
  /home/edgeai/downstream/include/sycl/detail/defines_elementary.hpp:53:38: note: expanded from macro '__SYCL_DEPRECATED'
     53 | #define __SYCL_DEPRECATED(message) [[deprecated(message)]]
        |                                      ^
  In file included from /home/edgeai/esimd_learning/csrc/xpu/esimd_kernel.sycl:1:
  In file included from /home/edgeai/downstream/lib/python3.12/site-packages/torch/include/ATen/ATen.h:8:
  In file included from /home/edgeai/downstream/lib/python3.12/site-packages/torch/include/ATen/Context.h:5:
  In file included from /home/edgeai/downstream/lib/python3.12/site-packages/torch/include/ATen/CPUGeneratorImpl.h:4:
  In file included from /home/edgeai/downstream/lib/python3.12/site-packages/torch/include/ATen/core/Generator.h:19:
  In file included from /home/edgeai/downstream/lib/python3.12/site-packages/torch/include/c10/core/GeneratorImpl.h:9:
  In file included from /home/edgeai/downstream/lib/python3.12/site-packages/torch/include/c10/core/TensorImpl.h:12:
  In file included from /home/edgeai/downstream/lib/python3.12/site-packages/torch/include/c10/core/ScalarType.h:4:
  In file included from /home/edgeai/downstream/lib/python3.12/site-packages/torch/include/c10/util/BFloat16.h:2:
  In file included from /home/edgeai/downstream/lib/python3.12/site-packages/torch/include/torch/headeronly/util/BFloat16.h:22:
  In file included from /home/edgeai/downstream/include/sycl/sycl.hpp:49:
  In file included from /home/edgeai/downstream/include/sycl/detail/core.hpp:21:
  In file included from /home/edgeai/downstream/include/sycl/accessor.hpp:32:
  In file included from /home/edgeai/downstream/include/sycl/properties/buffer_properties.hpp:11:
  In file included from /home/edgeai/downstream/include/sycl/context.hpp:15:
  In file included from /home/edgeai/downstream/include/sycl/detail/info_desc_helpers.hpp:103:
  /home/edgeai/downstream/include/sycl/info/device_traits.def:218:1: warning: 'ext_intel_gpu_eu_simd_width' is deprecated: use ext::intel::info::device::gpu_eu_simd_width instead [-Wdeprecated-declarations]
    218 | __SYCL_PARAM_TRAITS_SPEC(device, ext_intel_gpu_eu_simd_width, uint32_t,
        | ^
  /home/edgeai/downstream/include/sycl/detail/info_desc_helpers.hpp:98:45: note: expanded from macro '__SYCL_PARAM_TRAITS_SPEC'
     98 |     using return_type = info::DescType::Desc::return_type;                     \
        |                                             ^
  /home/edgeai/downstream/include/sycl/info/device_traits_deprecated.def:9:1: note: 'ext_intel_gpu_eu_simd_width' has been explicitly marked deprecated here
      9 | __SYCL_PARAM_TRAITS_DEPRECATED(ext_intel_gpu_eu_simd_width,"use ext::intel::info::device::gpu_eu_simd_width instead")
        | ^
  /home/edgeai/downstream/include/sycl/info/info_desc.hpp:128:10: note: expanded from macro '__SYCL_PARAM_TRAITS_DEPRECATED'
    128 |   struct __SYCL_DEPRECATED(Message) Desc;
        |          ^
  /home/edgeai/downstream/include/sycl/detail/defines_elementary.hpp:53:38: note: expanded from macro '__SYCL_DEPRECATED'
     53 | #define __SYCL_DEPRECATED(message) [[deprecated(message)]]
        |                                      ^
  In file included from /home/edgeai/esimd_learning/csrc/xpu/esimd_kernel.sycl:1:
  In file included from /home/edgeai/downstream/lib/python3.12/site-packages/torch/include/ATen/ATen.h:8:
  In file included from /home/edgeai/downstream/lib/python3.12/site-packages/torch/include/ATen/Context.h:5:
  In file included from /home/edgeai/downstream/lib/python3.12/site-packages/torch/include/ATen/CPUGeneratorImpl.h:4:
  In file included from /home/edgeai/downstream/lib/python3.12/site-packages/torch/include/ATen/core/Generator.h:19:
  In file included from /home/edgeai/downstream/lib/python3.12/site-packages/torch/include/c10/core/GeneratorImpl.h:9:
  In file included from /home/edgeai/downstream/lib/python3.12/site-packages/torch/include/c10/core/TensorImpl.h:12:
  In file included from /home/edgeai/downstream/lib/python3.12/site-packages/torch/include/c10/core/ScalarType.h:4:
  In file included from /home/edgeai/downstream/lib/python3.12/site-packages/torch/include/c10/util/BFloat16.h:2:
  In file included from /home/edgeai/downstream/lib/python3.12/site-packages/torch/include/torch/headeronly/util/BFloat16.h:22:
  In file included from /home/edgeai/downstream/include/sycl/sycl.hpp:49:
  In file included from /home/edgeai/downstream/include/sycl/detail/core.hpp:21:
  In file included from /home/edgeai/downstream/include/sycl/accessor.hpp:32:
  In file included from /home/edgeai/downstream/include/sycl/properties/buffer_properties.hpp:11:
  In file included from /home/edgeai/downstream/include/sycl/context.hpp:15:
  In file included from /home/edgeai/downstream/include/sycl/detail/info_desc_helpers.hpp:103:
  /home/edgeai/downstream/include/sycl/info/device_traits.def:220:1: warning: 'ext_intel_gpu_slices' is deprecated: use ext::intel::info::device::gpu_slices instead [-Wdeprecated-declarations]
    220 | __SYCL_PARAM_TRAITS_SPEC(device, ext_intel_gpu_slices, uint32_t,
        | ^
  /home/edgeai/downstream/include/sycl/detail/info_desc_helpers.hpp:98:45: note: expanded from macro '__SYCL_PARAM_TRAITS_SPEC'
     98 |     using return_type = info::DescType::Desc::return_type;                     \
        |                                             ^
  /home/edgeai/downstream/include/sycl/info/device_traits_deprecated.def:10:1: note: 'ext_intel_gpu_slices' has been explicitly marked deprecated here
     10 | __SYCL_PARAM_TRAITS_DEPRECATED(ext_intel_gpu_slices,"use ext::intel::info::device::gpu_slices instead")
        | ^
  /home/edgeai/downstream/include/sycl/info/info_desc.hpp:128:10: note: expanded from macro '__SYCL_PARAM_TRAITS_DEPRECATED'
    128 |   struct __SYCL_DEPRECATED(Message) Desc;
        |          ^
  /home/edgeai/downstream/include/sycl/detail/defines_elementary.hpp:53:38: note: expanded from macro '__SYCL_DEPRECATED'
     53 | #define __SYCL_DEPRECATED(message) [[deprecated(message)]]
        |                                      ^
  In file included from /home/edgeai/esimd_learning/csrc/xpu/esimd_kernel.sycl:1:
  In file included from /home/edgeai/downstream/lib/python3.12/site-packages/torch/include/ATen/ATen.h:8:
  In file included from /home/edgeai/downstream/lib/python3.12/site-packages/torch/include/ATen/Context.h:5:
  In file included from /home/edgeai/downstream/lib/python3.12/site-packages/torch/include/ATen/CPUGeneratorImpl.h:4:
  In file included from /home/edgeai/downstream/lib/python3.12/site-packages/torch/include/ATen/core/Generator.h:19:
  In file included from /home/edgeai/downstream/lib/python3.12/site-packages/torch/include/c10/core/GeneratorImpl.h:9:
  In file included from /home/edgeai/downstream/lib/python3.12/site-packages/torch/include/c10/core/TensorImpl.h:12:
  In file included from /home/edgeai/downstream/lib/python3.12/site-packages/torch/include/c10/core/ScalarType.h:4:
  In file included from /home/edgeai/downstream/lib/python3.12/site-packages/torch/include/c10/util/BFloat16.h:2:
  In file included from /home/edgeai/downstream/lib/python3.12/site-packages/torch/include/torch/headeronly/util/BFloat16.h:22:
  In file included from /home/edgeai/downstream/include/sycl/sycl.hpp:49:
  In file included from /home/edgeai/downstream/include/sycl/detail/core.hpp:21:
  In file included from /home/edgeai/downstream/include/sycl/accessor.hpp:32:
  In file included from /home/edgeai/downstream/include/sycl/properties/buffer_properties.hpp:11:
  In file included from /home/edgeai/downstream/include/sycl/context.hpp:15:
  In file included from /home/edgeai/downstream/include/sycl/detail/info_desc_helpers.hpp:103:
  /home/edgeai/downstream/include/sycl/info/device_traits.def:222:1: warning: 'ext_intel_gpu_subslices_per_slice' is deprecated: use ext::intel::info::device::gpu_subslices_per_slice instead [-Wdeprecated-declarations]
    222 | __SYCL_PARAM_TRAITS_SPEC(device, ext_intel_gpu_subslices_per_slice, uint32_t,
        | ^
  /home/edgeai/downstream/include/sycl/detail/info_desc_helpers.hpp:98:45: note: expanded from macro '__SYCL_PARAM_TRAITS_SPEC'
     98 |     using return_type = info::DescType::Desc::return_type;                     \
        |                                             ^
  /home/edgeai/downstream/include/sycl/info/device_traits_deprecated.def:11:1: note: 'ext_intel_gpu_subslices_per_slice' has been explicitly marked deprecated here
     11 | __SYCL_PARAM_TRAITS_DEPRECATED(ext_intel_gpu_subslices_per_slice,"use ext::intel::info::device::gpu_subslices_per_slice instead")
        | ^
  /home/edgeai/downstream/include/sycl/info/info_desc.hpp:128:10: note: expanded from macro '__SYCL_PARAM_TRAITS_DEPRECATED'
    128 |   struct __SYCL_DEPRECATED(Message) Desc;
        |          ^
  /home/edgeai/downstream/include/sycl/detail/defines_elementary.hpp:53:38: note: expanded from macro '__SYCL_DEPRECATED'
     53 | #define __SYCL_DEPRECATED(message) [[deprecated(message)]]
        |                                      ^
  In file included from /home/edgeai/esimd_learning/csrc/xpu/esimd_kernel.sycl:1:
  In file included from /home/edgeai/downstream/lib/python3.12/site-packages/torch/include/ATen/ATen.h:8:
  In file included from /home/edgeai/downstream/lib/python3.12/site-packages/torch/include/ATen/Context.h:5:
  In file included from /home/edgeai/downstream/lib/python3.12/site-packages/torch/include/ATen/CPUGeneratorImpl.h:4:
  In file included from /home/edgeai/downstream/lib/python3.12/site-packages/torch/include/ATen/core/Generator.h:19:
  In file included from /home/edgeai/downstream/lib/python3.12/site-packages/torch/include/c10/core/GeneratorImpl.h:9:
  In file included from /home/edgeai/downstream/lib/python3.12/site-packages/torch/include/c10/core/TensorImpl.h:12:
  In file included from /home/edgeai/downstream/lib/python3.12/site-packages/torch/include/c10/core/ScalarType.h:4:
  In file included from /home/edgeai/downstream/lib/python3.12/site-packages/torch/include/c10/util/BFloat16.h:2:
  In file included from /home/edgeai/downstream/lib/python3.12/site-packages/torch/include/torch/headeronly/util/BFloat16.h:22:
  In file included from /home/edgeai/downstream/include/sycl/sycl.hpp:49:
  In file included from /home/edgeai/downstream/include/sycl/detail/core.hpp:21:
  In file included from /home/edgeai/downstream/include/sycl/accessor.hpp:32:
  In file included from /home/edgeai/downstream/include/sycl/properties/buffer_properties.hpp:11:
  In file included from /home/edgeai/downstream/include/sycl/context.hpp:15:
  In file included from /home/edgeai/downstream/include/sycl/detail/info_desc_helpers.hpp:103:
  /home/edgeai/downstream/include/sycl/info/device_traits.def:226:1: warning: 'ext_intel_gpu_hw_threads_per_eu' is deprecated: use ext::intel::info::device::gpu_hw_threads_per_eu instead [-Wdeprecated-declarations]
    226 | __SYCL_PARAM_TRAITS_SPEC(device, ext_intel_gpu_hw_threads_per_eu, uint32_t,
        | ^
  /home/edgeai/downstream/include/sycl/detail/info_desc_helpers.hpp:98:45: note: expanded from macro '__SYCL_PARAM_TRAITS_SPEC'
     98 |     using return_type = info::DescType::Desc::return_type;                     \
        |                                             ^
  /home/edgeai/downstream/include/sycl/info/device_traits_deprecated.def:12:1: note: 'ext_intel_gpu_hw_threads_per_eu' has been explicitly marked deprecated here
     12 | __SYCL_PARAM_TRAITS_DEPRECATED(ext_intel_gpu_hw_threads_per_eu,"use ext::intel::info::device::gpu_hw_threads_per_eu instead")
        | ^
  /home/edgeai/downstream/include/sycl/info/info_desc.hpp:128:10: note: expanded from macro '__SYCL_PARAM_TRAITS_DEPRECATED'
    128 |   struct __SYCL_DEPRECATED(Message) Desc;
        |          ^
  /home/edgeai/downstream/include/sycl/detail/defines_elementary.hpp:53:38: note: expanded from macro '__SYCL_DEPRECATED'
     53 | #define __SYCL_DEPRECATED(message) [[deprecated(message)]]
        |                                      ^
  In file included from /home/edgeai/esimd_learning/csrc/xpu/esimd_kernel.sycl:1:
  In file included from /home/edgeai/downstream/lib/python3.12/site-packages/torch/include/ATen/ATen.h:8:
  In file included from /home/edgeai/downstream/lib/python3.12/site-packages/torch/include/ATen/Context.h:5:
  In file included from /home/edgeai/downstream/lib/python3.12/site-packages/torch/include/ATen/CPUGeneratorImpl.h:4:
  In file included from /home/edgeai/downstream/lib/python3.12/site-packages/torch/include/ATen/core/Generator.h:19:
  In file included from /home/edgeai/downstream/lib/python3.12/site-packages/torch/include/c10/core/GeneratorImpl.h:9:
  In file included from /home/edgeai/downstream/lib/python3.12/site-packages/torch/include/c10/core/TensorImpl.h:12:
  In file included from /home/edgeai/downstream/lib/python3.12/site-packages/torch/include/c10/core/ScalarType.h:4:
  In file included from /home/edgeai/downstream/lib/python3.12/site-packages/torch/include/c10/util/BFloat16.h:2:
  In file included from /home/edgeai/downstream/lib/python3.12/site-packages/torch/include/torch/headeronly/util/BFloat16.h:22:
  In file included from /home/edgeai/downstream/include/sycl/sycl.hpp:49:
  In file included from /home/edgeai/downstream/include/sycl/detail/core.hpp:21:
  In file included from /home/edgeai/downstream/include/sycl/accessor.hpp:32:
  In file included from /home/edgeai/downstream/include/sycl/properties/buffer_properties.hpp:11:
  In file included from /home/edgeai/downstream/include/sycl/context.hpp:15:
  In file included from /home/edgeai/downstream/include/sycl/detail/info_desc_helpers.hpp:103:
  /home/edgeai/downstream/include/sycl/info/device_traits.def:228:1: warning: 'ext_intel_device_info_uuid' is deprecated: use ext::intel::info::device::uuid instead [-Wdeprecated-declarations]
    228 | __SYCL_PARAM_TRAITS_SPEC(device, ext_intel_device_info_uuid, detail::uuid_type,
        | ^
  /home/edgeai/downstream/include/sycl/detail/info_desc_helpers.hpp:98:45: note: expanded from macro '__SYCL_PARAM_TRAITS_SPEC'
     98 |     using return_type = info::DescType::Desc::return_type;                     \
        |                                             ^
  /home/edgeai/downstream/include/sycl/info/device_traits_deprecated.def:13:1: note: 'ext_intel_device_info_uuid' has been explicitly marked deprecated here
     13 | __SYCL_PARAM_TRAITS_DEPRECATED(ext_intel_device_info_uuid,"use ext::intel::info::device::uuid instead")
        | ^
  /home/edgeai/downstream/include/sycl/info/info_desc.hpp:128:10: note: expanded from macro '__SYCL_PARAM_TRAITS_DEPRECATED'
    128 |   struct __SYCL_DEPRECATED(Message) Desc;
        |          ^
  /home/edgeai/downstream/include/sycl/detail/defines_elementary.hpp:53:38: note: expanded from macro '__SYCL_DEPRECATED'
     53 | #define __SYCL_DEPRECATED(message) [[deprecated(message)]]
        |                                      ^
  In file included from /home/edgeai/esimd_learning/csrc/xpu/esimd_kernel.sycl:1:
  In file included from /home/edgeai/downstream/lib/python3.12/site-packages/torch/include/ATen/ATen.h:8:
  In file included from /home/edgeai/downstream/lib/python3.12/site-packages/torch/include/ATen/Context.h:5:
  In file included from /home/edgeai/downstream/lib/python3.12/site-packages/torch/include/ATen/CPUGeneratorImpl.h:4:
  In file included from /home/edgeai/downstream/lib/python3.12/site-packages/torch/include/ATen/core/Generator.h:19:
  In file included from /home/edgeai/downstream/lib/python3.12/site-packages/torch/include/c10/core/GeneratorImpl.h:9:
  In file included from /home/edgeai/downstream/lib/python3.12/site-packages/torch/include/c10/core/TensorImpl.h:12:
  In file included from /home/edgeai/downstream/lib/python3.12/site-packages/torch/include/c10/core/ScalarType.h:4:
  In file included from /home/edgeai/downstream/lib/python3.12/site-packages/torch/include/c10/util/BFloat16.h:2:
  In file included from /home/edgeai/downstream/lib/python3.12/site-packages/torch/include/torch/headeronly/util/BFloat16.h:22:
  In file included from /home/edgeai/downstream/include/sycl/sycl.hpp:49:
  In file included from /home/edgeai/downstream/include/sycl/detail/core.hpp:21:
  In file included from /home/edgeai/downstream/include/sycl/accessor.hpp:32:
  In file included from /home/edgeai/downstream/include/sycl/properties/buffer_properties.hpp:11:
  In file included from /home/edgeai/downstream/include/sycl/context.hpp:15:
  In file included from /home/edgeai/downstream/include/sycl/detail/info_desc_helpers.hpp:103:
  /home/edgeai/downstream/include/sycl/info/device_traits.def:230:1: warning: 'ext_intel_max_mem_bandwidth' is deprecated: use ext::intel::info::device::max_mem_bandwidth instead [-Wdeprecated-declarations]
    230 | __SYCL_PARAM_TRAITS_SPEC(device, ext_intel_max_mem_bandwidth, uint64_t,
        | ^
  /home/edgeai/downstream/include/sycl/detail/info_desc_helpers.hpp:98:45: note: expanded from macro '__SYCL_PARAM_TRAITS_SPEC'
     98 |     using return_type = info::DescType::Desc::return_type;                     \
        |                                             ^
  /home/edgeai/downstream/include/sycl/info/device_traits_deprecated.def:14:1: note: 'ext_intel_max_mem_bandwidth' has been explicitly marked deprecated here
     14 | __SYCL_PARAM_TRAITS_DEPRECATED(ext_intel_max_mem_bandwidth,"use ext::intel::info::device::max_mem_bandwidth instead")
        | ^
  /home/edgeai/downstream/include/sycl/info/info_desc.hpp:128:10: note: expanded from macro '__SYCL_PARAM_TRAITS_DEPRECATED'
    128 |   struct __SYCL_DEPRECATED(Message) Desc;
        |          ^
  /home/edgeai/downstream/include/sycl/detail/defines_elementary.hpp:53:38: note: expanded from macro '__SYCL_DEPRECATED'
     53 | #define __SYCL_DEPRECATED(message) [[deprecated(message)]]
        |                                      ^
  In file included from /home/edgeai/esimd_learning/csrc/xpu/esimd_kernel.sycl:1:
  In file included from /home/edgeai/downstream/lib/python3.12/site-packages/torch/include/ATen/ATen.h:8:
  In file included from /home/edgeai/downstream/lib/python3.12/site-packages/torch/include/ATen/Context.h:5:
  In file included from /home/edgeai/downstream/lib/python3.12/site-packages/torch/include/ATen/CPUGeneratorImpl.h:4:
  In file included from /home/edgeai/downstream/lib/python3.12/site-packages/torch/include/ATen/core/Generator.h:19:
  In file included from /home/edgeai/downstream/lib/python3.12/site-packages/torch/include/c10/core/GeneratorImpl.h:9:
  In file included from /home/edgeai/downstream/lib/python3.12/site-packages/torch/include/c10/core/TensorImpl.h:12:
  In file included from /home/edgeai/downstream/lib/python3.12/site-packages/torch/include/c10/core/ScalarType.h:4:
  In file included from /home/edgeai/downstream/lib/python3.12/site-packages/torch/include/c10/util/BFloat16.h:2:
  In file included from /home/edgeai/downstream/lib/python3.12/site-packages/torch/include/torch/headeronly/util/BFloat16.h:22:
  In file included from /home/edgeai/downstream/include/sycl/sycl.hpp:49:
  In file included from /home/edgeai/downstream/include/sycl/detail/core.hpp:21:
  In file included from /home/edgeai/downstream/include/sycl/accessor.hpp:32:
  In file included from /home/edgeai/downstream/include/sycl/properties/buffer_properties.hpp:11:
  In file included from /home/edgeai/downstream/include/sycl/context.hpp:15:
  In file included from /home/edgeai/downstream/include/sycl/detail/info_desc_helpers.hpp:103:
  /home/edgeai/downstream/include/sycl/info/device_traits.def:233:1: warning: 'ext_oneapi_max_work_groups_1d' is deprecated: use ext::oneapi::experimental::info::device::max_work_groups<1> instead [-Wdeprecated-declarations]
    233 | __SYCL_PARAM_TRAITS_SPEC(device, ext_oneapi_max_work_groups_1d, id<1>, __SYCL_TRAIT_HANDLED_IN_RT)
        | ^
  /home/edgeai/downstream/include/sycl/detail/info_desc_helpers.hpp:98:45: note: expanded from macro '__SYCL_PARAM_TRAITS_SPEC'
     98 |     using return_type = info::DescType::Desc::return_type;                     \
        |                                             ^
  /home/edgeai/downstream/include/sycl/info/device_traits_deprecated.def:15:1: note: 'ext_oneapi_max_work_groups_1d' has been explicitly marked deprecated here
     15 | __SYCL_PARAM_TRAITS_DEPRECATED(ext_oneapi_max_work_groups_1d,"use ext::oneapi::experimental::info::device::max_work_groups<1> instead")
        | ^
  /home/edgeai/downstream/include/sycl/info/info_desc.hpp:128:10: note: expanded from macro '__SYCL_PARAM_TRAITS_DEPRECATED'
    128 |   struct __SYCL_DEPRECATED(Message) Desc;
        |          ^
  /home/edgeai/downstream/include/sycl/detail/defines_elementary.hpp:53:38: note: expanded from macro '__SYCL_DEPRECATED'
     53 | #define __SYCL_DEPRECATED(message) [[deprecated(message)]]
        |                                      ^
  In file included from /home/edgeai/esimd_learning/csrc/xpu/esimd_kernel.sycl:1:
  In file included from /home/edgeai/downstream/lib/python3.12/site-packages/torch/include/ATen/ATen.h:8:
  In file included from /home/edgeai/downstream/lib/python3.12/site-packages/torch/include/ATen/Context.h:5:
  In file included from /home/edgeai/downstream/lib/python3.12/site-packages/torch/include/ATen/CPUGeneratorImpl.h:4:
  In file included from /home/edgeai/downstream/lib/python3.12/site-packages/torch/include/ATen/core/Generator.h:19:
  In file included from /home/edgeai/downstream/lib/python3.12/site-packages/torch/include/c10/core/GeneratorImpl.h:9:
  In file included from /home/edgeai/downstream/lib/python3.12/site-packages/torch/include/c10/core/TensorImpl.h:12:
  In file included from /home/edgeai/downstream/lib/python3.12/site-packages/torch/include/c10/core/ScalarType.h:4:
  In file included from /home/edgeai/downstream/lib/python3.12/site-packages/torch/include/c10/util/BFloat16.h:2:
  In file included from /home/edgeai/downstream/lib/python3.12/site-packages/torch/include/torch/headeronly/util/BFloat16.h:22:
  In file included from /home/edgeai/downstream/include/sycl/sycl.hpp:49:
  In file included from /home/edgeai/downstream/include/sycl/detail/core.hpp:21:
  In file included from /home/edgeai/downstream/include/sycl/accessor.hpp:32:
  In file included from /home/edgeai/downstream/include/sycl/properties/buffer_properties.hpp:11:
  In file included from /home/edgeai/downstream/include/sycl/context.hpp:15:
  In file included from /home/edgeai/downstream/include/sycl/detail/info_desc_helpers.hpp:103:
  /home/edgeai/downstream/include/sycl/info/device_traits.def:234:1: warning: 'ext_oneapi_max_work_groups_2d' is deprecated: use ext::oneapi::experimental::info::device::max_work_groups<2> instead [-Wdeprecated-declarations]
    234 | __SYCL_PARAM_TRAITS_SPEC(device, ext_oneapi_max_work_groups_2d, id<2>, __SYCL_TRAIT_HANDLED_IN_RT)
        | ^
  /home/edgeai/downstream/include/sycl/detail/info_desc_helpers.hpp:98:45: note: expanded from macro '__SYCL_PARAM_TRAITS_SPEC'
     98 |     using return_type = info::DescType::Desc::return_type;                     \
        |                                             ^
  /home/edgeai/downstream/include/sycl/info/device_traits_deprecated.def:16:1: note: 'ext_oneapi_max_work_groups_2d' has been explicitly marked deprecated here
     16 | __SYCL_PARAM_TRAITS_DEPRECATED(ext_oneapi_max_work_groups_2d,"use ext::oneapi::experimental::info::device::max_work_groups<2> instead")
        | ^
  /home/edgeai/downstream/include/sycl/info/info_desc.hpp:128:10: note: expanded from macro '__SYCL_PARAM_TRAITS_DEPRECATED'
    128 |   struct __SYCL_DEPRECATED(Message) Desc;
        |          ^
  /home/edgeai/downstream/include/sycl/detail/defines_elementary.hpp:53:38: note: expanded from macro '__SYCL_DEPRECATED'
     53 | #define __SYCL_DEPRECATED(message) [[deprecated(message)]]
        |                                      ^
  In file included from /home/edgeai/esimd_learning/csrc/xpu/esimd_kernel.sycl:1:
  In file included from /home/edgeai/downstream/lib/python3.12/site-packages/torch/include/ATen/ATen.h:8:
  In file included from /home/edgeai/downstream/lib/python3.12/site-packages/torch/include/ATen/Context.h:5:
  In file included from /home/edgeai/downstream/lib/python3.12/site-packages/torch/include/ATen/CPUGeneratorImpl.h:4:
  In file included from /home/edgeai/downstream/lib/python3.12/site-packages/torch/include/ATen/core/Generator.h:19:
  In file included from /home/edgeai/downstream/lib/python3.12/site-packages/torch/include/c10/core/GeneratorImpl.h:9:
  In file included from /home/edgeai/downstream/lib/python3.12/site-packages/torch/include/c10/core/TensorImpl.h:12:
  In file included from /home/edgeai/downstream/lib/python3.12/site-packages/torch/include/c10/core/ScalarType.h:4:
  In file included from /home/edgeai/downstream/lib/python3.12/site-packages/torch/include/c10/util/BFloat16.h:2:
  In file included from /home/edgeai/downstream/lib/python3.12/site-packages/torch/include/torch/headeronly/util/BFloat16.h:22:
  In file included from /home/edgeai/downstream/include/sycl/sycl.hpp:49:
  In file included from /home/edgeai/downstream/include/sycl/detail/core.hpp:21:
  In file included from /home/edgeai/downstream/include/sycl/accessor.hpp:32:
  In file included from /home/edgeai/downstream/include/sycl/properties/buffer_properties.hpp:11:
  In file included from /home/edgeai/downstream/include/sycl/context.hpp:15:
  In file included from /home/edgeai/downstream/include/sycl/detail/info_desc_helpers.hpp:103:
  /home/edgeai/downstream/include/sycl/info/device_traits.def:235:1: warning: 'ext_oneapi_max_work_groups_3d' is deprecated: use ext::oneapi::experimental::info::device::max_work_groups<3> instead [-Wdeprecated-declarations]
    235 | __SYCL_PARAM_TRAITS_SPEC(device, ext_oneapi_max_work_groups_3d, id<3>,
        | ^
  /home/edgeai/downstream/include/sycl/detail/info_desc_helpers.hpp:98:45: note: expanded from macro '__SYCL_PARAM_TRAITS_SPEC'
     98 |     using return_type = info::DescType::Desc::return_type;                     \
        |                                             ^
  /home/edgeai/downstream/include/sycl/info/device_traits_deprecated.def:17:1: note: 'ext_oneapi_max_work_groups_3d' has been explicitly marked deprecated here
     17 | __SYCL_PARAM_TRAITS_DEPRECATED(ext_oneapi_max_work_groups_3d,"use ext::oneapi::experimental::info::device::max_work_groups<3> instead")
        | ^
  /home/edgeai/downstream/include/sycl/info/info_desc.hpp:128:10: note: expanded from macro '__SYCL_PARAM_TRAITS_DEPRECATED'
    128 |   struct __SYCL_DEPRECATED(Message) Desc;
        |          ^
  /home/edgeai/downstream/include/sycl/detail/defines_elementary.hpp:53:38: note: expanded from macro '__SYCL_DEPRECATED'
     53 | #define __SYCL_DEPRECATED(message) [[deprecated(message)]]
        |                                      ^
  In file included from /home/edgeai/esimd_learning/csrc/xpu/esimd_kernel.sycl:1:
  In file included from /home/edgeai/downstream/lib/python3.12/site-packages/torch/include/ATen/ATen.h:8:
  In file included from /home/edgeai/downstream/lib/python3.12/site-packages/torch/include/ATen/Context.h:5:
  In file included from /home/edgeai/downstream/lib/python3.12/site-packages/torch/include/ATen/CPUGeneratorImpl.h:4:
  In file included from /home/edgeai/downstream/lib/python3.12/site-packages/torch/include/ATen/core/Generator.h:19:
  In file included from /home/edgeai/downstream/lib/python3.12/site-packages/torch/include/c10/core/GeneratorImpl.h:9:
  In file included from /home/edgeai/downstream/lib/python3.12/site-packages/torch/include/c10/core/TensorImpl.h:12:
  In file included from /home/edgeai/downstream/lib/python3.12/site-packages/torch/include/c10/core/ScalarType.h:4:
  In file included from /home/edgeai/downstream/lib/python3.12/site-packages/torch/include/c10/util/BFloat16.h:2:
  In file included from /home/edgeai/downstream/lib/python3.12/site-packages/torch/include/torch/headeronly/util/BFloat16.h:22:
  In file included from /home/edgeai/downstream/include/sycl/sycl.hpp:49:
  In file included from /home/edgeai/downstream/include/sycl/detail/core.hpp:21:
  In file included from /home/edgeai/downstream/include/sycl/accessor.hpp:32:
  In file included from /home/edgeai/downstream/include/sycl/properties/buffer_properties.hpp:11:
  In file included from /home/edgeai/downstream/include/sycl/context.hpp:15:
  In file included from /home/edgeai/downstream/include/sycl/detail/info_desc_helpers.hpp:103:
  /home/edgeai/downstream/include/sycl/info/device_traits.def:237:1: warning: 'ext_oneapi_max_global_work_groups' is deprecated: use ext::oneapi::experimental::info::device::max_global_work_groups instead [-Wdeprecated-declarations]
    237 | __SYCL_PARAM_TRAITS_SPEC(device, ext_oneapi_max_global_work_groups, size_t, __SYCL_TRAIT_HANDLED_IN_RT)
        | ^
  /home/edgeai/downstream/include/sycl/detail/info_desc_helpers.hpp:98:45: note: expanded from macro '__SYCL_PARAM_TRAITS_SPEC'
     98 |     using return_type = info::DescType::Desc::return_type;                     \
        |                                             ^
  /home/edgeai/downstream/include/sycl/info/device_traits_deprecated.def:18:1: note: 'ext_oneapi_max_global_work_groups' has been explicitly marked deprecated here
     18 | __SYCL_PARAM_TRAITS_DEPRECATED(ext_oneapi_max_global_work_groups,"use ext::oneapi::experimental::info::device::max_global_work_groups instead")
        | ^
  /home/edgeai/downstream/include/sycl/info/info_desc.hpp:128:10: note: expanded from macro '__SYCL_PARAM_TRAITS_DEPRECATED'
    128 |   struct __SYCL_DEPRECATED(Message) Desc;
        |          ^
  /home/edgeai/downstream/include/sycl/detail/defines_elementary.hpp:53:38: note: expanded from macro '__SYCL_DEPRECATED'
     53 | #define __SYCL_DEPRECATED(message) [[deprecated(message)]]
        |                                      ^
  In file included from /home/edgeai/esimd_learning/csrc/xpu/esimd_kernel.sycl:1:
  In file included from /home/edgeai/downstream/lib/python3.12/site-packages/torch/include/ATen/ATen.h:8:
  In file included from /home/edgeai/downstream/lib/python3.12/site-packages/torch/include/ATen/Context.h:5:
  In file included from /home/edgeai/downstream/lib/python3.12/site-packages/torch/include/ATen/CPUGeneratorImpl.h:4:
  In file included from /home/edgeai/downstream/lib/python3.12/site-packages/torch/include/ATen/core/Generator.h:19:
  In file included from /home/edgeai/downstream/lib/python3.12/site-packages/torch/include/c10/core/GeneratorImpl.h:9:
  In file included from /home/edgeai/downstream/lib/python3.12/site-packages/torch/include/c10/core/TensorImpl.h:12:
  In file included from /home/edgeai/downstream/lib/python3.12/site-packages/torch/include/c10/core/ScalarType.h:4:
  In file included from /home/edgeai/downstream/lib/python3.12/site-packages/torch/include/c10/util/BFloat16.h:2:
  In file included from /home/edgeai/downstream/lib/python3.12/site-packages/torch/include/torch/headeronly/util/BFloat16.h:22:
  In file included from /home/edgeai/downstream/include/sycl/sycl.hpp:49:
  In file included from /home/edgeai/downstream/include/sycl/detail/core.hpp:21:
  /home/edgeai/downstream/include/sycl/accessor.hpp:305:69: warning: 'host_buffer' is deprecated: use 'host_accessor' instead [-Wdeprecated-declarations]
    305 |   constexpr static bool IsHostBuf = AccessTarget == access::target::host_buffer;
        |                                                                     ^
  /home/edgeai/downstream/include/sycl/access/access.hpp:27:15: note: 'host_buffer' has been explicitly marked deprecated here
     27 |   host_buffer __SYCL2020_DEPRECATED("use 'host_accessor' instead") = 2018,
        |               ^
  /home/edgeai/downstream/include/sycl/detail/defines_elementary.hpp:62:40: note: expanded from macro '__SYCL2020_DEPRECATED'
     62 | #define __SYCL2020_DEPRECATED(message) __SYCL_DEPRECATED(message)
        |                                        ^
  /home/edgeai/downstream/include/sycl/detail/defines_elementary.hpp:53:38: note: expanded from macro '__SYCL_DEPRECATED'
     53 | #define __SYCL_DEPRECATED(message) [[deprecated(message)]]
        |                                      ^
  In file included from /home/edgeai/esimd_learning/csrc/xpu/esimd_kernel.sycl:1:
  In file included from /home/edgeai/downstream/lib/python3.12/site-packages/torch/include/ATen/ATen.h:8:
  In file included from /home/edgeai/downstream/lib/python3.12/site-packages/torch/include/ATen/Context.h:5:
  In file included from /home/edgeai/downstream/lib/python3.12/site-packages/torch/include/ATen/CPUGeneratorImpl.h:4:
  In file included from /home/edgeai/downstream/lib/python3.12/site-packages/torch/include/ATen/core/Generator.h:19:
  In file included from /home/edgeai/downstream/lib/python3.12/site-packages/torch/include/c10/core/GeneratorImpl.h:9:
  In file included from /home/edgeai/downstream/lib/python3.12/site-packages/torch/include/c10/core/TensorImpl.h:12:
  In file included from /home/edgeai/downstream/lib/python3.12/site-packages/torch/include/c10/core/ScalarType.h:4:
  In file included from /home/edgeai/downstream/lib/python3.12/site-packages/torch/include/c10/util/BFloat16.h:2:
  In file included from /home/edgeai/downstream/lib/python3.12/site-packages/torch/include/torch/headeronly/util/BFloat16.h:22:
  In file included from /home/edgeai/downstream/include/sycl/sycl.hpp:49:
  In file included from /home/edgeai/downstream/include/sycl/detail/core.hpp:21:
  /home/edgeai/downstream/include/sycl/accessor.hpp:323:39: warning: 'global_buffer' is deprecated: use 'target::device' instead [-Wdeprecated-declarations]
    323 |       AccessTarget == access::target::global_buffer;
        |                                       ^
  /home/edgeai/downstream/include/sycl/access/access.hpp:23:17: note: 'global_buffer' has been explicitly marked deprecated here
     23 |   global_buffer __SYCL2020_DEPRECATED("use 'target::device' instead") = device,
        |                 ^
  /home/edgeai/downstream/include/sycl/detail/defines_elementary.hpp:62:40: note: expanded from macro '__SYCL2020_DEPRECATED'
     62 | #define __SYCL2020_DEPRECATED(message) __SYCL_DEPRECATED(message)
        |                                        ^
  /home/edgeai/downstream/include/sycl/detail/defines_elementary.hpp:53:38: note: expanded from macro '__SYCL_DEPRECATED'
     53 | #define __SYCL_DEPRECATED(message) [[deprecated(message)]]
        |                                      ^
  In file included from /home/edgeai/esimd_learning/csrc/xpu/esimd_kernel.sycl:1:
  In file included from /home/edgeai/downstream/lib/python3.12/site-packages/torch/include/ATen/ATen.h:8:
  In file included from /home/edgeai/downstream/lib/python3.12/site-packages/torch/include/ATen/Context.h:5:
  In file included from /home/edgeai/downstream/lib/python3.12/site-packages/torch/include/ATen/CPUGeneratorImpl.h:4:
  In file included from /home/edgeai/downstream/lib/python3.12/site-packages/torch/include/ATen/core/Generator.h:19:
  In file included from /home/edgeai/downstream/lib/python3.12/site-packages/torch/include/c10/core/GeneratorImpl.h:9:
  In file included from /home/edgeai/downstream/lib/python3.12/site-packages/torch/include/c10/core/TensorImpl.h:12:
  In file included from /home/edgeai/downstream/lib/python3.12/site-packages/torch/include/c10/core/ScalarType.h:4:
  In file included from /home/edgeai/downstream/lib/python3.12/site-packages/torch/include/c10/util/BFloat16.h:2:
  In file included from /home/edgeai/downstream/lib/python3.12/site-packages/torch/include/torch/headeronly/util/BFloat16.h:22:
  In file included from /home/edgeai/downstream/include/sycl/sycl.hpp:49:
  In file included from /home/edgeai/downstream/include/sycl/detail/core.hpp:21:
  /home/edgeai/downstream/include/sycl/accessor.hpp:326:39: warning: 'constant_buffer' is deprecated: use 'target::device' instead [-Wdeprecated-declarations]
    326 |       AccessTarget == access::target::constant_buffer;
        |                                       ^
  /home/edgeai/downstream/include/sycl/access/access.hpp:24:19: note: 'constant_buffer' has been explicitly marked deprecated here
     24 |   constant_buffer __SYCL2020_DEPRECATED("use 'target::device' instead") = 2015,
        |                   ^
  /home/edgeai/downstream/include/sycl/detail/defines_elementary.hpp:62:40: note: expanded from macro '__SYCL2020_DEPRECATED'
     62 | #define __SYCL2020_DEPRECATED(message) __SYCL_DEPRECATED(message)
        |                                        ^
  /home/edgeai/downstream/include/sycl/detail/defines_elementary.hpp:53:38: note: expanded from macro '__SYCL_DEPRECATED'
     53 | #define __SYCL_DEPRECATED(message) [[deprecated(message)]]
        |                                      ^
  In file included from /home/edgeai/esimd_learning/csrc/xpu/esimd_kernel.sycl:1:
  In file included from /home/edgeai/downstream/lib/python3.12/site-packages/torch/include/ATen/ATen.h:8:
  In file included from /home/edgeai/downstream/lib/python3.12/site-packages/torch/include/ATen/Context.h:5:
  In file included from /home/edgeai/downstream/lib/python3.12/site-packages/torch/include/ATen/CPUGeneratorImpl.h:4:
  In file included from /home/edgeai/downstream/lib/python3.12/site-packages/torch/include/ATen/core/Generator.h:19:
  In file included from /home/edgeai/downstream/lib/python3.12/site-packages/torch/include/c10/core/GeneratorImpl.h:9:
  In file included from /home/edgeai/downstream/lib/python3.12/site-packages/torch/include/c10/core/TensorImpl.h:12:
  In file included from /home/edgeai/downstream/lib/python3.12/site-packages/torch/include/c10/core/ScalarType.h:4:
  In file included from /home/edgeai/downstream/lib/python3.12/site-packages/torch/include/c10/util/BFloat16.h:2:
  In file included from /home/edgeai/downstream/lib/python3.12/site-packages/torch/include/torch/headeronly/util/BFloat16.h:22:
  In file included from /home/edgeai/downstream/include/sycl/sycl.hpp:49:
  In file included from /home/edgeai/downstream/include/sycl/detail/core.hpp:21:
  /home/edgeai/downstream/include/sycl/accessor.hpp:416:55: warning: 'constant_buffer' is deprecated: use 'target::device' instead [-Wdeprecated-declarations]
    416 |                                       access::target::constant_buffer>> ||
        |                                                       ^
  /home/edgeai/downstream/include/sycl/access/access.hpp:24:19: note: 'constant_buffer' has been explicitly marked deprecated here
     24 |   constant_buffer __SYCL2020_DEPRECATED("use 'target::device' instead") = 2015,
        |                   ^
  /home/edgeai/downstream/include/sycl/detail/defines_elementary.hpp:62:40: note: expanded from macro '__SYCL2020_DEPRECATED'
     62 | #define __SYCL2020_DEPRECATED(message) __SYCL_DEPRECATED(message)
        |                                        ^
  /home/edgeai/downstream/include/sycl/detail/defines_elementary.hpp:53:38: note: expanded from macro '__SYCL_DEPRECATED'
     53 | #define __SYCL_DEPRECATED(message) [[deprecated(message)]]
        |                                      ^
  In file included from /home/edgeai/esimd_learning/csrc/xpu/esimd_kernel.sycl:1:
  In file included from /home/edgeai/downstream/lib/python3.12/site-packages/torch/include/ATen/ATen.h:8:
  In file included from /home/edgeai/downstream/lib/python3.12/site-packages/torch/include/ATen/Context.h:5:
  In file included from /home/edgeai/downstream/lib/python3.12/site-packages/torch/include/ATen/CPUGeneratorImpl.h:4:
  In file included from /home/edgeai/downstream/lib/python3.12/site-packages/torch/include/ATen/core/Generator.h:19:
  In file included from /home/edgeai/downstream/lib/python3.12/site-packages/torch/include/c10/core/GeneratorImpl.h:9:
  In file included from /home/edgeai/downstream/lib/python3.12/site-packages/torch/include/c10/core/TensorImpl.h:12:
  In file included from /home/edgeai/downstream/lib/python3.12/site-packages/torch/include/c10/core/ScalarType.h:4:
  In file included from /home/edgeai/downstream/lib/python3.12/site-packages/torch/include/c10/util/BFloat16.h:2:
  In file included from /home/edgeai/downstream/lib/python3.12/site-packages/torch/include/torch/headeronly/util/BFloat16.h:22:
  In file included from /home/edgeai/downstream/include/sycl/sycl.hpp:49:
  In file included from /home/edgeai/downstream/include/sycl/detail/core.hpp:21:
  /home/edgeai/downstream/include/sycl/accessor.hpp:420:55: warning: 'constant_buffer' is deprecated: use 'target::device' instead [-Wdeprecated-declarations]
    420 |                                       access::target::constant_buffer>>) {
        |                                                       ^
  /home/edgeai/downstream/include/sycl/access/access.hpp:24:19: note: 'constant_buffer' has been explicitly marked deprecated here
     24 |   constant_buffer __SYCL2020_DEPRECATED("use 'target::device' instead") = 2015,
        |                   ^
  /home/edgeai/downstream/include/sycl/detail/defines_elementary.hpp:62:40: note: expanded from macro '__SYCL2020_DEPRECATED'
     62 | #define __SYCL2020_DEPRECATED(message) __SYCL_DEPRECATED(message)
        |                                        ^
  /home/edgeai/downstream/include/sycl/detail/defines_elementary.hpp:53:38: note: expanded from macro '__SYCL_DEPRECATED'
     53 | #define __SYCL_DEPRECATED(message) [[deprecated(message)]]
        |                                      ^
  In file included from /home/edgeai/esimd_learning/csrc/xpu/esimd_kernel.sycl:1:
  In file included from /home/edgeai/downstream/lib/python3.12/site-packages/torch/include/ATen/ATen.h:8:
  In file included from /home/edgeai/downstream/lib/python3.12/site-packages/torch/include/ATen/Context.h:5:
  In file included from /home/edgeai/downstream/lib/python3.12/site-packages/torch/include/ATen/CPUGeneratorImpl.h:4:
  In file included from /home/edgeai/downstream/lib/python3.12/site-packages/torch/include/ATen/core/Generator.h:19:
  In file included from /home/edgeai/downstream/lib/python3.12/site-packages/torch/include/c10/core/GeneratorImpl.h:9:
  In file included from /home/edgeai/downstream/lib/python3.12/site-packages/torch/include/c10/core/TensorImpl.h:12:
  In file included from /home/edgeai/downstream/lib/python3.12/site-packages/torch/include/c10/core/ScalarType.h:4:
  In file included from /home/edgeai/downstream/lib/python3.12/site-packages/torch/include/c10/util/BFloat16.h:2:
  In file included from /home/edgeai/downstream/lib/python3.12/site-packages/torch/include/torch/headeronly/util/BFloat16.h:22:
  In file included from /home/edgeai/downstream/include/sycl/sycl.hpp:49:
  In file included from /home/edgeai/downstream/include/sycl/detail/core.hpp:21:
  /home/edgeai/downstream/include/sycl/accessor.hpp:450:55: warning: 'constant_buffer' is deprecated: use 'target::device' instead [-Wdeprecated-declarations]
    450 |                                       access::target::constant_buffer>> ||
        |                                                       ^
  /home/edgeai/downstream/include/sycl/access/access.hpp:24:19: note: 'constant_buffer' has been explicitly marked deprecated here
     24 |   constant_buffer __SYCL2020_DEPRECATED("use 'target::device' instead") = 2015,
        |                   ^
  /home/edgeai/downstream/include/sycl/detail/defines_elementary.hpp:62:40: note: expanded from macro '__SYCL2020_DEPRECATED'
     62 | #define __SYCL2020_DEPRECATED(message) __SYCL_DEPRECATED(message)
        |                                        ^
  /home/edgeai/downstream/include/sycl/detail/defines_elementary.hpp:53:38: note: expanded from macro '__SYCL_DEPRECATED'
     53 | #define __SYCL_DEPRECATED(message) [[deprecated(message)]]
        |                                      ^
  In file included from /home/edgeai/esimd_learning/csrc/xpu/esimd_kernel.sycl:1:
  In file included from /home/edgeai/downstream/lib/python3.12/site-packages/torch/include/ATen/ATen.h:8:
  In file included from /home/edgeai/downstream/lib/python3.12/site-packages/torch/include/ATen/Context.h:5:
  In file included from /home/edgeai/downstream/lib/python3.12/site-packages/torch/include/ATen/CPUGeneratorImpl.h:4:
  In file included from /home/edgeai/downstream/lib/python3.12/site-packages/torch/include/ATen/core/Generator.h:19:
  In file included from /home/edgeai/downstream/lib/python3.12/site-packages/torch/include/c10/core/GeneratorImpl.h:9:
  In file included from /home/edgeai/downstream/lib/python3.12/site-packages/torch/include/c10/core/TensorImpl.h:12:
  In file included from /home/edgeai/downstream/lib/python3.12/site-packages/torch/include/c10/core/ScalarType.h:4:
  In file included from /home/edgeai/downstream/lib/python3.12/site-packages/torch/include/c10/util/BFloat16.h:2:
  In file included from /home/edgeai/downstream/lib/python3.12/site-packages/torch/include/torch/headeronly/util/BFloat16.h:22:
  In file included from /home/edgeai/downstream/include/sycl/sycl.hpp:49:
  In file included from /home/edgeai/downstream/include/sycl/detail/core.hpp:21:
  /home/edgeai/downstream/include/sycl/accessor.hpp:454:55: warning: 'constant_buffer' is deprecated: use 'target::device' instead [-Wdeprecated-declarations]
    454 |                                       access::target::constant_buffer>>) {
        |                                                       ^
  /home/edgeai/downstream/include/sycl/access/access.hpp:24:19: note: 'constant_buffer' has been explicitly marked deprecated here
     24 |   constant_buffer __SYCL2020_DEPRECATED("use 'target::device' instead") = 2015,
        |                   ^
  /home/edgeai/downstream/include/sycl/detail/defines_elementary.hpp:62:40: note: expanded from macro '__SYCL2020_DEPRECATED'
     62 | #define __SYCL2020_DEPRECATED(message) __SYCL_DEPRECATED(message)
        |                                        ^
  /home/edgeai/downstream/include/sycl/detail/defines_elementary.hpp:53:38: note: expanded from macro '__SYCL_DEPRECATED'
     53 | #define __SYCL_DEPRECATED(message) [[deprecated(message)]]
        |                                      ^
  In file included from /home/edgeai/esimd_learning/csrc/xpu/esimd_kernel.sycl:1:
  In file included from /home/edgeai/downstream/lib/python3.12/site-packages/torch/include/ATen/ATen.h:8:
  In file included from /home/edgeai/downstream/lib/python3.12/site-packages/torch/include/ATen/Context.h:5:
  In file included from /home/edgeai/downstream/lib/python3.12/site-packages/torch/include/ATen/CPUGeneratorImpl.h:4:
  In file included from /home/edgeai/downstream/lib/python3.12/site-packages/torch/include/ATen/core/Generator.h:19:
  In file included from /home/edgeai/downstream/lib/python3.12/site-packages/torch/include/c10/core/GeneratorImpl.h:9:
  In file included from /home/edgeai/downstream/lib/python3.12/site-packages/torch/include/c10/core/TensorImpl.h:12:
  In file included from /home/edgeai/downstream/lib/python3.12/site-packages/torch/include/c10/core/ScalarType.h:4:
  In file included from /home/edgeai/downstream/lib/python3.12/site-packages/torch/include/c10/util/BFloat16.h:2:
  In file included from /home/edgeai/downstream/lib/python3.12/site-packages/torch/include/torch/headeronly/util/BFloat16.h:22:
  In file included from /home/edgeai/downstream/include/sycl/sycl.hpp:49:
  In file included from /home/edgeai/downstream/include/sycl/detail/core.hpp:21:
  /home/edgeai/downstream/include/sycl/accessor.hpp:455:28: warning: 'constant_buffer' is deprecated: use 'target::device' instead [-Wdeprecated-declarations]
    455 |     return access::target::constant_buffer;
        |                            ^
  /home/edgeai/downstream/include/sycl/access/access.hpp:24:19: note: 'constant_buffer' has been explicitly marked deprecated here
     24 |   constant_buffer __SYCL2020_DEPRECATED("use 'target::device' instead") = 2015,
        |                   ^
  /home/edgeai/downstream/include/sycl/detail/defines_elementary.hpp:62:40: note: expanded from macro '__SYCL2020_DEPRECATED'
     62 | #define __SYCL2020_DEPRECATED(message) __SYCL_DEPRECATED(message)
        |                                        ^
  /home/edgeai/downstream/include/sycl/detail/defines_elementary.hpp:53:38: note: expanded from macro '__SYCL_DEPRECATED'
     53 | #define __SYCL_DEPRECATED(message) [[deprecated(message)]]
        |                                      ^
  In file included from /home/edgeai/esimd_learning/csrc/xpu/esimd_kernel.sycl:1:
  In file included from /home/edgeai/downstream/lib/python3.12/site-packages/torch/include/ATen/ATen.h:8:
  In file included from /home/edgeai/downstream/lib/python3.12/site-packages/torch/include/ATen/Context.h:5:
  In file included from /home/edgeai/downstream/lib/python3.12/site-packages/torch/include/ATen/CPUGeneratorImpl.h:4:
  In file included from /home/edgeai/downstream/lib/python3.12/site-packages/torch/include/ATen/core/Generator.h:19:
  In file included from /home/edgeai/downstream/lib/python3.12/site-packages/torch/include/c10/core/GeneratorImpl.h:9:
  In file included from /home/edgeai/downstream/lib/python3.12/site-packages/torch/include/c10/core/TensorImpl.h:12:
  In file included from /home/edgeai/downstream/lib/python3.12/site-packages/torch/include/c10/core/ScalarType.h:4:
  In file included from /home/edgeai/downstream/lib/python3.12/site-packages/torch/include/c10/util/BFloat16.h:2:
  In file included from /home/edgeai/downstream/lib/python3.12/site-packages/torch/include/torch/headeronly/util/BFloat16.h:22:
  In file included from /home/edgeai/downstream/include/sycl/sycl.hpp:49:
  In file included from /home/edgeai/downstream/include/sycl/detail/core.hpp:21:
  /home/edgeai/downstream/include/sycl/accessor.hpp:632:50: warning: 'global_buffer' is deprecated: use 'target::device' instead [-Wdeprecated-declarations]
    632 |   static_assert((AccessTarget == access::target::global_buffer ||
        |                                                  ^
  /home/edgeai/downstream/include/sycl/access/access.hpp:23:17: note: 'global_buffer' has been explicitly marked deprecated here
     23 |   global_buffer __SYCL2020_DEPRECATED("use 'target::device' instead") = device,
        |                 ^
  /home/edgeai/downstream/include/sycl/detail/defines_elementary.hpp:62:40: note: expanded from macro '__SYCL2020_DEPRECATED'
     62 | #define __SYCL2020_DEPRECATED(message) __SYCL_DEPRECATED(message)
        |                                        ^
  /home/edgeai/downstream/include/sycl/detail/defines_elementary.hpp:53:38: note: expanded from macro '__SYCL_DEPRECATED'
     53 | #define __SYCL_DEPRECATED(message) [[deprecated(message)]]
        |                                      ^
  In file included from /home/edgeai/esimd_learning/csrc/xpu/esimd_kernel.sycl:1:
  In file included from /home/edgeai/downstream/lib/python3.12/site-packages/torch/include/ATen/ATen.h:8:
  In file included from /home/edgeai/downstream/lib/python3.12/site-packages/torch/include/ATen/Context.h:5:
  In file included from /home/edgeai/downstream/lib/python3.12/site-packages/torch/include/ATen/CPUGeneratorImpl.h:4:
  In file included from /home/edgeai/downstream/lib/python3.12/site-packages/torch/include/ATen/core/Generator.h:19:
  In file included from /home/edgeai/downstream/lib/python3.12/site-packages/torch/include/c10/core/GeneratorImpl.h:9:
  In file included from /home/edgeai/downstream/lib/python3.12/site-packages/torch/include/c10/core/TensorImpl.h:12:
  In file included from /home/edgeai/downstream/lib/python3.12/site-packages/torch/include/c10/core/ScalarType.h:4:
  In file included from /home/edgeai/downstream/lib/python3.12/site-packages/torch/include/c10/util/BFloat16.h:2:
  In file included from /home/edgeai/downstream/lib/python3.12/site-packages/torch/include/torch/headeronly/util/BFloat16.h:22:
  In file included from /home/edgeai/downstream/include/sycl/sycl.hpp:49:
  In file included from /home/edgeai/downstream/include/sycl/detail/core.hpp:21:
  /home/edgeai/downstream/include/sycl/accessor.hpp:633:50: warning: 'constant_buffer' is deprecated: use 'target::device' instead [-Wdeprecated-declarations]
    633 |                  AccessTarget == access::target::constant_buffer ||
        |                                                  ^
  /home/edgeai/downstream/include/sycl/access/access.hpp:24:19: note: 'constant_buffer' has been explicitly marked deprecated here
     24 |   constant_buffer __SYCL2020_DEPRECATED("use 'target::device' instead") = 2015,
        |                   ^
  /home/edgeai/downstream/include/sycl/detail/defines_elementary.hpp:62:40: note: expanded from macro '__SYCL2020_DEPRECATED'
     62 | #define __SYCL2020_DEPRECATED(message) __SYCL_DEPRECATED(message)
        |                                        ^
  /home/edgeai/downstream/include/sycl/detail/defines_elementary.hpp:53:38: note: expanded from macro '__SYCL_DEPRECATED'
     53 | #define __SYCL_DEPRECATED(message) [[deprecated(message)]]
        |                                      ^
  In file included from /home/edgeai/esimd_learning/csrc/xpu/esimd_kernel.sycl:1:
  In file included from /home/edgeai/downstream/lib/python3.12/site-packages/torch/include/ATen/ATen.h:8:
  In file included from /home/edgeai/downstream/lib/python3.12/site-packages/torch/include/ATen/Context.h:5:
  In file included from /home/edgeai/downstream/lib/python3.12/site-packages/torch/include/ATen/CPUGeneratorImpl.h:4:
  In file included from /home/edgeai/downstream/lib/python3.12/site-packages/torch/include/ATen/core/Generator.h:19:
  In file included from /home/edgeai/downstream/lib/python3.12/site-packages/torch/include/c10/core/GeneratorImpl.h:9:
  In file included from /home/edgeai/downstream/lib/python3.12/site-packages/torch/include/c10/core/TensorImpl.h:12:
  In file included from /home/edgeai/downstream/lib/python3.12/site-packages/torch/include/c10/core/ScalarType.h:4:
  In file included from /home/edgeai/downstream/lib/python3.12/site-packages/torch/include/c10/util/BFloat16.h:2:
  In file included from /home/edgeai/downstream/lib/python3.12/site-packages/torch/include/torch/headeronly/util/BFloat16.h:22:
  In file included from /home/edgeai/downstream/include/sycl/sycl.hpp:49:
  In file included from /home/edgeai/downstream/include/sycl/detail/core.hpp:21:
  /home/edgeai/downstream/include/sycl/accessor.hpp:634:50: warning: 'host_buffer' is deprecated: use 'host_accessor' instead [-Wdeprecated-declarations]
    634 |                  AccessTarget == access::target::host_buffer ||
        |                                                  ^
  /home/edgeai/downstream/include/sycl/access/access.hpp:27:15: note: 'host_buffer' has been explicitly marked deprecated here
     27 |   host_buffer __SYCL2020_DEPRECATED("use 'host_accessor' instead") = 2018,
        |               ^
  /home/edgeai/downstream/include/sycl/detail/defines_elementary.hpp:62:40: note: expanded from macro '__SYCL2020_DEPRECATED'
     62 | #define __SYCL2020_DEPRECATED(message) __SYCL_DEPRECATED(message)
        |                                        ^
  /home/edgeai/downstream/include/sycl/detail/defines_elementary.hpp:53:38: note: expanded from macro '__SYCL_DEPRECATED'
     53 | #define __SYCL_DEPRECATED(message) [[deprecated(message)]]
        |                                      ^
  In file included from /home/edgeai/esimd_learning/csrc/xpu/esimd_kernel.sycl:1:
  In file included from /home/edgeai/downstream/lib/python3.12/site-packages/torch/include/ATen/ATen.h:8:
  In file included from /home/edgeai/downstream/lib/python3.12/site-packages/torch/include/ATen/Context.h:5:
  In file included from /home/edgeai/downstream/lib/python3.12/site-packages/torch/include/ATen/CPUGeneratorImpl.h:4:
  In file included from /home/edgeai/downstream/lib/python3.12/site-packages/torch/include/ATen/core/Generator.h:19:
  In file included from /home/edgeai/downstream/lib/python3.12/site-packages/torch/include/c10/core/GeneratorImpl.h:9:
  In file included from /home/edgeai/downstream/lib/python3.12/site-packages/torch/include/c10/core/TensorImpl.h:12:
  In file included from /home/edgeai/downstream/lib/python3.12/site-packages/torch/include/c10/core/ScalarType.h:4:
  In file included from /home/edgeai/downstream/lib/python3.12/site-packages/torch/include/c10/util/BFloat16.h:2:
  In file included from /home/edgeai/downstream/lib/python3.12/site-packages/torch/include/torch/headeronly/util/BFloat16.h:22:
  In file included from /home/edgeai/downstream/include/sycl/sycl.hpp:49:
  In file included from /home/edgeai/downstream/include/sycl/detail/core.hpp:21:
  /home/edgeai/downstream/include/sycl/accessor.hpp:638:50: warning: 'global_buffer' is deprecated: use 'target::device' instead [-Wdeprecated-declarations]
    638 |   static_assert((AccessTarget == access::target::global_buffer ||
        |                                                  ^
  /home/edgeai/downstream/include/sycl/access/access.hpp:23:17: note: 'global_buffer' has been explicitly marked deprecated here
     23 |   global_buffer __SYCL2020_DEPRECATED("use 'target::device' instead") = device,
        |                 ^
  /home/edgeai/downstream/include/sycl/detail/defines_elementary.hpp:62:40: note: expanded from macro '__SYCL2020_DEPRECATED'
     62 | #define __SYCL2020_DEPRECATED(message) __SYCL_DEPRECATED(message)
        |                                        ^
  /home/edgeai/downstream/include/sycl/detail/defines_elementary.hpp:53:38: note: expanded from macro '__SYCL_DEPRECATED'
     53 | #define __SYCL_DEPRECATED(message) [[deprecated(message)]]
        |                                      ^
  In file included from /home/edgeai/esimd_learning/csrc/xpu/esimd_kernel.sycl:1:
  In file included from /home/edgeai/downstream/lib/python3.12/site-packages/torch/include/ATen/ATen.h:8:
  In file included from /home/edgeai/downstream/lib/python3.12/site-packages/torch/include/ATen/Context.h:5:
  In file included from /home/edgeai/downstream/lib/python3.12/site-packages/torch/include/ATen/CPUGeneratorImpl.h:4:
  In file included from /home/edgeai/downstream/lib/python3.12/site-packages/torch/include/ATen/core/Generator.h:19:
  In file included from /home/edgeai/downstream/lib/python3.12/site-packages/torch/include/c10/core/GeneratorImpl.h:9:
  In file included from /home/edgeai/downstream/lib/python3.12/site-packages/torch/include/c10/core/TensorImpl.h:12:
  In file included from /home/edgeai/downstream/lib/python3.12/site-packages/torch/include/c10/core/ScalarType.h:4:
  In file included from /home/edgeai/downstream/lib/python3.12/site-packages/torch/include/c10/util/BFloat16.h:2:
  In file included from /home/edgeai/downstream/lib/python3.12/site-packages/torch/include/torch/headeronly/util/BFloat16.h:22:
  In file included from /home/edgeai/downstream/include/sycl/sycl.hpp:49:
  In file included from /home/edgeai/downstream/include/sycl/detail/core.hpp:21:
  /home/edgeai/downstream/include/sycl/accessor.hpp:639:50: warning: 'host_buffer' is deprecated: use 'host_accessor' instead [-Wdeprecated-declarations]
    639 |                  AccessTarget == access::target::host_buffer ||
        |                                                  ^
  /home/edgeai/downstream/include/sycl/access/access.hpp:27:15: note: 'host_buffer' has been explicitly marked deprecated here
     27 |   host_buffer __SYCL2020_DEPRECATED("use 'host_accessor' instead") = 2018,
        |               ^
  /home/edgeai/downstream/include/sycl/detail/defines_elementary.hpp:62:40: note: expanded from macro '__SYCL2020_DEPRECATED'
     62 | #define __SYCL2020_DEPRECATED(message) __SYCL_DEPRECATED(message)
        |                                        ^
  /home/edgeai/downstream/include/sycl/detail/defines_elementary.hpp:53:38: note: expanded from macro '__SYCL_DEPRECATED'
     53 | #define __SYCL_DEPRECATED(message) [[deprecated(message)]]
        |                                      ^
  In file included from /home/edgeai/esimd_learning/csrc/xpu/esimd_kernel.sycl:1:
  In file included from /home/edgeai/downstream/lib/python3.12/site-packages/torch/include/ATen/ATen.h:8:
  In file included from /home/edgeai/downstream/lib/python3.12/site-packages/torch/include/ATen/Context.h:5:
  In file included from /home/edgeai/downstream/lib/python3.12/site-packages/torch/include/ATen/CPUGeneratorImpl.h:4:
  In file included from /home/edgeai/downstream/lib/python3.12/site-packages/torch/include/ATen/core/Generator.h:19:
  In file included from /home/edgeai/downstream/lib/python3.12/site-packages/torch/include/c10/core/GeneratorImpl.h:9:
  In file included from /home/edgeai/downstream/lib/python3.12/site-packages/torch/include/c10/core/TensorImpl.h:12:
  In file included from /home/edgeai/downstream/lib/python3.12/site-packages/torch/include/c10/core/ScalarType.h:4:
  In file included from /home/edgeai/downstream/lib/python3.12/site-packages/torch/include/c10/util/BFloat16.h:2:
  In file included from /home/edgeai/downstream/lib/python3.12/site-packages/torch/include/torch/headeronly/util/BFloat16.h:22:
  In file included from /home/edgeai/downstream/include/sycl/sycl.hpp:49:
  In file included from /home/edgeai/downstream/include/sycl/detail/core.hpp:21:
  /home/edgeai/downstream/include/sycl/accessor.hpp:641:54: warning: 'constant_buffer' is deprecated: use 'target::device' instead [-Wdeprecated-declarations]
    641 |                     (AccessTarget == access::target::constant_buffer &&
        |                                                      ^
  /home/edgeai/downstream/include/sycl/access/access.hpp:24:19: note: 'constant_buffer' has been explicitly marked deprecated here
     24 |   constant_buffer __SYCL2020_DEPRECATED("use 'target::device' instead") = 2015,
        |                   ^
  /home/edgeai/downstream/include/sycl/detail/defines_elementary.hpp:62:40: note: expanded from macro '__SYCL2020_DEPRECATED'
     62 | #define __SYCL2020_DEPRECATED(message) __SYCL_DEPRECATED(message)
        |                                        ^
  /home/edgeai/downstream/include/sycl/detail/defines_elementary.hpp:53:38: note: expanded from macro '__SYCL_DEPRECATED'
     53 | #define __SYCL_DEPRECATED(message) [[deprecated(message)]]
        |                                      ^
  In file included from /home/edgeai/esimd_learning/csrc/xpu/esimd_kernel.sycl:1:
  In file included from /home/edgeai/downstream/lib/python3.12/site-packages/torch/include/ATen/ATen.h:8:
  In file included from /home/edgeai/downstream/lib/python3.12/site-packages/torch/include/ATen/Context.h:5:
  In file included from /home/edgeai/downstream/lib/python3.12/site-packages/torch/include/ATen/CPUGeneratorImpl.h:4:
  In file included from /home/edgeai/downstream/lib/python3.12/site-packages/torch/include/ATen/core/Generator.h:19:
  In file included from /home/edgeai/downstream/lib/python3.12/site-packages/torch/include/c10/core/GeneratorImpl.h:9:
  In file included from /home/edgeai/downstream/lib/python3.12/site-packages/torch/include/c10/core/TensorImpl.h:12:
  In file included from /home/edgeai/downstream/lib/python3.12/site-packages/torch/include/c10/core/ScalarType.h:4:
  In file included from /home/edgeai/downstream/lib/python3.12/site-packages/torch/include/c10/util/BFloat16.h:2:
  In file included from /home/edgeai/downstream/lib/python3.12/site-packages/torch/include/torch/headeronly/util/BFloat16.h:22:
  In file included from /home/edgeai/downstream/include/sycl/sycl.hpp:49:
  In file included from /home/edgeai/downstream/include/sycl/detail/core.hpp:21:
  /home/edgeai/downstream/include/sycl/accessor.hpp:1796:51: warning: 'host_buffer' is deprecated: use 'host_accessor' instead [-Wdeprecated-declarations]
   1796 |                 (AccessTarget_ == access::target::host_buffer) ||
        |                                                   ^
  /home/edgeai/downstream/include/sycl/access/access.hpp:27:15: note: 'host_buffer' has been explicitly marked deprecated here
     27 |   host_buffer __SYCL2020_DEPRECATED("use 'host_accessor' instead") = 2018,
        |               ^
  /home/edgeai/downstream/include/sycl/detail/defines_elementary.hpp:62:40: note: expanded from macro '__SYCL2020_DEPRECATED'
     62 | #define __SYCL2020_DEPRECATED(message) __SYCL_DEPRECATED(message)
        |                                        ^
  /home/edgeai/downstream/include/sycl/detail/defines_elementary.hpp:53:38: note: expanded from macro '__SYCL_DEPRECATED'
     53 | #define __SYCL_DEPRECATED(message) [[deprecated(message)]]
        |                                      ^
  In file included from /home/edgeai/esimd_learning/csrc/xpu/esimd_kernel.sycl:1:
  In file included from /home/edgeai/downstream/lib/python3.12/site-packages/torch/include/ATen/ATen.h:8:
  In file included from /home/edgeai/downstream/lib/python3.12/site-packages/torch/include/ATen/Context.h:5:
  In file included from /home/edgeai/downstream/lib/python3.12/site-packages/torch/include/ATen/CPUGeneratorImpl.h:4:
  In file included from /home/edgeai/downstream/lib/python3.12/site-packages/torch/include/ATen/core/Generator.h:19:
  In file included from /home/edgeai/downstream/lib/python3.12/site-packages/torch/include/c10/core/GeneratorImpl.h:9:
  In file included from /home/edgeai/downstream/lib/python3.12/site-packages/torch/include/c10/core/TensorImpl.h:12:
  In file included from /home/edgeai/downstream/lib/python3.12/site-packages/torch/include/c10/core/ScalarType.h:4:
  In file included from /home/edgeai/downstream/lib/python3.12/site-packages/torch/include/c10/util/BFloat16.h:2:
  In file included from /home/edgeai/downstream/lib/python3.12/site-packages/torch/include/torch/headeronly/util/BFloat16.h:22:
  In file included from /home/edgeai/downstream/include/sycl/sycl.hpp:49:
  In file included from /home/edgeai/downstream/include/sycl/detail/core.hpp:21:
  /home/edgeai/downstream/include/sycl/accessor.hpp:1815:57: warning: 'constant_buffer' is deprecated: use 'target::device' instead [-Wdeprecated-declarations]
   1815 |                                         access::target::constant_buffer>>
        |                                                         ^
  /home/edgeai/downstream/include/sycl/access/access.hpp:24:19: note: 'constant_buffer' has been explicitly marked deprecated here
     24 |   constant_buffer __SYCL2020_DEPRECATED("use 'target::device' instead") = 2015,
        |                   ^
  /home/edgeai/downstream/include/sycl/detail/defines_elementary.hpp:62:40: note: expanded from macro '__SYCL2020_DEPRECATED'
     62 | #define __SYCL2020_DEPRECATED(message) __SYCL_DEPRECATED(message)
        |                                        ^
  /home/edgeai/downstream/include/sycl/detail/defines_elementary.hpp:53:38: note: expanded from macro '__SYCL_DEPRECATED'
     53 | #define __SYCL_DEPRECATED(message) [[deprecated(message)]]
        |                                      ^
  In file included from /home/edgeai/esimd_learning/csrc/xpu/esimd_kernel.sycl:1:
  In file included from /home/edgeai/downstream/lib/python3.12/site-packages/torch/include/ATen/ATen.h:8:
  In file included from /home/edgeai/downstream/lib/python3.12/site-packages/torch/include/ATen/Context.h:5:
  In file included from /home/edgeai/downstream/lib/python3.12/site-packages/torch/include/ATen/CPUGeneratorImpl.h:4:
  In file included from /home/edgeai/downstream/lib/python3.12/site-packages/torch/include/ATen/core/Generator.h:19:
  In file included from /home/edgeai/downstream/lib/python3.12/site-packages/torch/include/c10/core/GeneratorImpl.h:9:
  In file included from /home/edgeai/downstream/lib/python3.12/site-packages/torch/include/c10/core/TensorImpl.h:12:
  In file included from /home/edgeai/downstream/lib/python3.12/site-packages/torch/include/c10/core/ScalarType.h:4:
  In file included from /home/edgeai/downstream/lib/python3.12/site-packages/torch/include/c10/util/BFloat16.h:2:
  In file included from /home/edgeai/downstream/lib/python3.12/site-packages/torch/include/torch/headeronly/util/BFloat16.h:22:
  In file included from /home/edgeai/downstream/include/sycl/sycl.hpp:49:
  In file included from /home/edgeai/downstream/include/sycl/detail/core.hpp:21:
  /home/edgeai/downstream/include/sycl/accessor.hpp:709:54: warning: 'noinit' is deprecated: spelling is now: no_init [-Wdeprecated-declarations]
    709 |         PropertyList.template has_property<property::noinit>()) {
        |                                                      ^
  /home/edgeai/downstream/include/sycl/properties/runtime_accessor_properties.def:13:66: note: 'noinit' has been explicitly marked deprecated here
     13 | __SYCL_DATA_LESS_PROP_DEPRECATED_ALIAS(property, noinit, NoInit, __SYCL2020_DEPRECATED("spelling is now: no_init"))
        |                                                                  ^
  /home/edgeai/downstream/include/sycl/detail/defines_elementary.hpp:62:40: note: expanded from macro '__SYCL2020_DEPRECATED'
     62 | #define __SYCL2020_DEPRECATED(message) __SYCL_DEPRECATED(message)
        |                                        ^
  /home/edgeai/downstream/include/sycl/detail/defines_elementary.hpp:53:38: note: expanded from macro '__SYCL_DEPRECATED'
     53 | #define __SYCL_DEPRECATED(message) [[deprecated(message)]]
        |                                      ^
  In file included from /home/edgeai/esimd_learning/csrc/xpu/esimd_kernel.sycl:1:
  In file included from /home/edgeai/downstream/lib/python3.12/site-packages/torch/include/ATen/ATen.h:8:
  In file included from /home/edgeai/downstream/lib/python3.12/site-packages/torch/include/ATen/Context.h:5:
  In file included from /home/edgeai/downstream/lib/python3.12/site-packages/torch/include/ATen/CPUGeneratorImpl.h:4:
  In file included from /home/edgeai/downstream/lib/python3.12/site-packages/torch/include/ATen/core/Generator.h:19:
  In file included from /home/edgeai/downstream/lib/python3.12/site-packages/torch/include/c10/core/GeneratorImpl.h:9:
  In file included from /home/edgeai/downstream/lib/python3.12/site-packages/torch/include/c10/core/TensorImpl.h:12:
  In file included from /home/edgeai/downstream/lib/python3.12/site-packages/torch/include/c10/core/ScalarType.h:4:
  In file included from /home/edgeai/downstream/lib/python3.12/site-packages/torch/include/c10/util/BFloat16.h:2:
  In file included from /home/edgeai/downstream/lib/python3.12/site-packages/torch/include/torch/headeronly/util/BFloat16.h:22:
  In file included from /home/edgeai/downstream/include/sycl/sycl.hpp:49:
  In file included from /home/edgeai/downstream/include/sycl/detail/core.hpp:21:
  /home/edgeai/downstream/include/sycl/accessor.hpp:2155:52: warning: 'local' is deprecated: use `local_accessor` instead [-Wdeprecated-declarations]
   2155 |                                    access::target::local, IsPlaceholder> {
        |                                                    ^
  /home/edgeai/downstream/include/sycl/access/access.hpp:25:9: note: 'local' has been explicitly marked deprecated here
     25 |   local __SYCL2020_DEPRECATED("use `local_accessor` instead") = 2016,
        |         ^
  /home/edgeai/downstream/include/sycl/detail/defines_elementary.hpp:62:40: note: expanded from macro '__SYCL2020_DEPRECATED'
     62 | #define __SYCL2020_DEPRECATED(message) __SYCL_DEPRECATED(message)
        |                                        ^
  /home/edgeai/downstream/include/sycl/detail/defines_elementary.hpp:53:38: note: expanded from macro '__SYCL_DEPRECATED'
     53 | #define __SYCL_DEPRECATED(message) [[deprecated(message)]]
        |                                      ^
  In file included from /home/edgeai/esimd_learning/csrc/xpu/esimd_kernel.sycl:1:
  In file included from /home/edgeai/downstream/lib/python3.12/site-packages/torch/include/ATen/ATen.h:8:
  In file included from /home/edgeai/downstream/lib/python3.12/site-packages/torch/include/ATen/Context.h:5:
  In file included from /home/edgeai/downstream/lib/python3.12/site-packages/torch/include/ATen/CPUGeneratorImpl.h:4:
  In file included from /home/edgeai/downstream/lib/python3.12/site-packages/torch/include/ATen/core/Generator.h:19:
  In file included from /home/edgeai/downstream/lib/python3.12/site-packages/torch/include/c10/core/GeneratorImpl.h:9:
  In file included from /home/edgeai/downstream/lib/python3.12/site-packages/torch/include/c10/core/TensorImpl.h:12:
  In file included from /home/edgeai/downstream/lib/python3.12/site-packages/torch/include/c10/core/ScalarType.h:4:
  In file included from /home/edgeai/downstream/lib/python3.12/site-packages/torch/include/c10/util/BFloat16.h:2:
  In file included from /home/edgeai/downstream/lib/python3.12/site-packages/torch/include/torch/headeronly/util/BFloat16.h:22:
  In file included from /home/edgeai/downstream/include/sycl/sycl.hpp:49:
  In file included from /home/edgeai/downstream/include/sycl/detail/core.hpp:21:
  /home/edgeai/downstream/include/sycl/accessor.hpp:2161:47: warning: 'local' is deprecated: use `local_accessor` instead [-Wdeprecated-declarations]
   2161 |                               access::target::local, IsPlaceholder>;
        |                                               ^
  /home/edgeai/downstream/include/sycl/access/access.hpp:25:9: note: 'local' has been explicitly marked deprecated here
     25 |   local __SYCL2020_DEPRECATED("use `local_accessor` instead") = 2016,
        |         ^
  /home/edgeai/downstream/include/sycl/detail/defines_elementary.hpp:62:40: note: expanded from macro '__SYCL2020_DEPRECATED'
     62 | #define __SYCL2020_DEPRECATED(message) __SYCL_DEPRECATED(message)
        |                                        ^
  /home/edgeai/downstream/include/sycl/detail/defines_elementary.hpp:53:38: note: expanded from macro '__SYCL_DEPRECATED'
     53 | #define __SYCL_DEPRECATED(message) [[deprecated(message)]]
        |                                      ^
  In file included from /home/edgeai/esimd_learning/csrc/xpu/esimd_kernel.sycl:1:
  In file included from /home/edgeai/downstream/lib/python3.12/site-packages/torch/include/ATen/ATen.h:8:
  In file included from /home/edgeai/downstream/lib/python3.12/site-packages/torch/include/ATen/Context.h:5:
  In file included from /home/edgeai/downstream/lib/python3.12/site-packages/torch/include/ATen/CPUGeneratorImpl.h:4:
  In file included from /home/edgeai/downstream/lib/python3.12/site-packages/torch/include/ATen/core/Generator.h:19:
  In file included from /home/edgeai/downstream/lib/python3.12/site-packages/torch/include/c10/core/GeneratorImpl.h:9:
  In file included from /home/edgeai/downstream/lib/python3.12/site-packages/torch/include/c10/core/TensorImpl.h:12:
  In file included from /home/edgeai/downstream/lib/python3.12/site-packages/torch/include/c10/core/ScalarType.h:4:
  In file included from /home/edgeai/downstream/lib/python3.12/site-packages/torch/include/c10/util/BFloat16.h:2:
  In file included from /home/edgeai/downstream/lib/python3.12/site-packages/torch/include/torch/headeronly/util/BFloat16.h:22:
  In file included from /home/edgeai/downstream/include/sycl/sycl.hpp:49:
  In file included from /home/edgeai/downstream/include/sycl/detail/core.hpp:21:
  /home/edgeai/downstream/include/sycl/accessor.hpp:2426:67: warning: 'local' is deprecated: use `local_accessor` instead [-Wdeprecated-declarations]
   2426 |           accessor<DataT, Dimensions, AccessMode, access::target::local,
        |                                                                   ^
  /home/edgeai/downstream/include/sycl/access/access.hpp:25:9: note: 'local' has been explicitly marked deprecated here
     25 |   local __SYCL2020_DEPRECATED("use `local_accessor` instead") = 2016,
        |         ^
  /home/edgeai/downstream/include/sycl/detail/defines_elementary.hpp:62:40: note: expanded from macro '__SYCL2020_DEPRECATED'
     62 | #define __SYCL2020_DEPRECATED(message) __SYCL_DEPRECATED(message)
        |                                        ^
  /home/edgeai/downstream/include/sycl/detail/defines_elementary.hpp:53:38: note: expanded from macro '__SYCL_DEPRECATED'
     53 | #define __SYCL_DEPRECATED(message) [[deprecated(message)]]
        |                                      ^
  In file included from /home/edgeai/esimd_learning/csrc/xpu/esimd_kernel.sycl:1:
  In file included from /home/edgeai/downstream/lib/python3.12/site-packages/torch/include/ATen/ATen.h:8:
  In file included from /home/edgeai/downstream/lib/python3.12/site-packages/torch/include/ATen/Context.h:5:
  In file included from /home/edgeai/downstream/lib/python3.12/site-packages/torch/include/ATen/CPUGeneratorImpl.h:4:
  In file included from /home/edgeai/downstream/lib/python3.12/site-packages/torch/include/ATen/core/Generator.h:19:
  In file included from /home/edgeai/downstream/lib/python3.12/site-packages/torch/include/c10/core/GeneratorImpl.h:9:
  In file included from /home/edgeai/downstream/lib/python3.12/site-packages/torch/include/c10/core/TensorImpl.h:12:
  In file included from /home/edgeai/downstream/lib/python3.12/site-packages/torch/include/c10/core/ScalarType.h:4:
  In file included from /home/edgeai/downstream/lib/python3.12/site-packages/torch/include/c10/util/BFloat16.h:2:
  In file included from /home/edgeai/downstream/lib/python3.12/site-packages/torch/include/torch/headeronly/util/BFloat16.h:22:
  In file included from /home/edgeai/downstream/include/sycl/sycl.hpp:49:
  In file included from /home/edgeai/downstream/include/sycl/detail/core.hpp:21:
  /home/edgeai/downstream/include/sycl/accessor.hpp:2653:62: warning: 'host_buffer' is deprecated: use 'host_accessor' instead [-Wdeprecated-declarations]
   2653 |     : public accessor<DataT, Dimensions, AccessMode, target::host_buffer,
        |                                                              ^
  /home/edgeai/downstream/include/sycl/access/access.hpp:27:15: note: 'host_buffer' has been explicitly marked deprecated here
     27 |   host_buffer __SYCL2020_DEPRECATED("use 'host_accessor' instead") = 2018,
        |               ^
  /home/edgeai/downstream/include/sycl/detail/defines_elementary.hpp:62:40: note: expanded from macro '__SYCL2020_DEPRECATED'
     62 | #define __SYCL2020_DEPRECATED(message) __SYCL_DEPRECATED(message)
        |                                        ^
  /home/edgeai/downstream/include/sycl/detail/defines_elementary.hpp:53:38: note: expanded from macro '__SYCL_DEPRECATED'
     53 | #define __SYCL_DEPRECATED(message) [[deprecated(message)]]
        |                                      ^
  In file included from /home/edgeai/esimd_learning/csrc/xpu/esimd_kernel.sycl:1:
  In file included from /home/edgeai/downstream/lib/python3.12/site-packages/torch/include/ATen/ATen.h:8:
  In file included from /home/edgeai/downstream/lib/python3.12/site-packages/torch/include/ATen/Context.h:5:
  In file included from /home/edgeai/downstream/lib/python3.12/site-packages/torch/include/ATen/CPUGeneratorImpl.h:4:
  In file included from /home/edgeai/downstream/lib/python3.12/site-packages/torch/include/ATen/core/Generator.h:19:
  In file included from /home/edgeai/downstream/lib/python3.12/site-packages/torch/include/c10/core/GeneratorImpl.h:9:
  In file included from /home/edgeai/downstream/lib/python3.12/site-packages/torch/include/c10/core/TensorImpl.h:12:
  In file included from /home/edgeai/downstream/lib/python3.12/site-packages/torch/include/c10/core/ScalarType.h:4:
  In file included from /home/edgeai/downstream/lib/python3.12/site-packages/torch/include/c10/util/BFloat16.h:2:
  In file included from /home/edgeai/downstream/lib/python3.12/site-packages/torch/include/torch/headeronly/util/BFloat16.h:22:
  In file included from /home/edgeai/downstream/include/sycl/sycl.hpp:49:
  In file included from /home/edgeai/downstream/include/sycl/detail/core.hpp:21:
  /home/edgeai/downstream/include/sycl/accessor.hpp:2656:69: warning: 'host_buffer' is deprecated: use 'host_accessor' instead [-Wdeprecated-declarations]
   2656 |   using AccessorT = accessor<DataT, Dimensions, AccessMode, target::host_buffer,
        |                                                                     ^
  /home/edgeai/downstream/include/sycl/access/access.hpp:27:15: note: 'host_buffer' has been explicitly marked deprecated here
     27 |   host_buffer __SYCL2020_DEPRECATED("use 'host_accessor' instead") = 2018,
        |               ^
  /home/edgeai/downstream/include/sycl/detail/defines_elementary.hpp:62:40: note: expanded from macro '__SYCL2020_DEPRECATED'
     62 | #define __SYCL2020_DEPRECATED(message) __SYCL_DEPRECATED(message)
        |                                        ^
  /home/edgeai/downstream/include/sycl/detail/defines_elementary.hpp:53:38: note: expanded from macro '__SYCL_DEPRECATED'
     53 | #define __SYCL_DEPRECATED(message) [[deprecated(message)]]
        |                                      ^
  In file included from /home/edgeai/esimd_learning/csrc/xpu/esimd_kernel.sycl:1:
  In file included from /home/edgeai/downstream/lib/python3.12/site-packages/torch/include/ATen/ATen.h:8:
  In file included from /home/edgeai/downstream/lib/python3.12/site-packages/torch/include/ATen/Context.h:5:
  In file included from /home/edgeai/downstream/lib/python3.12/site-packages/torch/include/ATen/CPUGeneratorImpl.h:4:
  In file included from /home/edgeai/downstream/lib/python3.12/site-packages/torch/include/ATen/core/Generator.h:19:
  In file included from /home/edgeai/downstream/lib/python3.12/site-packages/torch/include/c10/core/GeneratorImpl.h:9:
  In file included from /home/edgeai/downstream/lib/python3.12/site-packages/torch/include/c10/core/TensorImpl.h:12:
  In file included from /home/edgeai/downstream/lib/python3.12/site-packages/torch/include/c10/core/ScalarType.h:4:
  In file included from /home/edgeai/downstream/lib/python3.12/site-packages/torch/include/c10/util/BFloat16.h:2:
  In file included from /home/edgeai/downstream/lib/python3.12/site-packages/torch/include/torch/headeronly/util/BFloat16.h:22:
  In file included from /home/edgeai/downstream/include/sycl/sycl.hpp:49:
  In file included from /home/edgeai/downstream/include/sycl/detail/core.hpp:21:
  /home/edgeai/downstream/include/sycl/accessor.hpp:2668:67: warning: 'host_buffer' is deprecated: use 'host_accessor' instead [-Wdeprecated-declarations]
   2668 |   __init(typename accessor<DataT, Dimensions, AccessMode, target::host_buffer,
        |                                                                   ^
  /home/edgeai/downstream/include/sycl/access/access.hpp:27:15: note: 'host_buffer' has been explicitly marked deprecated here
     27 |   host_buffer __SYCL2020_DEPRECATED("use 'host_accessor' instead") = 2018,
        |               ^
  /home/edgeai/downstream/include/sycl/detail/defines_elementary.hpp:62:40: note: expanded from macro '__SYCL2020_DEPRECATED'
     62 | #define __SYCL2020_DEPRECATED(message) __SYCL_DEPRECATED(message)
        |                                        ^
  /home/edgeai/downstream/include/sycl/detail/defines_elementary.hpp:53:38: note: expanded from macro '__SYCL_DEPRECATED'
     53 | #define __SYCL_DEPRECATED(message) [[deprecated(message)]]
        |                                      ^
  In file included from /home/edgeai/esimd_learning/csrc/xpu/esimd_kernel.sycl:1:
  In file included from /home/edgeai/downstream/lib/python3.12/site-packages/torch/include/ATen/ATen.h:8:
  In file included from /home/edgeai/downstream/lib/python3.12/site-packages/torch/include/ATen/Context.h:5:
  In file included from /home/edgeai/downstream/lib/python3.12/site-packages/torch/include/ATen/CPUGeneratorImpl.h:4:
  In file included from /home/edgeai/downstream/lib/python3.12/site-packages/torch/include/ATen/core/Generator.h:19:
  In file included from /home/edgeai/downstream/lib/python3.12/site-packages/torch/include/c10/core/GeneratorImpl.h:9:
  In file included from /home/edgeai/downstream/lib/python3.12/site-packages/torch/include/c10/core/TensorImpl.h:12:
  In file included from /home/edgeai/downstream/lib/python3.12/site-packages/torch/include/c10/core/ScalarType.h:4:
  In file included from /home/edgeai/downstream/lib/python3.12/site-packages/torch/include/c10/util/BFloat16.h:2:
  In file included from /home/edgeai/downstream/lib/python3.12/site-packages/torch/include/torch/headeronly/util/BFloat16.h:22:
  In file included from /home/edgeai/downstream/include/sycl/sycl.hpp:49:
  In file included from /home/edgeai/downstream/include/sycl/detail/core.hpp:23:
  In file included from /home/edgeai/downstream/include/sycl/queue.hpp:18:
  In file included from /home/edgeai/downstream/include/sycl/detail/cg_types.hpp:23:
  /home/edgeai/downstream/include/sycl/nd_item.hpp:84:29: warning: 'get_offset' is deprecated: offsets are deprecated in SYCL 2020 [-Wdeprecated-declarations]
     84 |     id<Dimensions> Offset = get_offset();
        |                             ^
  /home/edgeai/downstream/include/sycl/nd_item.hpp:201:3: note: 'get_offset' has been explicitly marked deprecated here
    201 |   __SYCL2020_DEPRECATED("offsets are deprecated in SYCL 2020")
        |   ^
  /home/edgeai/downstream/include/sycl/detail/defines_elementary.hpp:62:40: note: expanded from macro '__SYCL2020_DEPRECATED'
     62 | #define __SYCL2020_DEPRECATED(message) __SYCL_DEPRECATED(message)
        |                                        ^
  /home/edgeai/downstream/include/sycl/detail/defines_elementary.hpp:53:38: note: expanded from macro '__SYCL_DEPRECATED'
     53 | #define __SYCL_DEPRECATED(message) [[deprecated(message)]]
        |                                      ^
  In file included from /home/edgeai/esimd_learning/csrc/xpu/esimd_kernel.sycl:1:
  In file included from /home/edgeai/downstream/lib/python3.12/site-packages/torch/include/ATen/ATen.h:8:
  In file included from /home/edgeai/downstream/lib/python3.12/site-packages/torch/include/ATen/Context.h:5:
  In file included from /home/edgeai/downstream/lib/python3.12/site-packages/torch/include/ATen/CPUGeneratorImpl.h:4:
  In file included from /home/edgeai/downstream/lib/python3.12/site-packages/torch/include/ATen/core/Generator.h:19:
  In file included from /home/edgeai/downstream/lib/python3.12/site-packages/torch/include/c10/core/GeneratorImpl.h:9:
  In file included from /home/edgeai/downstream/lib/python3.12/site-packages/torch/include/c10/core/TensorImpl.h:12:
  In file included from /home/edgeai/downstream/lib/python3.12/site-packages/torch/include/c10/core/ScalarType.h:4:
  In file included from /home/edgeai/downstream/lib/python3.12/site-packages/torch/include/c10/util/BFloat16.h:2:
  In file included from /home/edgeai/downstream/lib/python3.12/site-packages/torch/include/torch/headeronly/util/BFloat16.h:22:
  In file included from /home/edgeai/downstream/include/sycl/sycl.hpp:49:
  In file included from /home/edgeai/downstream/include/sycl/detail/core.hpp:23:
  In file included from /home/edgeai/downstream/include/sycl/queue.hpp:18:
  In file included from /home/edgeai/downstream/include/sycl/detail/cg_types.hpp:23:
  /home/edgeai/downstream/include/sycl/nd_item.hpp:212:33: warning: 'get_offset' is deprecated: offsets are deprecated in SYCL 2020 [-Wdeprecated-declarations]
    212 |                                 get_offset());
        |                                 ^
  /home/edgeai/downstream/include/sycl/nd_item.hpp:201:3: note: 'get_offset' has been explicitly marked deprecated here
    201 |   __SYCL2020_DEPRECATED("offsets are deprecated in SYCL 2020")
        |   ^
  /home/edgeai/downstream/include/sycl/detail/defines_elementary.hpp:62:40: note: expanded from macro '__SYCL2020_DEPRECATED'
     62 | #define __SYCL2020_DEPRECATED(message) __SYCL_DEPRECATED(message)
        |                                        ^
  /home/edgeai/downstream/include/sycl/detail/defines_elementary.hpp:53:38: note: expanded from macro '__SYCL_DEPRECATED'
     53 | #define __SYCL_DEPRECATED(message) [[deprecated(message)]]
        |                                      ^
  In file included from /home/edgeai/esimd_learning/csrc/xpu/esimd_kernel.sycl:1:
  In file included from /home/edgeai/downstream/lib/python3.12/site-packages/torch/include/ATen/ATen.h:8:
  In file included from /home/edgeai/downstream/lib/python3.12/site-packages/torch/include/ATen/Context.h:5:
  In file included from /home/edgeai/downstream/lib/python3.12/site-packages/torch/include/ATen/CPUGeneratorImpl.h:4:
  In file included from /home/edgeai/downstream/lib/python3.12/site-packages/torch/include/ATen/core/Generator.h:19:
  In file included from /home/edgeai/downstream/lib/python3.12/site-packages/torch/include/c10/core/GeneratorImpl.h:9:
  In file included from /home/edgeai/downstream/lib/python3.12/site-packages/torch/include/c10/core/TensorImpl.h:12:
  In file included from /home/edgeai/downstream/lib/python3.12/site-packages/torch/include/c10/core/ScalarType.h:4:
  In file included from /home/edgeai/downstream/lib/python3.12/site-packages/torch/include/c10/util/BFloat16.h:2:
  In file included from /home/edgeai/downstream/lib/python3.12/site-packages/torch/include/torch/headeronly/util/BFloat16.h:22:
  In file included from /home/edgeai/downstream/include/sycl/sycl.hpp:49:
  In file included from /home/edgeai/downstream/include/sycl/detail/core.hpp:23:
  In file included from /home/edgeai/downstream/include/sycl/queue.hpp:36:
  /home/edgeai/downstream/include/sycl/handler.hpp:653:71: warning: 'local' is deprecated: use `local_accessor` instead [-Wdeprecated-declarations]
    653 |                     accessor<DataT, Dims, AccessMode, access::target::local,
        |                                                                       ^
  /home/edgeai/downstream/include/sycl/access/access.hpp:25:9: note: 'local' has been explicitly marked deprecated here
     25 |   local __SYCL2020_DEPRECATED("use `local_accessor` instead") = 2016,
        |         ^
  /home/edgeai/downstream/include/sycl/detail/defines_elementary.hpp:62:40: note: expanded from macro '__SYCL2020_DEPRECATED'
     62 | #define __SYCL2020_DEPRECATED(message) __SYCL_DEPRECATED(message)
        |                                        ^
  /home/edgeai/downstream/include/sycl/detail/defines_elementary.hpp:53:38: note: expanded from macro '__SYCL_DEPRECATED'
     53 | #define __SYCL_DEPRECATED(message) [[deprecated(message)]]
        |                                      ^
  In file included from /home/edgeai/esimd_learning/csrc/xpu/esimd_kernel.sycl:1:
  In file included from /home/edgeai/downstream/lib/python3.12/site-packages/torch/include/ATen/ATen.h:8:
  In file included from /home/edgeai/downstream/lib/python3.12/site-packages/torch/include/ATen/Context.h:5:
  In file included from /home/edgeai/downstream/lib/python3.12/site-packages/torch/include/ATen/CPUGeneratorImpl.h:4:
  In file included from /home/edgeai/downstream/lib/python3.12/site-packages/torch/include/ATen/core/Generator.h:19:
  In file included from /home/edgeai/downstream/lib/python3.12/site-packages/torch/include/c10/core/GeneratorImpl.h:9:
  In file included from /home/edgeai/downstream/lib/python3.12/site-packages/torch/include/c10/core/TensorImpl.h:12:
  In file included from /home/edgeai/downstream/lib/python3.12/site-packages/torch/include/c10/core/ScalarType.h:4:
  In file included from /home/edgeai/downstream/lib/python3.12/site-packages/torch/include/c10/util/BFloat16.h:2:
  In file included from /home/edgeai/downstream/lib/python3.12/site-packages/torch/include/torch/headeronly/util/BFloat16.h:22:
  In file included from /home/edgeai/downstream/include/sycl/sycl.hpp:49:
  In file included from /home/edgeai/downstream/include/sycl/detail/core.hpp:23:
  In file included from /home/edgeai/downstream/include/sycl/queue.hpp:36:
  /home/edgeai/downstream/include/sycl/handler.hpp:677:61: warning: 'local' is deprecated: use `local_accessor` instead [-Wdeprecated-declarations]
    677 |   typename std::enable_if_t<AccessTarget != access::target::local, void>
        |                                                             ^
  /home/edgeai/downstream/include/sycl/access/access.hpp:25:9: note: 'local' has been explicitly marked deprecated here
     25 |   local __SYCL2020_DEPRECATED("use `local_accessor` instead") = 2016,
        |         ^
  /home/edgeai/downstream/include/sycl/detail/defines_elementary.hpp:62:40: note: expanded from macro '__SYCL2020_DEPRECATED'
     62 | #define __SYCL2020_DEPRECATED(message) __SYCL_DEPRECATED(message)
        |                                        ^
  /home/edgeai/downstream/include/sycl/detail/defines_elementary.hpp:53:38: note: expanded from macro '__SYCL_DEPRECATED'
     53 | #define __SYCL_DEPRECATED(message) [[deprecated(message)]]
        |                                      ^
  In file included from /home/edgeai/esimd_learning/csrc/xpu/esimd_kernel.sycl:1:
  In file included from /home/edgeai/downstream/lib/python3.12/site-packages/torch/include/ATen/ATen.h:8:
  In file included from /home/edgeai/downstream/lib/python3.12/site-packages/torch/include/ATen/Context.h:5:
  In file included from /home/edgeai/downstream/lib/python3.12/site-packages/torch/include/ATen/CPUGeneratorImpl.h:4:
  In file included from /home/edgeai/downstream/lib/python3.12/site-packages/torch/include/ATen/core/Generator.h:19:
  In file included from /home/edgeai/downstream/lib/python3.12/site-packages/torch/include/c10/core/GeneratorImpl.h:9:
  In file included from /home/edgeai/downstream/lib/python3.12/site-packages/torch/include/c10/core/TensorImpl.h:12:
  In file included from /home/edgeai/downstream/lib/python3.12/site-packages/torch/include/c10/core/ScalarType.h:4:
  In file included from /home/edgeai/downstream/lib/python3.12/site-packages/torch/include/c10/util/BFloat16.h:2:
  In file included from /home/edgeai/downstream/lib/python3.12/site-packages/torch/include/torch/headeronly/util/BFloat16.h:22:
  In file included from /home/edgeai/downstream/include/sycl/sycl.hpp:49:
  In file included from /home/edgeai/downstream/include/sycl/detail/core.hpp:23:
  In file included from /home/edgeai/downstream/include/sycl/queue.hpp:36:
  /home/edgeai/downstream/include/sycl/handler.hpp:646:45: warning: 'local' is deprecated: use `local_accessor` instead [-Wdeprecated-declarations]
    646 |            static_cast<int>(access::target::local), ArgIndex);
        |                                             ^
  /home/edgeai/downstream/include/sycl/access/access.hpp:25:9: note: 'local' has been explicitly marked deprecated here
     25 |   local __SYCL2020_DEPRECATED("use `local_accessor` instead") = 2016,
        |         ^
  /home/edgeai/downstream/include/sycl/detail/defines_elementary.hpp:62:40: note: expanded from macro '__SYCL2020_DEPRECATED'
     62 | #define __SYCL2020_DEPRECATED(message) __SYCL_DEPRECATED(message)
        |                                        ^
  /home/edgeai/downstream/include/sycl/detail/defines_elementary.hpp:53:38: note: expanded from macro '__SYCL_DEPRECATED'
     53 | #define __SYCL_DEPRECATED(message) [[deprecated(message)]]
        |                                      ^
  In file included from /home/edgeai/esimd_learning/csrc/xpu/esimd_kernel.sycl:1:
  In file included from /home/edgeai/downstream/lib/python3.12/site-packages/torch/include/ATen/ATen.h:8:
  In file included from /home/edgeai/downstream/lib/python3.12/site-packages/torch/include/ATen/Context.h:5:
  In file included from /home/edgeai/downstream/lib/python3.12/site-packages/torch/include/ATen/CPUGeneratorImpl.h:4:
  In file included from /home/edgeai/downstream/lib/python3.12/site-packages/torch/include/ATen/core/Generator.h:19:
  In file included from /home/edgeai/downstream/lib/python3.12/site-packages/torch/include/c10/core/GeneratorImpl.h:9:
  In file included from /home/edgeai/downstream/lib/python3.12/site-packages/torch/include/c10/core/TensorImpl.h:12:
  In file included from /home/edgeai/downstream/lib/python3.12/site-packages/torch/include/c10/core/ScalarType.h:4:
  In file included from /home/edgeai/downstream/lib/python3.12/site-packages/torch/include/c10/util/BFloat16.h:2:
  In file included from /home/edgeai/downstream/lib/python3.12/site-packages/torch/include/torch/headeronly/util/BFloat16.h:22:
  In file included from /home/edgeai/downstream/include/sycl/sycl.hpp:49:
  In file included from /home/edgeai/downstream/include/sycl/detail/core.hpp:23:
  In file included from /home/edgeai/downstream/include/sycl/queue.hpp:36:
  /home/edgeai/downstream/include/sycl/handler.hpp:1069:44: warning: 'constant_buffer' is deprecated: use 'target::device' instead [-Wdeprecated-declarations]
   1069 |            AccessTarget == access::target::constant_buffer;
        |                                            ^
  /home/edgeai/downstream/include/sycl/access/access.hpp:24:19: note: 'constant_buffer' has been explicitly marked deprecated here
     24 |   constant_buffer __SYCL2020_DEPRECATED("use 'target::device' instead") = 2015,
        |                   ^
  /home/edgeai/downstream/include/sycl/detail/defines_elementary.hpp:62:40: note: expanded from macro '__SYCL2020_DEPRECATED'
     62 | #define __SYCL2020_DEPRECATED(message) __SYCL_DEPRECATED(message)
        |                                        ^
  /home/edgeai/downstream/include/sycl/detail/defines_elementary.hpp:53:38: note: expanded from macro '__SYCL_DEPRECATED'
     53 | #define __SYCL_DEPRECATED(message) [[deprecated(message)]]
        |                                      ^
  In file included from /home/edgeai/esimd_learning/csrc/xpu/esimd_kernel.sycl:1:
  In file included from /home/edgeai/downstream/lib/python3.12/site-packages/torch/include/ATen/ATen.h:8:
  In file included from /home/edgeai/downstream/lib/python3.12/site-packages/torch/include/ATen/Context.h:5:
  In file included from /home/edgeai/downstream/lib/python3.12/site-packages/torch/include/ATen/CPUGeneratorImpl.h:4:
  In file included from /home/edgeai/downstream/lib/python3.12/site-packages/torch/include/ATen/core/Generator.h:19:
  In file included from /home/edgeai/downstream/lib/python3.12/site-packages/torch/include/c10/core/GeneratorImpl.h:9:
  In file included from /home/edgeai/downstream/lib/python3.12/site-packages/torch/include/c10/core/TensorImpl.h:12:
  In file included from /home/edgeai/downstream/lib/python3.12/site-packages/torch/include/c10/core/ScalarType.h:4:
  In file included from /home/edgeai/downstream/lib/python3.12/site-packages/torch/include/c10/util/BFloat16.h:2:
  In file included from /home/edgeai/downstream/lib/python3.12/site-packages/torch/include/torch/headeronly/util/BFloat16.h:22:
  In file included from /home/edgeai/downstream/include/sycl/sycl.hpp:51:
  In file included from /home/edgeai/downstream/include/sycl/accessor_image.hpp:6:
  /home/edgeai/downstream/include/sycl/image.hpp:108:51: warning: 'byte' is deprecated: use std::byte instead [-Wdeprecated-declarations]
    108 | using image_allocator = detail::aligned_allocator<byte>;
        |                                                   ^
  /home/edgeai/downstream/include/sycl/aliases.hpp:92:12: note: 'byte' has been explicitly marked deprecated here
     92 | using byte __SYCL2020_DEPRECATED("use std::byte instead") = std::uint8_t;
        |            ^
  /home/edgeai/downstream/include/sycl/detail/defines_elementary.hpp:62:40: note: expanded from macro '__SYCL2020_DEPRECATED'
     62 | #define __SYCL2020_DEPRECATED(message) __SYCL_DEPRECATED(message)
        |                                        ^
  /home/edgeai/downstream/include/sycl/detail/defines_elementary.hpp:53:38: note: expanded from macro '__SYCL_DEPRECATED'
     53 | #define __SYCL_DEPRECATED(message) [[deprecated(message)]]
        |                                      ^
  In file included from /home/edgeai/esimd_learning/csrc/xpu/esimd_kernel.sycl:1:
  In file included from /home/edgeai/downstream/lib/python3.12/site-packages/torch/include/ATen/ATen.h:8:
  In file included from /home/edgeai/downstream/lib/python3.12/site-packages/torch/include/ATen/Context.h:5:
  In file included from /home/edgeai/downstream/lib/python3.12/site-packages/torch/include/ATen/CPUGeneratorImpl.h:4:
  In file included from /home/edgeai/downstream/lib/python3.12/site-packages/torch/include/ATen/core/Generator.h:19:
  In file included from /home/edgeai/downstream/lib/python3.12/site-packages/torch/include/c10/core/GeneratorImpl.h:9:
  In file included from /home/edgeai/downstream/lib/python3.12/site-packages/torch/include/c10/core/TensorImpl.h:12:
  In file included from /home/edgeai/downstream/lib/python3.12/site-packages/torch/include/c10/core/ScalarType.h:4:
  In file included from /home/edgeai/downstream/lib/python3.12/site-packages/torch/include/c10/util/BFloat16.h:2:
  In file included from /home/edgeai/downstream/lib/python3.12/site-packages/torch/include/torch/headeronly/util/BFloat16.h:22:
  In file included from /home/edgeai/downstream/include/sycl/sycl.hpp:51:
  In file included from /home/edgeai/downstream/include/sycl/accessor_image.hpp:6:
  /home/edgeai/downstream/include/sycl/image.hpp:455:71: warning: 'byte' is deprecated: use std::byte instead [-Wdeprecated-declarations]
    455 |                         detail::SYCLMemObjAllocatorHolder<AllocatorT, byte>>(),
        |                                                                       ^
  /home/edgeai/downstream/include/sycl/aliases.hpp:92:12: note: 'byte' has been explicitly marked deprecated here
     92 | using byte __SYCL2020_DEPRECATED("use std::byte instead") = std::uint8_t;
        |            ^
  /home/edgeai/downstream/include/sycl/detail/defines_elementary.hpp:62:40: note: expanded from macro '__SYCL2020_DEPRECATED'
     62 | #define __SYCL2020_DEPRECATED(message) __SYCL_DEPRECATED(message)
        |                                        ^
  /home/edgeai/downstream/include/sycl/detail/defines_elementary.hpp:53:38: note: expanded from macro '__SYCL_DEPRECATED'
     53 | #define __SYCL_DEPRECATED(message) [[deprecated(message)]]
        |                                      ^
  In file included from /home/edgeai/esimd_learning/csrc/xpu/esimd_kernel.sycl:1:
  In file included from /home/edgeai/downstream/lib/python3.12/site-packages/torch/include/ATen/ATen.h:8:
  In file included from /home/edgeai/downstream/lib/python3.12/site-packages/torch/include/ATen/Context.h:5:
  In file included from /home/edgeai/downstream/lib/python3.12/site-packages/torch/include/ATen/CPUGeneratorImpl.h:4:
  In file included from /home/edgeai/downstream/lib/python3.12/site-packages/torch/include/ATen/core/Generator.h:19:
  In file included from /home/edgeai/downstream/lib/python3.12/site-packages/torch/include/c10/core/GeneratorImpl.h:9:
  In file included from /home/edgeai/downstream/lib/python3.12/site-packages/torch/include/c10/core/TensorImpl.h:12:
  In file included from /home/edgeai/downstream/lib/python3.12/site-packages/torch/include/c10/core/ScalarType.h:4:
  In file included from /home/edgeai/downstream/lib/python3.12/site-packages/torch/include/c10/util/BFloat16.h:2:
  In file included from /home/edgeai/downstream/lib/python3.12/site-packages/torch/include/torch/headeronly/util/BFloat16.h:22:
  In file included from /home/edgeai/downstream/include/sycl/sycl.hpp:51:
  In file included from /home/edgeai/downstream/include/sycl/accessor_image.hpp:6:
  /home/edgeai/downstream/include/sycl/image.hpp:464:63: warning: 'byte' is deprecated: use std::byte instead [-Wdeprecated-declarations]
    464 |                 detail::SYCLMemObjAllocatorHolder<AllocatorT, byte>>(Allocator),
        |                                                               ^
  /home/edgeai/downstream/include/sycl/aliases.hpp:92:12: note: 'byte' has been explicitly marked deprecated here
     92 | using byte __SYCL2020_DEPRECATED("use std::byte instead") = std::uint8_t;
        |            ^
  /home/edgeai/downstream/include/sycl/detail/defines_elementary.hpp:62:40: note: expanded from macro '__SYCL2020_DEPRECATED'
     62 | #define __SYCL2020_DEPRECATED(message) __SYCL_DEPRECATED(message)
        |                                        ^
  /home/edgeai/downstream/include/sycl/detail/defines_elementary.hpp:53:38: note: expanded from macro '__SYCL_DEPRECATED'
     53 | #define __SYCL_DEPRECATED(message) [[deprecated(message)]]
        |                                      ^
  In file included from /home/edgeai/esimd_learning/csrc/xpu/esimd_kernel.sycl:1:
  In file included from /home/edgeai/downstream/lib/python3.12/site-packages/torch/include/ATen/ATen.h:8:
  In file included from /home/edgeai/downstream/lib/python3.12/site-packages/torch/include/ATen/Context.h:5:
  In file included from /home/edgeai/downstream/lib/python3.12/site-packages/torch/include/ATen/CPUGeneratorImpl.h:4:
  In file included from /home/edgeai/downstream/lib/python3.12/site-packages/torch/include/ATen/core/Generator.h:19:
  In file included from /home/edgeai/downstream/lib/python3.12/site-packages/torch/include/c10/core/GeneratorImpl.h:9:
  In file included from /home/edgeai/downstream/lib/python3.12/site-packages/torch/include/c10/core/TensorImpl.h:12:
  In file included from /home/edgeai/downstream/lib/python3.12/site-packages/torch/include/c10/core/ScalarType.h:4:
  In file included from /home/edgeai/downstream/lib/python3.12/site-packages/torch/include/c10/util/BFloat16.h:2:
  In file included from /home/edgeai/downstream/lib/python3.12/site-packages/torch/include/torch/headeronly/util/BFloat16.h:22:
  In file included from /home/edgeai/downstream/include/sycl/sycl.hpp:51:
  In file included from /home/edgeai/downstream/include/sycl/accessor_image.hpp:6:
  /home/edgeai/downstream/include/sycl/image.hpp:476:71: warning: 'byte' is deprecated: use std::byte instead [-Wdeprecated-declarations]
    476 |                         detail::SYCLMemObjAllocatorHolder<AllocatorT, byte>>(),
        |                                                                       ^
  /home/edgeai/downstream/include/sycl/aliases.hpp:92:12: note: 'byte' has been explicitly marked deprecated here
     92 | using byte __SYCL2020_DEPRECATED("use std::byte instead") = std::uint8_t;
        |            ^
  /home/edgeai/downstream/include/sycl/detail/defines_elementary.hpp:62:40: note: expanded from macro '__SYCL2020_DEPRECATED'
     62 | #define __SYCL2020_DEPRECATED(message) __SYCL_DEPRECATED(message)
        |                                        ^
  /home/edgeai/downstream/include/sycl/detail/defines_elementary.hpp:53:38: note: expanded from macro '__SYCL_DEPRECATED'
     53 | #define __SYCL_DEPRECATED(message) [[deprecated(message)]]
        |                                      ^
  In file included from /home/edgeai/esimd_learning/csrc/xpu/esimd_kernel.sycl:1:
  In file included from /home/edgeai/downstream/lib/python3.12/site-packages/torch/include/ATen/ATen.h:8:
  In file included from /home/edgeai/downstream/lib/python3.12/site-packages/torch/include/ATen/Context.h:5:
  In file included from /home/edgeai/downstream/lib/python3.12/site-packages/torch/include/ATen/CPUGeneratorImpl.h:4:
  In file included from /home/edgeai/downstream/lib/python3.12/site-packages/torch/include/ATen/core/Generator.h:19:
  In file included from /home/edgeai/downstream/lib/python3.12/site-packages/torch/include/c10/core/GeneratorImpl.h:9:
  In file included from /home/edgeai/downstream/lib/python3.12/site-packages/torch/include/c10/core/TensorImpl.h:12:
  In file included from /home/edgeai/downstream/lib/python3.12/site-packages/torch/include/c10/core/ScalarType.h:4:
  In file included from /home/edgeai/downstream/lib/python3.12/site-packages/torch/include/c10/util/BFloat16.h:2:
  In file included from /home/edgeai/downstream/lib/python3.12/site-packages/torch/include/torch/headeronly/util/BFloat16.h:22:
  In file included from /home/edgeai/downstream/include/sycl/sycl.hpp:51:
  In file included from /home/edgeai/downstream/include/sycl/accessor_image.hpp:6:
  /home/edgeai/downstream/include/sycl/image.hpp:489:63: warning: 'byte' is deprecated: use std::byte instead [-Wdeprecated-declarations]
    489 |                 detail::SYCLMemObjAllocatorHolder<AllocatorT, byte>>(Allocator),
        |                                                               ^
  /home/edgeai/downstream/include/sycl/aliases.hpp:92:12: note: 'byte' has been explicitly marked deprecated here
     92 | using byte __SYCL2020_DEPRECATED("use std::byte instead") = std::uint8_t;
        |            ^
  /home/edgeai/downstream/include/sycl/detail/defines_elementary.hpp:62:40: note: expanded from macro '__SYCL2020_DEPRECATED'
     62 | #define __SYCL2020_DEPRECATED(message) __SYCL_DEPRECATED(message)
        |                                        ^
  /home/edgeai/downstream/include/sycl/detail/defines_elementary.hpp:53:38: note: expanded from macro '__SYCL_DEPRECATED'
     53 | #define __SYCL_DEPRECATED(message) [[deprecated(message)]]
        |                                      ^
  In file included from /home/edgeai/esimd_learning/csrc/xpu/esimd_kernel.sycl:1:
  In file included from /home/edgeai/downstream/lib/python3.12/site-packages/torch/include/ATen/ATen.h:8:
  In file included from /home/edgeai/downstream/lib/python3.12/site-packages/torch/include/ATen/Context.h:5:
  In file included from /home/edgeai/downstream/lib/python3.12/site-packages/torch/include/ATen/CPUGeneratorImpl.h:4:
  In file included from /home/edgeai/downstream/lib/python3.12/site-packages/torch/include/ATen/core/Generator.h:19:
  In file included from /home/edgeai/downstream/lib/python3.12/site-packages/torch/include/c10/core/GeneratorImpl.h:9:
  In file included from /home/edgeai/downstream/lib/python3.12/site-packages/torch/include/c10/core/TensorImpl.h:12:
  In file included from /home/edgeai/downstream/lib/python3.12/site-packages/torch/include/c10/core/ScalarType.h:4:
  In file included from /home/edgeai/downstream/lib/python3.12/site-packages/torch/include/c10/util/BFloat16.h:2:
  In file included from /home/edgeai/downstream/lib/python3.12/site-packages/torch/include/torch/headeronly/util/BFloat16.h:22:
  In file included from /home/edgeai/downstream/include/sycl/sycl.hpp:51:
  In file included from /home/edgeai/downstream/include/sycl/accessor_image.hpp:6:
  /home/edgeai/downstream/include/sycl/image.hpp:497:71: warning: 'byte' is deprecated: use std::byte instead [-Wdeprecated-declarations]
    497 |                         detail::SYCLMemObjAllocatorHolder<AllocatorT, byte>>(),
        |                                                                       ^
  /home/edgeai/downstream/include/sycl/aliases.hpp:92:12: note: 'byte' has been explicitly marked deprecated here
     92 | using byte __SYCL2020_DEPRECATED("use std::byte instead") = std::uint8_t;
        |            ^
  /home/edgeai/downstream/include/sycl/detail/defines_elementary.hpp:62:40: note: expanded from macro '__SYCL2020_DEPRECATED'
     62 | #define __SYCL2020_DEPRECATED(message) __SYCL_DEPRECATED(message)
        |                                        ^
  /home/edgeai/downstream/include/sycl/detail/defines_elementary.hpp:53:38: note: expanded from macro '__SYCL_DEPRECATED'
     53 | #define __SYCL_DEPRECATED(message) [[deprecated(message)]]
        |                                      ^
  In file included from /home/edgeai/esimd_learning/csrc/xpu/esimd_kernel.sycl:1:
  In file included from /home/edgeai/downstream/lib/python3.12/site-packages/torch/include/ATen/ATen.h:8:
  In file included from /home/edgeai/downstream/lib/python3.12/site-packages/torch/include/ATen/Context.h:5:
  In file included from /home/edgeai/downstream/lib/python3.12/site-packages/torch/include/ATen/CPUGeneratorImpl.h:4:
  In file included from /home/edgeai/downstream/lib/python3.12/site-packages/torch/include/ATen/core/Generator.h:19:
  In file included from /home/edgeai/downstream/lib/python3.12/site-packages/torch/include/c10/core/GeneratorImpl.h:9:
  In file included from /home/edgeai/downstream/lib/python3.12/site-packages/torch/include/c10/core/TensorImpl.h:12:
  In file included from /home/edgeai/downstream/lib/python3.12/site-packages/torch/include/c10/core/ScalarType.h:4:
  In file included from /home/edgeai/downstream/lib/python3.12/site-packages/torch/include/c10/util/BFloat16.h:2:
  In file included from /home/edgeai/downstream/lib/python3.12/site-packages/torch/include/torch/headeronly/util/BFloat16.h:22:
  In file included from /home/edgeai/downstream/include/sycl/sycl.hpp:51:
  In file included from /home/edgeai/downstream/include/sycl/accessor_image.hpp:6:
  /home/edgeai/downstream/include/sycl/image.hpp:506:63: warning: 'byte' is deprecated: use std::byte instead [-Wdeprecated-declarations]
    506 |                 detail::SYCLMemObjAllocatorHolder<AllocatorT, byte>>(Allocator),
        |                                                               ^
  /home/edgeai/downstream/include/sycl/aliases.hpp:92:12: note: 'byte' has been explicitly marked deprecated here
     92 | using byte __SYCL2020_DEPRECATED("use std::byte instead") = std::uint8_t;
        |            ^
  /home/edgeai/downstream/include/sycl/detail/defines_elementary.hpp:62:40: note: expanded from macro '__SYCL2020_DEPRECATED'
     62 | #define __SYCL2020_DEPRECATED(message) __SYCL_DEPRECATED(message)
        |                                        ^
  /home/edgeai/downstream/include/sycl/detail/defines_elementary.hpp:53:38: note: expanded from macro '__SYCL_DEPRECATED'
     53 | #define __SYCL_DEPRECATED(message) [[deprecated(message)]]
        |                                      ^
  In file included from /home/edgeai/esimd_learning/csrc/xpu/esimd_kernel.sycl:1:
  In file included from /home/edgeai/downstream/lib/python3.12/site-packages/torch/include/ATen/ATen.h:8:
  In file included from /home/edgeai/downstream/lib/python3.12/site-packages/torch/include/ATen/Context.h:5:
  In file included from /home/edgeai/downstream/lib/python3.12/site-packages/torch/include/ATen/CPUGeneratorImpl.h:4:
  In file included from /home/edgeai/downstream/lib/python3.12/site-packages/torch/include/ATen/core/Generator.h:19:
  In file included from /home/edgeai/downstream/lib/python3.12/site-packages/torch/include/c10/core/GeneratorImpl.h:9:
  In file included from /home/edgeai/downstream/lib/python3.12/site-packages/torch/include/c10/core/TensorImpl.h:12:
  In file included from /home/edgeai/downstream/lib/python3.12/site-packages/torch/include/c10/core/ScalarType.h:4:
  In file included from /home/edgeai/downstream/lib/python3.12/site-packages/torch/include/c10/util/BFloat16.h:2:
  In file included from /home/edgeai/downstream/lib/python3.12/site-packages/torch/include/torch/headeronly/util/BFloat16.h:22:
  In file included from /home/edgeai/downstream/include/sycl/sycl.hpp:51:
  In file included from /home/edgeai/downstream/include/sycl/accessor_image.hpp:6:
  /home/edgeai/downstream/include/sycl/image.hpp:515:71: warning: 'byte' is deprecated: use std::byte instead [-Wdeprecated-declarations]
    515 |                         detail::SYCLMemObjAllocatorHolder<AllocatorT, byte>>(),
        |                                                                       ^
  /home/edgeai/downstream/include/sycl/aliases.hpp:92:12: note: 'byte' has been explicitly marked deprecated here
     92 | using byte __SYCL2020_DEPRECATED("use std::byte instead") = std::uint8_t;
        |            ^
  /home/edgeai/downstream/include/sycl/detail/defines_elementary.hpp:62:40: note: expanded from macro '__SYCL2020_DEPRECATED'
     62 | #define __SYCL2020_DEPRECATED(message) __SYCL_DEPRECATED(message)
        |                                        ^
  /home/edgeai/downstream/include/sycl/detail/defines_elementary.hpp:53:38: note: expanded from macro '__SYCL_DEPRECATED'
     53 | #define __SYCL_DEPRECATED(message) [[deprecated(message)]]
        |                                      ^
  In file included from /home/edgeai/esimd_learning/csrc/xpu/esimd_kernel.sycl:1:
  In file included from /home/edgeai/downstream/lib/python3.12/site-packages/torch/include/ATen/ATen.h:8:
  In file included from /home/edgeai/downstream/lib/python3.12/site-packages/torch/include/ATen/Context.h:5:
  In file included from /home/edgeai/downstream/lib/python3.12/site-packages/torch/include/ATen/CPUGeneratorImpl.h:4:
  In file included from /home/edgeai/downstream/lib/python3.12/site-packages/torch/include/ATen/core/Generator.h:19:
  In file included from /home/edgeai/downstream/lib/python3.12/site-packages/torch/include/c10/core/GeneratorImpl.h:9:
  In file included from /home/edgeai/downstream/lib/python3.12/site-packages/torch/include/c10/core/TensorImpl.h:12:
  In file included from /home/edgeai/downstream/lib/python3.12/site-packages/torch/include/c10/core/ScalarType.h:4:
  In file included from /home/edgeai/downstream/lib/python3.12/site-packages/torch/include/c10/util/BFloat16.h:2:
  In file included from /home/edgeai/downstream/lib/python3.12/site-packages/torch/include/torch/headeronly/util/BFloat16.h:22:
  In file included from /home/edgeai/downstream/include/sycl/sycl.hpp:51:
  In file included from /home/edgeai/downstream/include/sycl/accessor_image.hpp:6:
  /home/edgeai/downstream/include/sycl/image.hpp:524:63: warning: 'byte' is deprecated: use std::byte instead [-Wdeprecated-declarations]
    524 |                 detail::SYCLMemObjAllocatorHolder<AllocatorT, byte>>(Allocator),
        |                                                               ^
  /home/edgeai/downstream/include/sycl/aliases.hpp:92:12: note: 'byte' has been explicitly marked deprecated here
     92 | using byte __SYCL2020_DEPRECATED("use std::byte instead") = std::uint8_t;
        |            ^
  /home/edgeai/downstream/include/sycl/detail/defines_elementary.hpp:62:40: note: expanded from macro '__SYCL2020_DEPRECATED'
     62 | #define __SYCL2020_DEPRECATED(message) __SYCL_DEPRECATED(message)
        |                                        ^
  /home/edgeai/downstream/include/sycl/detail/defines_elementary.hpp:53:38: note: expanded from macro '__SYCL_DEPRECATED'
     53 | #define __SYCL_DEPRECATED(message) [[deprecated(message)]]
        |                                      ^
  In file included from /home/edgeai/esimd_learning/csrc/xpu/esimd_kernel.sycl:1:
  In file included from /home/edgeai/downstream/lib/python3.12/site-packages/torch/include/ATen/ATen.h:8:
  In file included from /home/edgeai/downstream/lib/python3.12/site-packages/torch/include/ATen/Context.h:5:
  In file included from /home/edgeai/downstream/lib/python3.12/site-packages/torch/include/ATen/CPUGeneratorImpl.h:4:
  In file included from /home/edgeai/downstream/lib/python3.12/site-packages/torch/include/ATen/core/Generator.h:19:
  In file included from /home/edgeai/downstream/lib/python3.12/site-packages/torch/include/c10/core/GeneratorImpl.h:9:
  In file included from /home/edgeai/downstream/lib/python3.12/site-packages/torch/include/c10/core/TensorImpl.h:12:
  In file included from /home/edgeai/downstream/lib/python3.12/site-packages/torch/include/c10/core/ScalarType.h:4:
  In file included from /home/edgeai/downstream/lib/python3.12/site-packages/torch/include/c10/util/BFloat16.h:2:
  In file included from /home/edgeai/downstream/lib/python3.12/site-packages/torch/include/torch/headeronly/util/BFloat16.h:22:
  In file included from /home/edgeai/downstream/include/sycl/sycl.hpp:51:
  In file included from /home/edgeai/downstream/include/sycl/accessor_image.hpp:6:
  /home/edgeai/downstream/include/sycl/image.hpp:537:71: warning: 'byte' is deprecated: use std::byte instead [-Wdeprecated-declarations]
    537 |                         detail::SYCLMemObjAllocatorHolder<AllocatorT, byte>>(),
        |                                                                       ^
  /home/edgeai/downstream/include/sycl/aliases.hpp:92:12: note: 'byte' has been explicitly marked deprecated here
     92 | using byte __SYCL2020_DEPRECATED("use std::byte instead") = std::uint8_t;
        |            ^
  /home/edgeai/downstream/include/sycl/detail/defines_elementary.hpp:62:40: note: expanded from macro '__SYCL2020_DEPRECATED'
     62 | #define __SYCL2020_DEPRECATED(message) __SYCL_DEPRECATED(message)
        |                                        ^
  /home/edgeai/downstream/include/sycl/detail/defines_elementary.hpp:53:38: note: expanded from macro '__SYCL_DEPRECATED'
     53 | #define __SYCL_DEPRECATED(message) [[deprecated(message)]]
        |                                      ^
  In file included from /home/edgeai/esimd_learning/csrc/xpu/esimd_kernel.sycl:1:
  In file included from /home/edgeai/downstream/lib/python3.12/site-packages/torch/include/ATen/ATen.h:8:
  In file included from /home/edgeai/downstream/lib/python3.12/site-packages/torch/include/ATen/Context.h:5:
  In file included from /home/edgeai/downstream/lib/python3.12/site-packages/torch/include/ATen/CPUGeneratorImpl.h:4:
  In file included from /home/edgeai/downstream/lib/python3.12/site-packages/torch/include/ATen/core/Generator.h:19:
  In file included from /home/edgeai/downstream/lib/python3.12/site-packages/torch/include/c10/core/GeneratorImpl.h:9:
  In file included from /home/edgeai/downstream/lib/python3.12/site-packages/torch/include/c10/core/TensorImpl.h:12:
  In file included from /home/edgeai/downstream/lib/python3.12/site-packages/torch/include/c10/core/ScalarType.h:4:
  In file included from /home/edgeai/downstream/lib/python3.12/site-packages/torch/include/c10/util/BFloat16.h:2:
  In file included from /home/edgeai/downstream/lib/python3.12/site-packages/torch/include/torch/headeronly/util/BFloat16.h:22:
  In file included from /home/edgeai/downstream/include/sycl/sycl.hpp:51:
  In file included from /home/edgeai/downstream/include/sycl/accessor_image.hpp:6:
  /home/edgeai/downstream/include/sycl/image.hpp:550:63: warning: 'byte' is deprecated: use std::byte instead [-Wdeprecated-declarations]
    550 |                 detail::SYCLMemObjAllocatorHolder<AllocatorT, byte>>(Allocator),
        |                                                               ^
  /home/edgeai/downstream/include/sycl/aliases.hpp:92:12: note: 'byte' has been explicitly marked deprecated here
     92 | using byte __SYCL2020_DEPRECATED("use std::byte instead") = std::uint8_t;
        |            ^
  /home/edgeai/downstream/include/sycl/detail/defines_elementary.hpp:62:40: note: expanded from macro '__SYCL2020_DEPRECATED'
     62 | #define __SYCL2020_DEPRECATED(message) __SYCL_DEPRECATED(message)
        |                                        ^
  /home/edgeai/downstream/include/sycl/detail/defines_elementary.hpp:53:38: note: expanded from macro '__SYCL_DEPRECATED'
     53 | #define __SYCL_DEPRECATED(message) [[deprecated(message)]]
        |                                      ^
  In file included from /home/edgeai/esimd_learning/csrc/xpu/esimd_kernel.sycl:1:
  In file included from /home/edgeai/downstream/lib/python3.12/site-packages/torch/include/ATen/ATen.h:8:
  In file included from /home/edgeai/downstream/lib/python3.12/site-packages/torch/include/ATen/Context.h:5:
  In file included from /home/edgeai/downstream/lib/python3.12/site-packages/torch/include/ATen/CPUGeneratorImpl.h:4:
  In file included from /home/edgeai/downstream/lib/python3.12/site-packages/torch/include/ATen/core/Generator.h:19:
  In file included from /home/edgeai/downstream/lib/python3.12/site-packages/torch/include/c10/core/GeneratorImpl.h:9:
  In file included from /home/edgeai/downstream/lib/python3.12/site-packages/torch/include/c10/core/TensorImpl.h:12:
  In file included from /home/edgeai/downstream/lib/python3.12/site-packages/torch/include/c10/core/ScalarType.h:4:
  In file included from /home/edgeai/downstream/lib/python3.12/site-packages/torch/include/c10/util/BFloat16.h:2:
  In file included from /home/edgeai/downstream/lib/python3.12/site-packages/torch/include/torch/headeronly/util/BFloat16.h:22:
  In file included from /home/edgeai/downstream/include/sycl/sycl.hpp:51:
  In file included from /home/edgeai/downstream/include/sycl/accessor_image.hpp:6:
  /home/edgeai/downstream/include/sycl/image.hpp:559:71: warning: 'byte' is deprecated: use std::byte instead [-Wdeprecated-declarations]
    559 |                         detail::SYCLMemObjAllocatorHolder<AllocatorT, byte>>(),
        |                                                                       ^
  /home/edgeai/downstream/include/sycl/aliases.hpp:92:12: note: 'byte' has been explicitly marked deprecated here
     92 | using byte __SYCL2020_DEPRECATED("use std::byte instead") = std::uint8_t;
        |            ^
  /home/edgeai/downstream/include/sycl/detail/defines_elementary.hpp:62:40: note: expanded from macro '__SYCL2020_DEPRECATED'
     62 | #define __SYCL2020_DEPRECATED(message) __SYCL_DEPRECATED(message)
        |                                        ^
  /home/edgeai/downstream/include/sycl/detail/defines_elementary.hpp:53:38: note: expanded from macro '__SYCL_DEPRECATED'
     53 | #define __SYCL_DEPRECATED(message) [[deprecated(message)]]
        |                                      ^
  In file included from /home/edgeai/esimd_learning/csrc/xpu/esimd_kernel.sycl:1:
  In file included from /home/edgeai/downstream/lib/python3.12/site-packages/torch/include/ATen/ATen.h:8:
  In file included from /home/edgeai/downstream/lib/python3.12/site-packages/torch/include/ATen/Context.h:5:
  In file included from /home/edgeai/downstream/lib/python3.12/site-packages/torch/include/ATen/CPUGeneratorImpl.h:4:
  In file included from /home/edgeai/downstream/lib/python3.12/site-packages/torch/include/ATen/core/Generator.h:19:
  In file included from /home/edgeai/downstream/lib/python3.12/site-packages/torch/include/c10/core/GeneratorImpl.h:9:
  In file included from /home/edgeai/downstream/lib/python3.12/site-packages/torch/include/c10/core/TensorImpl.h:12:
  In file included from /home/edgeai/downstream/lib/python3.12/site-packages/torch/include/c10/core/ScalarType.h:4:
  In file included from /home/edgeai/downstream/lib/python3.12/site-packages/torch/include/c10/util/BFloat16.h:2:
  In file included from /home/edgeai/downstream/lib/python3.12/site-packages/torch/include/torch/headeronly/util/BFloat16.h:22:
  In file included from /home/edgeai/downstream/include/sycl/sycl.hpp:51:
  In file included from /home/edgeai/downstream/include/sycl/accessor_image.hpp:6:
  /home/edgeai/downstream/include/sycl/image.hpp:568:63: warning: 'byte' is deprecated: use std::byte instead [-Wdeprecated-declarations]
    568 |                 detail::SYCLMemObjAllocatorHolder<AllocatorT, byte>>(Allocator),
        |                                                               ^
  /home/edgeai/downstream/include/sycl/aliases.hpp:92:12: note: 'byte' has been explicitly marked deprecated here
     92 | using byte __SYCL2020_DEPRECATED("use std::byte instead") = std::uint8_t;
        |            ^
  /home/edgeai/downstream/include/sycl/detail/defines_elementary.hpp:62:40: note: expanded from macro '__SYCL2020_DEPRECATED'
     62 | #define __SYCL2020_DEPRECATED(message) __SYCL_DEPRECATED(message)
        |                                        ^
  /home/edgeai/downstream/include/sycl/detail/defines_elementary.hpp:53:38: note: expanded from macro '__SYCL_DEPRECATED'
     53 | #define __SYCL_DEPRECATED(message) [[deprecated(message)]]
        |                                      ^
  In file included from /home/edgeai/esimd_learning/csrc/xpu/esimd_kernel.sycl:1:
  In file included from /home/edgeai/downstream/lib/python3.12/site-packages/torch/include/ATen/ATen.h:8:
  In file included from /home/edgeai/downstream/lib/python3.12/site-packages/torch/include/ATen/Context.h:5:
  In file included from /home/edgeai/downstream/lib/python3.12/site-packages/torch/include/ATen/CPUGeneratorImpl.h:4:
  In file included from /home/edgeai/downstream/lib/python3.12/site-packages/torch/include/ATen/core/Generator.h:19:
  In file included from /home/edgeai/downstream/lib/python3.12/site-packages/torch/include/c10/core/GeneratorImpl.h:9:
  In file included from /home/edgeai/downstream/lib/python3.12/site-packages/torch/include/c10/core/TensorImpl.h:12:
  In file included from /home/edgeai/downstream/lib/python3.12/site-packages/torch/include/c10/core/ScalarType.h:4:
  In file included from /home/edgeai/downstream/lib/python3.12/site-packages/torch/include/c10/util/BFloat16.h:2:
  In file included from /home/edgeai/downstream/lib/python3.12/site-packages/torch/include/torch/headeronly/util/BFloat16.h:22:
  In file included from /home/edgeai/downstream/include/sycl/sycl.hpp:51:
  In file included from /home/edgeai/downstream/include/sycl/accessor_image.hpp:6:
  /home/edgeai/downstream/include/sycl/image.hpp:581:71: warning: 'byte' is deprecated: use std::byte instead [-Wdeprecated-declarations]
    581 |                         detail::SYCLMemObjAllocatorHolder<AllocatorT, byte>>(),
        |                                                                       ^
  /home/edgeai/downstream/include/sycl/aliases.hpp:92:12: note: 'byte' has been explicitly marked deprecated here
     92 | using byte __SYCL2020_DEPRECATED("use std::byte instead") = std::uint8_t;
        |            ^
  /home/edgeai/downstream/include/sycl/detail/defines_elementary.hpp:62:40: note: expanded from macro '__SYCL2020_DEPRECATED'
     62 | #define __SYCL2020_DEPRECATED(message) __SYCL_DEPRECATED(message)
        |                                        ^
  /home/edgeai/downstream/include/sycl/detail/defines_elementary.hpp:53:38: note: expanded from macro '__SYCL_DEPRECATED'
     53 | #define __SYCL_DEPRECATED(message) [[deprecated(message)]]
        |                                      ^
  In file included from /home/edgeai/esimd_learning/csrc/xpu/esimd_kernel.sycl:1:
  In file included from /home/edgeai/downstream/lib/python3.12/site-packages/torch/include/ATen/ATen.h:8:
  In file included from /home/edgeai/downstream/lib/python3.12/site-packages/torch/include/ATen/Context.h:5:
  In file included from /home/edgeai/downstream/lib/python3.12/site-packages/torch/include/ATen/CPUGeneratorImpl.h:4:
  In file included from /home/edgeai/downstream/lib/python3.12/site-packages/torch/include/ATen/core/Generator.h:19:
  In file included from /home/edgeai/downstream/lib/python3.12/site-packages/torch/include/c10/core/GeneratorImpl.h:9:
  In file included from /home/edgeai/downstream/lib/python3.12/site-packages/torch/include/c10/core/TensorImpl.h:12:
  In file included from /home/edgeai/downstream/lib/python3.12/site-packages/torch/include/c10/core/ScalarType.h:4:
  In file included from /home/edgeai/downstream/lib/python3.12/site-packages/torch/include/c10/util/BFloat16.h:2:
  In file included from /home/edgeai/downstream/lib/python3.12/site-packages/torch/include/torch/headeronly/util/BFloat16.h:22:
  In file included from /home/edgeai/downstream/include/sycl/sycl.hpp:51:
  In file included from /home/edgeai/downstream/include/sycl/accessor_image.hpp:6:
  /home/edgeai/downstream/include/sycl/image.hpp:594:63: warning: 'byte' is deprecated: use std::byte instead [-Wdeprecated-declarations]
    594 |                 detail::SYCLMemObjAllocatorHolder<AllocatorT, byte>>(Allocator),
        |                                                               ^
  /home/edgeai/downstream/include/sycl/aliases.hpp:92:12: note: 'byte' has been explicitly marked deprecated here
     92 | using byte __SYCL2020_DEPRECATED("use std::byte instead") = std::uint8_t;
        |            ^
  /home/edgeai/downstream/include/sycl/detail/defines_elementary.hpp:62:40: note: expanded from macro '__SYCL2020_DEPRECATED'
     62 | #define __SYCL2020_DEPRECATED(message) __SYCL_DEPRECATED(message)
        |                                        ^
  /home/edgeai/downstream/include/sycl/detail/defines_elementary.hpp:53:38: note: expanded from macro '__SYCL_DEPRECATED'
     53 | #define __SYCL_DEPRECATED(message) [[deprecated(message)]]
        |                                      ^
  In file included from /home/edgeai/esimd_learning/csrc/xpu/esimd_kernel.sycl:1:
  In file included from /home/edgeai/downstream/lib/python3.12/site-packages/torch/include/ATen/ATen.h:8:
  In file included from /home/edgeai/downstream/lib/python3.12/site-packages/torch/include/ATen/Context.h:5:
  In file included from /home/edgeai/downstream/lib/python3.12/site-packages/torch/include/ATen/CPUGeneratorImpl.h:4:
  In file included from /home/edgeai/downstream/lib/python3.12/site-packages/torch/include/ATen/core/Generator.h:19:
  In file included from /home/edgeai/downstream/lib/python3.12/site-packages/torch/include/c10/core/GeneratorImpl.h:9:
  In file included from /home/edgeai/downstream/lib/python3.12/site-packages/torch/include/c10/core/TensorImpl.h:12:
  In file included from /home/edgeai/downstream/lib/python3.12/site-packages/torch/include/c10/core/ScalarType.h:4:
  In file included from /home/edgeai/downstream/lib/python3.12/site-packages/torch/include/c10/util/BFloat16.h:2:
  In file included from /home/edgeai/downstream/lib/python3.12/site-packages/torch/include/torch/headeronly/util/BFloat16.h:22:
  In file included from /home/edgeai/downstream/include/sycl/sycl.hpp:51:
  In file included from /home/edgeai/downstream/include/sycl/accessor_image.hpp:6:
  /home/edgeai/downstream/include/sycl/image.hpp:676:71: warning: 'byte' is deprecated: use std::byte instead [-Wdeprecated-declarations]
    676 |                         detail::SYCLMemObjAllocatorHolder<AllocatorT, byte>>(),
        |                                                                       ^
  /home/edgeai/downstream/include/sycl/aliases.hpp:92:12: note: 'byte' has been explicitly marked deprecated here
     92 | using byte __SYCL2020_DEPRECATED("use std::byte instead") = std::uint8_t;
        |            ^
  /home/edgeai/downstream/include/sycl/detail/defines_elementary.hpp:62:40: note: expanded from macro '__SYCL2020_DEPRECATED'
     62 | #define __SYCL2020_DEPRECATED(message) __SYCL_DEPRECATED(message)
        |                                        ^
  /home/edgeai/downstream/include/sycl/detail/defines_elementary.hpp:53:38: note: expanded from macro '__SYCL_DEPRECATED'
     53 | #define __SYCL_DEPRECATED(message) [[deprecated(message)]]
        |                                      ^
  In file included from /home/edgeai/esimd_learning/csrc/xpu/esimd_kernel.sycl:1:
  In file included from /home/edgeai/downstream/lib/python3.12/site-packages/torch/include/ATen/ATen.h:8:
  In file included from /home/edgeai/downstream/lib/python3.12/site-packages/torch/include/ATen/Context.h:5:
  In file included from /home/edgeai/downstream/lib/python3.12/site-packages/torch/include/ATen/CPUGeneratorImpl.h:4:
  In file included from /home/edgeai/downstream/lib/python3.12/site-packages/torch/include/ATen/core/Generator.h:19:
  In file included from /home/edgeai/downstream/lib/python3.12/site-packages/torch/include/c10/core/GeneratorImpl.h:9:
  In file included from /home/edgeai/downstream/lib/python3.12/site-packages/torch/include/c10/core/TensorImpl.h:12:
  In file included from /home/edgeai/downstream/lib/python3.12/site-packages/torch/include/c10/core/ScalarType.h:4:
  In file included from /home/edgeai/downstream/lib/python3.12/site-packages/torch/include/c10/util/BFloat16.h:2:
  In file included from /home/edgeai/downstream/lib/python3.12/site-packages/torch/include/torch/headeronly/util/BFloat16.h:22:
  In file included from /home/edgeai/downstream/include/sycl/sycl.hpp:51:
  In file included from /home/edgeai/downstream/include/sycl/accessor_image.hpp:6:
  /home/edgeai/downstream/include/sycl/image.hpp:748:71: warning: 'byte' is deprecated: use std::byte instead [-Wdeprecated-declarations]
    748 |                         detail::SYCLMemObjAllocatorHolder<AllocatorT, byte>>(),
        |                                                                       ^
  /home/edgeai/downstream/include/sycl/aliases.hpp:92:12: note: 'byte' has been explicitly marked deprecated here
     92 | using byte __SYCL2020_DEPRECATED("use std::byte instead") = std::uint8_t;
        |            ^
  /home/edgeai/downstream/include/sycl/detail/defines_elementary.hpp:62:40: note: expanded from macro '__SYCL2020_DEPRECATED'
     62 | #define __SYCL2020_DEPRECATED(message) __SYCL_DEPRECATED(message)
        |                                        ^
  /home/edgeai/downstream/include/sycl/detail/defines_elementary.hpp:53:38: note: expanded from macro '__SYCL_DEPRECATED'
     53 | #define __SYCL_DEPRECATED(message) [[deprecated(message)]]
        |                                      ^
  In file included from /home/edgeai/esimd_learning/csrc/xpu/esimd_kernel.sycl:1:
  In file included from /home/edgeai/downstream/lib/python3.12/site-packages/torch/include/ATen/ATen.h:8:
  In file included from /home/edgeai/downstream/lib/python3.12/site-packages/torch/include/ATen/Context.h:5:
  In file included from /home/edgeai/downstream/lib/python3.12/site-packages/torch/include/ATen/CPUGeneratorImpl.h:4:
  In file included from /home/edgeai/downstream/lib/python3.12/site-packages/torch/include/ATen/core/Generator.h:19:
  In file included from /home/edgeai/downstream/lib/python3.12/site-packages/torch/include/c10/core/GeneratorImpl.h:9:
  In file included from /home/edgeai/downstream/lib/python3.12/site-packages/torch/include/c10/core/TensorImpl.h:12:
  In file included from /home/edgeai/downstream/lib/python3.12/site-packages/torch/include/c10/core/ScalarType.h:4:
  In file included from /home/edgeai/downstream/lib/python3.12/site-packages/torch/include/c10/util/BFloat16.h:2:
  In file included from /home/edgeai/downstream/lib/python3.12/site-packages/torch/include/torch/headeronly/util/BFloat16.h:22:
  In file included from /home/edgeai/downstream/include/sycl/sycl.hpp:51:
  In file included from /home/edgeai/downstream/include/sycl/accessor_image.hpp:6:
  /home/edgeai/downstream/include/sycl/image.hpp:764:63: warning: 'byte' is deprecated: use std::byte instead [-Wdeprecated-declarations]
    764 |                 detail::SYCLMemObjAllocatorHolder<AllocatorT, byte>>(Allocator),
        |                                                               ^
  /home/edgeai/downstream/include/sycl/aliases.hpp:92:12: note: 'byte' has been explicitly marked deprecated here
     92 | using byte __SYCL2020_DEPRECATED("use std::byte instead") = std::uint8_t;
        |            ^
  /home/edgeai/downstream/include/sycl/detail/defines_elementary.hpp:62:40: note: expanded from macro '__SYCL2020_DEPRECATED'
     62 | #define __SYCL2020_DEPRECATED(message) __SYCL_DEPRECATED(message)
        |                                        ^
  /home/edgeai/downstream/include/sycl/detail/defines_elementary.hpp:53:38: note: expanded from macro '__SYCL_DEPRECATED'
     53 | #define __SYCL_DEPRECATED(message) [[deprecated(message)]]
        |                                      ^
  In file included from /home/edgeai/esimd_learning/csrc/xpu/esimd_kernel.sycl:1:
  In file included from /home/edgeai/downstream/lib/python3.12/site-packages/torch/include/ATen/ATen.h:8:
  In file included from /home/edgeai/downstream/lib/python3.12/site-packages/torch/include/ATen/Context.h:5:
  In file included from /home/edgeai/downstream/lib/python3.12/site-packages/torch/include/ATen/CPUGeneratorImpl.h:4:
  In file included from /home/edgeai/downstream/lib/python3.12/site-packages/torch/include/ATen/core/Generator.h:19:
  In file included from /home/edgeai/downstream/lib/python3.12/site-packages/torch/include/c10/core/GeneratorImpl.h:9:
  In file included from /home/edgeai/downstream/lib/python3.12/site-packages/torch/include/c10/core/TensorImpl.h:12:
  In file included from /home/edgeai/downstream/lib/python3.12/site-packages/torch/include/c10/core/ScalarType.h:4:
  In file included from /home/edgeai/downstream/lib/python3.12/site-packages/torch/include/c10/util/BFloat16.h:2:
  In file included from /home/edgeai/downstream/lib/python3.12/site-packages/torch/include/torch/headeronly/util/BFloat16.h:22:
  In file included from /home/edgeai/downstream/include/sycl/sycl.hpp:51:
  In file included from /home/edgeai/downstream/include/sycl/accessor_image.hpp:6:
  /home/edgeai/downstream/include/sycl/image.hpp:782:71: warning: 'byte' is deprecated: use std::byte instead [-Wdeprecated-declarations]
    782 |                         detail::SYCLMemObjAllocatorHolder<AllocatorT, byte>>(),
        |                                                                       ^
  /home/edgeai/downstream/include/sycl/aliases.hpp:92:12: note: 'byte' has been explicitly marked deprecated here
     92 | using byte __SYCL2020_DEPRECATED("use std::byte instead") = std::uint8_t;
        |            ^
  /home/edgeai/downstream/include/sycl/detail/defines_elementary.hpp:62:40: note: expanded from macro '__SYCL2020_DEPRECATED'
     62 | #define __SYCL2020_DEPRECATED(message) __SYCL_DEPRECATED(message)
        |                                        ^
  /home/edgeai/downstream/include/sycl/detail/defines_elementary.hpp:53:38: note: expanded from macro '__SYCL_DEPRECATED'
     53 | #define __SYCL_DEPRECATED(message) [[deprecated(message)]]
        |                                      ^
  In file included from /home/edgeai/esimd_learning/csrc/xpu/esimd_kernel.sycl:1:
  In file included from /home/edgeai/downstream/lib/python3.12/site-packages/torch/include/ATen/ATen.h:8:
  In file included from /home/edgeai/downstream/lib/python3.12/site-packages/torch/include/ATen/Context.h:5:
  In file included from /home/edgeai/downstream/lib/python3.12/site-packages/torch/include/ATen/CPUGeneratorImpl.h:4:
  In file included from /home/edgeai/downstream/lib/python3.12/site-packages/torch/include/ATen/core/Generator.h:19:
  In file included from /home/edgeai/downstream/lib/python3.12/site-packages/torch/include/c10/core/GeneratorImpl.h:9:
  In file included from /home/edgeai/downstream/lib/python3.12/site-packages/torch/include/c10/core/TensorImpl.h:12:
  In file included from /home/edgeai/downstream/lib/python3.12/site-packages/torch/include/c10/core/ScalarType.h:4:
  In file included from /home/edgeai/downstream/lib/python3.12/site-packages/torch/include/c10/util/BFloat16.h:2:
  In file included from /home/edgeai/downstream/lib/python3.12/site-packages/torch/include/torch/headeronly/util/BFloat16.h:22:
  In file included from /home/edgeai/downstream/include/sycl/sycl.hpp:51:
  In file included from /home/edgeai/downstream/include/sycl/accessor_image.hpp:6:
  /home/edgeai/downstream/include/sycl/image.hpp:802:63: warning: 'byte' is deprecated: use std::byte instead [-Wdeprecated-declarations]
    802 |                 detail::SYCLMemObjAllocatorHolder<AllocatorT, byte>>(Allocator),
        |                                                               ^
  /home/edgeai/downstream/include/sycl/aliases.hpp:92:12: note: 'byte' has been explicitly marked deprecated here
     92 | using byte __SYCL2020_DEPRECATED("use std::byte instead") = std::uint8_t;
        |            ^
  /home/edgeai/downstream/include/sycl/detail/defines_elementary.hpp:62:40: note: expanded from macro '__SYCL2020_DEPRECATED'
     62 | #define __SYCL2020_DEPRECATED(message) __SYCL_DEPRECATED(message)
        |                                        ^
  /home/edgeai/downstream/include/sycl/detail/defines_elementary.hpp:53:38: note: expanded from macro '__SYCL_DEPRECATED'
     53 | #define __SYCL_DEPRECATED(message) [[deprecated(message)]]
        |                                      ^
  In file included from /home/edgeai/esimd_learning/csrc/xpu/esimd_kernel.sycl:1:
  In file included from /home/edgeai/downstream/lib/python3.12/site-packages/torch/include/ATen/ATen.h:8:
  In file included from /home/edgeai/downstream/lib/python3.12/site-packages/torch/include/ATen/Context.h:5:
  In file included from /home/edgeai/downstream/lib/python3.12/site-packages/torch/include/ATen/CPUGeneratorImpl.h:4:
  In file included from /home/edgeai/downstream/lib/python3.12/site-packages/torch/include/ATen/core/Generator.h:19:
  In file included from /home/edgeai/downstream/lib/python3.12/site-packages/torch/include/c10/core/GeneratorImpl.h:9:
  In file included from /home/edgeai/downstream/lib/python3.12/site-packages/torch/include/c10/core/TensorImpl.h:12:
  In file included from /home/edgeai/downstream/lib/python3.12/site-packages/torch/include/c10/core/ScalarType.h:4:
  In file included from /home/edgeai/downstream/lib/python3.12/site-packages/torch/include/c10/util/BFloat16.h:2:
  In file included from /home/edgeai/downstream/lib/python3.12/site-packages/torch/include/torch/headeronly/util/BFloat16.h:22:
  In file included from /home/edgeai/downstream/include/sycl/sycl.hpp:51:
  In file included from /home/edgeai/downstream/include/sycl/accessor_image.hpp:6:
  /home/edgeai/downstream/include/sycl/image.hpp:817:71: warning: 'byte' is deprecated: use std::byte instead [-Wdeprecated-declarations]
    817 |                         detail::SYCLMemObjAllocatorHolder<AllocatorT, byte>>(),
        |                                                                       ^
  /home/edgeai/downstream/include/sycl/aliases.hpp:92:12: note: 'byte' has been explicitly marked deprecated here
     92 | using byte __SYCL2020_DEPRECATED("use std::byte instead") = std::uint8_t;
        |            ^
  /home/edgeai/downstream/include/sycl/detail/defines_elementary.hpp:62:40: note: expanded from macro '__SYCL2020_DEPRECATED'
     62 | #define __SYCL2020_DEPRECATED(message) __SYCL_DEPRECATED(message)
        |                                        ^
  /home/edgeai/downstream/include/sycl/detail/defines_elementary.hpp:53:38: note: expanded from macro '__SYCL_DEPRECATED'
     53 | #define __SYCL_DEPRECATED(message) [[deprecated(message)]]
        |                                      ^
  In file included from /home/edgeai/esimd_learning/csrc/xpu/esimd_kernel.sycl:1:
  In file included from /home/edgeai/downstream/lib/python3.12/site-packages/torch/include/ATen/ATen.h:8:
  In file included from /home/edgeai/downstream/lib/python3.12/site-packages/torch/include/ATen/Context.h:5:
  In file included from /home/edgeai/downstream/lib/python3.12/site-packages/torch/include/ATen/CPUGeneratorImpl.h:4:
  In file included from /home/edgeai/downstream/lib/python3.12/site-packages/torch/include/ATen/core/Generator.h:19:
  In file included from /home/edgeai/downstream/lib/python3.12/site-packages/torch/include/c10/core/GeneratorImpl.h:9:
  In file included from /home/edgeai/downstream/lib/python3.12/site-packages/torch/include/c10/core/TensorImpl.h:12:
  In file included from /home/edgeai/downstream/lib/python3.12/site-packages/torch/include/c10/core/ScalarType.h:4:
  In file included from /home/edgeai/downstream/lib/python3.12/site-packages/torch/include/c10/util/BFloat16.h:2:
  In file included from /home/edgeai/downstream/lib/python3.12/site-packages/torch/include/torch/headeronly/util/BFloat16.h:22:
  In file included from /home/edgeai/downstream/include/sycl/sycl.hpp:51:
  In file included from /home/edgeai/downstream/include/sycl/accessor_image.hpp:6:
  /home/edgeai/downstream/include/sycl/image.hpp:833:63: warning: 'byte' is deprecated: use std::byte instead [-Wdeprecated-declarations]
    833 |                 detail::SYCLMemObjAllocatorHolder<AllocatorT, byte>>(Allocator),
        |                                                               ^
  /home/edgeai/downstream/include/sycl/aliases.hpp:92:12: note: 'byte' has been explicitly marked deprecated here
     92 | using byte __SYCL2020_DEPRECATED("use std::byte instead") = std::uint8_t;
        |            ^
  /home/edgeai/downstream/include/sycl/detail/defines_elementary.hpp:62:40: note: expanded from macro '__SYCL2020_DEPRECATED'
     62 | #define __SYCL2020_DEPRECATED(message) __SYCL_DEPRECATED(message)
        |                                        ^
  /home/edgeai/downstream/include/sycl/detail/defines_elementary.hpp:53:38: note: expanded from macro '__SYCL_DEPRECATED'
     53 | #define __SYCL_DEPRECATED(message) [[deprecated(message)]]
        |                                      ^
  In file included from /home/edgeai/esimd_learning/csrc/xpu/esimd_kernel.sycl:1:
  In file included from /home/edgeai/downstream/lib/python3.12/site-packages/torch/include/ATen/ATen.h:8:
  In file included from /home/edgeai/downstream/lib/python3.12/site-packages/torch/include/ATen/Context.h:5:
  In file included from /home/edgeai/downstream/lib/python3.12/site-packages/torch/include/ATen/CPUGeneratorImpl.h:4:
  In file included from /home/edgeai/downstream/lib/python3.12/site-packages/torch/include/ATen/core/Generator.h:19:
  In file included from /home/edgeai/downstream/lib/python3.12/site-packages/torch/include/c10/core/GeneratorImpl.h:9:
  In file included from /home/edgeai/downstream/lib/python3.12/site-packages/torch/include/c10/core/TensorImpl.h:12:
  In file included from /home/edgeai/downstream/lib/python3.12/site-packages/torch/include/c10/core/ScalarType.h:4:
  In file included from /home/edgeai/downstream/lib/python3.12/site-packages/torch/include/c10/util/BFloat16.h:2:
  In file included from /home/edgeai/downstream/lib/python3.12/site-packages/torch/include/torch/headeronly/util/BFloat16.h:22:
  In file included from /home/edgeai/downstream/include/sycl/sycl.hpp:51:
  In file included from /home/edgeai/downstream/include/sycl/accessor_image.hpp:6:
  /home/edgeai/downstream/include/sycl/image.hpp:851:71: warning: 'byte' is deprecated: use std::byte instead [-Wdeprecated-declarations]
    851 |                         detail::SYCLMemObjAllocatorHolder<AllocatorT, byte>>(),
        |                                                                       ^
  /home/edgeai/downstream/include/sycl/aliases.hpp:92:12: note: 'byte' has been explicitly marked deprecated here
     92 | using byte __SYCL2020_DEPRECATED("use std::byte instead") = std::uint8_t;
        |            ^
  /home/edgeai/downstream/include/sycl/detail/defines_elementary.hpp:62:40: note: expanded from macro '__SYCL2020_DEPRECATED'
     62 | #define __SYCL2020_DEPRECATED(message) __SYCL_DEPRECATED(message)
        |                                        ^
  /home/edgeai/downstream/include/sycl/detail/defines_elementary.hpp:53:38: note: expanded from macro '__SYCL_DEPRECATED'
     53 | #define __SYCL_DEPRECATED(message) [[deprecated(message)]]
        |                                      ^
  In file included from /home/edgeai/esimd_learning/csrc/xpu/esimd_kernel.sycl:1:
  In file included from /home/edgeai/downstream/lib/python3.12/site-packages/torch/include/ATen/ATen.h:8:
  In file included from /home/edgeai/downstream/lib/python3.12/site-packages/torch/include/ATen/Context.h:5:
  In file included from /home/edgeai/downstream/lib/python3.12/site-packages/torch/include/ATen/CPUGeneratorImpl.h:4:
  In file included from /home/edgeai/downstream/lib/python3.12/site-packages/torch/include/ATen/core/Generator.h:19:
  In file included from /home/edgeai/downstream/lib/python3.12/site-packages/torch/include/c10/core/GeneratorImpl.h:9:
  In file included from /home/edgeai/downstream/lib/python3.12/site-packages/torch/include/c10/core/TensorImpl.h:12:
  In file included from /home/edgeai/downstream/lib/python3.12/site-packages/torch/include/c10/core/ScalarType.h:4:
  In file included from /home/edgeai/downstream/lib/python3.12/site-packages/torch/include/c10/util/BFloat16.h:2:
  In file included from /home/edgeai/downstream/lib/python3.12/site-packages/torch/include/torch/headeronly/util/BFloat16.h:22:
  In file included from /home/edgeai/downstream/include/sycl/sycl.hpp:51:
  In file included from /home/edgeai/downstream/include/sycl/accessor_image.hpp:6:
  /home/edgeai/downstream/include/sycl/image.hpp:871:63: warning: 'byte' is deprecated: use std::byte instead [-Wdeprecated-declarations]
    871 |                 detail::SYCLMemObjAllocatorHolder<AllocatorT, byte>>(Allocator),
        |                                                               ^
  /home/edgeai/downstream/include/sycl/aliases.hpp:92:12: note: 'byte' has been explicitly marked deprecated here
     92 | using byte __SYCL2020_DEPRECATED("use std::byte instead") = std::uint8_t;
        |            ^
  /home/edgeai/downstream/include/sycl/detail/defines_elementary.hpp:62:40: note: expanded from macro '__SYCL2020_DEPRECATED'
     62 | #define __SYCL2020_DEPRECATED(message) __SYCL_DEPRECATED(message)
        |                                        ^
  /home/edgeai/downstream/include/sycl/detail/defines_elementary.hpp:53:38: note: expanded from macro '__SYCL_DEPRECATED'
     53 | #define __SYCL_DEPRECATED(message) [[deprecated(message)]]
        |                                      ^
  In file included from /home/edgeai/esimd_learning/csrc/xpu/esimd_kernel.sycl:1:
  In file included from /home/edgeai/downstream/lib/python3.12/site-packages/torch/include/ATen/ATen.h:8:
  In file included from /home/edgeai/downstream/lib/python3.12/site-packages/torch/include/ATen/Context.h:5:
  In file included from /home/edgeai/downstream/lib/python3.12/site-packages/torch/include/ATen/CPUGeneratorImpl.h:4:
  In file included from /home/edgeai/downstream/lib/python3.12/site-packages/torch/include/ATen/core/Generator.h:19:
  In file included from /home/edgeai/downstream/lib/python3.12/site-packages/torch/include/c10/core/GeneratorImpl.h:9:
  In file included from /home/edgeai/downstream/lib/python3.12/site-packages/torch/include/c10/core/TensorImpl.h:12:
  In file included from /home/edgeai/downstream/lib/python3.12/site-packages/torch/include/c10/core/ScalarType.h:4:
  In file included from /home/edgeai/downstream/lib/python3.12/site-packages/torch/include/c10/util/BFloat16.h:2:
  In file included from /home/edgeai/downstream/lib/python3.12/site-packages/torch/include/torch/headeronly/util/BFloat16.h:22:
  In file included from /home/edgeai/downstream/include/sycl/sycl.hpp:51:
  In file included from /home/edgeai/downstream/include/sycl/accessor_image.hpp:6:
  /home/edgeai/downstream/include/sycl/image.hpp:886:71: warning: 'byte' is deprecated: use std::byte instead [-Wdeprecated-declarations]
    886 |                         detail::SYCLMemObjAllocatorHolder<AllocatorT, byte>>(),
        |                                                                       ^
  /home/edgeai/downstream/include/sycl/aliases.hpp:92:12: note: 'byte' has been explicitly marked deprecated here
     92 | using byte __SYCL2020_DEPRECATED("use std::byte instead") = std::uint8_t;
        |            ^
  /home/edgeai/downstream/include/sycl/detail/defines_elementary.hpp:62:40: note: expanded from macro '__SYCL2020_DEPRECATED'
     62 | #define __SYCL2020_DEPRECATED(message) __SYCL_DEPRECATED(message)
        |                                        ^
  /home/edgeai/downstream/include/sycl/detail/defines_elementary.hpp:53:38: note: expanded from macro '__SYCL_DEPRECATED'
     53 | #define __SYCL_DEPRECATED(message) [[deprecated(message)]]
        |                                      ^
  In file included from /home/edgeai/esimd_learning/csrc/xpu/esimd_kernel.sycl:1:
  In file included from /home/edgeai/downstream/lib/python3.12/site-packages/torch/include/ATen/ATen.h:8:
  In file included from /home/edgeai/downstream/lib/python3.12/site-packages/torch/include/ATen/Context.h:5:
  In file included from /home/edgeai/downstream/lib/python3.12/site-packages/torch/include/ATen/CPUGeneratorImpl.h:4:
  In file included from /home/edgeai/downstream/lib/python3.12/site-packages/torch/include/ATen/core/Generator.h:19:
  In file included from /home/edgeai/downstream/lib/python3.12/site-packages/torch/include/c10/core/GeneratorImpl.h:9:
  In file included from /home/edgeai/downstream/lib/python3.12/site-packages/torch/include/c10/core/TensorImpl.h:12:
  In file included from /home/edgeai/downstream/lib/python3.12/site-packages/torch/include/c10/core/ScalarType.h:4:
  In file included from /home/edgeai/downstream/lib/python3.12/site-packages/torch/include/c10/util/BFloat16.h:2:
  In file included from /home/edgeai/downstream/lib/python3.12/site-packages/torch/include/torch/headeronly/util/BFloat16.h:22:
  In file included from /home/edgeai/downstream/include/sycl/sycl.hpp:51:
  In file included from /home/edgeai/downstream/include/sycl/accessor_image.hpp:6:
  /home/edgeai/downstream/include/sycl/image.hpp:903:63: warning: 'byte' is deprecated: use std::byte instead [-Wdeprecated-declarations]
    903 |                 detail::SYCLMemObjAllocatorHolder<AllocatorT, byte>>(Allocator),
        |                                                               ^
  /home/edgeai/downstream/include/sycl/aliases.hpp:92:12: note: 'byte' has been explicitly marked deprecated here
     92 | using byte __SYCL2020_DEPRECATED("use std::byte instead") = std::uint8_t;
        |            ^
  /home/edgeai/downstream/include/sycl/detail/defines_elementary.hpp:62:40: note: expanded from macro '__SYCL2020_DEPRECATED'
     62 | #define __SYCL2020_DEPRECATED(message) __SYCL_DEPRECATED(message)
        |                                        ^
  /home/edgeai/downstream/include/sycl/detail/defines_elementary.hpp:53:38: note: expanded from macro '__SYCL_DEPRECATED'
     53 | #define __SYCL_DEPRECATED(message) [[deprecated(message)]]
        |                                      ^
  In file included from /home/edgeai/esimd_learning/csrc/xpu/esimd_kernel.sycl:1:
  In file included from /home/edgeai/downstream/lib/python3.12/site-packages/torch/include/ATen/ATen.h:8:
  In file included from /home/edgeai/downstream/lib/python3.12/site-packages/torch/include/ATen/Context.h:5:
  In file included from /home/edgeai/downstream/lib/python3.12/site-packages/torch/include/ATen/CPUGeneratorImpl.h:4:
  In file included from /home/edgeai/downstream/lib/python3.12/site-packages/torch/include/ATen/core/Generator.h:19:
  In file included from /home/edgeai/downstream/lib/python3.12/site-packages/torch/include/c10/core/GeneratorImpl.h:9:
  In file included from /home/edgeai/downstream/lib/python3.12/site-packages/torch/include/c10/core/TensorImpl.h:12:
  In file included from /home/edgeai/downstream/lib/python3.12/site-packages/torch/include/c10/core/ScalarType.h:4:
  In file included from /home/edgeai/downstream/lib/python3.12/site-packages/torch/include/c10/util/BFloat16.h:2:
  In file included from /home/edgeai/downstream/lib/python3.12/site-packages/torch/include/torch/headeronly/util/BFloat16.h:22:
  In file included from /home/edgeai/downstream/include/sycl/sycl.hpp:51:
  In file included from /home/edgeai/downstream/include/sycl/accessor_image.hpp:6:
  /home/edgeai/downstream/include/sycl/image.hpp:922:71: warning: 'byte' is deprecated: use std::byte instead [-Wdeprecated-declarations]
    922 |                         detail::SYCLMemObjAllocatorHolder<AllocatorT, byte>>(),
        |                                                                       ^
  /home/edgeai/downstream/include/sycl/aliases.hpp:92:12: note: 'byte' has been explicitly marked deprecated here
     92 | using byte __SYCL2020_DEPRECATED("use std::byte instead") = std::uint8_t;
        |            ^
  /home/edgeai/downstream/include/sycl/detail/defines_elementary.hpp:62:40: note: expanded from macro '__SYCL2020_DEPRECATED'
     62 | #define __SYCL2020_DEPRECATED(message) __SYCL_DEPRECATED(message)
        |                                        ^
  /home/edgeai/downstream/include/sycl/detail/defines_elementary.hpp:53:38: note: expanded from macro '__SYCL_DEPRECATED'
     53 | #define __SYCL_DEPRECATED(message) [[deprecated(message)]]
        |                                      ^
  In file included from /home/edgeai/esimd_learning/csrc/xpu/esimd_kernel.sycl:1:
  In file included from /home/edgeai/downstream/lib/python3.12/site-packages/torch/include/ATen/ATen.h:8:
  In file included from /home/edgeai/downstream/lib/python3.12/site-packages/torch/include/ATen/Context.h:5:
  In file included from /home/edgeai/downstream/lib/python3.12/site-packages/torch/include/ATen/CPUGeneratorImpl.h:4:
  In file included from /home/edgeai/downstream/lib/python3.12/site-packages/torch/include/ATen/core/Generator.h:19:
  In file included from /home/edgeai/downstream/lib/python3.12/site-packages/torch/include/c10/core/GeneratorImpl.h:9:
  In file included from /home/edgeai/downstream/lib/python3.12/site-packages/torch/include/c10/core/TensorImpl.h:12:
  In file included from /home/edgeai/downstream/lib/python3.12/site-packages/torch/include/c10/core/ScalarType.h:4:
  In file included from /home/edgeai/downstream/lib/python3.12/site-packages/torch/include/c10/util/BFloat16.h:2:
  In file included from /home/edgeai/downstream/lib/python3.12/site-packages/torch/include/torch/headeronly/util/BFloat16.h:22:
  In file included from /home/edgeai/downstream/include/sycl/sycl.hpp:51:
  In file included from /home/edgeai/downstream/include/sycl/accessor_image.hpp:6:
  /home/edgeai/downstream/include/sycl/image.hpp:942:63: warning: 'byte' is deprecated: use std::byte instead [-Wdeprecated-declarations]
    942 |                 detail::SYCLMemObjAllocatorHolder<AllocatorT, byte>>(Allocator),
        |                                                               ^
  /home/edgeai/downstream/include/sycl/aliases.hpp:92:12: note: 'byte' has been explicitly marked deprecated here
     92 | using byte __SYCL2020_DEPRECATED("use std::byte instead") = std::uint8_t;
        |            ^
  /home/edgeai/downstream/include/sycl/detail/defines_elementary.hpp:62:40: note: expanded from macro '__SYCL2020_DEPRECATED'
     62 | #define __SYCL2020_DEPRECATED(message) __SYCL_DEPRECATED(message)
        |                                        ^
  /home/edgeai/downstream/include/sycl/detail/defines_elementary.hpp:53:38: note: expanded from macro '__SYCL_DEPRECATED'
     53 | #define __SYCL_DEPRECATED(message) [[deprecated(message)]]
        |                                      ^
  In file included from /home/edgeai/esimd_learning/csrc/xpu/esimd_kernel.sycl:1:
  In file included from /home/edgeai/downstream/lib/python3.12/site-packages/torch/include/ATen/ATen.h:8:
  In file included from /home/edgeai/downstream/lib/python3.12/site-packages/torch/include/ATen/Context.h:5:
  In file included from /home/edgeai/downstream/lib/python3.12/site-packages/torch/include/ATen/CPUGeneratorImpl.h:4:
  In file included from /home/edgeai/downstream/lib/python3.12/site-packages/torch/include/ATen/core/Generator.h:19:
  In file included from /home/edgeai/downstream/lib/python3.12/site-packages/torch/include/c10/core/GeneratorImpl.h:9:
  In file included from /home/edgeai/downstream/lib/python3.12/site-packages/torch/include/c10/core/TensorImpl.h:12:
  In file included from /home/edgeai/downstream/lib/python3.12/site-packages/torch/include/c10/core/ScalarType.h:4:
  In file included from /home/edgeai/downstream/lib/python3.12/site-packages/torch/include/c10/util/BFloat16.h:2:
  In file included from /home/edgeai/downstream/lib/python3.12/site-packages/torch/include/torch/headeronly/util/BFloat16.h:22:
  In file included from /home/edgeai/downstream/include/sycl/sycl.hpp:51:
  In file included from /home/edgeai/downstream/include/sycl/accessor_image.hpp:6:
  /home/edgeai/downstream/include/sycl/image.hpp:1040:71: warning: 'byte' is deprecated: use std::byte instead [-Wdeprecated-declarations]
   1040 |                         detail::SYCLMemObjAllocatorHolder<AllocatorT, byte>>(),
        |                                                                       ^
  /home/edgeai/downstream/include/sycl/aliases.hpp:92:12: note: 'byte' has been explicitly marked deprecated here
     92 | using byte __SYCL2020_DEPRECATED("use std::byte instead") = std::uint8_t;
        |            ^
  /home/edgeai/downstream/include/sycl/detail/defines_elementary.hpp:62:40: note: expanded from macro '__SYCL2020_DEPRECATED'
     62 | #define __SYCL2020_DEPRECATED(message) __SYCL_DEPRECATED(message)
        |                                        ^
  /home/edgeai/downstream/include/sycl/detail/defines_elementary.hpp:53:38: note: expanded from macro '__SYCL_DEPRECATED'
     53 | #define __SYCL_DEPRECATED(message) [[deprecated(message)]]
        |                                      ^
  In file included from /home/edgeai/esimd_learning/csrc/xpu/esimd_kernel.sycl:1:
  In file included from /home/edgeai/downstream/lib/python3.12/site-packages/torch/include/ATen/ATen.h:8:
  In file included from /home/edgeai/downstream/lib/python3.12/site-packages/torch/include/ATen/Context.h:5:
  In file included from /home/edgeai/downstream/lib/python3.12/site-packages/torch/include/ATen/CPUGeneratorImpl.h:4:
  In file included from /home/edgeai/downstream/lib/python3.12/site-packages/torch/include/ATen/core/Generator.h:19:
  In file included from /home/edgeai/downstream/lib/python3.12/site-packages/torch/include/c10/core/GeneratorImpl.h:9:
  In file included from /home/edgeai/downstream/lib/python3.12/site-packages/torch/include/c10/core/TensorImpl.h:12:
  In file included from /home/edgeai/downstream/lib/python3.12/site-packages/torch/include/c10/core/ScalarType.h:4:
  In file included from /home/edgeai/downstream/lib/python3.12/site-packages/torch/include/c10/util/BFloat16.h:2:
  In file included from /home/edgeai/downstream/lib/python3.12/site-packages/torch/include/torch/headeronly/util/BFloat16.h:22:
  In file included from /home/edgeai/downstream/include/sycl/sycl.hpp:51:
  In file included from /home/edgeai/downstream/include/sycl/accessor_image.hpp:6:
  /home/edgeai/downstream/include/sycl/image.hpp:1059:71: warning: 'byte' is deprecated: use std::byte instead [-Wdeprecated-declarations]
   1059 |                         detail::SYCLMemObjAllocatorHolder<AllocatorT, byte>>(),
        |                                                                       ^
  /home/edgeai/downstream/include/sycl/aliases.hpp:92:12: note: 'byte' has been explicitly marked deprecated here
     92 | using byte __SYCL2020_DEPRECATED("use std::byte instead") = std::uint8_t;
        |            ^
  /home/edgeai/downstream/include/sycl/detail/defines_elementary.hpp:62:40: note: expanded from macro '__SYCL2020_DEPRECATED'
     62 | #define __SYCL2020_DEPRECATED(message) __SYCL_DEPRECATED(message)
        |                                        ^
  /home/edgeai/downstream/include/sycl/detail/defines_elementary.hpp:53:38: note: expanded from macro '__SYCL_DEPRECATED'
     53 | #define __SYCL_DEPRECATED(message) [[deprecated(message)]]
        |                                      ^
  In file included from /home/edgeai/esimd_learning/csrc/xpu/esimd_kernel.sycl:1:
  In file included from /home/edgeai/downstream/lib/python3.12/site-packages/torch/include/ATen/ATen.h:8:
  In file included from /home/edgeai/downstream/lib/python3.12/site-packages/torch/include/ATen/Context.h:5:
  In file included from /home/edgeai/downstream/lib/python3.12/site-packages/torch/include/ATen/CPUGeneratorImpl.h:4:
  In file included from /home/edgeai/downstream/lib/python3.12/site-packages/torch/include/ATen/core/Generator.h:19:
  In file included from /home/edgeai/downstream/lib/python3.12/site-packages/torch/include/c10/core/GeneratorImpl.h:9:
  In file included from /home/edgeai/downstream/lib/python3.12/site-packages/torch/include/c10/core/TensorImpl.h:12:
  In file included from /home/edgeai/downstream/lib/python3.12/site-packages/torch/include/c10/core/ScalarType.h:4:
  In file included from /home/edgeai/downstream/lib/python3.12/site-packages/torch/include/c10/util/BFloat16.h:2:
  In file included from /home/edgeai/downstream/lib/python3.12/site-packages/torch/include/torch/headeronly/util/BFloat16.h:22:
  In file included from /home/edgeai/downstream/include/sycl/sycl.hpp:51:
  In file included from /home/edgeai/downstream/include/sycl/accessor_image.hpp:6:
  /home/edgeai/downstream/include/sycl/image.hpp:1075:71: warning: 'byte' is deprecated: use std::byte instead [-Wdeprecated-declarations]
   1075 |                         detail::SYCLMemObjAllocatorHolder<AllocatorT, byte>>(),
        |                                                                       ^
  /home/edgeai/downstream/include/sycl/aliases.hpp:92:12: note: 'byte' has been explicitly marked deprecated here
     92 | using byte __SYCL2020_DEPRECATED("use std::byte instead") = std::uint8_t;
        |            ^
  /home/edgeai/downstream/include/sycl/detail/defines_elementary.hpp:62:40: note: expanded from macro '__SYCL2020_DEPRECATED'
     62 | #define __SYCL2020_DEPRECATED(message) __SYCL_DEPRECATED(message)
        |                                        ^
  /home/edgeai/downstream/include/sycl/detail/defines_elementary.hpp:53:38: note: expanded from macro '__SYCL_DEPRECATED'
     53 | #define __SYCL_DEPRECATED(message) [[deprecated(message)]]
        |                                      ^
  In file included from /home/edgeai/esimd_learning/csrc/xpu/esimd_kernel.sycl:1:
  In file included from /home/edgeai/downstream/lib/python3.12/site-packages/torch/include/ATen/ATen.h:8:
  In file included from /home/edgeai/downstream/lib/python3.12/site-packages/torch/include/ATen/Context.h:5:
  In file included from /home/edgeai/downstream/lib/python3.12/site-packages/torch/include/ATen/CPUGeneratorImpl.h:4:
  In file included from /home/edgeai/downstream/lib/python3.12/site-packages/torch/include/ATen/core/Generator.h:19:
  In file included from /home/edgeai/downstream/lib/python3.12/site-packages/torch/include/c10/core/GeneratorImpl.h:9:
  In file included from /home/edgeai/downstream/lib/python3.12/site-packages/torch/include/c10/core/TensorImpl.h:12:
  In file included from /home/edgeai/downstream/lib/python3.12/site-packages/torch/include/c10/core/ScalarType.h:4:
  In file included from /home/edgeai/downstream/lib/python3.12/site-packages/torch/include/c10/util/BFloat16.h:2:
  In file included from /home/edgeai/downstream/lib/python3.12/site-packages/torch/include/torch/headeronly/util/BFloat16.h:22:
  In file included from /home/edgeai/downstream/include/sycl/sycl.hpp:51:
  In file included from /home/edgeai/downstream/include/sycl/accessor_image.hpp:6:
  /home/edgeai/downstream/include/sycl/image.hpp:1094:71: warning: 'byte' is deprecated: use std::byte instead [-Wdeprecated-declarations]
   1094 |                         detail::SYCLMemObjAllocatorHolder<AllocatorT, byte>>(),
        |                                                                       ^
  /home/edgeai/downstream/include/sycl/aliases.hpp:92:12: note: 'byte' has been explicitly marked deprecated here
     92 | using byte __SYCL2020_DEPRECATED("use std::byte instead") = std::uint8_t;
        |            ^
  /home/edgeai/downstream/include/sycl/detail/defines_elementary.hpp:62:40: note: expanded from macro '__SYCL2020_DEPRECATED'
     62 | #define __SYCL2020_DEPRECATED(message) __SYCL_DEPRECATED(message)
        |                                        ^
  /home/edgeai/downstream/include/sycl/detail/defines_elementary.hpp:53:38: note: expanded from macro '__SYCL_DEPRECATED'
     53 | #define __SYCL_DEPRECATED(message) [[deprecated(message)]]
        |                                      ^
  In file included from /home/edgeai/esimd_learning/csrc/xpu/esimd_kernel.sycl:1:
  In file included from /home/edgeai/downstream/lib/python3.12/site-packages/torch/include/ATen/ATen.h:8:
  In file included from /home/edgeai/downstream/lib/python3.12/site-packages/torch/include/ATen/Context.h:5:
  In file included from /home/edgeai/downstream/lib/python3.12/site-packages/torch/include/ATen/CPUGeneratorImpl.h:4:
  In file included from /home/edgeai/downstream/lib/python3.12/site-packages/torch/include/ATen/core/Generator.h:19:
  In file included from /home/edgeai/downstream/lib/python3.12/site-packages/torch/include/c10/core/GeneratorImpl.h:9:
  In file included from /home/edgeai/downstream/lib/python3.12/site-packages/torch/include/c10/core/TensorImpl.h:12:
  In file included from /home/edgeai/downstream/lib/python3.12/site-packages/torch/include/c10/core/ScalarType.h:4:
  In file included from /home/edgeai/downstream/lib/python3.12/site-packages/torch/include/c10/util/BFloat16.h:2:
  In file included from /home/edgeai/downstream/lib/python3.12/site-packages/torch/include/torch/headeronly/util/BFloat16.h:22:
  In file included from /home/edgeai/downstream/include/sycl/sycl.hpp:56:
  In file included from /home/edgeai/downstream/include/sycl/backend.hpp:45:
  In file included from /home/edgeai/downstream/include/sycl/detail/backend_traits_level_zero.hpp:26:
  In file included from /home/edgeai/downstream/include/sycl/kernel_bundle.hpp:22:
  /home/edgeai/downstream/include/sycl/sycl_span.hpp:396:43: warning: 'byte' is deprecated: use std::byte instead [-Wdeprecated-declarations]
    396 |   _SYCL_SPAN_INLINE_VISIBILITY span<const byte, _Extent * sizeof(element_type)>
        |                                           ^
  /home/edgeai/downstream/include/sycl/aliases.hpp:92:12: note: 'byte' has been explicitly marked deprecated here
     92 | using byte __SYCL2020_DEPRECATED("use std::byte instead") = std::uint8_t;
        |            ^
  /home/edgeai/downstream/include/sycl/detail/defines_elementary.hpp:62:40: note: expanded from macro '__SYCL2020_DEPRECATED'
     62 | #define __SYCL2020_DEPRECATED(message) __SYCL_DEPRECATED(message)
        |                                        ^
  /home/edgeai/downstream/include/sycl/detail/defines_elementary.hpp:53:38: note: expanded from macro '__SYCL_DEPRECATED'
     53 | #define __SYCL_DEPRECATED(message) [[deprecated(message)]]
        |                                      ^
  In file included from /home/edgeai/esimd_learning/csrc/xpu/esimd_kernel.sycl:1:
  In file included from /home/edgeai/downstream/lib/python3.12/site-packages/torch/include/ATen/ATen.h:8:
  In file included from /home/edgeai/downstream/lib/python3.12/site-packages/torch/include/ATen/Context.h:5:
  In file included from /home/edgeai/downstream/lib/python3.12/site-packages/torch/include/ATen/CPUGeneratorImpl.h:4:
  In file included from /home/edgeai/downstream/lib/python3.12/site-packages/torch/include/ATen/core/Generator.h:19:
  In file included from /home/edgeai/downstream/lib/python3.12/site-packages/torch/include/c10/core/GeneratorImpl.h:9:
  In file included from /home/edgeai/downstream/lib/python3.12/site-packages/torch/include/c10/core/TensorImpl.h:12:
  In file included from /home/edgeai/downstream/lib/python3.12/site-packages/torch/include/c10/core/ScalarType.h:4:
  In file included from /home/edgeai/downstream/lib/python3.12/site-packages/torch/include/c10/util/BFloat16.h:2:
  In file included from /home/edgeai/downstream/lib/python3.12/site-packages/torch/include/torch/headeronly/util/BFloat16.h:22:
  In file included from /home/edgeai/downstream/include/sycl/sycl.hpp:56:
  In file included from /home/edgeai/downstream/include/sycl/backend.hpp:45:
  In file included from /home/edgeai/downstream/include/sycl/detail/backend_traits_level_zero.hpp:26:
  In file included from /home/edgeai/downstream/include/sycl/kernel_bundle.hpp:22:
  /home/edgeai/downstream/include/sycl/sycl_span.hpp:402:37: warning: 'byte' is deprecated: use std::byte instead [-Wdeprecated-declarations]
    402 |   _SYCL_SPAN_INLINE_VISIBILITY span<byte, _Extent * sizeof(element_type)>
        |                                     ^
  /home/edgeai/downstream/include/sycl/aliases.hpp:92:12: note: 'byte' has been explicitly marked deprecated here
     92 | using byte __SYCL2020_DEPRECATED("use std::byte instead") = std::uint8_t;
        |            ^
  /home/edgeai/downstream/include/sycl/detail/defines_elementary.hpp:62:40: note: expanded from macro '__SYCL2020_DEPRECATED'
     62 | #define __SYCL2020_DEPRECATED(message) __SYCL_DEPRECATED(message)
        |                                        ^
  /home/edgeai/downstream/include/sycl/detail/defines_elementary.hpp:53:38: note: expanded from macro '__SYCL_DEPRECATED'
     53 | #define __SYCL_DEPRECATED(message) [[deprecated(message)]]
        |                                      ^
  In file included from /home/edgeai/esimd_learning/csrc/xpu/esimd_kernel.sycl:1:
  In file included from /home/edgeai/downstream/lib/python3.12/site-packages/torch/include/ATen/ATen.h:8:
  In file included from /home/edgeai/downstream/lib/python3.12/site-packages/torch/include/ATen/Context.h:5:
  In file included from /home/edgeai/downstream/lib/python3.12/site-packages/torch/include/ATen/CPUGeneratorImpl.h:4:
  In file included from /home/edgeai/downstream/lib/python3.12/site-packages/torch/include/ATen/core/Generator.h:19:
  In file included from /home/edgeai/downstream/lib/python3.12/site-packages/torch/include/c10/core/GeneratorImpl.h:9:
  In file included from /home/edgeai/downstream/lib/python3.12/site-packages/torch/include/c10/core/TensorImpl.h:12:
  In file included from /home/edgeai/downstream/lib/python3.12/site-packages/torch/include/c10/core/ScalarType.h:4:
  In file included from /home/edgeai/downstream/lib/python3.12/site-packages/torch/include/c10/util/BFloat16.h:2:
  In file included from /home/edgeai/downstream/lib/python3.12/site-packages/torch/include/torch/headeronly/util/BFloat16.h:22:
  In file included from /home/edgeai/downstream/include/sycl/sycl.hpp:56:
  In file included from /home/edgeai/downstream/include/sycl/backend.hpp:45:
  In file included from /home/edgeai/downstream/include/sycl/detail/backend_traits_level_zero.hpp:26:
  In file included from /home/edgeai/downstream/include/sycl/kernel_bundle.hpp:22:
  /home/edgeai/downstream/include/sycl/sycl_span.hpp:398:23: warning: 'byte' is deprecated: use std::byte instead [-Wdeprecated-declarations]
    398 |     return span<const byte, _Extent * sizeof(element_type)>{
        |                       ^
  /home/edgeai/downstream/include/sycl/aliases.hpp:92:12: note: 'byte' has been explicitly marked deprecated here
     92 | using byte __SYCL2020_DEPRECATED("use std::byte instead") = std::uint8_t;
        |            ^
  /home/edgeai/downstream/include/sycl/detail/defines_elementary.hpp:62:40: note: expanded from macro '__SYCL2020_DEPRECATED'
     62 | #define __SYCL2020_DEPRECATED(message) __SYCL_DEPRECATED(message)
        |                                        ^
  /home/edgeai/downstream/include/sycl/detail/defines_elementary.hpp:53:38: note: expanded from macro '__SYCL_DEPRECATED'
     53 | #define __SYCL_DEPRECATED(message) [[deprecated(message)]]
        |                                      ^
  In file included from /home/edgeai/esimd_learning/csrc/xpu/esimd_kernel.sycl:1:
  In file included from /home/edgeai/downstream/lib/python3.12/site-packages/torch/include/ATen/ATen.h:8:
  In file included from /home/edgeai/downstream/lib/python3.12/site-packages/torch/include/ATen/Context.h:5:
  In file included from /home/edgeai/downstream/lib/python3.12/site-packages/torch/include/ATen/CPUGeneratorImpl.h:4:
  In file included from /home/edgeai/downstream/lib/python3.12/site-packages/torch/include/ATen/core/Generator.h:19:
  In file included from /home/edgeai/downstream/lib/python3.12/site-packages/torch/include/c10/core/GeneratorImpl.h:9:
  In file included from /home/edgeai/downstream/lib/python3.12/site-packages/torch/include/c10/core/TensorImpl.h:12:
  In file included from /home/edgeai/downstream/lib/python3.12/site-packages/torch/include/c10/core/ScalarType.h:4:
  In file included from /home/edgeai/downstream/lib/python3.12/site-packages/torch/include/c10/util/BFloat16.h:2:
  In file included from /home/edgeai/downstream/lib/python3.12/site-packages/torch/include/torch/headeronly/util/BFloat16.h:22:
  In file included from /home/edgeai/downstream/include/sycl/sycl.hpp:56:
  In file included from /home/edgeai/downstream/include/sycl/backend.hpp:45:
  In file included from /home/edgeai/downstream/include/sycl/detail/backend_traits_level_zero.hpp:26:
  In file included from /home/edgeai/downstream/include/sycl/kernel_bundle.hpp:22:
  /home/edgeai/downstream/include/sycl/sycl_span.hpp:399:32: warning: 'byte' is deprecated: use std::byte instead [-Wdeprecated-declarations]
    399 |         reinterpret_cast<const byte *>(data()), size_bytes()};
        |                                ^
  /home/edgeai/downstream/include/sycl/aliases.hpp:92:12: note: 'byte' has been explicitly marked deprecated here
     92 | using byte __SYCL2020_DEPRECATED("use std::byte instead") = std::uint8_t;
        |            ^
  /home/edgeai/downstream/include/sycl/detail/defines_elementary.hpp:62:40: note: expanded from macro '__SYCL2020_DEPRECATED'
     62 | #define __SYCL2020_DEPRECATED(message) __SYCL_DEPRECATED(message)
        |                                        ^
  /home/edgeai/downstream/include/sycl/detail/defines_elementary.hpp:53:38: note: expanded from macro '__SYCL_DEPRECATED'
     53 | #define __SYCL_DEPRECATED(message) [[deprecated(message)]]
        |                                      ^
  In file included from /home/edgeai/esimd_learning/csrc/xpu/esimd_kernel.sycl:1:
  In file included from /home/edgeai/downstream/lib/python3.12/site-packages/torch/include/ATen/ATen.h:8:
  In file included from /home/edgeai/downstream/lib/python3.12/site-packages/torch/include/ATen/Context.h:5:
  In file included from /home/edgeai/downstream/lib/python3.12/site-packages/torch/include/ATen/CPUGeneratorImpl.h:4:
  In file included from /home/edgeai/downstream/lib/python3.12/site-packages/torch/include/ATen/core/Generator.h:19:
  In file included from /home/edgeai/downstream/lib/python3.12/site-packages/torch/include/c10/core/GeneratorImpl.h:9:
  In file included from /home/edgeai/downstream/lib/python3.12/site-packages/torch/include/c10/core/TensorImpl.h:12:
  In file included from /home/edgeai/downstream/lib/python3.12/site-packages/torch/include/c10/core/ScalarType.h:4:
  In file included from /home/edgeai/downstream/lib/python3.12/site-packages/torch/include/c10/util/BFloat16.h:2:
  In file included from /home/edgeai/downstream/lib/python3.12/site-packages/torch/include/torch/headeronly/util/BFloat16.h:22:
  In file included from /home/edgeai/downstream/include/sycl/sycl.hpp:56:
  In file included from /home/edgeai/downstream/include/sycl/backend.hpp:45:
  In file included from /home/edgeai/downstream/include/sycl/detail/backend_traits_level_zero.hpp:26:
  In file included from /home/edgeai/downstream/include/sycl/kernel_bundle.hpp:22:
  /home/edgeai/downstream/include/sycl/sycl_span.hpp:404:17: warning: 'byte' is deprecated: use std::byte instead [-Wdeprecated-declarations]
    404 |     return span<byte, _Extent * sizeof(element_type)>{
        |                 ^
  /home/edgeai/downstream/include/sycl/aliases.hpp:92:12: note: 'byte' has been explicitly marked deprecated here
     92 | using byte __SYCL2020_DEPRECATED("use std::byte instead") = std::uint8_t;
        |            ^
  /home/edgeai/downstream/include/sycl/detail/defines_elementary.hpp:62:40: note: expanded from macro '__SYCL2020_DEPRECATED'
     62 | #define __SYCL2020_DEPRECATED(message) __SYCL_DEPRECATED(message)
        |                                        ^
  /home/edgeai/downstream/include/sycl/detail/defines_elementary.hpp:53:38: note: expanded from macro '__SYCL_DEPRECATED'
     53 | #define __SYCL_DEPRECATED(message) [[deprecated(message)]]
        |                                      ^
  In file included from /home/edgeai/esimd_learning/csrc/xpu/esimd_kernel.sycl:1:
  In file included from /home/edgeai/downstream/lib/python3.12/site-packages/torch/include/ATen/ATen.h:8:
  In file included from /home/edgeai/downstream/lib/python3.12/site-packages/torch/include/ATen/Context.h:5:
  In file included from /home/edgeai/downstream/lib/python3.12/site-packages/torch/include/ATen/CPUGeneratorImpl.h:4:
  In file included from /home/edgeai/downstream/lib/python3.12/site-packages/torch/include/ATen/core/Generator.h:19:
  In file included from /home/edgeai/downstream/lib/python3.12/site-packages/torch/include/c10/core/GeneratorImpl.h:9:
  In file included from /home/edgeai/downstream/lib/python3.12/site-packages/torch/include/c10/core/TensorImpl.h:12:
  In file included from /home/edgeai/downstream/lib/python3.12/site-packages/torch/include/c10/core/ScalarType.h:4:
  In file included from /home/edgeai/downstream/lib/python3.12/site-packages/torch/include/c10/util/BFloat16.h:2:
  In file included from /home/edgeai/downstream/lib/python3.12/site-packages/torch/include/torch/headeronly/util/BFloat16.h:22:
  In file included from /home/edgeai/downstream/include/sycl/sycl.hpp:56:
  In file included from /home/edgeai/downstream/include/sycl/backend.hpp:45:
  In file included from /home/edgeai/downstream/include/sycl/detail/backend_traits_level_zero.hpp:26:
  In file included from /home/edgeai/downstream/include/sycl/kernel_bundle.hpp:22:
  /home/edgeai/downstream/include/sycl/sycl_span.hpp:405:26: warning: 'byte' is deprecated: use std::byte instead [-Wdeprecated-declarations]
    405 |         reinterpret_cast<byte *>(data()), size_bytes()};
        |                          ^
  /home/edgeai/downstream/include/sycl/aliases.hpp:92:12: note: 'byte' has been explicitly marked deprecated here
     92 | using byte __SYCL2020_DEPRECATED("use std::byte instead") = std::uint8_t;
        |            ^
  /home/edgeai/downstream/include/sycl/detail/defines_elementary.hpp:62:40: note: expanded from macro '__SYCL2020_DEPRECATED'
     62 | #define __SYCL2020_DEPRECATED(message) __SYCL_DEPRECATED(message)
        |                                        ^
  /home/edgeai/downstream/include/sycl/detail/defines_elementary.hpp:53:38: note: expanded from macro '__SYCL_DEPRECATED'
     53 | #define __SYCL_DEPRECATED(message) [[deprecated(message)]]
        |                                      ^
  In file included from /home/edgeai/esimd_learning/csrc/xpu/esimd_kernel.sycl:1:
  In file included from /home/edgeai/downstream/lib/python3.12/site-packages/torch/include/ATen/ATen.h:8:
  In file included from /home/edgeai/downstream/lib/python3.12/site-packages/torch/include/ATen/Context.h:5:
  In file included from /home/edgeai/downstream/lib/python3.12/site-packages/torch/include/ATen/CPUGeneratorImpl.h:4:
  In file included from /home/edgeai/downstream/lib/python3.12/site-packages/torch/include/ATen/core/Generator.h:19:
  In file included from /home/edgeai/downstream/lib/python3.12/site-packages/torch/include/c10/core/GeneratorImpl.h:9:
  In file included from /home/edgeai/downstream/lib/python3.12/site-packages/torch/include/c10/core/TensorImpl.h:12:
  In file included from /home/edgeai/downstream/lib/python3.12/site-packages/torch/include/c10/core/ScalarType.h:4:
  In file included from /home/edgeai/downstream/lib/python3.12/site-packages/torch/include/c10/util/BFloat16.h:2:
  In file included from /home/edgeai/downstream/lib/python3.12/site-packages/torch/include/torch/headeronly/util/BFloat16.h:22:
  In file included from /home/edgeai/downstream/include/sycl/sycl.hpp:56:
  In file included from /home/edgeai/downstream/include/sycl/backend.hpp:45:
  In file included from /home/edgeai/downstream/include/sycl/detail/backend_traits_level_zero.hpp:26:
  In file included from /home/edgeai/downstream/include/sycl/kernel_bundle.hpp:22:
  /home/edgeai/downstream/include/sycl/sycl_span.hpp:589:43: warning: 'byte' is deprecated: use std::byte instead [-Wdeprecated-declarations]
    589 |   _SYCL_SPAN_INLINE_VISIBILITY span<const byte, dynamic_extent>
        |                                           ^
  /home/edgeai/downstream/include/sycl/aliases.hpp:92:12: note: 'byte' has been explicitly marked deprecated here
     92 | using byte __SYCL2020_DEPRECATED("use std::byte instead") = std::uint8_t;
        |            ^
  /home/edgeai/downstream/include/sycl/detail/defines_elementary.hpp:62:40: note: expanded from macro '__SYCL2020_DEPRECATED'
     62 | #define __SYCL2020_DEPRECATED(message) __SYCL_DEPRECATED(message)
        |                                        ^
  /home/edgeai/downstream/include/sycl/detail/defines_elementary.hpp:53:38: note: expanded from macro '__SYCL_DEPRECATED'
     53 | #define __SYCL_DEPRECATED(message) [[deprecated(message)]]
        |                                      ^
  In file included from /home/edgeai/esimd_learning/csrc/xpu/esimd_kernel.sycl:1:
  In file included from /home/edgeai/downstream/lib/python3.12/site-packages/torch/include/ATen/ATen.h:8:
  In file included from /home/edgeai/downstream/lib/python3.12/site-packages/torch/include/ATen/Context.h:5:
  In file included from /home/edgeai/downstream/lib/python3.12/site-packages/torch/include/ATen/CPUGeneratorImpl.h:4:
  In file included from /home/edgeai/downstream/lib/python3.12/site-packages/torch/include/ATen/core/Generator.h:19:
  In file included from /home/edgeai/downstream/lib/python3.12/site-packages/torch/include/c10/core/GeneratorImpl.h:9:
  In file included from /home/edgeai/downstream/lib/python3.12/site-packages/torch/include/c10/core/TensorImpl.h:12:
  In file included from /home/edgeai/downstream/lib/python3.12/site-packages/torch/include/c10/core/ScalarType.h:4:
  In file included from /home/edgeai/downstream/lib/python3.12/site-packages/torch/include/c10/util/BFloat16.h:2:
  In file included from /home/edgeai/downstream/lib/python3.12/site-packages/torch/include/torch/headeronly/util/BFloat16.h:22:
  In file included from /home/edgeai/downstream/include/sycl/sycl.hpp:56:
  In file included from /home/edgeai/downstream/include/sycl/backend.hpp:45:
  In file included from /home/edgeai/downstream/include/sycl/detail/backend_traits_level_zero.hpp:26:
  In file included from /home/edgeai/downstream/include/sycl/kernel_bundle.hpp:22:
  /home/edgeai/downstream/include/sycl/sycl_span.hpp:594:37: warning: 'byte' is deprecated: use std::byte instead [-Wdeprecated-declarations]
    594 |   _SYCL_SPAN_INLINE_VISIBILITY span<byte, dynamic_extent>
        |                                     ^
  /home/edgeai/downstream/include/sycl/aliases.hpp:92:12: note: 'byte' has been explicitly marked deprecated here
     92 | using byte __SYCL2020_DEPRECATED("use std::byte instead") = std::uint8_t;
        |            ^
  /home/edgeai/downstream/include/sycl/detail/defines_elementary.hpp:62:40: note: expanded from macro '__SYCL2020_DEPRECATED'
     62 | #define __SYCL2020_DEPRECATED(message) __SYCL_DEPRECATED(message)
        |                                        ^
  /home/edgeai/downstream/include/sycl/detail/defines_elementary.hpp:53:38: note: expanded from macro '__SYCL_DEPRECATED'
     53 | #define __SYCL_DEPRECATED(message) [[deprecated(message)]]
        |                                      ^
  In file included from /home/edgeai/esimd_learning/csrc/xpu/esimd_kernel.sycl:1:
  In file included from /home/edgeai/downstream/lib/python3.12/site-packages/torch/include/ATen/ATen.h:8:
  In file included from /home/edgeai/downstream/lib/python3.12/site-packages/torch/include/ATen/Context.h:5:
  In file included from /home/edgeai/downstream/lib/python3.12/site-packages/torch/include/ATen/CPUGeneratorImpl.h:4:
  In file included from /home/edgeai/downstream/lib/python3.12/site-packages/torch/include/ATen/core/Generator.h:19:
  In file included from /home/edgeai/downstream/lib/python3.12/site-packages/torch/include/c10/core/GeneratorImpl.h:9:
  In file included from /home/edgeai/downstream/lib/python3.12/site-packages/torch/include/c10/core/TensorImpl.h:12:
  In file included from /home/edgeai/downstream/lib/python3.12/site-packages/torch/include/c10/core/ScalarType.h:4:
  In file included from /home/edgeai/downstream/lib/python3.12/site-packages/torch/include/c10/util/BFloat16.h:2:
  In file included from /home/edgeai/downstream/lib/python3.12/site-packages/torch/include/torch/headeronly/util/BFloat16.h:22:
  In file included from /home/edgeai/downstream/include/sycl/sycl.hpp:56:
  In file included from /home/edgeai/downstream/include/sycl/backend.hpp:45:
  In file included from /home/edgeai/downstream/include/sycl/detail/backend_traits_level_zero.hpp:26:
  In file included from /home/edgeai/downstream/include/sycl/kernel_bundle.hpp:22:
  /home/edgeai/downstream/include/sycl/sycl_span.hpp:591:36: warning: 'byte' is deprecated: use std::byte instead [-Wdeprecated-declarations]
    591 |     return {reinterpret_cast<const byte *>(data()), size_bytes()};
        |                                    ^
  /home/edgeai/downstream/include/sycl/aliases.hpp:92:12: note: 'byte' has been explicitly marked deprecated here
     92 | using byte __SYCL2020_DEPRECATED("use std::byte instead") = std::uint8_t;
        |            ^
  /home/edgeai/downstream/include/sycl/detail/defines_elementary.hpp:62:40: note: expanded from macro '__SYCL2020_DEPRECATED'
     62 | #define __SYCL2020_DEPRECATED(message) __SYCL_DEPRECATED(message)
        |                                        ^
  /home/edgeai/downstream/include/sycl/detail/defines_elementary.hpp:53:38: note: expanded from macro '__SYCL_DEPRECATED'
     53 | #define __SYCL_DEPRECATED(message) [[deprecated(message)]]
        |                                      ^
  In file included from /home/edgeai/esimd_learning/csrc/xpu/esimd_kernel.sycl:1:
  In file included from /home/edgeai/downstream/lib/python3.12/site-packages/torch/include/ATen/ATen.h:8:
  In file included from /home/edgeai/downstream/lib/python3.12/site-packages/torch/include/ATen/Context.h:5:
  In file included from /home/edgeai/downstream/lib/python3.12/site-packages/torch/include/ATen/CPUGeneratorImpl.h:4:
  In file included from /home/edgeai/downstream/lib/python3.12/site-packages/torch/include/ATen/core/Generator.h:19:
  In file included from /home/edgeai/downstream/lib/python3.12/site-packages/torch/include/c10/core/GeneratorImpl.h:9:
  In file included from /home/edgeai/downstream/lib/python3.12/site-packages/torch/include/c10/core/TensorImpl.h:12:
  In file included from /home/edgeai/downstream/lib/python3.12/site-packages/torch/include/c10/core/ScalarType.h:4:
  In file included from /home/edgeai/downstream/lib/python3.12/site-packages/torch/include/c10/util/BFloat16.h:2:
  In file included from /home/edgeai/downstream/lib/python3.12/site-packages/torch/include/torch/headeronly/util/BFloat16.h:22:
  In file included from /home/edgeai/downstream/include/sycl/sycl.hpp:56:
  In file included from /home/edgeai/downstream/include/sycl/backend.hpp:45:
  In file included from /home/edgeai/downstream/include/sycl/detail/backend_traits_level_zero.hpp:26:
  In file included from /home/edgeai/downstream/include/sycl/kernel_bundle.hpp:22:
  /home/edgeai/downstream/include/sycl/sycl_span.hpp:596:30: warning: 'byte' is deprecated: use std::byte instead [-Wdeprecated-declarations]
    596 |     return {reinterpret_cast<byte *>(data()), size_bytes()};
        |                              ^
  /home/edgeai/downstream/include/sycl/aliases.hpp:92:12: note: 'byte' has been explicitly marked deprecated here
     92 | using byte __SYCL2020_DEPRECATED("use std::byte instead") = std::uint8_t;
        |            ^
  /home/edgeai/downstream/include/sycl/detail/defines_elementary.hpp:62:40: note: expanded from macro '__SYCL2020_DEPRECATED'
     62 | #define __SYCL2020_DEPRECATED(message) __SYCL_DEPRECATED(message)
        |                                        ^
  /home/edgeai/downstream/include/sycl/detail/defines_elementary.hpp:53:38: note: expanded from macro '__SYCL_DEPRECATED'
     53 | #define __SYCL_DEPRECATED(message) [[deprecated(message)]]
        |                                      ^
  In file included from /home/edgeai/esimd_learning/csrc/xpu/esimd_kernel.sycl:1:
  In file included from /home/edgeai/downstream/lib/python3.12/site-packages/torch/include/ATen/ATen.h:8:
  In file included from /home/edgeai/downstream/lib/python3.12/site-packages/torch/include/ATen/Context.h:5:
  In file included from /home/edgeai/downstream/lib/python3.12/site-packages/torch/include/ATen/CPUGeneratorImpl.h:4:
  In file included from /home/edgeai/downstream/lib/python3.12/site-packages/torch/include/ATen/core/Generator.h:19:
  In file included from /home/edgeai/downstream/lib/python3.12/site-packages/torch/include/c10/core/GeneratorImpl.h:9:
  In file included from /home/edgeai/downstream/lib/python3.12/site-packages/torch/include/c10/core/TensorImpl.h:12:
  In file included from /home/edgeai/downstream/lib/python3.12/site-packages/torch/include/c10/core/ScalarType.h:4:
  In file included from /home/edgeai/downstream/lib/python3.12/site-packages/torch/include/c10/util/BFloat16.h:2:
  In file included from /home/edgeai/downstream/lib/python3.12/site-packages/torch/include/torch/headeronly/util/BFloat16.h:22:
  In file included from /home/edgeai/downstream/include/sycl/sycl.hpp:63:
  In file included from /home/edgeai/downstream/include/sycl/builtins.hpp:27:
  In file included from /home/edgeai/downstream/include/sycl/detail/builtins/builtins.hpp:68:
  /home/edgeai/downstream/include/sycl/detail/vector_convert.hpp:690:18: warning: 'uint' is deprecated [-Wdeprecated-declarations]
    690 | EXPAND_BF16_TYPE(uint, uint)
        |                  ^
  /home/edgeai/downstream/include/sycl/aliases.hpp:96:12: note: 'uint' has been explicitly marked deprecated here
     96 | using uint __SYCL2020_DEPRECATED("") = unsigned int;
        |            ^
  /home/edgeai/downstream/include/sycl/detail/defines_elementary.hpp:62:40: note: expanded from macro '__SYCL2020_DEPRECATED'
     62 | #define __SYCL2020_DEPRECATED(message) __SYCL_DEPRECATED(message)
        |                                        ^
  /home/edgeai/downstream/include/sycl/detail/defines_elementary.hpp:53:38: note: expanded from macro '__SYCL_DEPRECATED'
     53 | #define __SYCL_DEPRECATED(message) [[deprecated(message)]]
        |                                      ^
  In file included from /home/edgeai/esimd_learning/csrc/xpu/esimd_kernel.sycl:1:
  In file included from /home/edgeai/downstream/lib/python3.12/site-packages/torch/include/ATen/ATen.h:8:
  In file included from /home/edgeai/downstream/lib/python3.12/site-packages/torch/include/ATen/Context.h:5:
  In file included from /home/edgeai/downstream/lib/python3.12/site-packages/torch/include/ATen/CPUGeneratorImpl.h:4:
  In file included from /home/edgeai/downstream/lib/python3.12/site-packages/torch/include/ATen/core/Generator.h:19:
  In file included from /home/edgeai/downstream/lib/python3.12/site-packages/torch/include/c10/core/GeneratorImpl.h:9:
  In file included from /home/edgeai/downstream/lib/python3.12/site-packages/torch/include/c10/core/TensorImpl.h:12:
  In file included from /home/edgeai/downstream/lib/python3.12/site-packages/torch/include/c10/core/ScalarType.h:4:
  In file included from /home/edgeai/downstream/lib/python3.12/site-packages/torch/include/c10/util/BFloat16.h:2:
  In file included from /home/edgeai/downstream/lib/python3.12/site-packages/torch/include/torch/headeronly/util/BFloat16.h:22:
  In file included from /home/edgeai/downstream/include/sycl/sycl.hpp:63:
  In file included from /home/edgeai/downstream/include/sycl/builtins.hpp:27:
  In file included from /home/edgeai/downstream/include/sycl/detail/builtins/builtins.hpp:68:
  /home/edgeai/downstream/include/sycl/detail/vector_convert.hpp:690:18: warning: 'uint' is deprecated [-Wdeprecated-declarations]
    690 | EXPAND_BF16_TYPE(uint, uint)
        |                  ^
  /home/edgeai/downstream/include/sycl/aliases.hpp:96:12: note: 'uint' has been explicitly marked deprecated here
     96 | using uint __SYCL2020_DEPRECATED("") = unsigned int;
        |            ^
  /home/edgeai/downstream/include/sycl/detail/defines_elementary.hpp:62:40: note: expanded from macro '__SYCL2020_DEPRECATED'
     62 | #define __SYCL2020_DEPRECATED(message) __SYCL_DEPRECATED(message)
        |                                        ^
  /home/edgeai/downstream/include/sycl/detail/defines_elementary.hpp:53:38: note: expanded from macro '__SYCL_DEPRECATED'
     53 | #define __SYCL_DEPRECATED(message) [[deprecated(message)]]
        |                                      ^
  In file included from /home/edgeai/esimd_learning/csrc/xpu/esimd_kernel.sycl:1:
  In file included from /home/edgeai/downstream/lib/python3.12/site-packages/torch/include/ATen/ATen.h:8:
  In file included from /home/edgeai/downstream/lib/python3.12/site-packages/torch/include/ATen/Context.h:5:
  In file included from /home/edgeai/downstream/lib/python3.12/site-packages/torch/include/ATen/CPUGeneratorImpl.h:4:
  In file included from /home/edgeai/downstream/lib/python3.12/site-packages/torch/include/ATen/core/Generator.h:19:
  In file included from /home/edgeai/downstream/lib/python3.12/site-packages/torch/include/c10/core/GeneratorImpl.h:9:
  In file included from /home/edgeai/downstream/lib/python3.12/site-packages/torch/include/c10/core/TensorImpl.h:12:
  In file included from /home/edgeai/downstream/lib/python3.12/site-packages/torch/include/c10/core/ScalarType.h:4:
  In file included from /home/edgeai/downstream/lib/python3.12/site-packages/torch/include/c10/util/BFloat16.h:2:
  In file included from /home/edgeai/downstream/lib/python3.12/site-packages/torch/include/torch/headeronly/util/BFloat16.h:22:
  In file included from /home/edgeai/downstream/include/sycl/sycl.hpp:63:
  In file included from /home/edgeai/downstream/include/sycl/builtins.hpp:27:
  In file included from /home/edgeai/downstream/include/sycl/detail/builtins/builtins.hpp:68:
  /home/edgeai/downstream/include/sycl/detail/vector_convert.hpp:690:18: warning: 'uint' is deprecated [-Wdeprecated-declarations]
    690 | EXPAND_BF16_TYPE(uint, uint)
        |                  ^
  /home/edgeai/downstream/include/sycl/aliases.hpp:96:12: note: 'uint' has been explicitly marked deprecated here
     96 | using uint __SYCL2020_DEPRECATED("") = unsigned int;
        |            ^
  /home/edgeai/downstream/include/sycl/detail/defines_elementary.hpp:62:40: note: expanded from macro '__SYCL2020_DEPRECATED'
     62 | #define __SYCL2020_DEPRECATED(message) __SYCL_DEPRECATED(message)
        |                                        ^
  /home/edgeai/downstream/include/sycl/detail/defines_elementary.hpp:53:38: note: expanded from macro '__SYCL_DEPRECATED'
     53 | #define __SYCL_DEPRECATED(message) [[deprecated(message)]]
        |                                      ^
  In file included from /home/edgeai/esimd_learning/csrc/xpu/esimd_kernel.sycl:1:
  In file included from /home/edgeai/downstream/lib/python3.12/site-packages/torch/include/ATen/ATen.h:8:
  In file included from /home/edgeai/downstream/lib/python3.12/site-packages/torch/include/ATen/Context.h:5:
  In file included from /home/edgeai/downstream/lib/python3.12/site-packages/torch/include/ATen/CPUGeneratorImpl.h:4:
  In file included from /home/edgeai/downstream/lib/python3.12/site-packages/torch/include/ATen/core/Generator.h:19:
  In file included from /home/edgeai/downstream/lib/python3.12/site-packages/torch/include/c10/core/GeneratorImpl.h:9:
  In file included from /home/edgeai/downstream/lib/python3.12/site-packages/torch/include/c10/core/TensorImpl.h:12:
  In file included from /home/edgeai/downstream/lib/python3.12/site-packages/torch/include/c10/core/ScalarType.h:4:
  In file included from /home/edgeai/downstream/lib/python3.12/site-packages/torch/include/c10/util/BFloat16.h:2:
  In file included from /home/edgeai/downstream/lib/python3.12/site-packages/torch/include/torch/headeronly/util/BFloat16.h:22:
  In file included from /home/edgeai/downstream/include/sycl/sycl.hpp:63:
  In file included from /home/edgeai/downstream/include/sycl/builtins.hpp:27:
  In file included from /home/edgeai/downstream/include/sycl/detail/builtins/builtins.hpp:68:
  /home/edgeai/downstream/include/sycl/detail/vector_convert.hpp:690:18: warning: 'uint' is deprecated [-Wdeprecated-declarations]
    690 | EXPAND_BF16_TYPE(uint, uint)
        |                  ^
  /home/edgeai/downstream/include/sycl/aliases.hpp:96:12: note: 'uint' has been explicitly marked deprecated here
     96 | using uint __SYCL2020_DEPRECATED("") = unsigned int;
        |            ^
  /home/edgeai/downstream/include/sycl/detail/defines_elementary.hpp:62:40: note: expanded from macro '__SYCL2020_DEPRECATED'
     62 | #define __SYCL2020_DEPRECATED(message) __SYCL_DEPRECATED(message)
        |                                        ^
  /home/edgeai/downstream/include/sycl/detail/defines_elementary.hpp:53:38: note: expanded from macro '__SYCL_DEPRECATED'
     53 | #define __SYCL_DEPRECATED(message) [[deprecated(message)]]
        |                                      ^
  In file included from /home/edgeai/esimd_learning/csrc/xpu/esimd_kernel.sycl:1:
  In file included from /home/edgeai/downstream/lib/python3.12/site-packages/torch/include/ATen/ATen.h:8:
  In file included from /home/edgeai/downstream/lib/python3.12/site-packages/torch/include/ATen/Context.h:5:
  In file included from /home/edgeai/downstream/lib/python3.12/site-packages/torch/include/ATen/CPUGeneratorImpl.h:4:
  In file included from /home/edgeai/downstream/lib/python3.12/site-packages/torch/include/ATen/core/Generator.h:19:
  In file included from /home/edgeai/downstream/lib/python3.12/site-packages/torch/include/c10/core/GeneratorImpl.h:9:
  In file included from /home/edgeai/downstream/lib/python3.12/site-packages/torch/include/c10/core/TensorImpl.h:12:
  In file included from /home/edgeai/downstream/lib/python3.12/site-packages/torch/include/c10/core/ScalarType.h:4:
  In file included from /home/edgeai/downstream/lib/python3.12/site-packages/torch/include/c10/util/BFloat16.h:2:
  In file included from /home/edgeai/downstream/lib/python3.12/site-packages/torch/include/torch/headeronly/util/BFloat16.h:22:
  In file included from /home/edgeai/downstream/include/sycl/sycl.hpp:63:
  In file included from /home/edgeai/downstream/include/sycl/builtins.hpp:27:
  In file included from /home/edgeai/downstream/include/sycl/detail/builtins/builtins.hpp:68:
  /home/edgeai/downstream/include/sycl/detail/vector_convert.hpp:690:18: warning: 'uint' is deprecated [-Wdeprecated-declarations]
    690 | EXPAND_BF16_TYPE(uint, uint)
        |                  ^
  /home/edgeai/downstream/include/sycl/aliases.hpp:96:12: note: 'uint' has been explicitly marked deprecated here
     96 | using uint __SYCL2020_DEPRECATED("") = unsigned int;
        |            ^
  /home/edgeai/downstream/include/sycl/detail/defines_elementary.hpp:62:40: note: expanded from macro '__SYCL2020_DEPRECATED'
     62 | #define __SYCL2020_DEPRECATED(message) __SYCL_DEPRECATED(message)
        |                                        ^
  /home/edgeai/downstream/include/sycl/detail/defines_elementary.hpp:53:38: note: expanded from macro '__SYCL_DEPRECATED'
     53 | #define __SYCL_DEPRECATED(message) [[deprecated(message)]]
        |                                      ^
  In file included from /home/edgeai/esimd_learning/csrc/xpu/esimd_kernel.sycl:1:
  In file included from /home/edgeai/downstream/lib/python3.12/site-packages/torch/include/ATen/ATen.h:8:
  In file included from /home/edgeai/downstream/lib/python3.12/site-packages/torch/include/ATen/Context.h:5:
  In file included from /home/edgeai/downstream/lib/python3.12/site-packages/torch/include/ATen/CPUGeneratorImpl.h:4:
  In file included from /home/edgeai/downstream/lib/python3.12/site-packages/torch/include/ATen/core/Generator.h:19:
  In file included from /home/edgeai/downstream/lib/python3.12/site-packages/torch/include/c10/core/GeneratorImpl.h:9:
  In file included from /home/edgeai/downstream/lib/python3.12/site-packages/torch/include/c10/core/TensorImpl.h:12:
  In file included from /home/edgeai/downstream/lib/python3.12/site-packages/torch/include/c10/core/ScalarType.h:4:
  In file included from /home/edgeai/downstream/lib/python3.12/site-packages/torch/include/c10/util/BFloat16.h:2:
  In file included from /home/edgeai/downstream/lib/python3.12/site-packages/torch/include/torch/headeronly/util/BFloat16.h:22:
  In file included from /home/edgeai/downstream/include/sycl/sycl.hpp:63:
  In file included from /home/edgeai/downstream/include/sycl/builtins.hpp:27:
  In file included from /home/edgeai/downstream/include/sycl/detail/builtins/builtins.hpp:68:
  /home/edgeai/downstream/include/sycl/detail/vector_convert.hpp:690:18: warning: 'uint' is deprecated [-Wdeprecated-declarations]
    690 | EXPAND_BF16_TYPE(uint, uint)
        |                  ^
  /home/edgeai/downstream/include/sycl/aliases.hpp:96:12: note: 'uint' has been explicitly marked deprecated here
     96 | using uint __SYCL2020_DEPRECATED("") = unsigned int;
        |            ^
  /home/edgeai/downstream/include/sycl/detail/defines_elementary.hpp:62:40: note: expanded from macro '__SYCL2020_DEPRECATED'
     62 | #define __SYCL2020_DEPRECATED(message) __SYCL_DEPRECATED(message)
        |                                        ^
  /home/edgeai/downstream/include/sycl/detail/defines_elementary.hpp:53:38: note: expanded from macro '__SYCL_DEPRECATED'
     53 | #define __SYCL_DEPRECATED(message) [[deprecated(message)]]
        |                                      ^
  In file included from /home/edgeai/esimd_learning/csrc/xpu/esimd_kernel.sycl:1:
  In file included from /home/edgeai/downstream/lib/python3.12/site-packages/torch/include/ATen/ATen.h:8:
  In file included from /home/edgeai/downstream/lib/python3.12/site-packages/torch/include/ATen/Context.h:5:
  In file included from /home/edgeai/downstream/lib/python3.12/site-packages/torch/include/ATen/CPUGeneratorImpl.h:4:
  In file included from /home/edgeai/downstream/lib/python3.12/site-packages/torch/include/ATen/core/Generator.h:19:
  In file included from /home/edgeai/downstream/lib/python3.12/site-packages/torch/include/c10/core/GeneratorImpl.h:9:
  In file included from /home/edgeai/downstream/lib/python3.12/site-packages/torch/include/c10/core/TensorImpl.h:12:
  In file included from /home/edgeai/downstream/lib/python3.12/site-packages/torch/include/c10/core/ScalarType.h:4:
  In file included from /home/edgeai/downstream/lib/python3.12/site-packages/torch/include/c10/util/BFloat16.h:2:
  In file included from /home/edgeai/downstream/lib/python3.12/site-packages/torch/include/torch/headeronly/util/BFloat16.h:22:
  In file included from /home/edgeai/downstream/include/sycl/sycl.hpp:63:
  In file included from /home/edgeai/downstream/include/sycl/builtins.hpp:27:
  In file included from /home/edgeai/downstream/include/sycl/detail/builtins/builtins.hpp:68:
  /home/edgeai/downstream/include/sycl/detail/vector_convert.hpp:690:18: warning: 'uint' is deprecated [-Wdeprecated-declarations]
    690 | EXPAND_BF16_TYPE(uint, uint)
        |                  ^
  /home/edgeai/downstream/include/sycl/aliases.hpp:96:12: note: 'uint' has been explicitly marked deprecated here
     96 | using uint __SYCL2020_DEPRECATED("") = unsigned int;
        |            ^
  /home/edgeai/downstream/include/sycl/detail/defines_elementary.hpp:62:40: note: expanded from macro '__SYCL2020_DEPRECATED'
     62 | #define __SYCL2020_DEPRECATED(message) __SYCL_DEPRECATED(message)
        |                                        ^
  /home/edgeai/downstream/include/sycl/detail/defines_elementary.hpp:53:38: note: expanded from macro '__SYCL_DEPRECATED'
     53 | #define __SYCL_DEPRECATED(message) [[deprecated(message)]]
        |                                      ^
  In file included from /home/edgeai/esimd_learning/csrc/xpu/esimd_kernel.sycl:1:
  In file included from /home/edgeai/downstream/lib/python3.12/site-packages/torch/include/ATen/ATen.h:8:
  In file included from /home/edgeai/downstream/lib/python3.12/site-packages/torch/include/ATen/Context.h:5:
  In file included from /home/edgeai/downstream/lib/python3.12/site-packages/torch/include/ATen/CPUGeneratorImpl.h:4:
  In file included from /home/edgeai/downstream/lib/python3.12/site-packages/torch/include/ATen/core/Generator.h:19:
  In file included from /home/edgeai/downstream/lib/python3.12/site-packages/torch/include/c10/core/GeneratorImpl.h:9:
  In file included from /home/edgeai/downstream/lib/python3.12/site-packages/torch/include/c10/core/TensorImpl.h:12:
  In file included from /home/edgeai/downstream/lib/python3.12/site-packages/torch/include/c10/core/ScalarType.h:4:
  In file included from /home/edgeai/downstream/lib/python3.12/site-packages/torch/include/c10/util/BFloat16.h:2:
  In file included from /home/edgeai/downstream/lib/python3.12/site-packages/torch/include/torch/headeronly/util/BFloat16.h:22:
  In file included from /home/edgeai/downstream/include/sycl/sycl.hpp:63:
  In file included from /home/edgeai/downstream/include/sycl/builtins.hpp:27:
  In file included from /home/edgeai/downstream/include/sycl/detail/builtins/builtins.hpp:68:
  /home/edgeai/downstream/include/sycl/detail/vector_convert.hpp:690:18: warning: 'uint' is deprecated [-Wdeprecated-declarations]
    690 | EXPAND_BF16_TYPE(uint, uint)
        |                  ^
  /home/edgeai/downstream/include/sycl/aliases.hpp:96:12: note: 'uint' has been explicitly marked deprecated here
     96 | using uint __SYCL2020_DEPRECATED("") = unsigned int;
        |            ^
  /home/edgeai/downstream/include/sycl/detail/defines_elementary.hpp:62:40: note: expanded from macro '__SYCL2020_DEPRECATED'
     62 | #define __SYCL2020_DEPRECATED(message) __SYCL_DEPRECATED(message)
        |                                        ^
  /home/edgeai/downstream/include/sycl/detail/defines_elementary.hpp:53:38: note: expanded from macro '__SYCL_DEPRECATED'
     53 | #define __SYCL_DEPRECATED(message) [[deprecated(message)]]
        |                                      ^
  In file included from /home/edgeai/esimd_learning/csrc/xpu/esimd_kernel.sycl:1:
  In file included from /home/edgeai/downstream/lib/python3.12/site-packages/torch/include/ATen/ATen.h:8:
  In file included from /home/edgeai/downstream/lib/python3.12/site-packages/torch/include/ATen/Context.h:5:
  In file included from /home/edgeai/downstream/lib/python3.12/site-packages/torch/include/ATen/CPUGeneratorImpl.h:4:
  In file included from /home/edgeai/downstream/lib/python3.12/site-packages/torch/include/ATen/core/Generator.h:19:
  In file included from /home/edgeai/downstream/lib/python3.12/site-packages/torch/include/c10/core/GeneratorImpl.h:9:
  In file included from /home/edgeai/downstream/lib/python3.12/site-packages/torch/include/c10/core/TensorImpl.h:12:
  In file included from /home/edgeai/downstream/lib/python3.12/site-packages/torch/include/c10/core/ScalarType.h:4:
  In file included from /home/edgeai/downstream/lib/python3.12/site-packages/torch/include/c10/util/BFloat16.h:2:
  In file included from /home/edgeai/downstream/lib/python3.12/site-packages/torch/include/torch/headeronly/util/BFloat16.h:22:
  In file included from /home/edgeai/downstream/include/sycl/sycl.hpp:63:
  In file included from /home/edgeai/downstream/include/sycl/builtins.hpp:27:
  In file included from /home/edgeai/downstream/include/sycl/detail/builtins/builtins.hpp:68:
  /home/edgeai/downstream/include/sycl/detail/vector_convert.hpp:690:18: warning: 'uint' is deprecated [-Wdeprecated-declarations]
    690 | EXPAND_BF16_TYPE(uint, uint)
        |                  ^
  /home/edgeai/downstream/include/sycl/aliases.hpp:96:12: note: 'uint' has been explicitly marked deprecated here
     96 | using uint __SYCL2020_DEPRECATED("") = unsigned int;
        |            ^
  /home/edgeai/downstream/include/sycl/detail/defines_elementary.hpp:62:40: note: expanded from macro '__SYCL2020_DEPRECATED'
     62 | #define __SYCL2020_DEPRECATED(message) __SYCL_DEPRECATED(message)
        |                                        ^
  /home/edgeai/downstream/include/sycl/detail/defines_elementary.hpp:53:38: note: expanded from macro '__SYCL_DEPRECATED'
     53 | #define __SYCL_DEPRECATED(message) [[deprecated(message)]]
        |                                      ^
  In file included from /home/edgeai/esimd_learning/csrc/xpu/esimd_kernel.sycl:1:
  In file included from /home/edgeai/downstream/lib/python3.12/site-packages/torch/include/ATen/ATen.h:8:
  In file included from /home/edgeai/downstream/lib/python3.12/site-packages/torch/include/ATen/Context.h:5:
  In file included from /home/edgeai/downstream/lib/python3.12/site-packages/torch/include/ATen/CPUGeneratorImpl.h:4:
  In file included from /home/edgeai/downstream/lib/python3.12/site-packages/torch/include/ATen/core/Generator.h:19:
  In file included from /home/edgeai/downstream/lib/python3.12/site-packages/torch/include/c10/core/GeneratorImpl.h:9:
  In file included from /home/edgeai/downstream/lib/python3.12/site-packages/torch/include/c10/core/TensorImpl.h:12:
  In file included from /home/edgeai/downstream/lib/python3.12/site-packages/torch/include/c10/core/ScalarType.h:4:
  In file included from /home/edgeai/downstream/lib/python3.12/site-packages/torch/include/c10/util/BFloat16.h:2:
  In file included from /home/edgeai/downstream/lib/python3.12/site-packages/torch/include/torch/headeronly/util/BFloat16.h:22:
  In file included from /home/edgeai/downstream/include/sycl/sycl.hpp:63:
  In file included from /home/edgeai/downstream/include/sycl/builtins.hpp:27:
  In file included from /home/edgeai/downstream/include/sycl/detail/builtins/builtins.hpp:68:
  /home/edgeai/downstream/include/sycl/detail/vector_convert.hpp:690:18: warning: 'uint' is deprecated [-Wdeprecated-declarations]
    690 | EXPAND_BF16_TYPE(uint, uint)
        |                  ^
  /home/edgeai/downstream/include/sycl/aliases.hpp:96:12: note: 'uint' has been explicitly marked deprecated here
     96 | using uint __SYCL2020_DEPRECATED("") = unsigned int;
        |            ^
  /home/edgeai/downstream/include/sycl/detail/defines_elementary.hpp:62:40: note: expanded from macro '__SYCL2020_DEPRECATED'
     62 | #define __SYCL2020_DEPRECATED(message) __SYCL_DEPRECATED(message)
        |                                        ^
  /home/edgeai/downstream/include/sycl/detail/defines_elementary.hpp:53:38: note: expanded from macro '__SYCL_DEPRECATED'
     53 | #define __SYCL_DEPRECATED(message) [[deprecated(message)]]
        |                                      ^
  In file included from /home/edgeai/esimd_learning/csrc/xpu/esimd_kernel.sycl:1:
  In file included from /home/edgeai/downstream/lib/python3.12/site-packages/torch/include/ATen/ATen.h:8:
  In file included from /home/edgeai/downstream/lib/python3.12/site-packages/torch/include/ATen/Context.h:5:
  In file included from /home/edgeai/downstream/lib/python3.12/site-packages/torch/include/ATen/CPUGeneratorImpl.h:4:
  In file included from /home/edgeai/downstream/lib/python3.12/site-packages/torch/include/ATen/core/Generator.h:19:
  In file included from /home/edgeai/downstream/lib/python3.12/site-packages/torch/include/c10/core/GeneratorImpl.h:9:
  In file included from /home/edgeai/downstream/lib/python3.12/site-packages/torch/include/c10/core/TensorImpl.h:12:
  In file included from /home/edgeai/downstream/lib/python3.12/site-packages/torch/include/c10/core/ScalarType.h:4:
  In file included from /home/edgeai/downstream/lib/python3.12/site-packages/torch/include/c10/util/BFloat16.h:2:
  In file included from /home/edgeai/downstream/lib/python3.12/site-packages/torch/include/torch/headeronly/util/BFloat16.h:22:
  In file included from /home/edgeai/downstream/include/sycl/sycl.hpp:63:
  In file included from /home/edgeai/downstream/include/sycl/builtins.hpp:27:
  In file included from /home/edgeai/downstream/include/sycl/detail/builtins/builtins.hpp:68:
  /home/edgeai/downstream/include/sycl/detail/vector_convert.hpp:692:18: warning: 'ushort' is deprecated [-Wdeprecated-declarations]
    692 | EXPAND_BF16_TYPE(ushort, ushort)
        |                  ^
  /home/edgeai/downstream/include/sycl/aliases.hpp:95:14: note: 'ushort' has been explicitly marked deprecated here
     95 | using ushort __SYCL2020_DEPRECATED("") = unsigned short;
        |              ^
  /home/edgeai/downstream/include/sycl/detail/defines_elementary.hpp:62:40: note: expanded from macro '__SYCL2020_DEPRECATED'
     62 | #define __SYCL2020_DEPRECATED(message) __SYCL_DEPRECATED(message)
        |                                        ^
  /home/edgeai/downstream/include/sycl/detail/defines_elementary.hpp:53:38: note: expanded from macro '__SYCL_DEPRECATED'
     53 | #define __SYCL_DEPRECATED(message) [[deprecated(message)]]
        |                                      ^
  In file included from /home/edgeai/esimd_learning/csrc/xpu/esimd_kernel.sycl:1:
  In file included from /home/edgeai/downstream/lib/python3.12/site-packages/torch/include/ATen/ATen.h:8:
  In file included from /home/edgeai/downstream/lib/python3.12/site-packages/torch/include/ATen/Context.h:5:
  In file included from /home/edgeai/downstream/lib/python3.12/site-packages/torch/include/ATen/CPUGeneratorImpl.h:4:
  In file included from /home/edgeai/downstream/lib/python3.12/site-packages/torch/include/ATen/core/Generator.h:19:
  In file included from /home/edgeai/downstream/lib/python3.12/site-packages/torch/include/c10/core/GeneratorImpl.h:9:
  In file included from /home/edgeai/downstream/lib/python3.12/site-packages/torch/include/c10/core/TensorImpl.h:12:
  In file included from /home/edgeai/downstream/lib/python3.12/site-packages/torch/include/c10/core/ScalarType.h:4:
  In file included from /home/edgeai/downstream/lib/python3.12/site-packages/torch/include/c10/util/BFloat16.h:2:
  In file included from /home/edgeai/downstream/lib/python3.12/site-packages/torch/include/torch/headeronly/util/BFloat16.h:22:
  In file included from /home/edgeai/downstream/include/sycl/sycl.hpp:63:
  In file included from /home/edgeai/downstream/include/sycl/builtins.hpp:27:
  In file included from /home/edgeai/downstream/include/sycl/detail/builtins/builtins.hpp:68:
  /home/edgeai/downstream/include/sycl/detail/vector_convert.hpp:692:18: warning: 'ushort' is deprecated [-Wdeprecated-declarations]
    692 | EXPAND_BF16_TYPE(ushort, ushort)
        |                  ^
  /home/edgeai/downstream/include/sycl/aliases.hpp:95:14: note: 'ushort' has been explicitly marked deprecated here
     95 | using ushort __SYCL2020_DEPRECATED("") = unsigned short;
        |              ^
  /home/edgeai/downstream/include/sycl/detail/defines_elementary.hpp:62:40: note: expanded from macro '__SYCL2020_DEPRECATED'
     62 | #define __SYCL2020_DEPRECATED(message) __SYCL_DEPRECATED(message)
        |                                        ^
  /home/edgeai/downstream/include/sycl/detail/defines_elementary.hpp:53:38: note: expanded from macro '__SYCL_DEPRECATED'
     53 | #define __SYCL_DEPRECATED(message) [[deprecated(message)]]
        |                                      ^
  In file included from /home/edgeai/esimd_learning/csrc/xpu/esimd_kernel.sycl:1:
  In file included from /home/edgeai/downstream/lib/python3.12/site-packages/torch/include/ATen/ATen.h:8:
  In file included from /home/edgeai/downstream/lib/python3.12/site-packages/torch/include/ATen/Context.h:5:
  In file included from /home/edgeai/downstream/lib/python3.12/site-packages/torch/include/ATen/CPUGeneratorImpl.h:4:
  In file included from /home/edgeai/downstream/lib/python3.12/site-packages/torch/include/ATen/core/Generator.h:19:
  In file included from /home/edgeai/downstream/lib/python3.12/site-packages/torch/include/c10/core/GeneratorImpl.h:9:
  In file included from /home/edgeai/downstream/lib/python3.12/site-packages/torch/include/c10/core/TensorImpl.h:12:
  In file included from /home/edgeai/downstream/lib/python3.12/site-packages/torch/include/c10/core/ScalarType.h:4:
  In file included from /home/edgeai/downstream/lib/python3.12/site-packages/torch/include/c10/util/BFloat16.h:2:
  In file included from /home/edgeai/downstream/lib/python3.12/site-packages/torch/include/torch/headeronly/util/BFloat16.h:22:
  In file included from /home/edgeai/downstream/include/sycl/sycl.hpp:63:
  In file included from /home/edgeai/downstream/include/sycl/builtins.hpp:27:
  In file included from /home/edgeai/downstream/include/sycl/detail/builtins/builtins.hpp:68:
  /home/edgeai/downstream/include/sycl/detail/vector_convert.hpp:692:18: warning: 'ushort' is deprecated [-Wdeprecated-declarations]
    692 | EXPAND_BF16_TYPE(ushort, ushort)
        |                  ^
  /home/edgeai/downstream/include/sycl/aliases.hpp:95:14: note: 'ushort' has been explicitly marked deprecated here
     95 | using ushort __SYCL2020_DEPRECATED("") = unsigned short;
        |              ^
  /home/edgeai/downstream/include/sycl/detail/defines_elementary.hpp:62:40: note: expanded from macro '__SYCL2020_DEPRECATED'
     62 | #define __SYCL2020_DEPRECATED(message) __SYCL_DEPRECATED(message)
        |                                        ^
  /home/edgeai/downstream/include/sycl/detail/defines_elementary.hpp:53:38: note: expanded from macro '__SYCL_DEPRECATED'
     53 | #define __SYCL_DEPRECATED(message) [[deprecated(message)]]
        |                                      ^
  In file included from /home/edgeai/esimd_learning/csrc/xpu/esimd_kernel.sycl:1:
  In file included from /home/edgeai/downstream/lib/python3.12/site-packages/torch/include/ATen/ATen.h:8:
  In file included from /home/edgeai/downstream/lib/python3.12/site-packages/torch/include/ATen/Context.h:5:
  In file included from /home/edgeai/downstream/lib/python3.12/site-packages/torch/include/ATen/CPUGeneratorImpl.h:4:
  In file included from /home/edgeai/downstream/lib/python3.12/site-packages/torch/include/ATen/core/Generator.h:19:
  In file included from /home/edgeai/downstream/lib/python3.12/site-packages/torch/include/c10/core/GeneratorImpl.h:9:
  In file included from /home/edgeai/downstream/lib/python3.12/site-packages/torch/include/c10/core/TensorImpl.h:12:
  In file included from /home/edgeai/downstream/lib/python3.12/site-packages/torch/include/c10/core/ScalarType.h:4:
  In file included from /home/edgeai/downstream/lib/python3.12/site-packages/torch/include/c10/util/BFloat16.h:2:
  In file included from /home/edgeai/downstream/lib/python3.12/site-packages/torch/include/torch/headeronly/util/BFloat16.h:22:
  In file included from /home/edgeai/downstream/include/sycl/sycl.hpp:63:
  In file included from /home/edgeai/downstream/include/sycl/builtins.hpp:27:
  In file included from /home/edgeai/downstream/include/sycl/detail/builtins/builtins.hpp:68:
  /home/edgeai/downstream/include/sycl/detail/vector_convert.hpp:692:18: warning: 'ushort' is deprecated [-Wdeprecated-declarations]
    692 | EXPAND_BF16_TYPE(ushort, ushort)
        |                  ^
  /home/edgeai/downstream/include/sycl/aliases.hpp:95:14: note: 'ushort' has been explicitly marked deprecated here
     95 | using ushort __SYCL2020_DEPRECATED("") = unsigned short;
        |              ^
  /home/edgeai/downstream/include/sycl/detail/defines_elementary.hpp:62:40: note: expanded from macro '__SYCL2020_DEPRECATED'
     62 | #define __SYCL2020_DEPRECATED(message) __SYCL_DEPRECATED(message)
        |                                        ^
  /home/edgeai/downstream/include/sycl/detail/defines_elementary.hpp:53:38: note: expanded from macro '__SYCL_DEPRECATED'
     53 | #define __SYCL_DEPRECATED(message) [[deprecated(message)]]
        |                                      ^
  In file included from /home/edgeai/esimd_learning/csrc/xpu/esimd_kernel.sycl:1:
  In file included from /home/edgeai/downstream/lib/python3.12/site-packages/torch/include/ATen/ATen.h:8:
  In file included from /home/edgeai/downstream/lib/python3.12/site-packages/torch/include/ATen/Context.h:5:
  In file included from /home/edgeai/downstream/lib/python3.12/site-packages/torch/include/ATen/CPUGeneratorImpl.h:4:
  In file included from /home/edgeai/downstream/lib/python3.12/site-packages/torch/include/ATen/core/Generator.h:19:
  In file included from /home/edgeai/downstream/lib/python3.12/site-packages/torch/include/c10/core/GeneratorImpl.h:9:
  In file included from /home/edgeai/downstream/lib/python3.12/site-packages/torch/include/c10/core/TensorImpl.h:12:
  In file included from /home/edgeai/downstream/lib/python3.12/site-packages/torch/include/c10/core/ScalarType.h:4:
  In file included from /home/edgeai/downstream/lib/python3.12/site-packages/torch/include/c10/util/BFloat16.h:2:
  In file included from /home/edgeai/downstream/lib/python3.12/site-packages/torch/include/torch/headeronly/util/BFloat16.h:22:
  In file included from /home/edgeai/downstream/include/sycl/sycl.hpp:63:
  In file included from /home/edgeai/downstream/include/sycl/builtins.hpp:27:
  In file included from /home/edgeai/downstream/include/sycl/detail/builtins/builtins.hpp:68:
  /home/edgeai/downstream/include/sycl/detail/vector_convert.hpp:692:18: warning: 'ushort' is deprecated [-Wdeprecated-declarations]
    692 | EXPAND_BF16_TYPE(ushort, ushort)
        |                  ^
  /home/edgeai/downstream/include/sycl/aliases.hpp:95:14: note: 'ushort' has been explicitly marked deprecated here
     95 | using ushort __SYCL2020_DEPRECATED("") = unsigned short;
        |              ^
  /home/edgeai/downstream/include/sycl/detail/defines_elementary.hpp:62:40: note: expanded from macro '__SYCL2020_DEPRECATED'
     62 | #define __SYCL2020_DEPRECATED(message) __SYCL_DEPRECATED(message)
        |                                        ^
  /home/edgeai/downstream/include/sycl/detail/defines_elementary.hpp:53:38: note: expanded from macro '__SYCL_DEPRECATED'
     53 | #define __SYCL_DEPRECATED(message) [[deprecated(message)]]
        |                                      ^
  In file included from /home/edgeai/esimd_learning/csrc/xpu/esimd_kernel.sycl:1:
  In file included from /home/edgeai/downstream/lib/python3.12/site-packages/torch/include/ATen/ATen.h:8:
  In file included from /home/edgeai/downstream/lib/python3.12/site-packages/torch/include/ATen/Context.h:5:
  In file included from /home/edgeai/downstream/lib/python3.12/site-packages/torch/include/ATen/CPUGeneratorImpl.h:4:
  In file included from /home/edgeai/downstream/lib/python3.12/site-packages/torch/include/ATen/core/Generator.h:19:
  In file included from /home/edgeai/downstream/lib/python3.12/site-packages/torch/include/c10/core/GeneratorImpl.h:9:
  In file included from /home/edgeai/downstream/lib/python3.12/site-packages/torch/include/c10/core/TensorImpl.h:12:
  In file included from /home/edgeai/downstream/lib/python3.12/site-packages/torch/include/c10/core/ScalarType.h:4:
  In file included from /home/edgeai/downstream/lib/python3.12/site-packages/torch/include/c10/util/BFloat16.h:2:
  In file included from /home/edgeai/downstream/lib/python3.12/site-packages/torch/include/torch/headeronly/util/BFloat16.h:22:
  In file included from /home/edgeai/downstream/include/sycl/sycl.hpp:63:
  In file included from /home/edgeai/downstream/include/sycl/builtins.hpp:27:
  In file included from /home/edgeai/downstream/include/sycl/detail/builtins/builtins.hpp:68:
  /home/edgeai/downstream/include/sycl/detail/vector_convert.hpp:692:18: warning: 'ushort' is deprecated [-Wdeprecated-declarations]
    692 | EXPAND_BF16_TYPE(ushort, ushort)
        |                  ^
  /home/edgeai/downstream/include/sycl/aliases.hpp:95:14: note: 'ushort' has been explicitly marked deprecated here
     95 | using ushort __SYCL2020_DEPRECATED("") = unsigned short;
        |              ^
  /home/edgeai/downstream/include/sycl/detail/defines_elementary.hpp:62:40: note: expanded from macro '__SYCL2020_DEPRECATED'
     62 | #define __SYCL2020_DEPRECATED(message) __SYCL_DEPRECATED(message)
        |                                        ^
  /home/edgeai/downstream/include/sycl/detail/defines_elementary.hpp:53:38: note: expanded from macro '__SYCL_DEPRECATED'
     53 | #define __SYCL_DEPRECATED(message) [[deprecated(message)]]
        |                                      ^
  In file included from /home/edgeai/esimd_learning/csrc/xpu/esimd_kernel.sycl:1:
  In file included from /home/edgeai/downstream/lib/python3.12/site-packages/torch/include/ATen/ATen.h:8:
  In file included from /home/edgeai/downstream/lib/python3.12/site-packages/torch/include/ATen/Context.h:5:
  In file included from /home/edgeai/downstream/lib/python3.12/site-packages/torch/include/ATen/CPUGeneratorImpl.h:4:
  In file included from /home/edgeai/downstream/lib/python3.12/site-packages/torch/include/ATen/core/Generator.h:19:
  In file included from /home/edgeai/downstream/lib/python3.12/site-packages/torch/include/c10/core/GeneratorImpl.h:9:
  In file included from /home/edgeai/downstream/lib/python3.12/site-packages/torch/include/c10/core/TensorImpl.h:12:
  In file included from /home/edgeai/downstream/lib/python3.12/site-packages/torch/include/c10/core/ScalarType.h:4:
  In file included from /home/edgeai/downstream/lib/python3.12/site-packages/torch/include/c10/util/BFloat16.h:2:
  In file included from /home/edgeai/downstream/lib/python3.12/site-packages/torch/include/torch/headeronly/util/BFloat16.h:22:
  In file included from /home/edgeai/downstream/include/sycl/sycl.hpp:63:
  In file included from /home/edgeai/downstream/include/sycl/builtins.hpp:27:
  In file included from /home/edgeai/downstream/include/sycl/detail/builtins/builtins.hpp:68:
  /home/edgeai/downstream/include/sycl/detail/vector_convert.hpp:692:18: warning: 'ushort' is deprecated [-Wdeprecated-declarations]
    692 | EXPAND_BF16_TYPE(ushort, ushort)
        |                  ^
  /home/edgeai/downstream/include/sycl/aliases.hpp:95:14: note: 'ushort' has been explicitly marked deprecated here
     95 | using ushort __SYCL2020_DEPRECATED("") = unsigned short;
        |              ^
  /home/edgeai/downstream/include/sycl/detail/defines_elementary.hpp:62:40: note: expanded from macro '__SYCL2020_DEPRECATED'
     62 | #define __SYCL2020_DEPRECATED(message) __SYCL_DEPRECATED(message)
        |                                        ^
  /home/edgeai/downstream/include/sycl/detail/defines_elementary.hpp:53:38: note: expanded from macro '__SYCL_DEPRECATED'
     53 | #define __SYCL_DEPRECATED(message) [[deprecated(message)]]
        |                                      ^
  In file included from /home/edgeai/esimd_learning/csrc/xpu/esimd_kernel.sycl:1:
  In file included from /home/edgeai/downstream/lib/python3.12/site-packages/torch/include/ATen/ATen.h:8:
  In file included from /home/edgeai/downstream/lib/python3.12/site-packages/torch/include/ATen/Context.h:5:
  In file included from /home/edgeai/downstream/lib/python3.12/site-packages/torch/include/ATen/CPUGeneratorImpl.h:4:
  In file included from /home/edgeai/downstream/lib/python3.12/site-packages/torch/include/ATen/core/Generator.h:19:
  In file included from /home/edgeai/downstream/lib/python3.12/site-packages/torch/include/c10/core/GeneratorImpl.h:9:
  In file included from /home/edgeai/downstream/lib/python3.12/site-packages/torch/include/c10/core/TensorImpl.h:12:
  In file included from /home/edgeai/downstream/lib/python3.12/site-packages/torch/include/c10/core/ScalarType.h:4:
  In file included from /home/edgeai/downstream/lib/python3.12/site-packages/torch/include/c10/util/BFloat16.h:2:
  In file included from /home/edgeai/downstream/lib/python3.12/site-packages/torch/include/torch/headeronly/util/BFloat16.h:22:
  In file included from /home/edgeai/downstream/include/sycl/sycl.hpp:63:
  In file included from /home/edgeai/downstream/include/sycl/builtins.hpp:27:
  In file included from /home/edgeai/downstream/include/sycl/detail/builtins/builtins.hpp:68:
  /home/edgeai/downstream/include/sycl/detail/vector_convert.hpp:692:18: warning: 'ushort' is deprecated [-Wdeprecated-declarations]
    692 | EXPAND_BF16_TYPE(ushort, ushort)
        |                  ^
  /home/edgeai/downstream/include/sycl/aliases.hpp:95:14: note: 'ushort' has been explicitly marked deprecated here
     95 | using ushort __SYCL2020_DEPRECATED("") = unsigned short;
        |              ^
  /home/edgeai/downstream/include/sycl/detail/defines_elementary.hpp:62:40: note: expanded from macro '__SYCL2020_DEPRECATED'
     62 | #define __SYCL2020_DEPRECATED(message) __SYCL_DEPRECATED(message)
        |                                        ^
  /home/edgeai/downstream/include/sycl/detail/defines_elementary.hpp:53:38: note: expanded from macro '__SYCL_DEPRECATED'
     53 | #define __SYCL_DEPRECATED(message) [[deprecated(message)]]
        |                                      ^
  In file included from /home/edgeai/esimd_learning/csrc/xpu/esimd_kernel.sycl:1:
  In file included from /home/edgeai/downstream/lib/python3.12/site-packages/torch/include/ATen/ATen.h:8:
  In file included from /home/edgeai/downstream/lib/python3.12/site-packages/torch/include/ATen/Context.h:5:
  In file included from /home/edgeai/downstream/lib/python3.12/site-packages/torch/include/ATen/CPUGeneratorImpl.h:4:
  In file included from /home/edgeai/downstream/lib/python3.12/site-packages/torch/include/ATen/core/Generator.h:19:
  In file included from /home/edgeai/downstream/lib/python3.12/site-packages/torch/include/c10/core/GeneratorImpl.h:9:
  In file included from /home/edgeai/downstream/lib/python3.12/site-packages/torch/include/c10/core/TensorImpl.h:12:
  In file included from /home/edgeai/downstream/lib/python3.12/site-packages/torch/include/c10/core/ScalarType.h:4:
  In file included from /home/edgeai/downstream/lib/python3.12/site-packages/torch/include/c10/util/BFloat16.h:2:
  In file included from /home/edgeai/downstream/lib/python3.12/site-packages/torch/include/torch/headeronly/util/BFloat16.h:22:
  In file included from /home/edgeai/downstream/include/sycl/sycl.hpp:63:
  In file included from /home/edgeai/downstream/include/sycl/builtins.hpp:27:
  In file included from /home/edgeai/downstream/include/sycl/detail/builtins/builtins.hpp:68:
  /home/edgeai/downstream/include/sycl/detail/vector_convert.hpp:692:18: warning: 'ushort' is deprecated [-Wdeprecated-declarations]
    692 | EXPAND_BF16_TYPE(ushort, ushort)
        |                  ^
  /home/edgeai/downstream/include/sycl/aliases.hpp:95:14: note: 'ushort' has been explicitly marked deprecated here
     95 | using ushort __SYCL2020_DEPRECATED("") = unsigned short;
        |              ^
  /home/edgeai/downstream/include/sycl/detail/defines_elementary.hpp:62:40: note: expanded from macro '__SYCL2020_DEPRECATED'
     62 | #define __SYCL2020_DEPRECATED(message) __SYCL_DEPRECATED(message)
        |                                        ^
  /home/edgeai/downstream/include/sycl/detail/defines_elementary.hpp:53:38: note: expanded from macro '__SYCL_DEPRECATED'
     53 | #define __SYCL_DEPRECATED(message) [[deprecated(message)]]
        |                                      ^
  In file included from /home/edgeai/esimd_learning/csrc/xpu/esimd_kernel.sycl:1:
  In file included from /home/edgeai/downstream/lib/python3.12/site-packages/torch/include/ATen/ATen.h:8:
  In file included from /home/edgeai/downstream/lib/python3.12/site-packages/torch/include/ATen/Context.h:5:
  In file included from /home/edgeai/downstream/lib/python3.12/site-packages/torch/include/ATen/CPUGeneratorImpl.h:4:
  In file included from /home/edgeai/downstream/lib/python3.12/site-packages/torch/include/ATen/core/Generator.h:19:
  In file included from /home/edgeai/downstream/lib/python3.12/site-packages/torch/include/c10/core/GeneratorImpl.h:9:
  In file included from /home/edgeai/downstream/lib/python3.12/site-packages/torch/include/c10/core/TensorImpl.h:12:
  In file included from /home/edgeai/downstream/lib/python3.12/site-packages/torch/include/c10/core/ScalarType.h:4:
  In file included from /home/edgeai/downstream/lib/python3.12/site-packages/torch/include/c10/util/BFloat16.h:2:
  In file included from /home/edgeai/downstream/lib/python3.12/site-packages/torch/include/torch/headeronly/util/BFloat16.h:22:
  In file included from /home/edgeai/downstream/include/sycl/sycl.hpp:63:
  In file included from /home/edgeai/downstream/include/sycl/builtins.hpp:27:
  In file included from /home/edgeai/downstream/include/sycl/detail/builtins/builtins.hpp:68:
  /home/edgeai/downstream/include/sycl/detail/vector_convert.hpp:692:18: warning: 'ushort' is deprecated [-Wdeprecated-declarations]
    692 | EXPAND_BF16_TYPE(ushort, ushort)
        |                  ^
  /home/edgeai/downstream/include/sycl/aliases.hpp:95:14: note: 'ushort' has been explicitly marked deprecated here
     95 | using ushort __SYCL2020_DEPRECATED("") = unsigned short;
        |              ^
  /home/edgeai/downstream/include/sycl/detail/defines_elementary.hpp:62:40: note: expanded from macro '__SYCL2020_DEPRECATED'
     62 | #define __SYCL2020_DEPRECATED(message) __SYCL_DEPRECATED(message)
        |                                        ^
  /home/edgeai/downstream/include/sycl/detail/defines_elementary.hpp:53:38: note: expanded from macro '__SYCL_DEPRECATED'
     53 | #define __SYCL_DEPRECATED(message) [[deprecated(message)]]
        |                                      ^
  In file included from /home/edgeai/esimd_learning/csrc/xpu/esimd_kernel.sycl:1:
  In file included from /home/edgeai/downstream/lib/python3.12/site-packages/torch/include/ATen/ATen.h:8:
  In file included from /home/edgeai/downstream/lib/python3.12/site-packages/torch/include/ATen/Context.h:5:
  In file included from /home/edgeai/downstream/lib/python3.12/site-packages/torch/include/ATen/CPUGeneratorImpl.h:4:
  In file included from /home/edgeai/downstream/lib/python3.12/site-packages/torch/include/ATen/core/Generator.h:19:
  In file included from /home/edgeai/downstream/lib/python3.12/site-packages/torch/include/c10/core/GeneratorImpl.h:9:
  In file included from /home/edgeai/downstream/lib/python3.12/site-packages/torch/include/c10/core/TensorImpl.h:12:
  In file included from /home/edgeai/downstream/lib/python3.12/site-packages/torch/include/c10/core/ScalarType.h:4:
  In file included from /home/edgeai/downstream/lib/python3.12/site-packages/torch/include/c10/util/BFloat16.h:2:
  In file included from /home/edgeai/downstream/lib/python3.12/site-packages/torch/include/torch/headeronly/util/BFloat16.h:22:
  In file included from /home/edgeai/downstream/include/sycl/sycl.hpp:79:
  /home/edgeai/downstream/include/sycl/interop_handle.hpp:71:49: warning: 'constant_buffer' is deprecated: use 'target::device' instead [-Wdeprecated-declarations]
     71 |                       Target == access::target::constant_buffer,
        |                                                 ^
  /home/edgeai/downstream/include/sycl/access/access.hpp:24:19: note: 'constant_buffer' has been explicitly marked deprecated here
     24 |   constant_buffer __SYCL2020_DEPRECATED("use 'target::device' instead") = 2015,
        |                   ^
  /home/edgeai/downstream/include/sycl/detail/defines_elementary.hpp:62:40: note: expanded from macro '__SYCL2020_DEPRECATED'
     62 | #define __SYCL2020_DEPRECATED(message) __SYCL_DEPRECATED(message)
        |                                        ^
  /home/edgeai/downstream/include/sycl/detail/defines_elementary.hpp:53:38: note: expanded from macro '__SYCL_DEPRECATED'
     53 | #define __SYCL_DEPRECATED(message) [[deprecated(message)]]
        |                                      ^
  In file included from /home/edgeai/esimd_learning/csrc/xpu/esimd_kernel.sycl:1:
  In file included from /home/edgeai/downstream/lib/python3.12/site-packages/torch/include/ATen/ATen.h:8:
  In file included from /home/edgeai/downstream/lib/python3.12/site-packages/torch/include/ATen/Context.h:5:
  In file included from /home/edgeai/downstream/lib/python3.12/site-packages/torch/include/ATen/CPUGeneratorImpl.h:4:
  In file included from /home/edgeai/downstream/lib/python3.12/site-packages/torch/include/ATen/core/Generator.h:19:
  In file included from /home/edgeai/downstream/lib/python3.12/site-packages/torch/include/c10/core/GeneratorImpl.h:9:
  In file included from /home/edgeai/downstream/lib/python3.12/site-packages/torch/include/c10/core/TensorImpl.h:12:
  In file included from /home/edgeai/downstream/lib/python3.12/site-packages/torch/include/c10/core/ScalarType.h:4:
  In file included from /home/edgeai/downstream/lib/python3.12/site-packages/torch/include/c10/util/BFloat16.h:2:
  In file included from /home/edgeai/downstream/lib/python3.12/site-packages/torch/include/torch/headeronly/util/BFloat16.h:22:
  In file included from /home/edgeai/downstream/include/sycl/sycl.hpp:93:
  /home/edgeai/downstream/include/sycl/reduction.hpp:1358:39: warning: 'host_unified_memory' is deprecated: deprecated in SYCL 2020, use device::has() with one of the aspect::usm_* aspects instead [-Wdeprecated-declarations]
   1358 |     if (device.get_info<info::device::host_unified_memory>() ||
        |                                       ^
  /home/edgeai/downstream/include/sycl/info/device_traits_2020_deprecated.def:5:1: note: 'host_unified_memory' has been explicitly marked deprecated here
      5 | __SYCL_PARAM_TRAITS_DEPRECATED(host_unified_memory,"deprecated in SYCL 2020, use device::has() with "
        | ^
  /home/edgeai/downstream/include/sycl/info/info_desc.hpp:123:10: note: expanded from macro '__SYCL_PARAM_TRAITS_DEPRECATED'
    123 |   struct __SYCL2020_DEPRECATED(Message) Desc;
        |          ^
  /home/edgeai/downstream/include/sycl/detail/defines_elementary.hpp:62:40: note: expanded from macro '__SYCL2020_DEPRECATED'
     62 | #define __SYCL2020_DEPRECATED(message) __SYCL_DEPRECATED(message)
        |                                        ^
  /home/edgeai/downstream/include/sycl/detail/defines_elementary.hpp:53:38: note: expanded from macro '__SYCL_DEPRECATED'
     53 | #define __SYCL_DEPRECATED(message) [[deprecated(message)]]
        |                                      ^
  In file included from /home/edgeai/esimd_learning/csrc/xpu/esimd_kernel.sycl:1:
  In file included from /home/edgeai/downstream/lib/python3.12/site-packages/torch/include/ATen/ATen.h:8:
  In file included from /home/edgeai/downstream/lib/python3.12/site-packages/torch/include/ATen/Context.h:5:
  In file included from /home/edgeai/downstream/lib/python3.12/site-packages/torch/include/ATen/CPUGeneratorImpl.h:4:
  In file included from /home/edgeai/downstream/lib/python3.12/site-packages/torch/include/ATen/core/Generator.h:19:
  In file included from /home/edgeai/downstream/lib/python3.12/site-packages/torch/include/c10/core/GeneratorImpl.h:9:
  In file included from /home/edgeai/downstream/lib/python3.12/site-packages/torch/include/c10/core/TensorImpl.h:12:
  In file included from /home/edgeai/downstream/lib/python3.12/site-packages/torch/include/c10/core/ScalarType.h:4:
  In file included from /home/edgeai/downstream/lib/python3.12/site-packages/torch/include/c10/util/BFloat16.h:2:
  In file included from /home/edgeai/downstream/lib/python3.12/site-packages/torch/include/torch/headeronly/util/BFloat16.h:22:
  In file included from /home/edgeai/downstream/include/sycl/sycl.hpp:96:
  /home/edgeai/downstream/include/sycl/stream.hpp:538:21: warning: 'atomic<unsigned int, sycl::access::address_space::global_space>' is deprecated: sycl::atomic is deprecated since SYCL 2020 [-Wdeprecated-declarations]
    538 |   Cur = GlobalOffset[0].load();
        |                     ^
  /home/edgeai/downstream/include/sycl/atomic.hpp:173:7: note: 'atomic<unsigned int, sycl::access::address_space::global_space>' has been explicitly marked deprecated here
    173 | class __SYCL2020_DEPRECATED(
        |       ^
  /home/edgeai/downstream/include/sycl/detail/defines_elementary.hpp:62:40: note: expanded from macro '__SYCL2020_DEPRECATED'
     62 | #define __SYCL2020_DEPRECATED(message) __SYCL_DEPRECATED(message)
        |                                        ^
  /home/edgeai/downstream/include/sycl/detail/defines_elementary.hpp:53:38: note: expanded from macro '__SYCL_DEPRECATED'
     53 | #define __SYCL_DEPRECATED(message) [[deprecated(message)]]
        |                                      ^
  In file included from /home/edgeai/esimd_learning/csrc/xpu/esimd_kernel.sycl:1:
  In file included from /home/edgeai/downstream/lib/python3.12/site-packages/torch/include/ATen/ATen.h:8:
  In file included from /home/edgeai/downstream/lib/python3.12/site-packages/torch/include/ATen/Context.h:5:
  In file included from /home/edgeai/downstream/lib/python3.12/site-packages/torch/include/ATen/CPUGeneratorImpl.h:4:
  In file included from /home/edgeai/downstream/lib/python3.12/site-packages/torch/include/ATen/core/Generator.h:19:
  In file included from /home/edgeai/downstream/lib/python3.12/site-packages/torch/include/c10/core/GeneratorImpl.h:9:
  In file included from /home/edgeai/downstream/lib/python3.12/site-packages/torch/include/c10/core/TensorImpl.h:12:
  In file included from /home/edgeai/downstream/lib/python3.12/site-packages/torch/include/c10/core/ScalarType.h:4:
  In file included from /home/edgeai/downstream/lib/python3.12/site-packages/torch/include/c10/util/BFloat16.h:2:
  In file included from /home/edgeai/downstream/lib/python3.12/site-packages/torch/include/torch/headeronly/util/BFloat16.h:22:
  In file included from /home/edgeai/downstream/include/sycl/sycl.hpp:110:
  /home/edgeai/downstream/include/sycl/ext/intel/experimental/pipes.hpp:117:13: warning: 'has_extension' is deprecated: use device::has() function with aspects APIs instead [-Wdeprecated-declarations]
    117 |         Dev.has_extension("cl_intel_program_scope_host_pipe");
        |             ^
  /home/edgeai/downstream/include/sycl/device.hpp:241:3: note: 'has_extension' has been explicitly marked deprecated here
    241 |   __SYCL2020_DEPRECATED("use device::has() function with aspects APIs instead")
        |   ^
  /home/edgeai/downstream/include/sycl/detail/defines_elementary.hpp:62:40: note: expanded from macro '__SYCL2020_DEPRECATED'
     62 | #define __SYCL2020_DEPRECATED(message) __SYCL_DEPRECATED(message)
        |                                        ^
  /home/edgeai/downstream/include/sycl/detail/defines_elementary.hpp:53:38: note: expanded from macro '__SYCL_DEPRECATED'
     53 | #define __SYCL_DEPRECATED(message) [[deprecated(message)]]
        |                                      ^
  In file included from /home/edgeai/esimd_learning/csrc/xpu/esimd_kernel.sycl:1:
  In file included from /home/edgeai/downstream/lib/python3.12/site-packages/torch/include/ATen/ATen.h:8:
  In file included from /home/edgeai/downstream/lib/python3.12/site-packages/torch/include/ATen/Context.h:5:
  In file included from /home/edgeai/downstream/lib/python3.12/site-packages/torch/include/ATen/CPUGeneratorImpl.h:4:
  In file included from /home/edgeai/downstream/lib/python3.12/site-packages/torch/include/ATen/core/Generator.h:19:
  In file included from /home/edgeai/downstream/lib/python3.12/site-packages/torch/include/c10/core/GeneratorImpl.h:9:
  In file included from /home/edgeai/downstream/lib/python3.12/site-packages/torch/include/c10/core/TensorImpl.h:12:
  In file included from /home/edgeai/downstream/lib/python3.12/site-packages/torch/include/c10/core/ScalarType.h:4:
  In file included from /home/edgeai/downstream/lib/python3.12/site-packages/torch/include/c10/util/BFloat16.h:2:
  In file included from /home/edgeai/downstream/lib/python3.12/site-packages/torch/include/torch/headeronly/util/BFloat16.h:22:
  In file included from /home/edgeai/downstream/include/sycl/sycl.hpp:110:
  /home/edgeai/downstream/include/sycl/ext/intel/experimental/pipes.hpp:146:13: warning: 'has_extension' is deprecated: use device::has() function with aspects APIs instead [-Wdeprecated-declarations]
    146 |         Dev.has_extension("cl_intel_program_scope_host_pipe");
        |             ^
  /home/edgeai/downstream/include/sycl/device.hpp:241:3: note: 'has_extension' has been explicitly marked deprecated here
    241 |   __SYCL2020_DEPRECATED("use device::has() function with aspects APIs instead")
        |   ^
  /home/edgeai/downstream/include/sycl/detail/defines_elementary.hpp:62:40: note: expanded from macro '__SYCL2020_DEPRECATED'
     62 | #define __SYCL2020_DEPRECATED(message) __SYCL_DEPRECATED(message)
        |                                        ^
  /home/edgeai/downstream/include/sycl/detail/defines_elementary.hpp:53:38: note: expanded from macro '__SYCL_DEPRECATED'
     53 | #define __SYCL_DEPRECATED(message) [[deprecated(message)]]
        |                                      ^
  In file included from /home/edgeai/esimd_learning/csrc/xpu/esimd_kernel.sycl:1:
  In file included from /home/edgeai/downstream/lib/python3.12/site-packages/torch/include/ATen/ATen.h:8:
  In file included from /home/edgeai/downstream/lib/python3.12/site-packages/torch/include/ATen/Context.h:5:
  In file included from /home/edgeai/downstream/lib/python3.12/site-packages/torch/include/ATen/CPUGeneratorImpl.h:4:
  In file included from /home/edgeai/downstream/lib/python3.12/site-packages/torch/include/ATen/core/Generator.h:19:
  In file included from /home/edgeai/downstream/lib/python3.12/site-packages/torch/include/c10/core/GeneratorImpl.h:9:
  In file included from /home/edgeai/downstream/lib/python3.12/site-packages/torch/include/c10/core/TensorImpl.h:12:
  In file included from /home/edgeai/downstream/lib/python3.12/site-packages/torch/include/c10/core/ScalarType.h:4:
  In file included from /home/edgeai/downstream/lib/python3.12/site-packages/torch/include/c10/util/BFloat16.h:2:
  In file included from /home/edgeai/downstream/lib/python3.12/site-packages/torch/include/torch/headeronly/util/BFloat16.h:22:
  In file included from /home/edgeai/downstream/include/sycl/sycl.hpp:110:
  /home/edgeai/downstream/include/sycl/ext/intel/experimental/pipes.hpp:274:13: warning: 'has_extension' is deprecated: use device::has() function with aspects APIs instead [-Wdeprecated-declarations]
    274 |         Dev.has_extension("cl_intel_program_scope_host_pipe");
        |             ^
  /home/edgeai/downstream/include/sycl/device.hpp:241:3: note: 'has_extension' has been explicitly marked deprecated here
    241 |   __SYCL2020_DEPRECATED("use device::has() function with aspects APIs instead")
        |   ^
  /home/edgeai/downstream/include/sycl/detail/defines_elementary.hpp:62:40: note: expanded from macro '__SYCL2020_DEPRECATED'
     62 | #define __SYCL2020_DEPRECATED(message) __SYCL_DEPRECATED(message)
        |                                        ^
  /home/edgeai/downstream/include/sycl/detail/defines_elementary.hpp:53:38: note: expanded from macro '__SYCL_DEPRECATED'
     53 | #define __SYCL_DEPRECATED(message) [[deprecated(message)]]
        |                                      ^
  In file included from /home/edgeai/esimd_learning/csrc/xpu/esimd_kernel.sycl:1:
  In file included from /home/edgeai/downstream/lib/python3.12/site-packages/torch/include/ATen/ATen.h:8:
  In file included from /home/edgeai/downstream/lib/python3.12/site-packages/torch/include/ATen/Context.h:5:
  In file included from /home/edgeai/downstream/lib/python3.12/site-packages/torch/include/ATen/CPUGeneratorImpl.h:4:
  In file included from /home/edgeai/downstream/lib/python3.12/site-packages/torch/include/ATen/core/Generator.h:19:
  In file included from /home/edgeai/downstream/lib/python3.12/site-packages/torch/include/c10/core/GeneratorImpl.h:9:
  In file included from /home/edgeai/downstream/lib/python3.12/site-packages/torch/include/c10/core/TensorImpl.h:12:
  In file included from /home/edgeai/downstream/lib/python3.12/site-packages/torch/include/c10/core/ScalarType.h:4:
  In file included from /home/edgeai/downstream/lib/python3.12/site-packages/torch/include/c10/util/BFloat16.h:2:
  In file included from /home/edgeai/downstream/lib/python3.12/site-packages/torch/include/torch/headeronly/util/BFloat16.h:22:
  In file included from /home/edgeai/downstream/include/sycl/sycl.hpp:110:
  /home/edgeai/downstream/include/sycl/ext/intel/experimental/pipes.hpp:297:13: warning: 'has_extension' is deprecated: use device::has() function with aspects APIs instead [-Wdeprecated-declarations]
    297 |         Dev.has_extension("cl_intel_program_scope_host_pipe");
        |             ^
  /home/edgeai/downstream/include/sycl/device.hpp:241:3: note: 'has_extension' has been explicitly marked deprecated here
    241 |   __SYCL2020_DEPRECATED("use device::has() function with aspects APIs instead")
        |   ^
  /home/edgeai/downstream/include/sycl/detail/defines_elementary.hpp:62:40: note: expanded from macro '__SYCL2020_DEPRECATED'
     62 | #define __SYCL2020_DEPRECATED(message) __SYCL_DEPRECATED(message)
        |                                        ^
  /home/edgeai/downstream/include/sycl/detail/defines_elementary.hpp:53:38: note: expanded from macro '__SYCL_DEPRECATED'
     53 | #define __SYCL_DEPRECATED(message) [[deprecated(message)]]
        |                                      ^
  In file included from /home/edgeai/esimd_learning/csrc/xpu/esimd_kernel.sycl:1:
  In file included from /home/edgeai/downstream/lib/python3.12/site-packages/torch/include/ATen/ATen.h:8:
  In file included from /home/edgeai/downstream/lib/python3.12/site-packages/torch/include/ATen/Context.h:5:
  In file included from /home/edgeai/downstream/lib/python3.12/site-packages/torch/include/ATen/CPUGeneratorImpl.h:4:
  In file included from /home/edgeai/downstream/lib/python3.12/site-packages/torch/include/ATen/core/Generator.h:19:
  In file included from /home/edgeai/downstream/lib/python3.12/site-packages/torch/include/c10/core/GeneratorImpl.h:9:
  In file included from /home/edgeai/downstream/lib/python3.12/site-packages/torch/include/c10/core/TensorImpl.h:12:
  In file included from /home/edgeai/downstream/lib/python3.12/site-packages/torch/include/c10/core/ScalarType.h:4:
  In file included from /home/edgeai/downstream/lib/python3.12/site-packages/torch/include/c10/util/BFloat16.h:2:
  In file included from /home/edgeai/downstream/lib/python3.12/site-packages/torch/include/torch/headeronly/util/BFloat16.h:22:
  In file included from /home/edgeai/downstream/include/sycl/sycl.hpp:140:
  /home/edgeai/downstream/include/sycl/ext/oneapi/experimental/opportunistic_group.hpp:152:57: warning: 'this_sub_group' is deprecated: use sycl::ext::oneapi::this_work_item::get_sub_group() instead [-Wdeprecated-declarations]
    152 |   sycl::sub_group sg = sycl::ext::oneapi::experimental::this_sub_group();
        |                                                         ^
  /home/edgeai/downstream/include/sycl/ext/oneapi/free_function_queries.hpp:63:1: note: 'this_sub_group' has been explicitly marked deprecated here
     63 | __SYCL_DEPRECATED(
        | ^
  /home/edgeai/downstream/include/sycl/detail/defines_elementary.hpp:53:38: note: expanded from macro '__SYCL_DEPRECATED'
     53 | #define __SYCL_DEPRECATED(message) [[deprecated(message)]]
        |                                      ^
  In file included from /home/edgeai/esimd_learning/csrc/xpu/esimd_kernel.sycl:1:
  In file included from /home/edgeai/downstream/lib/python3.12/site-packages/torch/include/ATen/ATen.h:8:
  In file included from /home/edgeai/downstream/lib/python3.12/site-packages/torch/include/ATen/Context.h:5:
  In file included from /home/edgeai/downstream/lib/python3.12/site-packages/torch/include/ATen/CPUGeneratorImpl.h:4:
  In file included from /home/edgeai/downstream/lib/python3.12/site-packages/torch/include/ATen/core/Generator.h:19:
  In file included from /home/edgeai/downstream/lib/python3.12/site-packages/torch/include/c10/core/GeneratorImpl.h:9:
  In file included from /home/edgeai/downstream/lib/python3.12/site-packages/torch/include/c10/core/TensorImpl.h:12:
  In file included from /home/edgeai/downstream/lib/python3.12/site-packages/torch/include/c10/core/ScalarType.h:4:
  In file included from /home/edgeai/downstream/lib/python3.12/site-packages/torch/include/c10/util/BFloat16.h:2:
  In file included from /home/edgeai/downstream/lib/python3.12/site-packages/torch/include/torch/headeronly/util/BFloat16.h:22:
  In file included from /home/edgeai/downstream/include/sycl/sycl.hpp:149:
  /home/edgeai/downstream/include/sycl/ext/oneapi/filter_selector.hpp:37:46: warning: 'device_selector' is deprecated: Use SYCL 2020 callable device selectors instead. [-Wdeprecated-declarations]
     37 | class __SYCL_EXPORT filter_selector : public device_selector {
        |                                              ^
  /home/edgeai/downstream/include/sycl/device_selector.hpp:38:21: note: 'device_selector' has been explicitly marked deprecated here
     38 | class __SYCL_EXPORT __SYCL2020_DEPRECATED(
        |                     ^
  /home/edgeai/downstream/include/sycl/detail/defines_elementary.hpp:62:40: note: expanded from macro '__SYCL2020_DEPRECATED'
     62 | #define __SYCL2020_DEPRECATED(message) __SYCL_DEPRECATED(message)
        |                                        ^
  /home/edgeai/downstream/include/sycl/detail/defines_elementary.hpp:53:38: note: expanded from macro '__SYCL_DEPRECATED'
     53 | #define __SYCL_DEPRECATED(message) [[deprecated(message)]]
        |                                      ^
  In file included from /home/edgeai/esimd_learning/csrc/xpu/esimd_kernel.sycl:1:
  In file included from /home/edgeai/downstream/lib/python3.12/site-packages/torch/include/ATen/ATen.h:8:
  In file included from /home/edgeai/downstream/lib/python3.12/site-packages/torch/include/ATen/Context.h:5:
  In file included from /home/edgeai/downstream/lib/python3.12/site-packages/torch/include/ATen/CPUGeneratorImpl.h:4:
  In file included from /home/edgeai/downstream/lib/python3.12/site-packages/torch/include/ATen/core/Generator.h:19:
  In file included from /home/edgeai/downstream/lib/python3.12/site-packages/torch/include/c10/core/GeneratorImpl.h:9:
  In file included from /home/edgeai/downstream/lib/python3.12/site-packages/torch/include/c10/core/TensorImpl.h:12:
  In file included from /home/edgeai/downstream/lib/python3.12/site-packages/torch/include/c10/core/ScalarType.h:4:
  In file included from /home/edgeai/downstream/lib/python3.12/site-packages/torch/include/c10/util/BFloat16.h:2:
  /home/edgeai/downstream/lib/python3.12/site-packages/torch/include/torch/headeronly/util/BFloat16.h:106:7: warning: use of NaN is undefined behavior due to the currently enabled floating-point options [-Wnan-infinity-disabled]
    106 |   if (std::isnan(src)) {
        |       ^~~~~~~~~~~~~~~
  In file included from /home/edgeai/esimd_learning/csrc/xpu/esimd_kernel.sycl:1:
  In file included from /home/edgeai/downstream/lib/python3.12/site-packages/torch/include/ATen/ATen.h:10:
  In file included from /home/edgeai/downstream/lib/python3.12/site-packages/torch/include/ATen/DeviceGuard.h:4:
  In file included from /home/edgeai/downstream/lib/python3.12/site-packages/torch/include/ATen/core/IListRef.h:634:
  In file included from /home/edgeai/downstream/lib/python3.12/site-packages/torch/include/ATen/core/IListRef_inl.h:4:
  In file included from /home/edgeai/downstream/lib/python3.12/site-packages/torch/include/ATen/core/List.h:492:
  In file included from /home/edgeai/downstream/lib/python3.12/site-packages/torch/include/ATen/core/List_inl.h:5:
  In file included from /home/edgeai/downstream/lib/python3.12/site-packages/torch/include/ATen/core/ivalue.h:5:
  In file included from /home/edgeai/downstream/lib/python3.12/site-packages/torch/include/ATen/core/TensorBody.h:17:
  In file included from /home/edgeai/downstream/lib/python3.12/site-packages/torch/include/c10/core/Scalar.h:19:
  In file included from /home/edgeai/downstream/lib/python3.12/site-packages/torch/include/c10/util/TypeCast.h:12:
  /home/edgeai/downstream/lib/python3.12/site-packages/torch/include/c10/util/overflows.h:66:30: warning: use of infinity is undefined behavior due to the currently enabled floating-point options [-Wnan-infinity-disabled]
     66 |   if (limit::has_infinity && std::isinf(static_cast<double>(f))) {
        |                              ^~~~~~~~~~~~~~~~~~~~~~~~~~~~~~~~~~
  In file included from /home/edgeai/esimd_learning/csrc/xpu/esimd_kernel.sycl:9:
  In file included from /home/edgeai/esimd_learning/csrc/xpu/esimd_kernels/fp8_GEMV_v2.h:2:
  In file included from /home/edgeai/esimd_learning/csrc/xpu/esimd_kernels/utils.h:2:
  In file included from /home/edgeai/downstream/include/sycl/ext/intel/esimd.hpp:96:
  In file included from /home/edgeai/downstream/include/sycl/ext/intel/esimd/alt_ui.hpp:13:
  In file included from /home/edgeai/downstream/include/sycl/ext/intel/esimd/simd.hpp:13:
  In file included from /home/edgeai/downstream/include/sycl/ext/intel/esimd/detail/simd_mask_impl.hpp:15:
  In file included from /home/edgeai/downstream/include/sycl/ext/oneapi/experimental/detail/invoke_simd_types.hpp:18:
  /home/edgeai/downstream/include/std/experimental/simd.hpp:1614:10: warning: struct template 'simd_mask' was previously declared as a class template; this is valid, but may result in linker errors under the Microsoft C++ ABI [-Wmismatched-tags]
   1614 |   friend struct simd_mask;
        |          ^
  /home/edgeai/downstream/include/std/experimental/simd.hpp:1032:7: note: previous use is here
   1032 | class simd_mask;
        |       ^
  In file included from /home/edgeai/esimd_learning/csrc/xpu/esimd_kernel.sycl:9:
  In file included from /home/edgeai/esimd_learning/csrc/xpu/esimd_kernels/fp8_GEMV_v2.h:2:
  In file included from /home/edgeai/esimd_learning/csrc/xpu/esimd_kernels/utils.h:2:
  In file included from /home/edgeai/downstream/include/sycl/ext/intel/esimd.hpp:105:
  In file included from /home/edgeai/downstream/include/sycl/ext/intel/experimental/esimd/math.hpp:28:
  /home/edgeai/downstream/include/sycl/ext/intel/esimd/math.hpp:102:18: warning: missing 'typename' prior to dependent type name 'sycl::ext::intel::esimd::detail::element_type_traits<TArg>::EnclosingCppT' is a C++20 extension [-Wc++20-extensions]
    102 |     using CppT = __ESIMD_DNS::element_type_traits<TArg>::EnclosingCppT;
        |                  ^
        |                  typename
  /home/edgeai/downstream/include/sycl/ext/intel/esimd/detail/defines_elementary.hpp:55:21: note: expanded from macro '__ESIMD_DNS'
     55 | #define __ESIMD_DNS sycl::ext::intel::esimd::detail
        |                     ^
  In file included from /home/edgeai/esimd_learning/csrc/xpu/esimd_kernel.sycl:9:
  In file included from /home/edgeai/esimd_learning/csrc/xpu/esimd_kernels/fp8_GEMV_v2.h:2:
  In file included from /home/edgeai/esimd_learning/csrc/xpu/esimd_kernels/utils.h:2:
  In file included from /home/edgeai/downstream/include/sycl/ext/intel/esimd.hpp:105:
  In file included from /home/edgeai/downstream/include/sycl/ext/intel/experimental/esimd/math.hpp:28:
  /home/edgeai/downstream/include/sycl/ext/intel/esimd/math.hpp:190:18: warning: missing 'typename' prior to dependent type name 'sycl::ext::intel::esimd::detail::element_type_traits<T>::EnclosingCppT' is a C++20 extension [-Wc++20-extensions]
    190 |     using CppT = __ESIMD_DNS::element_type_traits<T>::EnclosingCppT;
        |                  ^
        |                  typename
  /home/edgeai/downstream/include/sycl/ext/intel/esimd/detail/defines_elementary.hpp:55:21: note: expanded from macro '__ESIMD_DNS'
     55 | #define __ESIMD_DNS sycl::ext::intel::esimd::detail
        |                     ^
  In file included from /home/edgeai/esimd_learning/csrc/xpu/esimd_kernel.sycl:9:
  In file included from /home/edgeai/esimd_learning/csrc/xpu/esimd_kernels/fp8_GEMV_v2.h:2:
  In file included from /home/edgeai/esimd_learning/csrc/xpu/esimd_kernels/utils.h:2:
  In file included from /home/edgeai/downstream/include/sycl/ext/intel/esimd.hpp:105:
  In file included from /home/edgeai/downstream/include/sycl/ext/intel/experimental/esimd/math.hpp:28:
  /home/edgeai/downstream/include/sycl/ext/intel/esimd/math.hpp:279:18: warning: missing 'typename' prior to dependent type name 'sycl::ext::intel::esimd::detail::element_type_traits<T>::EnclosingCppT' is a C++20 extension [-Wc++20-extensions]
    279 |     using CppT = __ESIMD_DNS::element_type_traits<T>::EnclosingCppT;
        |                  ^
        |                  typename
  /home/edgeai/downstream/include/sycl/ext/intel/esimd/detail/defines_elementary.hpp:55:21: note: expanded from macro '__ESIMD_DNS'
     55 | #define __ESIMD_DNS sycl::ext::intel::esimd::detail
        |                     ^
  In file included from /home/edgeai/esimd_learning/csrc/xpu/esimd_kernel.sycl:9:
  In file included from /home/edgeai/esimd_learning/csrc/xpu/esimd_kernels/fp8_GEMV_v2.h:2:
  In file included from /home/edgeai/esimd_learning/csrc/xpu/esimd_kernels/utils.h:2:
  In file included from /home/edgeai/downstream/include/sycl/ext/intel/esimd.hpp:105:
  In file included from /home/edgeai/downstream/include/sycl/ext/intel/experimental/esimd/math.hpp:29:
  /home/edgeai/downstream/include/sycl/ext/intel/experimental/esimd/common.hpp:80:16: warning: missing 'typename' prior to dependent type name 'sycl::ext::intel::esimd::detail::lsc_expand_type<T>::type' is a C++20 extension [-Wc++20-extensions]
     80 |   using type = __ESIMD_DNS::lsc_expand_type<T>::type;
        |                ^
        |                typename
  /home/edgeai/downstream/include/sycl/ext/intel/esimd/detail/defines_elementary.hpp:55:21: note: expanded from macro '__ESIMD_DNS'
     55 | #define __ESIMD_DNS sycl::ext::intel::esimd::detail
        |                     ^
  In file included from /home/edgeai/esimd_learning/csrc/xpu/esimd_kernel.sycl:9:
  In file included from /home/edgeai/esimd_learning/csrc/xpu/esimd_kernels/fp8_GEMV_v2.h:2:
  In file included from /home/edgeai/esimd_learning/csrc/xpu/esimd_kernels/utils.h:2:
  In file included from /home/edgeai/downstream/include/sycl/ext/intel/esimd.hpp:105:
  /home/edgeai/downstream/include/sycl/ext/intel/experimental/esimd/math.hpp:638:19: warning: unused variable 'q1' [-Wunused-variable]
    638 |   constexpr float q1 = 1.0000000000E+00f;
        |                   ^~
  /home/edgeai/downstream/include/sycl/ext/intel/experimental/esimd/math.hpp:775:16: warning: missing 'typename' prior to dependent type name 'sycl::ext::intel::esimd::detail::element_type_traits<T>::EnclosingCppT' is a C++20 extension [-Wc++20-extensions]
    775 |   using CppT = __ESIMD_DNS::element_type_traits<T>::EnclosingCppT;
        |                ^
        |                typename
  /home/edgeai/downstream/include/sycl/ext/intel/esimd/detail/defines_elementary.hpp:55:21: note: expanded from macro '__ESIMD_DNS'
     55 | #define __ESIMD_DNS sycl::ext::intel::esimd::detail
        |                     ^
  In file included from /home/edgeai/esimd_learning/csrc/xpu/esimd_kernel.sycl:9:
  In file included from /home/edgeai/esimd_learning/csrc/xpu/esimd_kernels/fp8_GEMV_v2.h:2:
  In file included from /home/edgeai/esimd_learning/csrc/xpu/esimd_kernels/utils.h:2:
  In file included from /home/edgeai/downstream/include/sycl/ext/intel/esimd.hpp:106:
  In file included from /home/edgeai/downstream/include/sycl/ext/intel/experimental/esimd/memory.hpp:28:
  /home/edgeai/downstream/include/sycl/ext/intel/esimd/memory.hpp:2429:18: warning: missing 'typename' prior to dependent type name 'PassThruSimdViewT::value_type::element_type' is a C++20 extension [-Wc++20-extensions]
   2429 |     typename T = PassThruSimdViewT::value_type::element_type,
        |                  ^
        |                  typename
  /home/edgeai/downstream/include/sycl/ext/intel/esimd/memory.hpp:2565:18: warning: missing 'typename' prior to dependent type name 'PassThruSimdViewT::value_type::element_type' is a C++20 extension [-Wc++20-extensions]
   2565 |     typename T = PassThruSimdViewT::value_type::element_type,
        |                  ^
        |                  typename
  /home/edgeai/downstream/include/sycl/ext/intel/esimd/memory.hpp:3298:18: warning: missing 'typename' prior to dependent type name 'ValuesSimdViewT::value_type::element_type' is a C++20 extension [-Wc++20-extensions]
   3298 |     typename T = ValuesSimdViewT::value_type::element_type,
        |                  ^
        |                  typename
  /home/edgeai/downstream/include/sycl/ext/intel/esimd/memory.hpp:3344:18: warning: missing 'typename' prior to dependent type name 'ValuesSimdViewT::value_type::element_type' is a C++20 extension [-Wc++20-extensions]
   3344 |     typename T = ValuesSimdViewT::value_type::element_type,
        |                  ^
        |                  typename
  /home/edgeai/downstream/include/sycl/ext/intel/esimd/memory.hpp:3391:18: warning: missing 'typename' prior to dependent type name 'ValuesSimdViewT::value_type::element_type' is a C++20 extension [-Wc++20-extensions]
   3391 |     typename T = ValuesSimdViewT::value_type::element_type,
        |                  ^
        |                  typename
  /home/edgeai/downstream/include/sycl/ext/intel/esimd/memory.hpp:3432:18: warning: missing 'typename' prior to dependent type name 'ValuesSimdViewT::value_type::element_type' is a C++20 extension [-Wc++20-extensions]
   3432 |     typename T = ValuesSimdViewT::value_type::element_type,
        |                  ^
        |                  typename
  /home/edgeai/downstream/include/sycl/ext/intel/esimd/memory.hpp:4654:18: warning: missing 'typename' prior to dependent type name 'PassThruSimdViewT::value_type::element_type' is a C++20 extension [-Wc++20-extensions]
   4654 |     typename T = PassThruSimdViewT::value_type::element_type,
        |                  ^
        |                  typename
  /home/edgeai/downstream/include/sycl/ext/intel/esimd/memory.hpp:4685:18: warning: missing 'typename' prior to dependent type name 'PassThruSimdViewT::value_type::element_type' is a C++20 extension [-Wc++20-extensions]
   4685 |     typename T = PassThruSimdViewT::value_type::element_type,
        |                  ^
        |                  typename
  /home/edgeai/downstream/include/sycl/ext/intel/esimd/memory.hpp:4998:18: warning: missing 'typename' prior to dependent type name 'ValuesSimdViewT::value_type::element_type' is a C++20 extension [-Wc++20-extensions]
   4998 |     typename T = ValuesSimdViewT::value_type::element_type,
        |                  ^
        |                  typename
  /home/edgeai/downstream/include/sycl/ext/intel/esimd/memory.hpp:5039:18: warning: missing 'typename' prior to dependent type name 'ValuesSimdViewT::value_type::element_type' is a C++20 extension [-Wc++20-extensions]
   5039 |     typename T = ValuesSimdViewT::value_type::element_type,
        |                  ^
        |                  typename
  /home/edgeai/downstream/include/sycl/ext/intel/esimd/memory.hpp:5085:18: warning: missing 'typename' prior to dependent type name 'ValuesSimdViewT::value_type::element_type' is a C++20 extension [-Wc++20-extensions]
   5085 |     typename T = ValuesSimdViewT::value_type::element_type,
        |                  ^
        |                  typename
  /home/edgeai/downstream/include/sycl/ext/intel/esimd/memory.hpp:5123:18: warning: missing 'typename' prior to dependent type name 'ValuesSimdViewT::value_type::element_type' is a C++20 extension [-Wc++20-extensions]
   5123 |     typename T = ValuesSimdViewT::value_type::element_type,
        |                  ^
        |                  typename
  /home/edgeai/downstream/include/sycl/ext/intel/esimd/memory.hpp:6086:18: warning: missing 'typename' prior to dependent type name 'PassThruSimdViewT::value_type::element_type' is a C++20 extension [-Wc++20-extensions]
   6086 |     typename T = PassThruSimdViewT::value_type::element_type,
        |                  ^
        |                  typename
  /home/edgeai/downstream/include/sycl/ext/intel/esimd/memory.hpp:6132:18: warning: missing 'typename' prior to dependent type name 'PassThruSimdViewT::value_type::element_type' is a C++20 extension [-Wc++20-extensions]
   6132 |     typename T = PassThruSimdViewT::value_type::element_type,
        |                  ^
        |                  typename
  /home/edgeai/downstream/include/sycl/ext/intel/esimd/memory.hpp:6470:18: warning: missing 'typename' prior to dependent type name 'ValuesSimdViewT::value_type::element_type' is a C++20 extension [-Wc++20-extensions]
   6470 |     typename T = ValuesSimdViewT::value_type::element_type,
        |                  ^
        |                  typename
  /home/edgeai/downstream/include/sycl/ext/intel/esimd/memory.hpp:6505:18: warning: missing 'typename' prior to dependent type name 'ValuesSimdViewT::value_type::element_type' is a C++20 extension [-Wc++20-extensions]
   6505 |     typename T = ValuesSimdViewT::value_type::element_type,
        |                  ^
        |                  typename
  /home/edgeai/downstream/include/sycl/ext/intel/esimd/memory.hpp:6542:18: warning: missing 'typename' prior to dependent type name 'ValuesSimdViewT::value_type::element_type' is a C++20 extension [-Wc++20-extensions]
   6542 |     typename T = ValuesSimdViewT::value_type::element_type,
        |                  ^
        |                  typename
  /home/edgeai/downstream/include/sycl/ext/intel/esimd/memory.hpp:6574:18: warning: missing 'typename' prior to dependent type name 'ValuesSimdViewT::value_type::element_type' is a C++20 extension [-Wc++20-extensions]
   6574 |     typename T = ValuesSimdViewT::value_type::element_type,
        |                  ^
        |                  typename
  /home/edgeai/downstream/include/sycl/ext/intel/esimd/memory.hpp:6924:18: warning: missing 'typename' prior to dependent type name 'PassThruSimdViewT::value_type::element_type' is a C++20 extension [-Wc++20-extensions]
   6924 |     typename T = PassThruSimdViewT::value_type::element_type,
        |                  ^
        |                  typename
  /home/edgeai/downstream/include/sycl/ext/intel/esimd/memory.hpp:7156:18: warning: missing 'typename' prior to dependent type name 'PassThruSimdViewT::value_type::element_type' is a C++20 extension [-Wc++20-extensions]
   7156 |     typename T = PassThruSimdViewT::value_type::element_type,
        |                  ^
        |                  typename
  /home/edgeai/downstream/include/sycl/ext/intel/esimd/memory.hpp:7240:18: warning: missing 'typename' prior to dependent type name 'PassThruSimdViewT::value_type::element_type' is a C++20 extension [-Wc++20-extensions]
   7240 |     typename T = PassThruSimdViewT::value_type::element_type,
        |                  ^
        |                  typename
  /home/edgeai/downstream/include/sycl/ext/intel/esimd/memory.hpp:7449:18: warning: missing 'typename' prior to dependent type name 'ValuesSimdViewT::value_type::element_type' is a C++20 extension [-Wc++20-extensions]
   7449 |     typename T = ValuesSimdViewT::value_type::element_type,
        |                  ^
        |                  typename
  /home/edgeai/downstream/include/sycl/ext/intel/esimd/memory.hpp:7479:18: warning: missing 'typename' prior to dependent type name 'ValuesSimdViewT::value_type::element_type' is a C++20 extension [-Wc++20-extensions]
   7479 |     typename T = ValuesSimdViewT::value_type::element_type,
        |                  ^
        |                  typename
  /home/edgeai/downstream/include/sycl/ext/intel/esimd/memory.hpp:7642:18: warning: missing 'typename' prior to dependent type name 'ValuesSimdViewT::value_type::element_type' is a C++20 extension [-Wc++20-extensions]
   7642 |     typename T = ValuesSimdViewT::value_type::element_type,
        |                  ^
        |                  typename
  /home/edgeai/downstream/include/sycl/ext/intel/esimd/memory.hpp:7674:18: warning: missing 'typename' prior to dependent type name 'ValuesSimdViewT::value_type::element_type' is a C++20 extension [-Wc++20-extensions]
   7674 |     typename T = ValuesSimdViewT::value_type::element_type,
        |                  ^
        |                  typename
  /home/edgeai/downstream/include/sycl/ext/intel/esimd/memory.hpp:7716:18: warning: missing 'typename' prior to dependent type name 'ValuesSimdViewT::value_type::element_type' is a C++20 extension [-Wc++20-extensions]
   7716 |     typename T = ValuesSimdViewT::value_type::element_type,
        |                  ^
        |                  typename
  /home/edgeai/downstream/include/sycl/ext/intel/esimd/memory.hpp:7758:18: warning: missing 'typename' prior to dependent type name 'ValuesSimdViewT::value_type::element_type' is a C++20 extension [-Wc++20-extensions]
   7758 |     typename T = ValuesSimdViewT::value_type::element_type,
        |                  ^
        |                  typename
  /home/edgeai/downstream/include/sycl/ext/intel/esimd/memory.hpp:7951:12: warning: use of function template name with no prior declaration in function call with explicit template arguments is a C++20 extension [-Wc++20-extensions]
   7951 |     return slm_atomic_update_impl<Op, T, N,
        |            ^
  /home/edgeai/downstream/include/sycl/ext/intel/esimd/memory.hpp:8032:12: warning: use of function template name with no prior declaration in function call with explicit template arguments is a C++20 extension [-Wc++20-extensions]
   8032 |     return slm_atomic_update_impl<Op, T, N,
        |            ^
  /home/edgeai/downstream/include/sycl/ext/intel/esimd/memory.hpp:8070:24: warning: missing 'typename' prior to dependent type name 'SrcSimdViewT::value_type::element_type' is a C++20 extension [-Wc++20-extensions]
   8070 |           typename T = SrcSimdViewT::value_type::element_type, int N>
        |                        ^
        |                        typename
  /home/edgeai/downstream/include/sycl/ext/intel/esimd/memory.hpp:8129:24: warning: missing 'typename' prior to dependent type name 'SrcSimdViewT::value_type::element_type' is a C++20 extension [-Wc++20-extensions]
   8129 |           typename T = SrcSimdViewT::value_type::element_type,
        |                        ^
        |                        typename
  /home/edgeai/downstream/include/sycl/ext/intel/esimd/memory.hpp:8222:24: warning: missing 'typename' prior to dependent type name 'SrcSimdViewT::value_type::element_type' is a C++20 extension [-Wc++20-extensions]
   8222 |           typename T = SrcSimdViewT::value_type::element_type, int N,
        |                        ^
        |                        typename
  /home/edgeai/downstream/include/sycl/ext/intel/esimd/memory.hpp:8255:24: warning: missing 'typename' prior to dependent type name 'SrcSimdViewT::value_type::element_type' is a C++20 extension [-Wc++20-extensions]
   8255 |           typename T = SrcSimdViewT::value_type::element_type,
        |                        ^
        |                        typename
  /home/edgeai/downstream/include/sycl/ext/intel/esimd/memory.hpp:8399:24: warning: missing 'typename' prior to dependent type name 'SrcSimdViewT::value_type::element_type' is a C++20 extension [-Wc++20-extensions]
   8399 |           typename T = SrcSimdViewT::value_type::element_type, int N>
        |                        ^
        |                        typename
  /home/edgeai/downstream/include/sycl/ext/intel/esimd/memory.hpp:8525:24: warning: missing 'typename' prior to dependent type name 'SrcSimdViewT::value_type::element_type' is a C++20 extension [-Wc++20-extensions]
   8525 |           typename T = SrcSimdViewT::value_type::element_type,
        |                        ^
        |                        typename
  /home/edgeai/downstream/include/sycl/ext/intel/esimd/memory.hpp:8609:24: warning: missing 'typename' prior to dependent type name 'SrcSimdViewT::value_type::element_type' is a C++20 extension [-Wc++20-extensions]
   8609 |           typename T = SrcSimdViewT::value_type::element_type, int N,
        |                        ^
        |                        typename
  /home/edgeai/downstream/include/sycl/ext/intel/esimd/memory.hpp:8705:24: warning: missing 'typename' prior to dependent type name 'SrcSimdViewT::value_type::element_type' is a C++20 extension [-Wc++20-extensions]
   8705 |           typename T = SrcSimdViewT::value_type::element_type,
        |                        ^
        |                        typename
  /home/edgeai/downstream/include/sycl/ext/intel/esimd/memory.hpp:10784:18: warning: missing 'typename' prior to dependent type name 'SrcSimdViewT::value_type::element_type' is a C++20 extension [-Wc++20-extensions]
   10784 |     typename T = SrcSimdViewT::value_type::element_type, int N,
         |                  ^
         |                  typename
  /home/edgeai/downstream/include/sycl/ext/intel/esimd/memory.hpp:10881:18: warning: missing 'typename' prior to dependent type name 'SrcSimdViewT::value_type::element_type' is a C++20 extension [-Wc++20-extensions]
   10881 |     typename T = SrcSimdViewT::value_type::element_type, int N,
         |                  ^
         |                  typename
  /home/edgeai/downstream/include/sycl/ext/intel/esimd/memory.hpp:10978:18: warning: missing 'typename' prior to dependent type name 'SrcSimdViewT::value_type::element_type' is a C++20 extension [-Wc++20-extensions]
   10978 |     typename T = SrcSimdViewT::value_type::element_type,
         |                  ^
         |                  typename
  /home/edgeai/downstream/include/sycl/ext/intel/esimd/memory.hpp:11074:18: warning: missing 'typename' prior to dependent type name 'SrcSimdViewT::value_type::element_type' is a C++20 extension [-Wc++20-extensions]
   11074 |     typename T = SrcSimdViewT::value_type::element_type,
         |                  ^
         |                  typename
  /home/edgeai/downstream/include/sycl/ext/intel/esimd/memory.hpp:11383:18: warning: missing 'typename' prior to dependent type name 'SrcSimdViewT::value_type::element_type' is a C++20 extension [-Wc++20-extensions]
   11383 |     typename T = SrcSimdViewT::value_type::element_type, int N,
         |                  ^
         |                  typename
  /home/edgeai/downstream/include/sycl/ext/intel/esimd/memory.hpp:11571:18: warning: missing 'typename' prior to dependent type name 'SrcSimdViewT::value_type::element_type' is a C++20 extension [-Wc++20-extensions]
   11571 |     typename T = SrcSimdViewT::value_type::element_type, int N,
         |                  ^
         |                  typename
  /home/edgeai/downstream/include/sycl/ext/intel/esimd/memory.hpp:11745:18: warning: missing 'typename' prior to dependent type name 'SrcSimdViewT::value_type::element_type' is a C++20 extension [-Wc++20-extensions]
   11745 |     typename T = SrcSimdViewT::value_type::element_type, int N,
         |                  ^
         |                  typename
  /home/edgeai/downstream/include/sycl/ext/intel/esimd/memory.hpp:11913:18: warning: missing 'typename' prior to dependent type name 'SrcSimdViewT::value_type::element_type' is a C++20 extension [-Wc++20-extensions]
   11913 |     typename T = SrcSimdViewT::value_type::element_type,
         |                  ^
         |                  typename
  /home/edgeai/downstream/include/sycl/ext/intel/esimd/memory.hpp:12498:18: warning: missing 'typename' prior to dependent type name 'PassThruSimdViewT::value_type::element_type' is a C++20 extension [-Wc++20-extensions]
   12498 |     typename T = PassThruSimdViewT::value_type::element_type,
         |                  ^
         |                  typename
  /home/edgeai/downstream/include/sycl/ext/intel/esimd/memory.hpp:12528:18: warning: missing 'typename' prior to dependent type name 'PassThruSimdViewT::value_type::element_type' is a C++20 extension [-Wc++20-extensions]
   12528 |     typename T = PassThruSimdViewT::value_type::element_type,
         |                  ^
         |                  typename
  /home/edgeai/downstream/include/sycl/ext/intel/esimd/memory.hpp:12869:18: warning: missing 'typename' prior to dependent type name 'ValuesSimdViewT::value_type::element_type' is a C++20 extension [-Wc++20-extensions]
   12869 |     typename T = ValuesSimdViewT::value_type::element_type,
         |                  ^
         |                  typename
  /home/edgeai/downstream/include/sycl/ext/intel/esimd/memory.hpp:12910:18: warning: missing 'typename' prior to dependent type name 'ValuesSimdViewT::value_type::element_type' is a C++20 extension [-Wc++20-extensions]
   12910 |     typename T = ValuesSimdViewT::value_type::element_type,
         |                  ^
         |                  typename
  /home/edgeai/downstream/include/sycl/ext/intel/esimd/memory.hpp:12956:18: warning: missing 'typename' prior to dependent type name 'ValuesSimdViewT::value_type::element_type' is a C++20 extension [-Wc++20-extensions]
   12956 |     typename T = ValuesSimdViewT::value_type::element_type,
         |                  ^
         |                  typename
  /home/edgeai/downstream/include/sycl/ext/intel/esimd/memory.hpp:12994:18: warning: missing 'typename' prior to dependent type name 'ValuesSimdViewT::value_type::element_type' is a C++20 extension [-Wc++20-extensions]
   12994 |     typename T = ValuesSimdViewT::value_type::element_type,
         |                  ^
         |                  typename
  In file included from /home/edgeai/esimd_learning/csrc/xpu/esimd_kernel.sycl:9:
  In file included from /home/edgeai/esimd_learning/csrc/xpu/esimd_kernels/fp8_GEMV_v2.h:2:
  In file included from /home/edgeai/esimd_learning/csrc/xpu/esimd_kernels/utils.h:2:
  In file included from /home/edgeai/downstream/include/sycl/ext/intel/esimd.hpp:106:
  /home/edgeai/downstream/include/sycl/ext/intel/experimental/esimd/memory.hpp:622:12: warning: use of function template name with no prior declaration in function call with explicit template arguments is a C++20 extension [-Wc++20-extensions]
    622 |       acc, convert<uint64_t>(offsets), pred);
        |            ^
  /home/edgeai/downstream/include/sycl/ext/intel/experimental/esimd/memory.hpp:698:12: warning: use of function template name with no prior declaration in function call with explicit template arguments is a C++20 extension [-Wc++20-extensions]
    698 |       acc, convert<uint64_t>(offsets), pred, pass_thru);
        |            ^
  /home/edgeai/downstream/include/sycl/ext/intel/experimental/esimd/memory.hpp:1163:12: warning: use of function template name with no prior declaration in function call with explicit template arguments is a C++20 extension [-Wc++20-extensions]
   1163 |       acc, convert<uint64_t>(offsets), pred);
        |            ^
  /home/edgeai/downstream/include/sycl/ext/intel/experimental/esimd/memory.hpp:1364:12: warning: use of function template name with no prior declaration in function call with explicit template arguments is a C++20 extension [-Wc++20-extensions]
   1364 |       acc, convert<uint64_t>(offsets), vals, pred);
        |            ^
  /home/edgeai/downstream/include/sycl/ext/intel/experimental/esimd/memory.hpp:1945:22: warning: unused variable 'DstLength' [-Wunused-variable]
   1945 |   constexpr uint32_t DstLength =
        |                      ^~~~~~~~~
  /home/edgeai/downstream/include/sycl/ext/intel/experimental/esimd/memory.hpp:2567:13: warning: duplicate 'inline' declaration specifier [-Wduplicate-decl-specifier]
   2567 | __ESIMD_API __ESIMD_API
        |             ^
  /home/edgeai/downstream/include/sycl/ext/intel/esimd/detail/defines_elementary.hpp:29:35: note: expanded from macro '__ESIMD_API'
     29 | #define __ESIMD_API ESIMD_NODEBUG ESIMD_INLINE
        |                                   ^
  /home/edgeai/downstream/include/sycl/ext/intel/esimd/detail/defines_elementary.hpp:51:22: note: expanded from macro 'ESIMD_INLINE'
     51 | #define ESIMD_INLINE inline __attribute__((always_inline))
        |                      ^
  In file included from /home/edgeai/esimd_learning/csrc/xpu/esimd_kernel.sycl:1:
  In file included from /home/edgeai/downstream/lib/python3.12/site-packages/torch/include/ATen/ATen.h:8:
  In file included from /home/edgeai/downstream/lib/python3.12/site-packages/torch/include/ATen/Context.h:5:
  In file included from /home/edgeai/downstream/lib/python3.12/site-packages/torch/include/ATen/CPUGeneratorImpl.h:4:
  In file included from /home/edgeai/downstream/lib/python3.12/site-packages/torch/include/ATen/core/Generator.h:19:
  In file included from /home/edgeai/downstream/lib/python3.12/site-packages/torch/include/c10/core/GeneratorImpl.h:9:
  In file included from /home/edgeai/downstream/lib/python3.12/site-packages/torch/include/c10/core/TensorImpl.h:12:
  In file included from /home/edgeai/downstream/lib/python3.12/site-packages/torch/include/c10/core/ScalarType.h:4:
  In file included from /home/edgeai/downstream/lib/python3.12/site-packages/torch/include/c10/util/BFloat16.h:2:
  In file included from /home/edgeai/downstream/lib/python3.12/site-packages/torch/include/torch/headeronly/util/BFloat16.h:22:
  In file included from /home/edgeai/downstream/include/sycl/sycl.hpp:49:
  In file included from /home/edgeai/downstream/include/sycl/detail/core.hpp:21:
  /home/edgeai/downstream/include/sycl/accessor.hpp:1786:12: warning: 'atomic<unsigned int, sycl::access::address_space::global_space>' is deprecated: sycl::atomic is deprecated since SYCL 2020 [-Wdeprecated-declarations]
   1786 |     return atomic<DataT, AS>(multi_ptr<DataT, AS, access::decorated::yes>(
        |            ^
  /home/edgeai/downstream/include/sycl/stream.hpp:538:21: note: in instantiation of function template specialization 'sycl::accessor<unsigned int, 1, sycl::access::mode::atomic, sycl::access::target::device>::operator[]<1>' requested here
    538 |   Cur = GlobalOffset[0].load();
        |                     ^
  /home/edgeai/downstream/include/sycl/atomic.hpp:173:7: note: 'atomic<unsigned int, sycl::access::address_space::global_space>' has been explicitly marked deprecated here
    173 | class __SYCL2020_DEPRECATED(
        |       ^
  /home/edgeai/downstream/include/sycl/detail/defines_elementary.hpp:62:40: note: expanded from macro '__SYCL2020_DEPRECATED'
     62 | #define __SYCL2020_DEPRECATED(message) __SYCL_DEPRECATED(message)
        |                                        ^
  /home/edgeai/downstream/include/sycl/detail/defines_elementary.hpp:53:38: note: expanded from macro '__SYCL_DEPRECATED'
     53 | #define __SYCL_DEPRECATED(message) [[deprecated(message)]]
        |                                      ^
  In file included from /home/edgeai/esimd_learning/csrc/xpu/esimd_kernel.sycl:1:
  In file included from /home/edgeai/downstream/lib/python3.12/site-packages/torch/include/ATen/ATen.h:10:
  In file included from /home/edgeai/downstream/lib/python3.12/site-packages/torch/include/ATen/DeviceGuard.h:4:
  In file included from /home/edgeai/downstream/lib/python3.12/site-packages/torch/include/ATen/core/IListRef.h:634:
  In file included from /home/edgeai/downstream/lib/python3.12/site-packages/torch/include/ATen/core/IListRef_inl.h:4:
  In file included from /home/edgeai/downstream/lib/python3.12/site-packages/torch/include/ATen/core/List.h:492:
  In file included from /home/edgeai/downstream/lib/python3.12/site-packages/torch/include/ATen/core/List_inl.h:5:
  In file included from /home/edgeai/downstream/lib/python3.12/site-packages/torch/include/ATen/core/ivalue.h:5:
  In file included from /home/edgeai/downstream/lib/python3.12/site-packages/torch/include/ATen/core/TensorBody.h:17:
  In file included from /home/edgeai/downstream/lib/python3.12/site-packages/torch/include/c10/core/Scalar.h:19:
  In file included from /home/edgeai/downstream/lib/python3.12/site-packages/torch/include/c10/util/TypeCast.h:12:
  /home/edgeai/downstream/lib/python3.12/site-packages/torch/include/c10/util/overflows.h:66:30: warning: use of infinity is undefined behavior due to the currently enabled floating-point options [-Wnan-infinity-disabled]
     66 |   if (limit::has_infinity && std::isinf(static_cast<double>(f))) {
        |                              ^~~~~~~~~~~~~~~~~~~~~~~~~~~~~~~~~~
  /home/edgeai/downstream/lib/python3.12/site-packages/torch/include/c10/util/TypeCast.h:201:36: note: in instantiation of function template specialization 'c10::overflows<unsigned char, double>' requested here
    201 |   if (!std::is_same_v<To, bool> && overflows<To, From>(f)) {
        |                                    ^
  /home/edgeai/downstream/lib/python3.12/site-packages/torch/include/c10/core/Scalar.h:141:39: note: in instantiation of function template specialization 'c10::checked_convert<unsigned char, double>' requested here
    141 |   AT_FORALL_SCALAR_TYPES_WITH_COMPLEX(DEFINE_ACCESSOR)
        |                                       ^
  /home/edgeai/downstream/lib/python3.12/site-packages/torch/include/torch/headeronly/core/ScalarType.h:82:3: note: expanded from macro 'AT_FORALL_SCALAR_TYPES_WITH_COMPLEX'
     82 |   _(uint8_t, Byte)                             \
        |   ^
  /home/edgeai/downstream/lib/python3.12/site-packages/torch/include/c10/core/Scalar.h:117:14: note: expanded from macro 'DEFINE_ACCESSOR'
    117 |       return checked_convert<type, double>(v.d, #type);               \
        |              ^
  In file included from /home/edgeai/esimd_learning/csrc/xpu/esimd_kernel.sycl:1:
  In file included from /home/edgeai/downstream/lib/python3.12/site-packages/torch/include/ATen/ATen.h:10:
  In file included from /home/edgeai/downstream/lib/python3.12/site-packages/torch/include/ATen/DeviceGuard.h:4:
  In file included from /home/edgeai/downstream/lib/python3.12/site-packages/torch/include/ATen/core/IListRef.h:634:
  In file included from /home/edgeai/downstream/lib/python3.12/site-packages/torch/include/ATen/core/IListRef_inl.h:4:
  In file included from /home/edgeai/downstream/lib/python3.12/site-packages/torch/include/ATen/core/List.h:492:
  In file included from /home/edgeai/downstream/lib/python3.12/site-packages/torch/include/ATen/core/List_inl.h:5:
  In file included from /home/edgeai/downstream/lib/python3.12/site-packages/torch/include/ATen/core/ivalue.h:5:
  In file included from /home/edgeai/downstream/lib/python3.12/site-packages/torch/include/ATen/core/TensorBody.h:17:
  In file included from /home/edgeai/downstream/lib/python3.12/site-packages/torch/include/c10/core/Scalar.h:19:
  In file included from /home/edgeai/downstream/lib/python3.12/site-packages/torch/include/c10/util/TypeCast.h:12:
  /home/edgeai/downstream/lib/python3.12/site-packages/torch/include/c10/util/overflows.h:66:30: warning: use of infinity is undefined behavior due to the currently enabled floating-point options [-Wnan-infinity-disabled]
     66 |   if (limit::has_infinity && std::isinf(static_cast<double>(f))) {
        |                              ^~~~~~~~~~~~~~~~~~~~~~~~~~~~~~~~~~
  /home/edgeai/downstream/lib/python3.12/site-packages/torch/include/c10/util/TypeCast.h:201:36: note: in instantiation of function template specialization 'c10::overflows<signed char, double>' requested here
    201 |   if (!std::is_same_v<To, bool> && overflows<To, From>(f)) {
        |                                    ^
  /home/edgeai/downstream/lib/python3.12/site-packages/torch/include/c10/core/Scalar.h:141:39: note: in instantiation of function template specialization 'c10::checked_convert<signed char, double>' requested here
    141 |   AT_FORALL_SCALAR_TYPES_WITH_COMPLEX(DEFINE_ACCESSOR)
        |                                       ^
  /home/edgeai/downstream/lib/python3.12/site-packages/torch/include/torch/headeronly/core/ScalarType.h:83:3: note: expanded from macro 'AT_FORALL_SCALAR_TYPES_WITH_COMPLEX'
     83 |   _(int8_t, Char)                              \
        |   ^
  /home/edgeai/downstream/lib/python3.12/site-packages/torch/include/c10/core/Scalar.h:117:14: note: expanded from macro 'DEFINE_ACCESSOR'
    117 |       return checked_convert<type, double>(v.d, #type);               \
        |              ^
  In file included from /home/edgeai/esimd_learning/csrc/xpu/esimd_kernel.sycl:1:
  In file included from /home/edgeai/downstream/lib/python3.12/site-packages/torch/include/ATen/ATen.h:10:
  In file included from /home/edgeai/downstream/lib/python3.12/site-packages/torch/include/ATen/DeviceGuard.h:4:
  In file included from /home/edgeai/downstream/lib/python3.12/site-packages/torch/include/ATen/core/IListRef.h:634:
  In file included from /home/edgeai/downstream/lib/python3.12/site-packages/torch/include/ATen/core/IListRef_inl.h:4:
  In file included from /home/edgeai/downstream/lib/python3.12/site-packages/torch/include/ATen/core/List.h:492:
  In file included from /home/edgeai/downstream/lib/python3.12/site-packages/torch/include/ATen/core/List_inl.h:5:
  In file included from /home/edgeai/downstream/lib/python3.12/site-packages/torch/include/ATen/core/ivalue.h:5:
  In file included from /home/edgeai/downstream/lib/python3.12/site-packages/torch/include/ATen/core/TensorBody.h:17:
  In file included from /home/edgeai/downstream/lib/python3.12/site-packages/torch/include/c10/core/Scalar.h:19:
  In file included from /home/edgeai/downstream/lib/python3.12/site-packages/torch/include/c10/util/TypeCast.h:12:
  /home/edgeai/downstream/lib/python3.12/site-packages/torch/include/c10/util/overflows.h:66:30: warning: use of infinity is undefined behavior due to the currently enabled floating-point options [-Wnan-infinity-disabled]
     66 |   if (limit::has_infinity && std::isinf(static_cast<double>(f))) {
        |                              ^~~~~~~~~~~~~~~~~~~~~~~~~~~~~~~~~~
  /home/edgeai/downstream/lib/python3.12/site-packages/torch/include/c10/util/TypeCast.h:201:36: note: in instantiation of function template specialization 'c10::overflows<short, double>' requested here
    201 |   if (!std::is_same_v<To, bool> && overflows<To, From>(f)) {
        |                                    ^
  /home/edgeai/downstream/lib/python3.12/site-packages/torch/include/c10/core/Scalar.h:141:39: note: in instantiation of function template specialization 'c10::checked_convert<short, double>' requested here
    141 |   AT_FORALL_SCALAR_TYPES_WITH_COMPLEX(DEFINE_ACCESSOR)
        |                                       ^
  /home/edgeai/downstream/lib/python3.12/site-packages/torch/include/torch/headeronly/core/ScalarType.h:84:3: note: expanded from macro 'AT_FORALL_SCALAR_TYPES_WITH_COMPLEX'
     84 |   _(int16_t, Short)                            \
        |   ^
  /home/edgeai/downstream/lib/python3.12/site-packages/torch/include/c10/core/Scalar.h:117:14: note: expanded from macro 'DEFINE_ACCESSOR'
    117 |       return checked_convert<type, double>(v.d, #type);               \
        |              ^
  In file included from /home/edgeai/esimd_learning/csrc/xpu/esimd_kernel.sycl:1:
  In file included from /home/edgeai/downstream/lib/python3.12/site-packages/torch/include/ATen/ATen.h:10:
  In file included from /home/edgeai/downstream/lib/python3.12/site-packages/torch/include/ATen/DeviceGuard.h:4:
  In file included from /home/edgeai/downstream/lib/python3.12/site-packages/torch/include/ATen/core/IListRef.h:634:
  In file included from /home/edgeai/downstream/lib/python3.12/site-packages/torch/include/ATen/core/IListRef_inl.h:4:
  In file included from /home/edgeai/downstream/lib/python3.12/site-packages/torch/include/ATen/core/List.h:492:
  In file included from /home/edgeai/downstream/lib/python3.12/site-packages/torch/include/ATen/core/List_inl.h:5:
  In file included from /home/edgeai/downstream/lib/python3.12/site-packages/torch/include/ATen/core/ivalue.h:5:
  In file included from /home/edgeai/downstream/lib/python3.12/site-packages/torch/include/ATen/core/TensorBody.h:17:
  In file included from /home/edgeai/downstream/lib/python3.12/site-packages/torch/include/c10/core/Scalar.h:19:
  In file included from /home/edgeai/downstream/lib/python3.12/site-packages/torch/include/c10/util/TypeCast.h:12:
  /home/edgeai/downstream/lib/python3.12/site-packages/torch/include/c10/util/overflows.h:66:30: warning: use of infinity is undefined behavior due to the currently enabled floating-point options [-Wnan-infinity-disabled]
     66 |   if (limit::has_infinity && std::isinf(static_cast<double>(f))) {
        |                              ^~~~~~~~~~~~~~~~~~~~~~~~~~~~~~~~~~
  /home/edgeai/downstream/lib/python3.12/site-packages/torch/include/c10/util/TypeCast.h:201:36: note: in instantiation of function template specialization 'c10::overflows<int, double>' requested here
    201 |   if (!std::is_same_v<To, bool> && overflows<To, From>(f)) {
        |                                    ^
  /home/edgeai/downstream/lib/python3.12/site-packages/torch/include/c10/core/Scalar.h:141:39: note: in instantiation of function template specialization 'c10::checked_convert<int, double>' requested here
    141 |   AT_FORALL_SCALAR_TYPES_WITH_COMPLEX(DEFINE_ACCESSOR)
        |                                       ^
  /home/edgeai/downstream/lib/python3.12/site-packages/torch/include/torch/headeronly/core/ScalarType.h:85:3: note: expanded from macro 'AT_FORALL_SCALAR_TYPES_WITH_COMPLEX'
     85 |   _(int, Int)                                  \
        |   ^
  /home/edgeai/downstream/lib/python3.12/site-packages/torch/include/c10/core/Scalar.h:117:14: note: expanded from macro 'DEFINE_ACCESSOR'
    117 |       return checked_convert<type, double>(v.d, #type);               \
        |              ^
  In file included from /home/edgeai/esimd_learning/csrc/xpu/esimd_kernel.sycl:1:
  In file included from /home/edgeai/downstream/lib/python3.12/site-packages/torch/include/ATen/ATen.h:10:
  In file included from /home/edgeai/downstream/lib/python3.12/site-packages/torch/include/ATen/DeviceGuard.h:4:
  In file included from /home/edgeai/downstream/lib/python3.12/site-packages/torch/include/ATen/core/IListRef.h:634:
  In file included from /home/edgeai/downstream/lib/python3.12/site-packages/torch/include/ATen/core/IListRef_inl.h:4:
  In file included from /home/edgeai/downstream/lib/python3.12/site-packages/torch/include/ATen/core/List.h:492:
  In file included from /home/edgeai/downstream/lib/python3.12/site-packages/torch/include/ATen/core/List_inl.h:5:
  In file included from /home/edgeai/downstream/lib/python3.12/site-packages/torch/include/ATen/core/ivalue.h:5:
  In file included from /home/edgeai/downstream/lib/python3.12/site-packages/torch/include/ATen/core/TensorBody.h:17:
  In file included from /home/edgeai/downstream/lib/python3.12/site-packages/torch/include/c10/core/Scalar.h:19:
  In file included from /home/edgeai/downstream/lib/python3.12/site-packages/torch/include/c10/util/TypeCast.h:12:
  /home/edgeai/downstream/lib/python3.12/site-packages/torch/include/c10/util/overflows.h:66:30: warning: use of infinity is undefined behavior due to the currently enabled floating-point options [-Wnan-infinity-disabled]
     66 |   if (limit::has_infinity && std::isinf(static_cast<double>(f))) {
        |                              ^~~~~~~~~~~~~~~~~~~~~~~~~~~~~~~~~~
  /home/edgeai/downstream/lib/python3.12/site-packages/torch/include/c10/util/TypeCast.h:201:36: note: in instantiation of function template specialization 'c10::overflows<long, double>' requested here
    201 |   if (!std::is_same_v<To, bool> && overflows<To, From>(f)) {
        |                                    ^
  /home/edgeai/downstream/lib/python3.12/site-packages/torch/include/c10/core/Scalar.h:141:39: note: in instantiation of function template specialization 'c10::checked_convert<long, double>' requested here
    141 |   AT_FORALL_SCALAR_TYPES_WITH_COMPLEX(DEFINE_ACCESSOR)
        |                                       ^
  /home/edgeai/downstream/lib/python3.12/site-packages/torch/include/torch/headeronly/core/ScalarType.h:86:3: note: expanded from macro 'AT_FORALL_SCALAR_TYPES_WITH_COMPLEX'
     86 |   _(int64_t, Long)                             \
        |   ^
  /home/edgeai/downstream/lib/python3.12/site-packages/torch/include/c10/core/Scalar.h:117:14: note: expanded from macro 'DEFINE_ACCESSOR'
    117 |       return checked_convert<type, double>(v.d, #type);               \
        |              ^
  In file included from /home/edgeai/esimd_learning/csrc/xpu/esimd_kernel.sycl:1:
  In file included from /home/edgeai/downstream/lib/python3.12/site-packages/torch/include/ATen/ATen.h:10:
  In file included from /home/edgeai/downstream/lib/python3.12/site-packages/torch/include/ATen/DeviceGuard.h:4:
  In file included from /home/edgeai/downstream/lib/python3.12/site-packages/torch/include/ATen/core/IListRef.h:634:
  In file included from /home/edgeai/downstream/lib/python3.12/site-packages/torch/include/ATen/core/IListRef_inl.h:4:
  In file included from /home/edgeai/downstream/lib/python3.12/site-packages/torch/include/ATen/core/List.h:492:
  In file included from /home/edgeai/downstream/lib/python3.12/site-packages/torch/include/ATen/core/List_inl.h:5:
  In file included from /home/edgeai/downstream/lib/python3.12/site-packages/torch/include/ATen/core/ivalue.h:5:
  In file included from /home/edgeai/downstream/lib/python3.12/site-packages/torch/include/ATen/core/TensorBody.h:17:
  In file included from /home/edgeai/downstream/lib/python3.12/site-packages/torch/include/c10/core/Scalar.h:19:
  In file included from /home/edgeai/downstream/lib/python3.12/site-packages/torch/include/c10/util/TypeCast.h:12:
  /home/edgeai/downstream/lib/python3.12/site-packages/torch/include/c10/util/overflows.h:66:30: warning: use of infinity is undefined behavior due to the currently enabled floating-point options [-Wnan-infinity-disabled]
     66 |   if (limit::has_infinity && std::isinf(static_cast<double>(f))) {
        |                              ^~~~~~~~~~~~~~~~~~~~~~~~~~~~~~~~~~
  /home/edgeai/downstream/lib/python3.12/site-packages/torch/include/c10/util/TypeCast.h:201:36: note: in instantiation of function template specialization 'c10::overflows<c10::Half, double>' requested here
    201 |   if (!std::is_same_v<To, bool> && overflows<To, From>(f)) {
        |                                    ^
  /home/edgeai/downstream/lib/python3.12/site-packages/torch/include/c10/core/Scalar.h:141:39: note: in instantiation of function template specialization 'c10::checked_convert<c10::Half, double>' requested here
    141 |   AT_FORALL_SCALAR_TYPES_WITH_COMPLEX(DEFINE_ACCESSOR)
        |                                       ^
  /home/edgeai/downstream/lib/python3.12/site-packages/torch/include/torch/headeronly/core/ScalarType.h:87:3: note: expanded from macro 'AT_FORALL_SCALAR_TYPES_WITH_COMPLEX'
     87 |   _(c10::Half, Half)                           \
        |   ^
  /home/edgeai/downstream/lib/python3.12/site-packages/torch/include/c10/core/Scalar.h:117:14: note: expanded from macro 'DEFINE_ACCESSOR'
    117 |       return checked_convert<type, double>(v.d, #type);               \
        |              ^
  In file included from /home/edgeai/esimd_learning/csrc/xpu/esimd_kernel.sycl:1:
  In file included from /home/edgeai/downstream/lib/python3.12/site-packages/torch/include/ATen/ATen.h:10:
  In file included from /home/edgeai/downstream/lib/python3.12/site-packages/torch/include/ATen/DeviceGuard.h:4:
  In file included from /home/edgeai/downstream/lib/python3.12/site-packages/torch/include/ATen/core/IListRef.h:634:
  In file included from /home/edgeai/downstream/lib/python3.12/site-packages/torch/include/ATen/core/IListRef_inl.h:4:
  In file included from /home/edgeai/downstream/lib/python3.12/site-packages/torch/include/ATen/core/List.h:492:
  In file included from /home/edgeai/downstream/lib/python3.12/site-packages/torch/include/ATen/core/List_inl.h:5:
  In file included from /home/edgeai/downstream/lib/python3.12/site-packages/torch/include/ATen/core/ivalue.h:5:
  In file included from /home/edgeai/downstream/lib/python3.12/site-packages/torch/include/ATen/core/TensorBody.h:17:
  In file included from /home/edgeai/downstream/lib/python3.12/site-packages/torch/include/c10/core/Scalar.h:19:
  In file included from /home/edgeai/downstream/lib/python3.12/site-packages/torch/include/c10/util/TypeCast.h:12:
  /home/edgeai/downstream/lib/python3.12/site-packages/torch/include/c10/util/overflows.h:66:30: warning: use of infinity is undefined behavior due to the currently enabled floating-point options [-Wnan-infinity-disabled]
     66 |   if (limit::has_infinity && std::isinf(static_cast<double>(f))) {
        |                              ^~~~~~~~~~~~~~~~~~~~~~~~~~~~~~~~~~
  /home/edgeai/downstream/lib/python3.12/site-packages/torch/include/c10/util/TypeCast.h:201:36: note: in instantiation of function template specialization 'c10::overflows<float, double>' requested here
    201 |   if (!std::is_same_v<To, bool> && overflows<To, From>(f)) {
        |                                    ^
  /home/edgeai/downstream/lib/python3.12/site-packages/torch/include/c10/core/Scalar.h:141:39: note: in instantiation of function template specialization 'c10::checked_convert<float, double>' requested here
    141 |   AT_FORALL_SCALAR_TYPES_WITH_COMPLEX(DEFINE_ACCESSOR)
        |                                       ^
  /home/edgeai/downstream/lib/python3.12/site-packages/torch/include/torch/headeronly/core/ScalarType.h:88:3: note: expanded from macro 'AT_FORALL_SCALAR_TYPES_WITH_COMPLEX'
     88 |   _(float, Float)                              \
        |   ^
  /home/edgeai/downstream/lib/python3.12/site-packages/torch/include/c10/core/Scalar.h:117:14: note: expanded from macro 'DEFINE_ACCESSOR'
    117 |       return checked_convert<type, double>(v.d, #type);               \
        |              ^
  In file included from /home/edgeai/esimd_learning/csrc/xpu/esimd_kernel.sycl:1:
  In file included from /home/edgeai/downstream/lib/python3.12/site-packages/torch/include/ATen/ATen.h:10:
  In file included from /home/edgeai/downstream/lib/python3.12/site-packages/torch/include/ATen/DeviceGuard.h:4:
  In file included from /home/edgeai/downstream/lib/python3.12/site-packages/torch/include/ATen/core/IListRef.h:634:
  In file included from /home/edgeai/downstream/lib/python3.12/site-packages/torch/include/ATen/core/IListRef_inl.h:4:
  In file included from /home/edgeai/downstream/lib/python3.12/site-packages/torch/include/ATen/core/List.h:492:
  In file included from /home/edgeai/downstream/lib/python3.12/site-packages/torch/include/ATen/core/List_inl.h:5:
  In file included from /home/edgeai/downstream/lib/python3.12/site-packages/torch/include/ATen/core/ivalue.h:5:
  In file included from /home/edgeai/downstream/lib/python3.12/site-packages/torch/include/ATen/core/TensorBody.h:17:
  In file included from /home/edgeai/downstream/lib/python3.12/site-packages/torch/include/c10/core/Scalar.h:19:
  In file included from /home/edgeai/downstream/lib/python3.12/site-packages/torch/include/c10/util/TypeCast.h:12:
  /home/edgeai/downstream/lib/python3.12/site-packages/torch/include/c10/util/overflows.h:66:30: warning: use of infinity is undefined behavior due to the currently enabled floating-point options [-Wnan-infinity-disabled]
     66 |   if (limit::has_infinity && std::isinf(static_cast<double>(f))) {
        |                              ^~~~~~~~~~~~~~~~~~~~~~~~~~~~~~~~~~
  /home/edgeai/downstream/lib/python3.12/site-packages/torch/include/c10/util/TypeCast.h:201:36: note: in instantiation of function template specialization 'c10::overflows<double, double>' requested here
    201 |   if (!std::is_same_v<To, bool> && overflows<To, From>(f)) {
        |                                    ^
  /home/edgeai/downstream/lib/python3.12/site-packages/torch/include/c10/core/Scalar.h:141:39: note: in instantiation of function template specialization 'c10::checked_convert<double, double>' requested here
    141 |   AT_FORALL_SCALAR_TYPES_WITH_COMPLEX(DEFINE_ACCESSOR)
        |                                       ^
  /home/edgeai/downstream/lib/python3.12/site-packages/torch/include/torch/headeronly/core/ScalarType.h:89:3: note: expanded from macro 'AT_FORALL_SCALAR_TYPES_WITH_COMPLEX'
     89 |   _(double, Double)                            \
        |   ^
  /home/edgeai/downstream/lib/python3.12/site-packages/torch/include/c10/core/Scalar.h:117:14: note: expanded from macro 'DEFINE_ACCESSOR'
    117 |       return checked_convert<type, double>(v.d, #type);               \
        |              ^
  In file included from /home/edgeai/esimd_learning/csrc/xpu/esimd_kernel.sycl:1:
  In file included from /home/edgeai/downstream/lib/python3.12/site-packages/torch/include/ATen/ATen.h:10:
  In file included from /home/edgeai/downstream/lib/python3.12/site-packages/torch/include/ATen/DeviceGuard.h:4:
  In file included from /home/edgeai/downstream/lib/python3.12/site-packages/torch/include/ATen/core/IListRef.h:634:
  In file included from /home/edgeai/downstream/lib/python3.12/site-packages/torch/include/ATen/core/IListRef_inl.h:4:
  In file included from /home/edgeai/downstream/lib/python3.12/site-packages/torch/include/ATen/core/List.h:492:
  In file included from /home/edgeai/downstream/lib/python3.12/site-packages/torch/include/ATen/core/List_inl.h:5:
  In file included from /home/edgeai/downstream/lib/python3.12/site-packages/torch/include/ATen/core/ivalue.h:5:
  In file included from /home/edgeai/downstream/lib/python3.12/site-packages/torch/include/ATen/core/TensorBody.h:17:
  In file included from /home/edgeai/downstream/lib/python3.12/site-packages/torch/include/c10/core/Scalar.h:19:
  In file included from /home/edgeai/downstream/lib/python3.12/site-packages/torch/include/c10/util/TypeCast.h:12:
  /home/edgeai/downstream/lib/python3.12/site-packages/torch/include/c10/util/overflows.h:66:30: warning: use of infinity is undefined behavior due to the currently enabled floating-point options [-Wnan-infinity-disabled]
     66 |   if (limit::has_infinity && std::isinf(static_cast<double>(f))) {
        |                              ^~~~~~~~~~~~~~~~~~~~~~~~~~~~~~~~~~
  /home/edgeai/downstream/lib/python3.12/site-packages/torch/include/c10/util/TypeCast.h:201:36: note: in instantiation of function template specialization 'c10::overflows<c10::complex<Half>, double>' requested here
    201 |   if (!std::is_same_v<To, bool> && overflows<To, From>(f)) {
        |                                    ^
  /home/edgeai/downstream/lib/python3.12/site-packages/torch/include/c10/core/Scalar.h:141:39: note: in instantiation of function template specialization 'c10::checked_convert<c10::complex<Half>, double>' requested here
    141 |   AT_FORALL_SCALAR_TYPES_WITH_COMPLEX(DEFINE_ACCESSOR)
        |                                       ^
  /home/edgeai/downstream/lib/python3.12/site-packages/torch/include/torch/headeronly/core/ScalarType.h:90:3: note: expanded from macro 'AT_FORALL_SCALAR_TYPES_WITH_COMPLEX'
     90 |   _(c10::complex<c10::Half>, ComplexHalf)      \
        |   ^
  /home/edgeai/downstream/lib/python3.12/site-packages/torch/include/c10/core/Scalar.h:117:14: note: expanded from macro 'DEFINE_ACCESSOR'
    117 |       return checked_convert<type, double>(v.d, #type);               \
        |              ^
  In file included from /home/edgeai/esimd_learning/csrc/xpu/esimd_kernel.sycl:1:
  In file included from /home/edgeai/downstream/lib/python3.12/site-packages/torch/include/ATen/ATen.h:10:
  In file included from /home/edgeai/downstream/lib/python3.12/site-packages/torch/include/ATen/DeviceGuard.h:4:
  In file included from /home/edgeai/downstream/lib/python3.12/site-packages/torch/include/ATen/core/IListRef.h:634:
  In file included from /home/edgeai/downstream/lib/python3.12/site-packages/torch/include/ATen/core/IListRef_inl.h:4:
  In file included from /home/edgeai/downstream/lib/python3.12/site-packages/torch/include/ATen/core/List.h:492:
  In file included from /home/edgeai/downstream/lib/python3.12/site-packages/torch/include/ATen/core/List_inl.h:5:
  In file included from /home/edgeai/downstream/lib/python3.12/site-packages/torch/include/ATen/core/ivalue.h:5:
  In file included from /home/edgeai/downstream/lib/python3.12/site-packages/torch/include/ATen/core/TensorBody.h:17:
  In file included from /home/edgeai/downstream/lib/python3.12/site-packages/torch/include/c10/core/Scalar.h:19:
  In file included from /home/edgeai/downstream/lib/python3.12/site-packages/torch/include/c10/util/TypeCast.h:12:
  /home/edgeai/downstream/lib/python3.12/site-packages/torch/include/c10/util/overflows.h:66:30: warning: use of infinity is undefined behavior due to the currently enabled floating-point options [-Wnan-infinity-disabled]
     66 |   if (limit::has_infinity && std::isinf(static_cast<double>(f))) {
        |                              ^~~~~~~~~~~~~~~~~~~~~~~~~~~~~~~~~~
  /home/edgeai/downstream/lib/python3.12/site-packages/torch/include/c10/util/TypeCast.h:201:36: note: in instantiation of function template specialization 'c10::overflows<c10::complex<float>, double>' requested here
    201 |   if (!std::is_same_v<To, bool> && overflows<To, From>(f)) {
        |                                    ^
  /home/edgeai/downstream/lib/python3.12/site-packages/torch/include/c10/core/Scalar.h:141:39: note: in instantiation of function template specialization 'c10::checked_convert<c10::complex<float>, double>' requested here
    141 |   AT_FORALL_SCALAR_TYPES_WITH_COMPLEX(DEFINE_ACCESSOR)
        |                                       ^
  /home/edgeai/downstream/lib/python3.12/site-packages/torch/include/torch/headeronly/core/ScalarType.h:91:3: note: expanded from macro 'AT_FORALL_SCALAR_TYPES_WITH_COMPLEX'
     91 |   _(c10::complex<float>, ComplexFloat)         \
        |   ^
  /home/edgeai/downstream/lib/python3.12/site-packages/torch/include/c10/core/Scalar.h:117:14: note: expanded from macro 'DEFINE_ACCESSOR'
    117 |       return checked_convert<type, double>(v.d, #type);               \
        |              ^
  In file included from /home/edgeai/esimd_learning/csrc/xpu/esimd_kernel.sycl:1:
  In file included from /home/edgeai/downstream/lib/python3.12/site-packages/torch/include/ATen/ATen.h:10:
  In file included from /home/edgeai/downstream/lib/python3.12/site-packages/torch/include/ATen/DeviceGuard.h:4:
  In file included from /home/edgeai/downstream/lib/python3.12/site-packages/torch/include/ATen/core/IListRef.h:634:
  In file included from /home/edgeai/downstream/lib/python3.12/site-packages/torch/include/ATen/core/IListRef_inl.h:4:
  In file included from /home/edgeai/downstream/lib/python3.12/site-packages/torch/include/ATen/core/List.h:492:
  In file included from /home/edgeai/downstream/lib/python3.12/site-packages/torch/include/ATen/core/List_inl.h:5:
  In file included from /home/edgeai/downstream/lib/python3.12/site-packages/torch/include/ATen/core/ivalue.h:5:
  In file included from /home/edgeai/downstream/lib/python3.12/site-packages/torch/include/ATen/core/TensorBody.h:17:
  In file included from /home/edgeai/downstream/lib/python3.12/site-packages/torch/include/c10/core/Scalar.h:19:
  In file included from /home/edgeai/downstream/lib/python3.12/site-packages/torch/include/c10/util/TypeCast.h:12:
  /home/edgeai/downstream/lib/python3.12/site-packages/torch/include/c10/util/overflows.h:66:30: warning: use of infinity is undefined behavior due to the currently enabled floating-point options [-Wnan-infinity-disabled]
     66 |   if (limit::has_infinity && std::isinf(static_cast<double>(f))) {
        |                              ^~~~~~~~~~~~~~~~~~~~~~~~~~~~~~~~~~
  /home/edgeai/downstream/lib/python3.12/site-packages/torch/include/c10/util/TypeCast.h:201:36: note: in instantiation of function template specialization 'c10::overflows<c10::complex<double>, double>' requested here
    201 |   if (!std::is_same_v<To, bool> && overflows<To, From>(f)) {
        |                                    ^
  /home/edgeai/downstream/lib/python3.12/site-packages/torch/include/c10/core/Scalar.h:141:39: note: in instantiation of function template specialization 'c10::checked_convert<c10::complex<double>, double>' requested here
    141 |   AT_FORALL_SCALAR_TYPES_WITH_COMPLEX(DEFINE_ACCESSOR)
        |                                       ^
  /home/edgeai/downstream/lib/python3.12/site-packages/torch/include/torch/headeronly/core/ScalarType.h:92:3: note: expanded from macro 'AT_FORALL_SCALAR_TYPES_WITH_COMPLEX'
     92 |   _(c10::complex<double>, ComplexDouble)       \
        |   ^
  /home/edgeai/downstream/lib/python3.12/site-packages/torch/include/c10/core/Scalar.h:117:14: note: expanded from macro 'DEFINE_ACCESSOR'
    117 |       return checked_convert<type, double>(v.d, #type);               \
        |              ^
  In file included from /home/edgeai/esimd_learning/csrc/xpu/esimd_kernel.sycl:1:
  In file included from /home/edgeai/downstream/lib/python3.12/site-packages/torch/include/ATen/ATen.h:10:
  In file included from /home/edgeai/downstream/lib/python3.12/site-packages/torch/include/ATen/DeviceGuard.h:4:
  In file included from /home/edgeai/downstream/lib/python3.12/site-packages/torch/include/ATen/core/IListRef.h:634:
  In file included from /home/edgeai/downstream/lib/python3.12/site-packages/torch/include/ATen/core/IListRef_inl.h:4:
  In file included from /home/edgeai/downstream/lib/python3.12/site-packages/torch/include/ATen/core/List.h:492:
  In file included from /home/edgeai/downstream/lib/python3.12/site-packages/torch/include/ATen/core/List_inl.h:5:
  In file included from /home/edgeai/downstream/lib/python3.12/site-packages/torch/include/ATen/core/ivalue.h:5:
  In file included from /home/edgeai/downstream/lib/python3.12/site-packages/torch/include/ATen/core/TensorBody.h:17:
  In file included from /home/edgeai/downstream/lib/python3.12/site-packages/torch/include/c10/core/Scalar.h:19:
  In file included from /home/edgeai/downstream/lib/python3.12/site-packages/torch/include/c10/util/TypeCast.h:12:
  /home/edgeai/downstream/lib/python3.12/site-packages/torch/include/c10/util/overflows.h:66:30: warning: use of infinity is undefined behavior due to the currently enabled floating-point options [-Wnan-infinity-disabled]
     66 |   if (limit::has_infinity && std::isinf(static_cast<double>(f))) {
        |                              ^~~~~~~~~~~~~~~~~~~~~~~~~~~~~~~~~~
  /home/edgeai/downstream/lib/python3.12/site-packages/torch/include/c10/util/TypeCast.h:201:36: note: in instantiation of function template specialization 'c10::overflows<bool, double>' requested here
    201 |   if (!std::is_same_v<To, bool> && overflows<To, From>(f)) {
        |                                    ^
  /home/edgeai/downstream/lib/python3.12/site-packages/torch/include/c10/core/Scalar.h:141:39: note: in instantiation of function template specialization 'c10::checked_convert<bool, double>' requested here
    141 |   AT_FORALL_SCALAR_TYPES_WITH_COMPLEX(DEFINE_ACCESSOR)
        |                                       ^
  /home/edgeai/downstream/lib/python3.12/site-packages/torch/include/torch/headeronly/core/ScalarType.h:93:3: note: expanded from macro 'AT_FORALL_SCALAR_TYPES_WITH_COMPLEX'
     93 |   _(bool, Bool)                                \
        |   ^
  /home/edgeai/downstream/lib/python3.12/site-packages/torch/include/c10/core/Scalar.h:117:14: note: expanded from macro 'DEFINE_ACCESSOR'
    117 |       return checked_convert<type, double>(v.d, #type);               \
        |              ^
  In file included from /home/edgeai/esimd_learning/csrc/xpu/esimd_kernel.sycl:1:
  In file included from /home/edgeai/downstream/lib/python3.12/site-packages/torch/include/ATen/ATen.h:10:
  In file included from /home/edgeai/downstream/lib/python3.12/site-packages/torch/include/ATen/DeviceGuard.h:4:
  In file included from /home/edgeai/downstream/lib/python3.12/site-packages/torch/include/ATen/core/IListRef.h:634:
  In file included from /home/edgeai/downstream/lib/python3.12/site-packages/torch/include/ATen/core/IListRef_inl.h:4:
  In file included from /home/edgeai/downstream/lib/python3.12/site-packages/torch/include/ATen/core/List.h:492:
  In file included from /home/edgeai/downstream/lib/python3.12/site-packages/torch/include/ATen/core/List_inl.h:5:
  In file included from /home/edgeai/downstream/lib/python3.12/site-packages/torch/include/ATen/core/ivalue.h:5:
  In file included from /home/edgeai/downstream/lib/python3.12/site-packages/torch/include/ATen/core/TensorBody.h:17:
  In file included from /home/edgeai/downstream/lib/python3.12/site-packages/torch/include/c10/core/Scalar.h:19:
  In file included from /home/edgeai/downstream/lib/python3.12/site-packages/torch/include/c10/util/TypeCast.h:12:
  /home/edgeai/downstream/lib/python3.12/site-packages/torch/include/c10/util/overflows.h:66:30: warning: use of infinity is undefined behavior due to the currently enabled floating-point options [-Wnan-infinity-disabled]
     66 |   if (limit::has_infinity && std::isinf(static_cast<double>(f))) {
        |                              ^~~~~~~~~~~~~~~~~~~~~~~~~~~~~~~~~~
  /home/edgeai/downstream/lib/python3.12/site-packages/torch/include/c10/util/TypeCast.h:201:36: note: in instantiation of function template specialization 'c10::overflows<c10::BFloat16, double>' requested here
    201 |   if (!std::is_same_v<To, bool> && overflows<To, From>(f)) {
        |                                    ^
  /home/edgeai/downstream/lib/python3.12/site-packages/torch/include/c10/core/Scalar.h:141:39: note: in instantiation of function template specialization 'c10::checked_convert<c10::BFloat16, double>' requested here
    141 |   AT_FORALL_SCALAR_TYPES_WITH_COMPLEX(DEFINE_ACCESSOR)
        |                                       ^
  /home/edgeai/downstream/lib/python3.12/site-packages/torch/include/torch/headeronly/core/ScalarType.h:94:3: note: expanded from macro 'AT_FORALL_SCALAR_TYPES_WITH_COMPLEX'
     94 |   _(c10::BFloat16, BFloat16)                   \
        |   ^
  /home/edgeai/downstream/lib/python3.12/site-packages/torch/include/c10/core/Scalar.h:117:14: note: expanded from macro 'DEFINE_ACCESSOR'
    117 |       return checked_convert<type, double>(v.d, #type);               \
        |              ^
  In file included from /home/edgeai/esimd_learning/csrc/xpu/esimd_kernel.sycl:1:
  In file included from /home/edgeai/downstream/lib/python3.12/site-packages/torch/include/ATen/ATen.h:10:
  In file included from /home/edgeai/downstream/lib/python3.12/site-packages/torch/include/ATen/DeviceGuard.h:4:
  In file included from /home/edgeai/downstream/lib/python3.12/site-packages/torch/include/ATen/core/IListRef.h:634:
  In file included from /home/edgeai/downstream/lib/python3.12/site-packages/torch/include/ATen/core/IListRef_inl.h:4:
  In file included from /home/edgeai/downstream/lib/python3.12/site-packages/torch/include/ATen/core/List.h:492:
  In file included from /home/edgeai/downstream/lib/python3.12/site-packages/torch/include/ATen/core/List_inl.h:5:
  In file included from /home/edgeai/downstream/lib/python3.12/site-packages/torch/include/ATen/core/ivalue.h:5:
  In file included from /home/edgeai/downstream/lib/python3.12/site-packages/torch/include/ATen/core/TensorBody.h:17:
  In file included from /home/edgeai/downstream/lib/python3.12/site-packages/torch/include/c10/core/Scalar.h:19:
  In file included from /home/edgeai/downstream/lib/python3.12/site-packages/torch/include/c10/util/TypeCast.h:12:
  /home/edgeai/downstream/lib/python3.12/site-packages/torch/include/c10/util/overflows.h:66:30: warning: use of infinity is undefined behavior due to the currently enabled floating-point options [-Wnan-infinity-disabled]
     66 |   if (limit::has_infinity && std::isinf(static_cast<double>(f))) {
        |                              ^~~~~~~~~~~~~~~~~~~~~~~~~~~~~~~~~~
  /home/edgeai/downstream/lib/python3.12/site-packages/torch/include/c10/util/TypeCast.h:201:36: note: in instantiation of function template specialization 'c10::overflows<c10::Float8_e5m2, double>' requested here
    201 |   if (!std::is_same_v<To, bool> && overflows<To, From>(f)) {
        |                                    ^
  /home/edgeai/downstream/lib/python3.12/site-packages/torch/include/c10/core/Scalar.h:141:39: note: in instantiation of function template specialization 'c10::checked_convert<c10::Float8_e5m2, double>' requested here
    141 |   AT_FORALL_SCALAR_TYPES_WITH_COMPLEX(DEFINE_ACCESSOR)
        |                                       ^
  /home/edgeai/downstream/lib/python3.12/site-packages/torch/include/torch/headeronly/core/ScalarType.h:95:3: note: expanded from macro 'AT_FORALL_SCALAR_TYPES_WITH_COMPLEX'
     95 |   _(c10::Float8_e5m2, Float8_e5m2)             \
        |   ^
  /home/edgeai/downstream/lib/python3.12/site-packages/torch/include/c10/core/Scalar.h:117:14: note: expanded from macro 'DEFINE_ACCESSOR'
    117 |       return checked_convert<type, double>(v.d, #type);               \
        |              ^
  In file included from /home/edgeai/esimd_learning/csrc/xpu/esimd_kernel.sycl:1:
  In file included from /home/edgeai/downstream/lib/python3.12/site-packages/torch/include/ATen/ATen.h:10:
  In file included from /home/edgeai/downstream/lib/python3.12/site-packages/torch/include/ATen/DeviceGuard.h:4:
  In file included from /home/edgeai/downstream/lib/python3.12/site-packages/torch/include/ATen/core/IListRef.h:634:
  In file included from /home/edgeai/downstream/lib/python3.12/site-packages/torch/include/ATen/core/IListRef_inl.h:4:
  In file included from /home/edgeai/downstream/lib/python3.12/site-packages/torch/include/ATen/core/List.h:492:
  In file included from /home/edgeai/downstream/lib/python3.12/site-packages/torch/include/ATen/core/List_inl.h:5:
  In file included from /home/edgeai/downstream/lib/python3.12/site-packages/torch/include/ATen/core/ivalue.h:5:
  In file included from /home/edgeai/downstream/lib/python3.12/site-packages/torch/include/ATen/core/TensorBody.h:17:
  In file included from /home/edgeai/downstream/lib/python3.12/site-packages/torch/include/c10/core/Scalar.h:19:
  In file included from /home/edgeai/downstream/lib/python3.12/site-packages/torch/include/c10/util/TypeCast.h:12:
  /home/edgeai/downstream/lib/python3.12/site-packages/torch/include/c10/util/overflows.h:66:30: warning: use of infinity is undefined behavior due to the currently enabled floating-point options [-Wnan-infinity-disabled]
     66 |   if (limit::has_infinity && std::isinf(static_cast<double>(f))) {
        |                              ^~~~~~~~~~~~~~~~~~~~~~~~~~~~~~~~~~
  /home/edgeai/downstream/lib/python3.12/site-packages/torch/include/c10/util/TypeCast.h:201:36: note: in instantiation of function template specialization 'c10::overflows<c10::Float8_e4m3fn, double>' requested here
    201 |   if (!std::is_same_v<To, bool> && overflows<To, From>(f)) {
        |                                    ^
  /home/edgeai/downstream/lib/python3.12/site-packages/torch/include/c10/core/Scalar.h:141:39: note: in instantiation of function template specialization 'c10::checked_convert<c10::Float8_e4m3fn, double>' requested here
    141 |   AT_FORALL_SCALAR_TYPES_WITH_COMPLEX(DEFINE_ACCESSOR)
        |                                       ^
  /home/edgeai/downstream/lib/python3.12/site-packages/torch/include/torch/headeronly/core/ScalarType.h:96:3: note: expanded from macro 'AT_FORALL_SCALAR_TYPES_WITH_COMPLEX'
     96 |   _(c10::Float8_e4m3fn, Float8_e4m3fn)         \
        |   ^
  /home/edgeai/downstream/lib/python3.12/site-packages/torch/include/c10/core/Scalar.h:117:14: note: expanded from macro 'DEFINE_ACCESSOR'
    117 |       return checked_convert<type, double>(v.d, #type);               \
        |              ^
  In file included from /home/edgeai/esimd_learning/csrc/xpu/esimd_kernel.sycl:1:
  In file included from /home/edgeai/downstream/lib/python3.12/site-packages/torch/include/ATen/ATen.h:10:
  In file included from /home/edgeai/downstream/lib/python3.12/site-packages/torch/include/ATen/DeviceGuard.h:4:
  In file included from /home/edgeai/downstream/lib/python3.12/site-packages/torch/include/ATen/core/IListRef.h:634:
  In file included from /home/edgeai/downstream/lib/python3.12/site-packages/torch/include/ATen/core/IListRef_inl.h:4:
  In file included from /home/edgeai/downstream/lib/python3.12/site-packages/torch/include/ATen/core/List.h:492:
  In file included from /home/edgeai/downstream/lib/python3.12/site-packages/torch/include/ATen/core/List_inl.h:5:
  In file included from /home/edgeai/downstream/lib/python3.12/site-packages/torch/include/ATen/core/ivalue.h:5:
  In file included from /home/edgeai/downstream/lib/python3.12/site-packages/torch/include/ATen/core/TensorBody.h:17:
  In file included from /home/edgeai/downstream/lib/python3.12/site-packages/torch/include/c10/core/Scalar.h:19:
  In file included from /home/edgeai/downstream/lib/python3.12/site-packages/torch/include/c10/util/TypeCast.h:12:
  /home/edgeai/downstream/lib/python3.12/site-packages/torch/include/c10/util/overflows.h:66:30: warning: use of infinity is undefined behavior due to the currently enabled floating-point options [-Wnan-infinity-disabled]
     66 |   if (limit::has_infinity && std::isinf(static_cast<double>(f))) {
        |                              ^~~~~~~~~~~~~~~~~~~~~~~~~~~~~~~~~~
  /home/edgeai/downstream/lib/python3.12/site-packages/torch/include/c10/util/TypeCast.h:201:36: note: in instantiation of function template specialization 'c10::overflows<c10::Float8_e5m2fnuz, double>' requested here
    201 |   if (!std::is_same_v<To, bool> && overflows<To, From>(f)) {
        |                                    ^
  /home/edgeai/downstream/lib/python3.12/site-packages/torch/include/c10/core/Scalar.h:141:39: note: in instantiation of function template specialization 'c10::checked_convert<c10::Float8_e5m2fnuz, double>' requested here
    141 |   AT_FORALL_SCALAR_TYPES_WITH_COMPLEX(DEFINE_ACCESSOR)
        |                                       ^
  /home/edgeai/downstream/lib/python3.12/site-packages/torch/include/torch/headeronly/core/ScalarType.h:97:3: note: expanded from macro 'AT_FORALL_SCALAR_TYPES_WITH_COMPLEX'
     97 |   _(c10::Float8_e5m2fnuz, Float8_e5m2fnuz)     \
        |   ^
  /home/edgeai/downstream/lib/python3.12/site-packages/torch/include/c10/core/Scalar.h:117:14: note: expanded from macro 'DEFINE_ACCESSOR'
    117 |       return checked_convert<type, double>(v.d, #type);               \
        |              ^
  In file included from /home/edgeai/esimd_learning/csrc/xpu/esimd_kernel.sycl:1:
  In file included from /home/edgeai/downstream/lib/python3.12/site-packages/torch/include/ATen/ATen.h:10:
  In file included from /home/edgeai/downstream/lib/python3.12/site-packages/torch/include/ATen/DeviceGuard.h:4:
  In file included from /home/edgeai/downstream/lib/python3.12/site-packages/torch/include/ATen/core/IListRef.h:634:
  In file included from /home/edgeai/downstream/lib/python3.12/site-packages/torch/include/ATen/core/IListRef_inl.h:4:
  In file included from /home/edgeai/downstream/lib/python3.12/site-packages/torch/include/ATen/core/List.h:492:
  In file included from /home/edgeai/downstream/lib/python3.12/site-packages/torch/include/ATen/core/List_inl.h:5:
  In file included from /home/edgeai/downstream/lib/python3.12/site-packages/torch/include/ATen/core/ivalue.h:5:
  In file included from /home/edgeai/downstream/lib/python3.12/site-packages/torch/include/ATen/core/TensorBody.h:17:
  In file included from /home/edgeai/downstream/lib/python3.12/site-packages/torch/include/c10/core/Scalar.h:19:
  In file included from /home/edgeai/downstream/lib/python3.12/site-packages/torch/include/c10/util/TypeCast.h:12:
  /home/edgeai/downstream/lib/python3.12/site-packages/torch/include/c10/util/overflows.h:66:30: warning: use of infinity is undefined behavior due to the currently enabled floating-point options [-Wnan-infinity-disabled]
     66 |   if (limit::has_infinity && std::isinf(static_cast<double>(f))) {
        |                              ^~~~~~~~~~~~~~~~~~~~~~~~~~~~~~~~~~
  /home/edgeai/downstream/lib/python3.12/site-packages/torch/include/c10/util/TypeCast.h:201:36: note: in instantiation of function template specialization 'c10::overflows<c10::Float8_e4m3fnuz, double>' requested here
    201 |   if (!std::is_same_v<To, bool> && overflows<To, From>(f)) {
        |                                    ^
  /home/edgeai/downstream/lib/python3.12/site-packages/torch/include/c10/core/Scalar.h:141:39: note: in instantiation of function template specialization 'c10::checked_convert<c10::Float8_e4m3fnuz, double>' requested here
    141 |   AT_FORALL_SCALAR_TYPES_WITH_COMPLEX(DEFINE_ACCESSOR)
        |                                       ^
  /home/edgeai/downstream/lib/python3.12/site-packages/torch/include/torch/headeronly/core/ScalarType.h:98:3: note: expanded from macro 'AT_FORALL_SCALAR_TYPES_WITH_COMPLEX'
     98 |   _(c10::Float8_e4m3fnuz, Float8_e4m3fnuz)     \
        |   ^
  /home/edgeai/downstream/lib/python3.12/site-packages/torch/include/c10/core/Scalar.h:117:14: note: expanded from macro 'DEFINE_ACCESSOR'
    117 |       return checked_convert<type, double>(v.d, #type);               \
        |              ^
  In file included from /home/edgeai/esimd_learning/csrc/xpu/esimd_kernel.sycl:1:
  In file included from /home/edgeai/downstream/lib/python3.12/site-packages/torch/include/ATen/ATen.h:10:
  In file included from /home/edgeai/downstream/lib/python3.12/site-packages/torch/include/ATen/DeviceGuard.h:4:
  In file included from /home/edgeai/downstream/lib/python3.12/site-packages/torch/include/ATen/core/IListRef.h:634:
  In file included from /home/edgeai/downstream/lib/python3.12/site-packages/torch/include/ATen/core/IListRef_inl.h:4:
  In file included from /home/edgeai/downstream/lib/python3.12/site-packages/torch/include/ATen/core/List.h:492:
  In file included from /home/edgeai/downstream/lib/python3.12/site-packages/torch/include/ATen/core/List_inl.h:5:
  In file included from /home/edgeai/downstream/lib/python3.12/site-packages/torch/include/ATen/core/ivalue.h:5:
  In file included from /home/edgeai/downstream/lib/python3.12/site-packages/torch/include/ATen/core/TensorBody.h:17:
  In file included from /home/edgeai/downstream/lib/python3.12/site-packages/torch/include/c10/core/Scalar.h:19:
  In file included from /home/edgeai/downstream/lib/python3.12/site-packages/torch/include/c10/util/TypeCast.h:12:
  /home/edgeai/downstream/lib/python3.12/site-packages/torch/include/c10/util/overflows.h:66:30: warning: use of infinity is undefined behavior due to the currently enabled floating-point options [-Wnan-infinity-disabled]
     66 |   if (limit::has_infinity && std::isinf(static_cast<double>(f))) {
        |                              ^~~~~~~~~~~~~~~~~~~~~~~~~~~~~~~~~~
  /home/edgeai/downstream/lib/python3.12/site-packages/torch/include/c10/util/TypeCast.h:201:36: note: in instantiation of function template specialization 'c10::overflows<c10::Float8_e8m0fnu, double>' requested here
    201 |   if (!std::is_same_v<To, bool> && overflows<To, From>(f)) {
        |                                    ^
  /home/edgeai/downstream/lib/python3.12/site-packages/torch/include/c10/core/Scalar.h:141:39: note: in instantiation of function template specialization 'c10::checked_convert<c10::Float8_e8m0fnu, double>' requested here
    141 |   AT_FORALL_SCALAR_TYPES_WITH_COMPLEX(DEFINE_ACCESSOR)
        |                                       ^
  /home/edgeai/downstream/lib/python3.12/site-packages/torch/include/torch/headeronly/core/ScalarType.h:99:3: note: expanded from macro 'AT_FORALL_SCALAR_TYPES_WITH_COMPLEX'
     99 |   _(c10::Float8_e8m0fnu, Float8_e8m0fnu)
        |   ^
  /home/edgeai/downstream/lib/python3.12/site-packages/torch/include/c10/core/Scalar.h:117:14: note: expanded from macro 'DEFINE_ACCESSOR'
    117 |       return checked_convert<type, double>(v.d, #type);               \
        |              ^
  In file included from /home/edgeai/esimd_learning/csrc/xpu/esimd_kernel.sycl:1:
  In file included from /home/edgeai/downstream/lib/python3.12/site-packages/torch/include/ATen/ATen.h:10:
  In file included from /home/edgeai/downstream/lib/python3.12/site-packages/torch/include/ATen/DeviceGuard.h:4:
  In file included from /home/edgeai/downstream/lib/python3.12/site-packages/torch/include/ATen/core/IListRef.h:634:
  In file included from /home/edgeai/downstream/lib/python3.12/site-packages/torch/include/ATen/core/IListRef_inl.h:4:
  In file included from /home/edgeai/downstream/lib/python3.12/site-packages/torch/include/ATen/core/List.h:492:
  In file included from /home/edgeai/downstream/lib/python3.12/site-packages/torch/include/ATen/core/List_inl.h:5:
  In file included from /home/edgeai/downstream/lib/python3.12/site-packages/torch/include/ATen/core/ivalue.h:5:
  In file included from /home/edgeai/downstream/lib/python3.12/site-packages/torch/include/ATen/core/TensorBody.h:17:
  In file included from /home/edgeai/downstream/lib/python3.12/site-packages/torch/include/c10/core/Scalar.h:19:
  In file included from /home/edgeai/downstream/lib/python3.12/site-packages/torch/include/c10/util/TypeCast.h:12:
  /home/edgeai/downstream/lib/python3.12/site-packages/torch/include/c10/util/overflows.h:66:30: warning: use of infinity is undefined behavior due to the currently enabled floating-point options [-Wnan-infinity-disabled]
     66 |   if (limit::has_infinity && std::isinf(static_cast<double>(f))) {
        |                              ^~~~~~~~~~~~~~~~~~~~~~~~~~~~~~~~~~
  /home/edgeai/downstream/lib/python3.12/site-packages/torch/include/c10/util/TypeCast.h:201:36: note: in instantiation of function template specialization 'c10::overflows<unsigned short, double>' requested here
    201 |   if (!std::is_same_v<To, bool> && overflows<To, From>(f)) {
        |                                    ^
  /home/edgeai/downstream/lib/python3.12/site-packages/torch/include/c10/core/Scalar.h:142:3: note: in instantiation of function template specialization 'c10::checked_convert<unsigned short, double>' requested here
    142 |   DEFINE_ACCESSOR(uint16_t, UInt16)
        |   ^
  /home/edgeai/downstream/lib/python3.12/site-packages/torch/include/c10/core/Scalar.h:117:14: note: expanded from macro 'DEFINE_ACCESSOR'
    117 |       return checked_convert<type, double>(v.d, #type);               \
        |              ^
  In file included from /home/edgeai/esimd_learning/csrc/xpu/esimd_kernel.sycl:1:
  In file included from /home/edgeai/downstream/lib/python3.12/site-packages/torch/include/ATen/ATen.h:10:
  In file included from /home/edgeai/downstream/lib/python3.12/site-packages/torch/include/ATen/DeviceGuard.h:4:
  In file included from /home/edgeai/downstream/lib/python3.12/site-packages/torch/include/ATen/core/IListRef.h:634:
  In file included from /home/edgeai/downstream/lib/python3.12/site-packages/torch/include/ATen/core/IListRef_inl.h:4:
  In file included from /home/edgeai/downstream/lib/python3.12/site-packages/torch/include/ATen/core/List.h:492:
  In file included from /home/edgeai/downstream/lib/python3.12/site-packages/torch/include/ATen/core/List_inl.h:5:
  In file included from /home/edgeai/downstream/lib/python3.12/site-packages/torch/include/ATen/core/ivalue.h:5:
  In file included from /home/edgeai/downstream/lib/python3.12/site-packages/torch/include/ATen/core/TensorBody.h:17:
  In file included from /home/edgeai/downstream/lib/python3.12/site-packages/torch/include/c10/core/Scalar.h:19:
  In file included from /home/edgeai/downstream/lib/python3.12/site-packages/torch/include/c10/util/TypeCast.h:12:
  /home/edgeai/downstream/lib/python3.12/site-packages/torch/include/c10/util/overflows.h:66:30: warning: use of infinity is undefined behavior due to the currently enabled floating-point options [-Wnan-infinity-disabled]
     66 |   if (limit::has_infinity && std::isinf(static_cast<double>(f))) {
        |                              ^~~~~~~~~~~~~~~~~~~~~~~~~~~~~~~~~~
  /home/edgeai/downstream/lib/python3.12/site-packages/torch/include/c10/util/TypeCast.h:201:36: note: in instantiation of function template specialization 'c10::overflows<unsigned int, double>' requested here
    201 |   if (!std::is_same_v<To, bool> && overflows<To, From>(f)) {
        |                                    ^
  /home/edgeai/downstream/lib/python3.12/site-packages/torch/include/c10/core/Scalar.h:143:3: note: in instantiation of function template specialization 'c10::checked_convert<unsigned int, double>' requested here
    143 |   DEFINE_ACCESSOR(uint32_t, UInt32)
        |   ^
  /home/edgeai/downstream/lib/python3.12/site-packages/torch/include/c10/core/Scalar.h:117:14: note: expanded from macro 'DEFINE_ACCESSOR'
    117 |       return checked_convert<type, double>(v.d, #type);               \
        |              ^
  In file included from /home/edgeai/esimd_learning/csrc/xpu/esimd_kernel.sycl:1:
  In file included from /home/edgeai/downstream/lib/python3.12/site-packages/torch/include/ATen/ATen.h:10:
  In file included from /home/edgeai/downstream/lib/python3.12/site-packages/torch/include/ATen/DeviceGuard.h:4:
  In file included from /home/edgeai/downstream/lib/python3.12/site-packages/torch/include/ATen/core/IListRef.h:634:
  In file included from /home/edgeai/downstream/lib/python3.12/site-packages/torch/include/ATen/core/IListRef_inl.h:4:
  In file included from /home/edgeai/downstream/lib/python3.12/site-packages/torch/include/ATen/core/List.h:492:
  In file included from /home/edgeai/downstream/lib/python3.12/site-packages/torch/include/ATen/core/List_inl.h:5:
  In file included from /home/edgeai/downstream/lib/python3.12/site-packages/torch/include/ATen/core/ivalue.h:5:
  In file included from /home/edgeai/downstream/lib/python3.12/site-packages/torch/include/ATen/core/TensorBody.h:17:
  In file included from /home/edgeai/downstream/lib/python3.12/site-packages/torch/include/c10/core/Scalar.h:19:
  In file included from /home/edgeai/downstream/lib/python3.12/site-packages/torch/include/c10/util/TypeCast.h:12:
  /home/edgeai/downstream/lib/python3.12/site-packages/torch/include/c10/util/overflows.h:66:30: warning: use of infinity is undefined behavior due to the currently enabled floating-point options [-Wnan-infinity-disabled]
     66 |   if (limit::has_infinity && std::isinf(static_cast<double>(f))) {
        |                              ^~~~~~~~~~~~~~~~~~~~~~~~~~~~~~~~~~
  /home/edgeai/downstream/lib/python3.12/site-packages/torch/include/c10/util/TypeCast.h:201:36: note: in instantiation of function template specialization 'c10::overflows<unsigned long, double>' requested here
    201 |   if (!std::is_same_v<To, bool> && overflows<To, From>(f)) {
        |                                    ^
  /home/edgeai/downstream/lib/python3.12/site-packages/torch/include/c10/core/Scalar.h:144:3: note: in instantiation of function template specialization 'c10::checked_convert<unsigned long, double>' requested here
    144 |   DEFINE_ACCESSOR(uint64_t, UInt64)
        |   ^
  /home/edgeai/downstream/lib/python3.12/site-packages/torch/include/c10/core/Scalar.h:117:14: note: expanded from macro 'DEFINE_ACCESSOR'
    117 |       return checked_convert<type, double>(v.d, #type);               \
        |              ^
  In file included from /home/edgeai/esimd_learning/csrc/xpu/esimd_kernel.sycl:1:
  In file included from /home/edgeai/downstream/lib/python3.12/site-packages/torch/include/ATen/ATen.h:8:
  In file included from /home/edgeai/downstream/lib/python3.12/site-packages/torch/include/ATen/Context.h:5:
  In file included from /home/edgeai/downstream/lib/python3.12/site-packages/torch/include/ATen/CPUGeneratorImpl.h:4:
  In file included from /home/edgeai/downstream/lib/python3.12/site-packages/torch/include/ATen/core/Generator.h:19:
  In file included from /home/edgeai/downstream/lib/python3.12/site-packages/torch/include/c10/core/GeneratorImpl.h:9:
  In file included from /home/edgeai/downstream/lib/python3.12/site-packages/torch/include/c10/core/TensorImpl.h:12:
  In file included from /home/edgeai/downstream/lib/python3.12/site-packages/torch/include/c10/core/ScalarType.h:4:
  In file included from /home/edgeai/downstream/lib/python3.12/site-packages/torch/include/c10/util/BFloat16.h:2:
  In file included from /home/edgeai/downstream/lib/python3.12/site-packages/torch/include/torch/headeronly/util/BFloat16.h:22:
  In file included from /home/edgeai/downstream/include/sycl/sycl.hpp:49:
  In file included from /home/edgeai/downstream/include/sycl/detail/core.hpp:23:
  In file included from /home/edgeai/downstream/include/sycl/queue.hpp:36:
  /home/edgeai/downstream/include/sycl/handler.hpp:2259:5: warning: 'parallel_for' is deprecated: To specify properties, use a launch configuration object of type launch_config or a kernel functor with a get(sycl::ext::oneapi::experimental::properties_tag) member function instead. [-Wdeprecated-declarations]
   2259 |     parallel_for<KernelName>(Range,
        |     ^
  /home/edgeai/esimd_learning/csrc/xpu/esimd_kernels/fp8_GEMV_v2.h:151:33: note: in instantiation of function template specialization 'sycl::handler::parallel_for<sycl::detail::auto_name, 1, GEMV_fp8_pern_kernel<512, 1>>' requested here
    151 |     if (vl == 512 && ks == 1) { LAUNCH(512, 1) }
        |                                 ^
  /home/edgeai/esimd_learning/csrc/xpu/esimd_kernels/fp8_GEMV_v2.h:146:15: note: expanded from macro 'LAUNCH'
    146 |             h.parallel_for(sycl::nd_range<1>(global, local), \
        |               ^
  /home/edgeai/downstream/include/sycl/handler.hpp:2131:28: note: 'parallel_for' has been explicitly marked deprecated here
   2131 |       PropertiesT>::value> parallel_for(nd_range<Dims> Range,
        |                            ^
  /home/edgeai/downstream/include/sycl/handler.hpp:2259:5: warning: 'parallel_for<sycl::detail::auto_name, GEMV_fp8_pern_kernel<512, 1>, sycl::ext::oneapi::experimental::properties<detail::properties_type_list<>>, 1>' is deprecated: To specify properties, use a launch configuration object of type launch_config or a kernel functor with a get(sycl::ext::oneapi::experimental::properties_tag) member function instead. [-Wdeprecated-declarations]
   2259 |     parallel_for<KernelName>(Range,
        |     ^
  /home/edgeai/downstream/include/sycl/handler.hpp:2126:3: note: 'parallel_for<sycl::detail::auto_name, GEMV_fp8_pern_kernel<512, 1>, sycl::ext::oneapi::experimental::properties<detail::properties_type_list<>>, 1>' has been explicitly marked deprecated here
   2126 |   __SYCL_DEPRECATED("To specify properties, use a launch configuration object "
        |   ^
  /home/edgeai/downstream/include/sycl/detail/defines_elementary.hpp:53:38: note: expanded from macro '__SYCL_DEPRECATED'
     53 | #define __SYCL_DEPRECATED(message) [[deprecated(message)]]
        |                                      ^
  In file included from /home/edgeai/esimd_learning/csrc/xpu/esimd_kernel.sycl:1:
  In file included from /home/edgeai/downstream/lib/python3.12/site-packages/torch/include/ATen/ATen.h:8:
  In file included from /home/edgeai/downstream/lib/python3.12/site-packages/torch/include/ATen/Context.h:5:
  In file included from /home/edgeai/downstream/lib/python3.12/site-packages/torch/include/ATen/CPUGeneratorImpl.h:4:
  In file included from /home/edgeai/downstream/lib/python3.12/site-packages/torch/include/ATen/core/Generator.h:19:
  In file included from /home/edgeai/downstream/lib/python3.12/site-packages/torch/include/c10/core/GeneratorImpl.h:9:
  In file included from /home/edgeai/downstream/lib/python3.12/site-packages/torch/include/c10/core/TensorImpl.h:12:
  In file included from /home/edgeai/downstream/lib/python3.12/site-packages/torch/include/c10/core/ScalarType.h:4:
  In file included from /home/edgeai/downstream/lib/python3.12/site-packages/torch/include/c10/util/BFloat16.h:2:
  In file included from /home/edgeai/downstream/lib/python3.12/site-packages/torch/include/torch/headeronly/util/BFloat16.h:22:
  In file included from /home/edgeai/downstream/include/sycl/sycl.hpp:49:
  In file included from /home/edgeai/downstream/include/sycl/detail/core.hpp:23:
  In file included from /home/edgeai/downstream/include/sycl/queue.hpp:36:
  /home/edgeai/downstream/include/sycl/handler.hpp:2259:5: warning: 'parallel_for' is deprecated: To specify properties, use a launch configuration object of type launch_config or a kernel functor with a get(sycl::ext::oneapi::experimental::properties_tag) member function instead. [-Wdeprecated-declarations]
   2259 |     parallel_for<KernelName>(Range,
        |     ^
  /home/edgeai/esimd_learning/csrc/xpu/esimd_kernels/fp8_GEMV_v2.h:152:38: note: in instantiation of function template specialization 'sycl::handler::parallel_for<sycl::detail::auto_name, 1, GEMV_fp8_pern_kernel<512, 2>>' requested here
    152 |     else if (vl == 512 && ks == 2) { LAUNCH(512, 2) }
        |                                      ^
  /home/edgeai/esimd_learning/csrc/xpu/esimd_kernels/fp8_GEMV_v2.h:146:15: note: expanded from macro 'LAUNCH'
    146 |             h.parallel_for(sycl::nd_range<1>(global, local), \
        |               ^
  /home/edgeai/downstream/include/sycl/handler.hpp:2131:28: note: 'parallel_for' has been explicitly marked deprecated here
   2131 |       PropertiesT>::value> parallel_for(nd_range<Dims> Range,
        |                            ^
  /home/edgeai/downstream/include/sycl/handler.hpp:2259:5: warning: 'parallel_for<sycl::detail::auto_name, GEMV_fp8_pern_kernel<512, 2>, sycl::ext::oneapi::experimental::properties<detail::properties_type_list<>>, 1>' is deprecated: To specify properties, use a launch configuration object of type launch_config or a kernel functor with a get(sycl::ext::oneapi::experimental::properties_tag) member function instead. [-Wdeprecated-declarations]
   2259 |     parallel_for<KernelName>(Range,
        |     ^
  /home/edgeai/downstream/include/sycl/handler.hpp:2126:3: note: 'parallel_for<sycl::detail::auto_name, GEMV_fp8_pern_kernel<512, 2>, sycl::ext::oneapi::experimental::properties<detail::properties_type_list<>>, 1>' has been explicitly marked deprecated here
   2126 |   __SYCL_DEPRECATED("To specify properties, use a launch configuration object "
        |   ^
  /home/edgeai/downstream/include/sycl/detail/defines_elementary.hpp:53:38: note: expanded from macro '__SYCL_DEPRECATED'
     53 | #define __SYCL_DEPRECATED(message) [[deprecated(message)]]
        |                                      ^
  In file included from /home/edgeai/esimd_learning/csrc/xpu/esimd_kernel.sycl:1:
  In file included from /home/edgeai/downstream/lib/python3.12/site-packages/torch/include/ATen/ATen.h:8:
  In file included from /home/edgeai/downstream/lib/python3.12/site-packages/torch/include/ATen/Context.h:5:
  In file included from /home/edgeai/downstream/lib/python3.12/site-packages/torch/include/ATen/CPUGeneratorImpl.h:4:
  In file included from /home/edgeai/downstream/lib/python3.12/site-packages/torch/include/ATen/core/Generator.h:19:
  In file included from /home/edgeai/downstream/lib/python3.12/site-packages/torch/include/c10/core/GeneratorImpl.h:9:
  In file included from /home/edgeai/downstream/lib/python3.12/site-packages/torch/include/c10/core/TensorImpl.h:12:
  In file included from /home/edgeai/downstream/lib/python3.12/site-packages/torch/include/c10/core/ScalarType.h:4:
  In file included from /home/edgeai/downstream/lib/python3.12/site-packages/torch/include/c10/util/BFloat16.h:2:
  In file included from /home/edgeai/downstream/lib/python3.12/site-packages/torch/include/torch/headeronly/util/BFloat16.h:22:
  In file included from /home/edgeai/downstream/include/sycl/sycl.hpp:49:
  In file included from /home/edgeai/downstream/include/sycl/detail/core.hpp:23:
  In file included from /home/edgeai/downstream/include/sycl/queue.hpp:36:
  /home/edgeai/downstream/include/sycl/handler.hpp:2259:5: warning: 'parallel_for' is deprecated: To specify properties, use a launch configuration object of type launch_config or a kernel functor with a get(sycl::ext::oneapi::experimental::properties_tag) member function instead. [-Wdeprecated-declarations]
   2259 |     parallel_for<KernelName>(Range,
        |     ^
  /home/edgeai/esimd_learning/csrc/xpu/esimd_kernels/fp8_GEMV_v2.h:153:38: note: in instantiation of function template specialization 'sycl::handler::parallel_for<sycl::detail::auto_name, 1, GEMV_fp8_pern_kernel<256, 1>>' requested here
    153 |     else if (vl == 256 && ks == 1) { LAUNCH(256, 1) }
        |                                      ^
  /home/edgeai/esimd_learning/csrc/xpu/esimd_kernels/fp8_GEMV_v2.h:146:15: note: expanded from macro 'LAUNCH'
    146 |             h.parallel_for(sycl::nd_range<1>(global, local), \
        |               ^
  /home/edgeai/downstream/include/sycl/handler.hpp:2131:28: note: 'parallel_for' has been explicitly marked deprecated here
   2131 |       PropertiesT>::value> parallel_for(nd_range<Dims> Range,
        |                            ^
  /home/edgeai/downstream/include/sycl/handler.hpp:2259:5: warning: 'parallel_for<sycl::detail::auto_name, GEMV_fp8_pern_kernel<256, 1>, sycl::ext::oneapi::experimental::properties<detail::properties_type_list<>>, 1>' is deprecated: To specify properties, use a launch configuration object of type launch_config or a kernel functor with a get(sycl::ext::oneapi::experimental::properties_tag) member function instead. [-Wdeprecated-declarations]
   2259 |     parallel_for<KernelName>(Range,
        |     ^
  /home/edgeai/downstream/include/sycl/handler.hpp:2126:3: note: 'parallel_for<sycl::detail::auto_name, GEMV_fp8_pern_kernel<256, 1>, sycl::ext::oneapi::experimental::properties<detail::properties_type_list<>>, 1>' has been explicitly marked deprecated here
   2126 |   __SYCL_DEPRECATED("To specify properties, use a launch configuration object "
        |   ^
  /home/edgeai/downstream/include/sycl/detail/defines_elementary.hpp:53:38: note: expanded from macro '__SYCL_DEPRECATED'
     53 | #define __SYCL_DEPRECATED(message) [[deprecated(message)]]
        |                                      ^
  In file included from /home/edgeai/esimd_learning/csrc/xpu/esimd_kernel.sycl:1:
  In file included from /home/edgeai/downstream/lib/python3.12/site-packages/torch/include/ATen/ATen.h:8:
  In file included from /home/edgeai/downstream/lib/python3.12/site-packages/torch/include/ATen/Context.h:5:
  In file included from /home/edgeai/downstream/lib/python3.12/site-packages/torch/include/ATen/CPUGeneratorImpl.h:4:
  In file included from /home/edgeai/downstream/lib/python3.12/site-packages/torch/include/ATen/core/Generator.h:19:
  In file included from /home/edgeai/downstream/lib/python3.12/site-packages/torch/include/c10/core/GeneratorImpl.h:9:
  In file included from /home/edgeai/downstream/lib/python3.12/site-packages/torch/include/c10/core/TensorImpl.h:12:
  In file included from /home/edgeai/downstream/lib/python3.12/site-packages/torch/include/c10/core/ScalarType.h:4:
  In file included from /home/edgeai/downstream/lib/python3.12/site-packages/torch/include/c10/util/BFloat16.h:2:
  In file included from /home/edgeai/downstream/lib/python3.12/site-packages/torch/include/torch/headeronly/util/BFloat16.h:22:
  In file included from /home/edgeai/downstream/include/sycl/sycl.hpp:49:
  In file included from /home/edgeai/downstream/include/sycl/detail/core.hpp:23:
  In file included from /home/edgeai/downstream/include/sycl/queue.hpp:36:
  /home/edgeai/downstream/include/sycl/handler.hpp:2259:5: warning: 'parallel_for' is deprecated: To specify properties, use a launch configuration object of type launch_config or a kernel functor with a get(sycl::ext::oneapi::experimental::properties_tag) member function instead. [-Wdeprecated-declarations]
   2259 |     parallel_for<KernelName>(Range,
        |     ^
  /home/edgeai/esimd_learning/csrc/xpu/esimd_kernels/fp8_GEMV_v2.h:154:38: note: in instantiation of function template specialization 'sycl::handler::parallel_for<sycl::detail::auto_name, 1, GEMV_fp8_pern_kernel<256, 2>>' requested here
    154 |     else if (vl == 256 && ks == 2) { LAUNCH(256, 2) }
        |                                      ^
  /home/edgeai/esimd_learning/csrc/xpu/esimd_kernels/fp8_GEMV_v2.h:146:15: note: expanded from macro 'LAUNCH'
    146 |             h.parallel_for(sycl::nd_range<1>(global, local), \
        |               ^
  /home/edgeai/downstream/include/sycl/handler.hpp:2131:28: note: 'parallel_for' has been explicitly marked deprecated here
   2131 |       PropertiesT>::value> parallel_for(nd_range<Dims> Range,
        |                            ^
  /home/edgeai/downstream/include/sycl/handler.hpp:2259:5: warning: 'parallel_for<sycl::detail::auto_name, GEMV_fp8_pern_kernel<256, 2>, sycl::ext::oneapi::experimental::properties<detail::properties_type_list<>>, 1>' is deprecated: To specify properties, use a launch configuration object of type launch_config or a kernel functor with a get(sycl::ext::oneapi::experimental::properties_tag) member function instead. [-Wdeprecated-declarations]
   2259 |     parallel_for<KernelName>(Range,
        |     ^
  /home/edgeai/downstream/include/sycl/handler.hpp:2126:3: note: 'parallel_for<sycl::detail::auto_name, GEMV_fp8_pern_kernel<256, 2>, sycl::ext::oneapi::experimental::properties<detail::properties_type_list<>>, 1>' has been explicitly marked deprecated here
   2126 |   __SYCL_DEPRECATED("To specify properties, use a launch configuration object "
        |   ^
  /home/edgeai/downstream/include/sycl/detail/defines_elementary.hpp:53:38: note: expanded from macro '__SYCL_DEPRECATED'
     53 | #define __SYCL_DEPRECATED(message) [[deprecated(message)]]
        |                                      ^
  In file included from /home/edgeai/esimd_learning/csrc/xpu/esimd_kernel.sycl:1:
  In file included from /home/edgeai/downstream/lib/python3.12/site-packages/torch/include/ATen/ATen.h:8:
  In file included from /home/edgeai/downstream/lib/python3.12/site-packages/torch/include/ATen/Context.h:5:
  In file included from /home/edgeai/downstream/lib/python3.12/site-packages/torch/include/ATen/CPUGeneratorImpl.h:4:
  In file included from /home/edgeai/downstream/lib/python3.12/site-packages/torch/include/ATen/core/Generator.h:19:
  In file included from /home/edgeai/downstream/lib/python3.12/site-packages/torch/include/c10/core/GeneratorImpl.h:9:
  In file included from /home/edgeai/downstream/lib/python3.12/site-packages/torch/include/c10/core/TensorImpl.h:12:
  In file included from /home/edgeai/downstream/lib/python3.12/site-packages/torch/include/c10/core/ScalarType.h:4:
  In file included from /home/edgeai/downstream/lib/python3.12/site-packages/torch/include/c10/util/BFloat16.h:2:
  In file included from /home/edgeai/downstream/lib/python3.12/site-packages/torch/include/torch/headeronly/util/BFloat16.h:22:
  In file included from /home/edgeai/downstream/include/sycl/sycl.hpp:49:
  In file included from /home/edgeai/downstream/include/sycl/detail/core.hpp:23:
  In file included from /home/edgeai/downstream/include/sycl/queue.hpp:36:
  /home/edgeai/downstream/include/sycl/handler.hpp:2259:5: warning: 'parallel_for' is deprecated: To specify properties, use a launch configuration object of type launch_config or a kernel functor with a get(sycl::ext::oneapi::experimental::properties_tag) member function instead. [-Wdeprecated-declarations]
   2259 |     parallel_for<KernelName>(Range,
        |     ^
  /home/edgeai/esimd_learning/csrc/xpu/esimd_kernels/fp8_GEMV_v2.h:155:38: note: in instantiation of function template specialization 'sycl::handler::parallel_for<sycl::detail::auto_name, 1, GEMV_fp8_pern_kernel<256, 4>>' requested here
    155 |     else if (vl == 256 && ks == 4) { LAUNCH(256, 4) }
        |                                      ^
  /home/edgeai/esimd_learning/csrc/xpu/esimd_kernels/fp8_GEMV_v2.h:146:15: note: expanded from macro 'LAUNCH'
    146 |             h.parallel_for(sycl::nd_range<1>(global, local), \
        |               ^
  /home/edgeai/downstream/include/sycl/handler.hpp:2131:28: note: 'parallel_for' has been explicitly marked deprecated here
   2131 |       PropertiesT>::value> parallel_for(nd_range<Dims> Range,
        |                            ^
  /home/edgeai/downstream/include/sycl/handler.hpp:2259:5: warning: 'parallel_for<sycl::detail::auto_name, GEMV_fp8_pern_kernel<256, 4>, sycl::ext::oneapi::experimental::properties<detail::properties_type_list<>>, 1>' is deprecated: To specify properties, use a launch configuration object of type launch_config or a kernel functor with a get(sycl::ext::oneapi::experimental::properties_tag) member function instead. [-Wdeprecated-declarations]
   2259 |     parallel_for<KernelName>(Range,
        |     ^
  /home/edgeai/downstream/include/sycl/handler.hpp:2126:3: note: 'parallel_for<sycl::detail::auto_name, GEMV_fp8_pern_kernel<256, 4>, sycl::ext::oneapi::experimental::properties<detail::properties_type_list<>>, 1>' has been explicitly marked deprecated here
   2126 |   __SYCL_DEPRECATED("To specify properties, use a launch configuration object "
        |   ^
  /home/edgeai/downstream/include/sycl/detail/defines_elementary.hpp:53:38: note: expanded from macro '__SYCL_DEPRECATED'
     53 | #define __SYCL_DEPRECATED(message) [[deprecated(message)]]
        |                                      ^
  In file included from /home/edgeai/esimd_learning/csrc/xpu/esimd_kernel.sycl:1:
  In file included from /home/edgeai/downstream/lib/python3.12/site-packages/torch/include/ATen/ATen.h:8:
  In file included from /home/edgeai/downstream/lib/python3.12/site-packages/torch/include/ATen/Context.h:5:
  In file included from /home/edgeai/downstream/lib/python3.12/site-packages/torch/include/ATen/CPUGeneratorImpl.h:4:
  In file included from /home/edgeai/downstream/lib/python3.12/site-packages/torch/include/ATen/core/Generator.h:19:
  In file included from /home/edgeai/downstream/lib/python3.12/site-packages/torch/include/c10/core/GeneratorImpl.h:9:
  In file included from /home/edgeai/downstream/lib/python3.12/site-packages/torch/include/c10/core/TensorImpl.h:12:
  In file included from /home/edgeai/downstream/lib/python3.12/site-packages/torch/include/c10/core/ScalarType.h:4:
  In file included from /home/edgeai/downstream/lib/python3.12/site-packages/torch/include/c10/util/BFloat16.h:2:
  In file included from /home/edgeai/downstream/lib/python3.12/site-packages/torch/include/torch/headeronly/util/BFloat16.h:22:
  In file included from /home/edgeai/downstream/include/sycl/sycl.hpp:49:
  In file included from /home/edgeai/downstream/include/sycl/detail/core.hpp:23:
  In file included from /home/edgeai/downstream/include/sycl/queue.hpp:36:
  /home/edgeai/downstream/include/sycl/handler.hpp:2259:5: warning: 'parallel_for' is deprecated: To specify properties, use a launch configuration object of type launch_config or a kernel functor with a get(sycl::ext::oneapi::experimental::properties_tag) member function instead. [-Wdeprecated-declarations]
   2259 |     parallel_for<KernelName>(Range,
        |     ^
  /home/edgeai/esimd_learning/csrc/xpu/esimd_kernels/fp8_GEMV_v2.h:156:38: note: in instantiation of function template specialization 'sycl::handler::parallel_for<sycl::detail::auto_name, 1, GEMV_fp8_pern_kernel<128, 1>>' requested here
    156 |     else if (vl == 128 && ks == 1) { LAUNCH(128, 1) }
        |                                      ^
  /home/edgeai/esimd_learning/csrc/xpu/esimd_kernels/fp8_GEMV_v2.h:146:15: note: expanded from macro 'LAUNCH'
    146 |             h.parallel_for(sycl::nd_range<1>(global, local), \
        |               ^
  /home/edgeai/downstream/include/sycl/handler.hpp:2131:28: note: 'parallel_for' has been explicitly marked deprecated here
   2131 |       PropertiesT>::value> parallel_for(nd_range<Dims> Range,
        |                            ^
  /home/edgeai/downstream/include/sycl/handler.hpp:2259:5: warning: 'parallel_for<sycl::detail::auto_name, GEMV_fp8_pern_kernel<128, 1>, sycl::ext::oneapi::experimental::properties<detail::properties_type_list<>>, 1>' is deprecated: To specify properties, use a launch configuration object of type launch_config or a kernel functor with a get(sycl::ext::oneapi::experimental::properties_tag) member function instead. [-Wdeprecated-declarations]
   2259 |     parallel_for<KernelName>(Range,
        |     ^
  /home/edgeai/downstream/include/sycl/handler.hpp:2126:3: note: 'parallel_for<sycl::detail::auto_name, GEMV_fp8_pern_kernel<128, 1>, sycl::ext::oneapi::experimental::properties<detail::properties_type_list<>>, 1>' has been explicitly marked deprecated here
   2126 |   __SYCL_DEPRECATED("To specify properties, use a launch configuration object "
        |   ^
  /home/edgeai/downstream/include/sycl/detail/defines_elementary.hpp:53:38: note: expanded from macro '__SYCL_DEPRECATED'
     53 | #define __SYCL_DEPRECATED(message) [[deprecated(message)]]
        |                                      ^
  In file included from /home/edgeai/esimd_learning/csrc/xpu/esimd_kernel.sycl:1:
  In file included from /home/edgeai/downstream/lib/python3.12/site-packages/torch/include/ATen/ATen.h:8:
  In file included from /home/edgeai/downstream/lib/python3.12/site-packages/torch/include/ATen/Context.h:5:
  In file included from /home/edgeai/downstream/lib/python3.12/site-packages/torch/include/ATen/CPUGeneratorImpl.h:4:
  In file included from /home/edgeai/downstream/lib/python3.12/site-packages/torch/include/ATen/core/Generator.h:19:
  In file included from /home/edgeai/downstream/lib/python3.12/site-packages/torch/include/c10/core/GeneratorImpl.h:9:
  In file included from /home/edgeai/downstream/lib/python3.12/site-packages/torch/include/c10/core/TensorImpl.h:12:
  In file included from /home/edgeai/downstream/lib/python3.12/site-packages/torch/include/c10/core/ScalarType.h:4:
  In file included from /home/edgeai/downstream/lib/python3.12/site-packages/torch/include/c10/util/BFloat16.h:2:
  In file included from /home/edgeai/downstream/lib/python3.12/site-packages/torch/include/torch/headeronly/util/BFloat16.h:22:
  In file included from /home/edgeai/downstream/include/sycl/sycl.hpp:49:
  In file included from /home/edgeai/downstream/include/sycl/detail/core.hpp:23:
  In file included from /home/edgeai/downstream/include/sycl/queue.hpp:36:
  /home/edgeai/downstream/include/sycl/handler.hpp:2259:5: warning: 'parallel_for' is deprecated: To specify properties, use a launch configuration object of type launch_config or a kernel functor with a get(sycl::ext::oneapi::experimental::properties_tag) member function instead. [-Wdeprecated-declarations]
   2259 |     parallel_for<KernelName>(Range,
        |     ^
  /home/edgeai/esimd_learning/csrc/xpu/esimd_kernels/fp8_GEMV_v2.h:157:38: note: in instantiation of function template specialization 'sycl::handler::parallel_for<sycl::detail::auto_name, 1, GEMV_fp8_pern_kernel<128, 2>>' requested here
    157 |     else if (vl == 128 && ks == 2) { LAUNCH(128, 2) }
        |                                      ^
  /home/edgeai/esimd_learning/csrc/xpu/esimd_kernels/fp8_GEMV_v2.h:146:15: note: expanded from macro 'LAUNCH'
    146 |             h.parallel_for(sycl::nd_range<1>(global, local), \
        |               ^
  /home/edgeai/downstream/include/sycl/handler.hpp:2131:28: note: 'parallel_for' has been explicitly marked deprecated here
   2131 |       PropertiesT>::value> parallel_for(nd_range<Dims> Range,
        |                            ^
  /home/edgeai/downstream/include/sycl/handler.hpp:2259:5: warning: 'parallel_for<sycl::detail::auto_name, GEMV_fp8_pern_kernel<128, 2>, sycl::ext::oneapi::experimental::properties<detail::properties_type_list<>>, 1>' is deprecated: To specify properties, use a launch configuration object of type launch_config or a kernel functor with a get(sycl::ext::oneapi::experimental::properties_tag) member function instead. [-Wdeprecated-declarations]
   2259 |     parallel_for<KernelName>(Range,
        |     ^
  /home/edgeai/downstream/include/sycl/handler.hpp:2126:3: note: 'parallel_for<sycl::detail::auto_name, GEMV_fp8_pern_kernel<128, 2>, sycl::ext::oneapi::experimental::properties<detail::properties_type_list<>>, 1>' has been explicitly marked deprecated here
   2126 |   __SYCL_DEPRECATED("To specify properties, use a launch configuration object "
        |   ^
  /home/edgeai/downstream/include/sycl/detail/defines_elementary.hpp:53:38: note: expanded from macro '__SYCL_DEPRECATED'
     53 | #define __SYCL_DEPRECATED(message) [[deprecated(message)]]
        |                                      ^
  In file included from /home/edgeai/esimd_learning/csrc/xpu/esimd_kernel.sycl:1:
  In file included from /home/edgeai/downstream/lib/python3.12/site-packages/torch/include/ATen/ATen.h:8:
  In file included from /home/edgeai/downstream/lib/python3.12/site-packages/torch/include/ATen/Context.h:5:
  In file included from /home/edgeai/downstream/lib/python3.12/site-packages/torch/include/ATen/CPUGeneratorImpl.h:4:
  In file included from /home/edgeai/downstream/lib/python3.12/site-packages/torch/include/ATen/core/Generator.h:19:
  In file included from /home/edgeai/downstream/lib/python3.12/site-packages/torch/include/c10/core/GeneratorImpl.h:9:
  In file included from /home/edgeai/downstream/lib/python3.12/site-packages/torch/include/c10/core/TensorImpl.h:12:
  In file included from /home/edgeai/downstream/lib/python3.12/site-packages/torch/include/c10/core/ScalarType.h:4:
  In file included from /home/edgeai/downstream/lib/python3.12/site-packages/torch/include/c10/util/BFloat16.h:2:
  In file included from /home/edgeai/downstream/lib/python3.12/site-packages/torch/include/torch/headeronly/util/BFloat16.h:22:
  In file included from /home/edgeai/downstream/include/sycl/sycl.hpp:49:
  In file included from /home/edgeai/downstream/include/sycl/detail/core.hpp:23:
  In file included from /home/edgeai/downstream/include/sycl/queue.hpp:36:
  /home/edgeai/downstream/include/sycl/handler.hpp:2259:5: warning: 'parallel_for' is deprecated: To specify properties, use a launch configuration object of type launch_config or a kernel functor with a get(sycl::ext::oneapi::experimental::properties_tag) member function instead. [-Wdeprecated-declarations]
   2259 |     parallel_for<KernelName>(Range,
        |     ^
  /home/edgeai/esimd_learning/csrc/xpu/esimd_kernels/fp8_GEMV_v2.h:158:38: note: in instantiation of function template specialization 'sycl::handler::parallel_for<sycl::detail::auto_name, 1, GEMV_fp8_pern_kernel<128, 4>>' requested here
    158 |     else if (vl == 128 && ks == 4) { LAUNCH(128, 4) }
        |                                      ^
  /home/edgeai/esimd_learning/csrc/xpu/esimd_kernels/fp8_GEMV_v2.h:146:15: note: expanded from macro 'LAUNCH'
    146 |             h.parallel_for(sycl::nd_range<1>(global, local), \
        |               ^
  /home/edgeai/downstream/include/sycl/handler.hpp:2131:28: note: 'parallel_for' has been explicitly marked deprecated here
   2131 |       PropertiesT>::value> parallel_for(nd_range<Dims> Range,
        |                            ^
  /home/edgeai/downstream/include/sycl/handler.hpp:2259:5: warning: 'parallel_for<sycl::detail::auto_name, GEMV_fp8_pern_kernel<128, 4>, sycl::ext::oneapi::experimental::properties<detail::properties_type_list<>>, 1>' is deprecated: To specify properties, use a launch configuration object of type launch_config or a kernel functor with a get(sycl::ext::oneapi::experimental::properties_tag) member function instead. [-Wdeprecated-declarations]
   2259 |     parallel_for<KernelName>(Range,
        |     ^
  /home/edgeai/downstream/include/sycl/handler.hpp:2126:3: note: 'parallel_for<sycl::detail::auto_name, GEMV_fp8_pern_kernel<128, 4>, sycl::ext::oneapi::experimental::properties<detail::properties_type_list<>>, 1>' has been explicitly marked deprecated here
   2126 |   __SYCL_DEPRECATED("To specify properties, use a launch configuration object "
        |   ^
  /home/edgeai/downstream/include/sycl/detail/defines_elementary.hpp:53:38: note: expanded from macro '__SYCL_DEPRECATED'
     53 | #define __SYCL_DEPRECATED(message) [[deprecated(message)]]
        |                                      ^
  In file included from /home/edgeai/esimd_learning/csrc/xpu/esimd_kernel.sycl:1:
  In file included from /home/edgeai/downstream/lib/python3.12/site-packages/torch/include/ATen/ATen.h:8:
  In file included from /home/edgeai/downstream/lib/python3.12/site-packages/torch/include/ATen/Context.h:5:
  In file included from /home/edgeai/downstream/lib/python3.12/site-packages/torch/include/ATen/CPUGeneratorImpl.h:4:
  In file included from /home/edgeai/downstream/lib/python3.12/site-packages/torch/include/ATen/core/Generator.h:19:
  In file included from /home/edgeai/downstream/lib/python3.12/site-packages/torch/include/c10/core/GeneratorImpl.h:9:
  In file included from /home/edgeai/downstream/lib/python3.12/site-packages/torch/include/c10/core/TensorImpl.h:12:
  In file included from /home/edgeai/downstream/lib/python3.12/site-packages/torch/include/c10/core/ScalarType.h:4:
  In file included from /home/edgeai/downstream/lib/python3.12/site-packages/torch/include/c10/util/BFloat16.h:2:
  In file included from /home/edgeai/downstream/lib/python3.12/site-packages/torch/include/torch/headeronly/util/BFloat16.h:22:
  In file included from /home/edgeai/downstream/include/sycl/sycl.hpp:49:
  In file included from /home/edgeai/downstream/include/sycl/detail/core.hpp:23:
  In file included from /home/edgeai/downstream/include/sycl/queue.hpp:36:
  /home/edgeai/downstream/include/sycl/handler.hpp:2259:5: warning: 'parallel_for' is deprecated: To specify properties, use a launch configuration object of type launch_config or a kernel functor with a get(sycl::ext::oneapi::experimental::properties_tag) member function instead. [-Wdeprecated-declarations]
   2259 |     parallel_for<KernelName>(Range,
        |     ^
  /home/edgeai/esimd_learning/csrc/xpu/esimd_kernels/fp8_GEMV_v2.h:159:38: note: in instantiation of function template specialization 'sycl::handler::parallel_for<sycl::detail::auto_name, 1, GEMV_fp8_pern_kernel<128, 8>>' requested here
    159 |     else if (vl == 128 && ks == 8) { LAUNCH(128, 8) }
        |                                      ^
  /home/edgeai/esimd_learning/csrc/xpu/esimd_kernels/fp8_GEMV_v2.h:146:15: note: expanded from macro 'LAUNCH'
    146 |             h.parallel_for(sycl::nd_range<1>(global, local), \
        |               ^
  /home/edgeai/downstream/include/sycl/handler.hpp:2131:28: note: 'parallel_for' has been explicitly marked deprecated here
   2131 |       PropertiesT>::value> parallel_for(nd_range<Dims> Range,
        |                            ^
  /home/edgeai/downstream/include/sycl/handler.hpp:2259:5: warning: 'parallel_for<sycl::detail::auto_name, GEMV_fp8_pern_kernel<128, 8>, sycl::ext::oneapi::experimental::properties<detail::properties_type_list<>>, 1>' is deprecated: To specify properties, use a launch configuration object of type launch_config or a kernel functor with a get(sycl::ext::oneapi::experimental::properties_tag) member function instead. [-Wdeprecated-declarations]
   2259 |     parallel_for<KernelName>(Range,
        |     ^
  /home/edgeai/downstream/include/sycl/handler.hpp:2126:3: note: 'parallel_for<sycl::detail::auto_name, GEMV_fp8_pern_kernel<128, 8>, sycl::ext::oneapi::experimental::properties<detail::properties_type_list<>>, 1>' has been explicitly marked deprecated here
   2126 |   __SYCL_DEPRECATED("To specify properties, use a launch configuration object "
        |   ^
  /home/edgeai/downstream/include/sycl/detail/defines_elementary.hpp:53:38: note: expanded from macro '__SYCL_DEPRECATED'
     53 | #define __SYCL_DEPRECATED(message) [[deprecated(message)]]
        |                                      ^
  In file included from /home/edgeai/esimd_learning/csrc/xpu/esimd_kernel.sycl:1:
  In file included from /home/edgeai/downstream/lib/python3.12/site-packages/torch/include/ATen/ATen.h:8:
  In file included from /home/edgeai/downstream/lib/python3.12/site-packages/torch/include/ATen/Context.h:5:
  In file included from /home/edgeai/downstream/lib/python3.12/site-packages/torch/include/ATen/CPUGeneratorImpl.h:4:
  In file included from /home/edgeai/downstream/lib/python3.12/site-packages/torch/include/ATen/core/Generator.h:19:
  In file included from /home/edgeai/downstream/lib/python3.12/site-packages/torch/include/c10/core/GeneratorImpl.h:9:
  In file included from /home/edgeai/downstream/lib/python3.12/site-packages/torch/include/c10/core/TensorImpl.h:12:
  In file included from /home/edgeai/downstream/lib/python3.12/site-packages/torch/include/c10/core/ScalarType.h:4:
  In file included from /home/edgeai/downstream/lib/python3.12/site-packages/torch/include/c10/util/BFloat16.h:2:
  In file included from /home/edgeai/downstream/lib/python3.12/site-packages/torch/include/torch/headeronly/util/BFloat16.h:22:
  In file included from /home/edgeai/downstream/include/sycl/sycl.hpp:49:
  In file included from /home/edgeai/downstream/include/sycl/detail/core.hpp:23:
  In file included from /home/edgeai/downstream/include/sycl/queue.hpp:36:
  /home/edgeai/downstream/include/sycl/handler.hpp:2259:5: warning: 'parallel_for' is deprecated: To specify properties, use a launch configuration object of type launch_config or a kernel functor with a get(sycl::ext::oneapi::experimental::properties_tag) member function instead. [-Wdeprecated-declarations]
   2259 |     parallel_for<KernelName>(Range,
        |     ^
  /home/edgeai/esimd_learning/csrc/xpu/esimd_kernels/fp8_GEMV_v2.h:367:33: note: in instantiation of function template specialization 'sycl::handler::parallel_for<sycl::detail::auto_name, 1, GEMV_fp8_pert_kernel<512, 1>>' requested here
    367 |     if (vl == 512 && ks == 1) { LAUNCH_PERT(512, 1) }
        |                                 ^
  /home/edgeai/esimd_learning/csrc/xpu/esimd_kernels/fp8_GEMV_v2.h:363:15: note: expanded from macro 'LAUNCH_PERT'
    363 |             h.parallel_for(sycl::nd_range<1>(global, local), \
        |               ^
  /home/edgeai/downstream/include/sycl/handler.hpp:2131:28: note: 'parallel_for' has been explicitly marked deprecated here
   2131 |       PropertiesT>::value> parallel_for(nd_range<Dims> Range,
        |                            ^
  /home/edgeai/downstream/include/sycl/handler.hpp:2259:5: warning: 'parallel_for<sycl::detail::auto_name, GEMV_fp8_pert_kernel<512, 1>, sycl::ext::oneapi::experimental::properties<detail::properties_type_list<>>, 1>' is deprecated: To specify properties, use a launch configuration object of type launch_config or a kernel functor with a get(sycl::ext::oneapi::experimental::properties_tag) member function instead. [-Wdeprecated-declarations]
   2259 |     parallel_for<KernelName>(Range,
        |     ^
  /home/edgeai/downstream/include/sycl/handler.hpp:2126:3: note: 'parallel_for<sycl::detail::auto_name, GEMV_fp8_pert_kernel<512, 1>, sycl::ext::oneapi::experimental::properties<detail::properties_type_list<>>, 1>' has been explicitly marked deprecated here
   2126 |   __SYCL_DEPRECATED("To specify properties, use a launch configuration object "
        |   ^
  /home/edgeai/downstream/include/sycl/detail/defines_elementary.hpp:53:38: note: expanded from macro '__SYCL_DEPRECATED'
     53 | #define __SYCL_DEPRECATED(message) [[deprecated(message)]]
        |                                      ^
  In file included from /home/edgeai/esimd_learning/csrc/xpu/esimd_kernel.sycl:1:
  In file included from /home/edgeai/downstream/lib/python3.12/site-packages/torch/include/ATen/ATen.h:8:
  In file included from /home/edgeai/downstream/lib/python3.12/site-packages/torch/include/ATen/Context.h:5:
  In file included from /home/edgeai/downstream/lib/python3.12/site-packages/torch/include/ATen/CPUGeneratorImpl.h:4:
  In file included from /home/edgeai/downstream/lib/python3.12/site-packages/torch/include/ATen/core/Generator.h:19:
  In file included from /home/edgeai/downstream/lib/python3.12/site-packages/torch/include/c10/core/GeneratorImpl.h:9:
  In file included from /home/edgeai/downstream/lib/python3.12/site-packages/torch/include/c10/core/TensorImpl.h:12:
  In file included from /home/edgeai/downstream/lib/python3.12/site-packages/torch/include/c10/core/ScalarType.h:4:
  In file included from /home/edgeai/downstream/lib/python3.12/site-packages/torch/include/c10/util/BFloat16.h:2:
  In file included from /home/edgeai/downstream/lib/python3.12/site-packages/torch/include/torch/headeronly/util/BFloat16.h:22:
  In file included from /home/edgeai/downstream/include/sycl/sycl.hpp:49:
  In file included from /home/edgeai/downstream/include/sycl/detail/core.hpp:23:
  In file included from /home/edgeai/downstream/include/sycl/queue.hpp:36:
  /home/edgeai/downstream/include/sycl/handler.hpp:2259:5: warning: 'parallel_for' is deprecated: To specify properties, use a launch configuration object of type launch_config or a kernel functor with a get(sycl::ext::oneapi::experimental::properties_tag) member function instead. [-Wdeprecated-declarations]
   2259 |     parallel_for<KernelName>(Range,
        |     ^
  /home/edgeai/esimd_learning/csrc/xpu/esimd_kernels/fp8_GEMV_v2.h:368:38: note: in instantiation of function template specialization 'sycl::handler::parallel_for<sycl::detail::auto_name, 1, GEMV_fp8_pert_kernel<512, 2>>' requested here
    368 |     else if (vl == 512 && ks == 2) { LAUNCH_PERT(512, 2) }
        |                                      ^
  /home/edgeai/esimd_learning/csrc/xpu/esimd_kernels/fp8_GEMV_v2.h:363:15: note: expanded from macro 'LAUNCH_PERT'
    363 |             h.parallel_for(sycl::nd_range<1>(global, local), \
        |               ^
  /home/edgeai/downstream/include/sycl/handler.hpp:2131:28: note: 'parallel_for' has been explicitly marked deprecated here
   2131 |       PropertiesT>::value> parallel_for(nd_range<Dims> Range,
        |                            ^
  /home/edgeai/downstream/include/sycl/handler.hpp:2259:5: warning: 'parallel_for<sycl::detail::auto_name, GEMV_fp8_pert_kernel<512, 2>, sycl::ext::oneapi::experimental::properties<detail::properties_type_list<>>, 1>' is deprecated: To specify properties, use a launch configuration object of type launch_config or a kernel functor with a get(sycl::ext::oneapi::experimental::properties_tag) member function instead. [-Wdeprecated-declarations]
   2259 |     parallel_for<KernelName>(Range,
        |     ^
  /home/edgeai/downstream/include/sycl/handler.hpp:2126:3: note: 'parallel_for<sycl::detail::auto_name, GEMV_fp8_pert_kernel<512, 2>, sycl::ext::oneapi::experimental::properties<detail::properties_type_list<>>, 1>' has been explicitly marked deprecated here
   2126 |   __SYCL_DEPRECATED("To specify properties, use a launch configuration object "
        |   ^
  /home/edgeai/downstream/include/sycl/detail/defines_elementary.hpp:53:38: note: expanded from macro '__SYCL_DEPRECATED'
     53 | #define __SYCL_DEPRECATED(message) [[deprecated(message)]]
        |                                      ^
  In file included from /home/edgeai/esimd_learning/csrc/xpu/esimd_kernel.sycl:1:
  In file included from /home/edgeai/downstream/lib/python3.12/site-packages/torch/include/ATen/ATen.h:8:
  In file included from /home/edgeai/downstream/lib/python3.12/site-packages/torch/include/ATen/Context.h:5:
  In file included from /home/edgeai/downstream/lib/python3.12/site-packages/torch/include/ATen/CPUGeneratorImpl.h:4:
  In file included from /home/edgeai/downstream/lib/python3.12/site-packages/torch/include/ATen/core/Generator.h:19:
  In file included from /home/edgeai/downstream/lib/python3.12/site-packages/torch/include/c10/core/GeneratorImpl.h:9:
  In file included from /home/edgeai/downstream/lib/python3.12/site-packages/torch/include/c10/core/TensorImpl.h:12:
  In file included from /home/edgeai/downstream/lib/python3.12/site-packages/torch/include/c10/core/ScalarType.h:4:
  In file included from /home/edgeai/downstream/lib/python3.12/site-packages/torch/include/c10/util/BFloat16.h:2:
  In file included from /home/edgeai/downstream/lib/python3.12/site-packages/torch/include/torch/headeronly/util/BFloat16.h:22:
  In file included from /home/edgeai/downstream/include/sycl/sycl.hpp:49:
  In file included from /home/edgeai/downstream/include/sycl/detail/core.hpp:23:
  In file included from /home/edgeai/downstream/include/sycl/queue.hpp:36:
  /home/edgeai/downstream/include/sycl/handler.hpp:2259:5: warning: 'parallel_for' is deprecated: To specify properties, use a launch configuration object of type launch_config or a kernel functor with a get(sycl::ext::oneapi::experimental::properties_tag) member function instead. [-Wdeprecated-declarations]
   2259 |     parallel_for<KernelName>(Range,
        |     ^
  /home/edgeai/esimd_learning/csrc/xpu/esimd_kernels/fp8_GEMV_v2.h:369:38: note: in instantiation of function template specialization 'sycl::handler::parallel_for<sycl::detail::auto_name, 1, GEMV_fp8_pert_kernel<256, 1>>' requested here
    369 |     else if (vl == 256 && ks == 1) { LAUNCH_PERT(256, 1) }
        |                                      ^
  /home/edgeai/esimd_learning/csrc/xpu/esimd_kernels/fp8_GEMV_v2.h:363:15: note: expanded from macro 'LAUNCH_PERT'
    363 |             h.parallel_for(sycl::nd_range<1>(global, local), \
        |               ^
  /home/edgeai/downstream/include/sycl/handler.hpp:2131:28: note: 'parallel_for' has been explicitly marked deprecated here
   2131 |       PropertiesT>::value> parallel_for(nd_range<Dims> Range,
        |                            ^
  /home/edgeai/downstream/include/sycl/handler.hpp:2259:5: warning: 'parallel_for<sycl::detail::auto_name, GEMV_fp8_pert_kernel<256, 1>, sycl::ext::oneapi::experimental::properties<detail::properties_type_list<>>, 1>' is deprecated: To specify properties, use a launch configuration object of type launch_config or a kernel functor with a get(sycl::ext::oneapi::experimental::properties_tag) member function instead. [-Wdeprecated-declarations]
   2259 |     parallel_for<KernelName>(Range,
        |     ^
  /home/edgeai/downstream/include/sycl/handler.hpp:2126:3: note: 'parallel_for<sycl::detail::auto_name, GEMV_fp8_pert_kernel<256, 1>, sycl::ext::oneapi::experimental::properties<detail::properties_type_list<>>, 1>' has been explicitly marked deprecated here
   2126 |   __SYCL_DEPRECATED("To specify properties, use a launch configuration object "
        |   ^
  /home/edgeai/downstream/include/sycl/detail/defines_elementary.hpp:53:38: note: expanded from macro '__SYCL_DEPRECATED'
     53 | #define __SYCL_DEPRECATED(message) [[deprecated(message)]]
        |                                      ^
  In file included from /home/edgeai/esimd_learning/csrc/xpu/esimd_kernel.sycl:1:
  In file included from /home/edgeai/downstream/lib/python3.12/site-packages/torch/include/ATen/ATen.h:8:
  In file included from /home/edgeai/downstream/lib/python3.12/site-packages/torch/include/ATen/Context.h:5:
  In file included from /home/edgeai/downstream/lib/python3.12/site-packages/torch/include/ATen/CPUGeneratorImpl.h:4:
  In file included from /home/edgeai/downstream/lib/python3.12/site-packages/torch/include/ATen/core/Generator.h:19:
  In file included from /home/edgeai/downstream/lib/python3.12/site-packages/torch/include/c10/core/GeneratorImpl.h:9:
  In file included from /home/edgeai/downstream/lib/python3.12/site-packages/torch/include/c10/core/TensorImpl.h:12:
  In file included from /home/edgeai/downstream/lib/python3.12/site-packages/torch/include/c10/core/ScalarType.h:4:
  In file included from /home/edgeai/downstream/lib/python3.12/site-packages/torch/include/c10/util/BFloat16.h:2:
  In file included from /home/edgeai/downstream/lib/python3.12/site-packages/torch/include/torch/headeronly/util/BFloat16.h:22:
  In file included from /home/edgeai/downstream/include/sycl/sycl.hpp:49:
  In file included from /home/edgeai/downstream/include/sycl/detail/core.hpp:23:
  In file included from /home/edgeai/downstream/include/sycl/queue.hpp:36:
  /home/edgeai/downstream/include/sycl/handler.hpp:2259:5: warning: 'parallel_for' is deprecated: To specify properties, use a launch configuration object of type launch_config or a kernel functor with a get(sycl::ext::oneapi::experimental::properties_tag) member function instead. [-Wdeprecated-declarations]
   2259 |     parallel_for<KernelName>(Range,
        |     ^
  /home/edgeai/esimd_learning/csrc/xpu/esimd_kernels/fp8_GEMV_v2.h:370:38: note: in instantiation of function template specialization 'sycl::handler::parallel_for<sycl::detail::auto_name, 1, GEMV_fp8_pert_kernel<256, 2>>' requested here
    370 |     else if (vl == 256 && ks == 2) { LAUNCH_PERT(256, 2) }
        |                                      ^
  /home/edgeai/esimd_learning/csrc/xpu/esimd_kernels/fp8_GEMV_v2.h:363:15: note: expanded from macro 'LAUNCH_PERT'
    363 |             h.parallel_for(sycl::nd_range<1>(global, local), \
        |               ^
  /home/edgeai/downstream/include/sycl/handler.hpp:2131:28: note: 'parallel_for' has been explicitly marked deprecated here
   2131 |       PropertiesT>::value> parallel_for(nd_range<Dims> Range,
        |                            ^
  /home/edgeai/downstream/include/sycl/handler.hpp:2259:5: warning: 'parallel_for<sycl::detail::auto_name, GEMV_fp8_pert_kernel<256, 2>, sycl::ext::oneapi::experimental::properties<detail::properties_type_list<>>, 1>' is deprecated: To specify properties, use a launch configuration object of type launch_config or a kernel functor with a get(sycl::ext::oneapi::experimental::properties_tag) member function instead. [-Wdeprecated-declarations]
   2259 |     parallel_for<KernelName>(Range,
        |     ^
  /home/edgeai/downstream/include/sycl/handler.hpp:2126:3: note: 'parallel_for<sycl::detail::auto_name, GEMV_fp8_pert_kernel<256, 2>, sycl::ext::oneapi::experimental::properties<detail::properties_type_list<>>, 1>' has been explicitly marked deprecated here
   2126 |   __SYCL_DEPRECATED("To specify properties, use a launch configuration object "
        |   ^
  /home/edgeai/downstream/include/sycl/detail/defines_elementary.hpp:53:38: note: expanded from macro '__SYCL_DEPRECATED'
     53 | #define __SYCL_DEPRECATED(message) [[deprecated(message)]]
        |                                      ^
  In file included from /home/edgeai/esimd_learning/csrc/xpu/esimd_kernel.sycl:1:
  In file included from /home/edgeai/downstream/lib/python3.12/site-packages/torch/include/ATen/ATen.h:8:
  In file included from /home/edgeai/downstream/lib/python3.12/site-packages/torch/include/ATen/Context.h:5:
  In file included from /home/edgeai/downstream/lib/python3.12/site-packages/torch/include/ATen/CPUGeneratorImpl.h:4:
  In file included from /home/edgeai/downstream/lib/python3.12/site-packages/torch/include/ATen/core/Generator.h:19:
  In file included from /home/edgeai/downstream/lib/python3.12/site-packages/torch/include/c10/core/GeneratorImpl.h:9:
  In file included from /home/edgeai/downstream/lib/python3.12/site-packages/torch/include/c10/core/TensorImpl.h:12:
  In file included from /home/edgeai/downstream/lib/python3.12/site-packages/torch/include/c10/core/ScalarType.h:4:
  In file included from /home/edgeai/downstream/lib/python3.12/site-packages/torch/include/c10/util/BFloat16.h:2:
  In file included from /home/edgeai/downstream/lib/python3.12/site-packages/torch/include/torch/headeronly/util/BFloat16.h:22:
  In file included from /home/edgeai/downstream/include/sycl/sycl.hpp:49:
  In file included from /home/edgeai/downstream/include/sycl/detail/core.hpp:23:
  In file included from /home/edgeai/downstream/include/sycl/queue.hpp:36:
  /home/edgeai/downstream/include/sycl/handler.hpp:2259:5: warning: 'parallel_for' is deprecated: To specify properties, use a launch configuration object of type launch_config or a kernel functor with a get(sycl::ext::oneapi::experimental::properties_tag) member function instead. [-Wdeprecated-declarations]
   2259 |     parallel_for<KernelName>(Range,
        |     ^
  /home/edgeai/esimd_learning/csrc/xpu/esimd_kernels/fp8_GEMV_v2.h:371:38: note: in instantiation of function template specialization 'sycl::handler::parallel_for<sycl::detail::auto_name, 1, GEMV_fp8_pert_kernel<256, 4>>' requested here
    371 |     else if (vl == 256 && ks == 4) { LAUNCH_PERT(256, 4) }
        |                                      ^
  /home/edgeai/esimd_learning/csrc/xpu/esimd_kernels/fp8_GEMV_v2.h:363:15: note: expanded from macro 'LAUNCH_PERT'
    363 |             h.parallel_for(sycl::nd_range<1>(global, local), \
        |               ^
  /home/edgeai/downstream/include/sycl/handler.hpp:2131:28: note: 'parallel_for' has been explicitly marked deprecated here
   2131 |       PropertiesT>::value> parallel_for(nd_range<Dims> Range,
        |                            ^
  /home/edgeai/downstream/include/sycl/handler.hpp:2259:5: warning: 'parallel_for<sycl::detail::auto_name, GEMV_fp8_pert_kernel<256, 4>, sycl::ext::oneapi::experimental::properties<detail::properties_type_list<>>, 1>' is deprecated: To specify properties, use a launch configuration object of type launch_config or a kernel functor with a get(sycl::ext::oneapi::experimental::properties_tag) member function instead. [-Wdeprecated-declarations]
   2259 |     parallel_for<KernelName>(Range,
        |     ^
  /home/edgeai/downstream/include/sycl/handler.hpp:2126:3: note: 'parallel_for<sycl::detail::auto_name, GEMV_fp8_pert_kernel<256, 4>, sycl::ext::oneapi::experimental::properties<detail::properties_type_list<>>, 1>' has been explicitly marked deprecated here
   2126 |   __SYCL_DEPRECATED("To specify properties, use a launch configuration object "
        |   ^
  /home/edgeai/downstream/include/sycl/detail/defines_elementary.hpp:53:38: note: expanded from macro '__SYCL_DEPRECATED'
     53 | #define __SYCL_DEPRECATED(message) [[deprecated(message)]]
        |                                      ^
  In file included from /home/edgeai/esimd_learning/csrc/xpu/esimd_kernel.sycl:1:
  In file included from /home/edgeai/downstream/lib/python3.12/site-packages/torch/include/ATen/ATen.h:8:
  In file included from /home/edgeai/downstream/lib/python3.12/site-packages/torch/include/ATen/Context.h:5:
  In file included from /home/edgeai/downstream/lib/python3.12/site-packages/torch/include/ATen/CPUGeneratorImpl.h:4:
  In file included from /home/edgeai/downstream/lib/python3.12/site-packages/torch/include/ATen/core/Generator.h:19:
  In file included from /home/edgeai/downstream/lib/python3.12/site-packages/torch/include/c10/core/GeneratorImpl.h:9:
  In file included from /home/edgeai/downstream/lib/python3.12/site-packages/torch/include/c10/core/TensorImpl.h:12:
  In file included from /home/edgeai/downstream/lib/python3.12/site-packages/torch/include/c10/core/ScalarType.h:4:
  In file included from /home/edgeai/downstream/lib/python3.12/site-packages/torch/include/c10/util/BFloat16.h:2:
  In file included from /home/edgeai/downstream/lib/python3.12/site-packages/torch/include/torch/headeronly/util/BFloat16.h:22:
  In file included from /home/edgeai/downstream/include/sycl/sycl.hpp:49:
  In file included from /home/edgeai/downstream/include/sycl/detail/core.hpp:23:
  In file included from /home/edgeai/downstream/include/sycl/queue.hpp:36:
  /home/edgeai/downstream/include/sycl/handler.hpp:2259:5: warning: 'parallel_for' is deprecated: To specify properties, use a launch configuration object of type launch_config or a kernel functor with a get(sycl::ext::oneapi::experimental::properties_tag) member function instead. [-Wdeprecated-declarations]
   2259 |     parallel_for<KernelName>(Range,
        |     ^
  /home/edgeai/esimd_learning/csrc/xpu/esimd_kernels/fp8_GEMV_v2.h:372:38: note: in instantiation of function template specialization 'sycl::handler::parallel_for<sycl::detail::auto_name, 1, GEMV_fp8_pert_kernel<128, 1>>' requested here
    372 |     else if (vl == 128 && ks == 1) { LAUNCH_PERT(128, 1) }
        |                                      ^
  /home/edgeai/esimd_learning/csrc/xpu/esimd_kernels/fp8_GEMV_v2.h:363:15: note: expanded from macro 'LAUNCH_PERT'
    363 |             h.parallel_for(sycl::nd_range<1>(global, local), \
        |               ^
  /home/edgeai/downstream/include/sycl/handler.hpp:2131:28: note: 'parallel_for' has been explicitly marked deprecated here
   2131 |       PropertiesT>::value> parallel_for(nd_range<Dims> Range,
        |                            ^
  /home/edgeai/downstream/include/sycl/handler.hpp:2259:5: warning: 'parallel_for<sycl::detail::auto_name, GEMV_fp8_pert_kernel<128, 1>, sycl::ext::oneapi::experimental::properties<detail::properties_type_list<>>, 1>' is deprecated: To specify properties, use a launch configuration object of type launch_config or a kernel functor with a get(sycl::ext::oneapi::experimental::properties_tag) member function instead. [-Wdeprecated-declarations]
   2259 |     parallel_for<KernelName>(Range,
        |     ^
  /home/edgeai/downstream/include/sycl/handler.hpp:2126:3: note: 'parallel_for<sycl::detail::auto_name, GEMV_fp8_pert_kernel<128, 1>, sycl::ext::oneapi::experimental::properties<detail::properties_type_list<>>, 1>' has been explicitly marked deprecated here
   2126 |   __SYCL_DEPRECATED("To specify properties, use a launch configuration object "
        |   ^
  /home/edgeai/downstream/include/sycl/detail/defines_elementary.hpp:53:38: note: expanded from macro '__SYCL_DEPRECATED'
     53 | #define __SYCL_DEPRECATED(message) [[deprecated(message)]]
        |                                      ^
  In file included from /home/edgeai/esimd_learning/csrc/xpu/esimd_kernel.sycl:1:
  In file included from /home/edgeai/downstream/lib/python3.12/site-packages/torch/include/ATen/ATen.h:8:
  In file included from /home/edgeai/downstream/lib/python3.12/site-packages/torch/include/ATen/Context.h:5:
  In file included from /home/edgeai/downstream/lib/python3.12/site-packages/torch/include/ATen/CPUGeneratorImpl.h:4:
  In file included from /home/edgeai/downstream/lib/python3.12/site-packages/torch/include/ATen/core/Generator.h:19:
  In file included from /home/edgeai/downstream/lib/python3.12/site-packages/torch/include/c10/core/GeneratorImpl.h:9:
  In file included from /home/edgeai/downstream/lib/python3.12/site-packages/torch/include/c10/core/TensorImpl.h:12:
  In file included from /home/edgeai/downstream/lib/python3.12/site-packages/torch/include/c10/core/ScalarType.h:4:
  In file included from /home/edgeai/downstream/lib/python3.12/site-packages/torch/include/c10/util/BFloat16.h:2:
  In file included from /home/edgeai/downstream/lib/python3.12/site-packages/torch/include/torch/headeronly/util/BFloat16.h:22:
  In file included from /home/edgeai/downstream/include/sycl/sycl.hpp:49:
  In file included from /home/edgeai/downstream/include/sycl/detail/core.hpp:23:
  In file included from /home/edgeai/downstream/include/sycl/queue.hpp:36:
  /home/edgeai/downstream/include/sycl/handler.hpp:2259:5: warning: 'parallel_for' is deprecated: To specify properties, use a launch configuration object of type launch_config or a kernel functor with a get(sycl::ext::oneapi::experimental::properties_tag) member function instead. [-Wdeprecated-declarations]
   2259 |     parallel_for<KernelName>(Range,
        |     ^
  /home/edgeai/esimd_learning/csrc/xpu/esimd_kernels/fp8_GEMV_v2.h:373:38: note: in instantiation of function template specialization 'sycl::handler::parallel_for<sycl::detail::auto_name, 1, GEMV_fp8_pert_kernel<128, 2>>' requested here
    373 |     else if (vl == 128 && ks == 2) { LAUNCH_PERT(128, 2) }
        |                                      ^
  /home/edgeai/esimd_learning/csrc/xpu/esimd_kernels/fp8_GEMV_v2.h:363:15: note: expanded from macro 'LAUNCH_PERT'
    363 |             h.parallel_for(sycl::nd_range<1>(global, local), \
        |               ^
  /home/edgeai/downstream/include/sycl/handler.hpp:2131:28: note: 'parallel_for' has been explicitly marked deprecated here
   2131 |       PropertiesT>::value> parallel_for(nd_range<Dims> Range,
        |                            ^
  /home/edgeai/downstream/include/sycl/handler.hpp:2259:5: warning: 'parallel_for<sycl::detail::auto_name, GEMV_fp8_pert_kernel<128, 2>, sycl::ext::oneapi::experimental::properties<detail::properties_type_list<>>, 1>' is deprecated: To specify properties, use a launch configuration object of type launch_config or a kernel functor with a get(sycl::ext::oneapi::experimental::properties_tag) member function instead. [-Wdeprecated-declarations]
   2259 |     parallel_for<KernelName>(Range,
        |     ^
  /home/edgeai/downstream/include/sycl/handler.hpp:2126:3: note: 'parallel_for<sycl::detail::auto_name, GEMV_fp8_pert_kernel<128, 2>, sycl::ext::oneapi::experimental::properties<detail::properties_type_list<>>, 1>' has been explicitly marked deprecated here
   2126 |   __SYCL_DEPRECATED("To specify properties, use a launch configuration object "
        |   ^
  /home/edgeai/downstream/include/sycl/detail/defines_elementary.hpp:53:38: note: expanded from macro '__SYCL_DEPRECATED'
     53 | #define __SYCL_DEPRECATED(message) [[deprecated(message)]]
        |                                      ^
  In file included from /home/edgeai/esimd_learning/csrc/xpu/esimd_kernel.sycl:1:
  In file included from /home/edgeai/downstream/lib/python3.12/site-packages/torch/include/ATen/ATen.h:8:
  In file included from /home/edgeai/downstream/lib/python3.12/site-packages/torch/include/ATen/Context.h:5:
  In file included from /home/edgeai/downstream/lib/python3.12/site-packages/torch/include/ATen/CPUGeneratorImpl.h:4:
  In file included from /home/edgeai/downstream/lib/python3.12/site-packages/torch/include/ATen/core/Generator.h:19:
  In file included from /home/edgeai/downstream/lib/python3.12/site-packages/torch/include/c10/core/GeneratorImpl.h:9:
  In file included from /home/edgeai/downstream/lib/python3.12/site-packages/torch/include/c10/core/TensorImpl.h:12:
  In file included from /home/edgeai/downstream/lib/python3.12/site-packages/torch/include/c10/core/ScalarType.h:4:
  In file included from /home/edgeai/downstream/lib/python3.12/site-packages/torch/include/c10/util/BFloat16.h:2:
  In file included from /home/edgeai/downstream/lib/python3.12/site-packages/torch/include/torch/headeronly/util/BFloat16.h:22:
  In file included from /home/edgeai/downstream/include/sycl/sycl.hpp:49:
  In file included from /home/edgeai/downstream/include/sycl/detail/core.hpp:23:
  In file included from /home/edgeai/downstream/include/sycl/queue.hpp:36:
  /home/edgeai/downstream/include/sycl/handler.hpp:2259:5: warning: 'parallel_for' is deprecated: To specify properties, use a launch configuration object of type launch_config or a kernel functor with a get(sycl::ext::oneapi::experimental::properties_tag) member function instead. [-Wdeprecated-declarations]
   2259 |     parallel_for<KernelName>(Range,
        |     ^
  /home/edgeai/esimd_learning/csrc/xpu/esimd_kernels/fp8_GEMV_v2.h:374:38: note: in instantiation of function template specialization 'sycl::handler::parallel_for<sycl::detail::auto_name, 1, GEMV_fp8_pert_kernel<128, 4>>' requested here
    374 |     else if (vl == 128 && ks == 4) { LAUNCH_PERT(128, 4) }
        |                                      ^
  /home/edgeai/esimd_learning/csrc/xpu/esimd_kernels/fp8_GEMV_v2.h:363:15: note: expanded from macro 'LAUNCH_PERT'
    363 |             h.parallel_for(sycl::nd_range<1>(global, local), \
        |               ^
  /home/edgeai/downstream/include/sycl/handler.hpp:2131:28: note: 'parallel_for' has been explicitly marked deprecated here
   2131 |       PropertiesT>::value> parallel_for(nd_range<Dims> Range,
        |                            ^
  /home/edgeai/downstream/include/sycl/handler.hpp:2259:5: warning: 'parallel_for<sycl::detail::auto_name, GEMV_fp8_pert_kernel<128, 4>, sycl::ext::oneapi::experimental::properties<detail::properties_type_list<>>, 1>' is deprecated: To specify properties, use a launch configuration object of type launch_config or a kernel functor with a get(sycl::ext::oneapi::experimental::properties_tag) member function instead. [-Wdeprecated-declarations]
   2259 |     parallel_for<KernelName>(Range,
        |     ^
  /home/edgeai/downstream/include/sycl/handler.hpp:2126:3: note: 'parallel_for<sycl::detail::auto_name, GEMV_fp8_pert_kernel<128, 4>, sycl::ext::oneapi::experimental::properties<detail::properties_type_list<>>, 1>' has been explicitly marked deprecated here
   2126 |   __SYCL_DEPRECATED("To specify properties, use a launch configuration object "
        |   ^
  /home/edgeai/downstream/include/sycl/detail/defines_elementary.hpp:53:38: note: expanded from macro '__SYCL_DEPRECATED'
     53 | #define __SYCL_DEPRECATED(message) [[deprecated(message)]]
        |                                      ^
  In file included from /home/edgeai/esimd_learning/csrc/xpu/esimd_kernel.sycl:1:
  In file included from /home/edgeai/downstream/lib/python3.12/site-packages/torch/include/ATen/ATen.h:8:
  In file included from /home/edgeai/downstream/lib/python3.12/site-packages/torch/include/ATen/Context.h:5:
  In file included from /home/edgeai/downstream/lib/python3.12/site-packages/torch/include/ATen/CPUGeneratorImpl.h:4:
  In file included from /home/edgeai/downstream/lib/python3.12/site-packages/torch/include/ATen/core/Generator.h:19:
  In file included from /home/edgeai/downstream/lib/python3.12/site-packages/torch/include/c10/core/GeneratorImpl.h:9:
  In file included from /home/edgeai/downstream/lib/python3.12/site-packages/torch/include/c10/core/TensorImpl.h:12:
  In file included from /home/edgeai/downstream/lib/python3.12/site-packages/torch/include/c10/core/ScalarType.h:4:
  In file included from /home/edgeai/downstream/lib/python3.12/site-packages/torch/include/c10/util/BFloat16.h:2:
  In file included from /home/edgeai/downstream/lib/python3.12/site-packages/torch/include/torch/headeronly/util/BFloat16.h:22:
  In file included from /home/edgeai/downstream/include/sycl/sycl.hpp:49:
  In file included from /home/edgeai/downstream/include/sycl/detail/core.hpp:23:
  In file included from /home/edgeai/downstream/include/sycl/queue.hpp:36:
  /home/edgeai/downstream/include/sycl/handler.hpp:2259:5: warning: 'parallel_for' is deprecated: To specify properties, use a launch configuration object of type launch_config or a kernel functor with a get(sycl::ext::oneapi::experimental::properties_tag) member function instead. [-Wdeprecated-declarations]
   2259 |     parallel_for<KernelName>(Range,
        |     ^
  /home/edgeai/esimd_learning/csrc/xpu/esimd_kernels/fp8_GEMV_v2.h:375:38: note: in instantiation of function template specialization 'sycl::handler::parallel_for<sycl::detail::auto_name, 1, GEMV_fp8_pert_kernel<128, 8>>' requested here
    375 |     else if (vl == 128 && ks == 8) { LAUNCH_PERT(128, 8) }
        |                                      ^
  /home/edgeai/esimd_learning/csrc/xpu/esimd_kernels/fp8_GEMV_v2.h:363:15: note: expanded from macro 'LAUNCH_PERT'
    363 |             h.parallel_for(sycl::nd_range<1>(global, local), \
        |               ^
  /home/edgeai/downstream/include/sycl/handler.hpp:2131:28: note: 'parallel_for' has been explicitly marked deprecated here
   2131 |       PropertiesT>::value> parallel_for(nd_range<Dims> Range,
        |                            ^
  /home/edgeai/downstream/include/sycl/handler.hpp:2259:5: warning: 'parallel_for<sycl::detail::auto_name, GEMV_fp8_pert_kernel<128, 8>, sycl::ext::oneapi::experimental::properties<detail::properties_type_list<>>, 1>' is deprecated: To specify properties, use a launch configuration object of type launch_config or a kernel functor with a get(sycl::ext::oneapi::experimental::properties_tag) member function instead. [-Wdeprecated-declarations]
   2259 |     parallel_for<KernelName>(Range,
        |     ^
  /home/edgeai/downstream/include/sycl/handler.hpp:2126:3: note: 'parallel_for<sycl::detail::auto_name, GEMV_fp8_pert_kernel<128, 8>, sycl::ext::oneapi::experimental::properties<detail::properties_type_list<>>, 1>' has been explicitly marked deprecated here
   2126 |   __SYCL_DEPRECATED("To specify properties, use a launch configuration object "
        |   ^
  /home/edgeai/downstream/include/sycl/detail/defines_elementary.hpp:53:38: note: expanded from macro '__SYCL_DEPRECATED'
     53 | #define __SYCL_DEPRECATED(message) [[deprecated(message)]]
        |                                      ^
  In file included from /home/edgeai/esimd_learning/csrc/xpu/esimd_kernel.sycl:9:
  In file included from /home/edgeai/esimd_learning/csrc/xpu/esimd_kernels/fp8_GEMV_v2.h:2:
  In file included from /home/edgeai/esimd_learning/csrc/xpu/esimd_kernels/utils.h:2:
  In file included from /home/edgeai/downstream/include/sycl/ext/intel/esimd.hpp:105:
  In file included from /home/edgeai/downstream/include/sycl/ext/intel/experimental/esimd/math.hpp:28:
  /home/edgeai/downstream/include/sycl/ext/intel/esimd/math.hpp:579:9: warning: unused type alias 'CppT' [-Wunused-local-typedef]
    579 |   using CppT = __ESIMD_DNS::__cpp_t<T>;
        |         ^
  /home/edgeai/downstream/include/sycl/ext/intel/esimd/math.hpp:600:9: warning: unused type alias 'CppT' [-Wunused-local-typedef]
    600 |   using CppT = __ESIMD_DNS::__cpp_t<T>;
        |         ^
  338 warnings generated.
  In file included from <built-in>:1:
  In file included from /tmp/icpx-9be5f1729e/esimd_kernel-header-1180a1.h:6:
  /home/edgeai/downstream/include/sycl/access/access.hpp:81:63: warning: 'constant_buffer' is deprecated: use 'target::device' instead [-Wdeprecated-declarations]
     81 | inline constexpr mode_target_tag_t<access_mode::read, target::constant_buffer>
        |                                                               ^
  /home/edgeai/downstream/include/sycl/access/access.hpp:24:19: note: 'constant_buffer' has been explicitly marked deprecated here
     24 |   constant_buffer __SYCL2020_DEPRECATED("use 'target::device' instead") = 2015,
        |                   ^
  /home/edgeai/downstream/include/sycl/detail/defines_elementary.hpp:62:40: note: expanded from macro '__SYCL2020_DEPRECATED'
     62 | #define __SYCL2020_DEPRECATED(message) __SYCL_DEPRECATED(message)
        |                                        ^
  /home/edgeai/downstream/include/sycl/detail/defines_elementary.hpp:53:38: note: expanded from macro '__SYCL_DEPRECATED'
     53 | #define __SYCL_DEPRECATED(message) [[deprecated(message)]]
        |                                      ^
  In file included from <built-in>:1:
  In file included from /tmp/icpx-9be5f1729e/esimd_kernel-header-1180a1.h:6:
  /home/edgeai/downstream/include/sycl/access/access.hpp:93:31: warning: 'host_buffer' is deprecated: use 'host_accessor' instead [-Wdeprecated-declarations]
     93 |   return T == access::target::host_buffer || T == access::target::host_image;
        |                               ^
  /home/edgeai/downstream/include/sycl/access/access.hpp:27:15: note: 'host_buffer' has been explicitly marked deprecated here
     27 |   host_buffer __SYCL2020_DEPRECATED("use 'host_accessor' instead") = 2018,
        |               ^
  /home/edgeai/downstream/include/sycl/detail/defines_elementary.hpp:62:40: note: expanded from macro '__SYCL2020_DEPRECATED'
     62 | #define __SYCL2020_DEPRECATED(message) __SYCL_DEPRECATED(message)
        |                                        ^
  /home/edgeai/downstream/include/sycl/detail/defines_elementary.hpp:53:38: note: expanded from macro '__SYCL_DEPRECATED'
     53 | #define __SYCL_DEPRECATED(message) [[deprecated(message)]]
        |                                      ^
  In file included from <built-in>:1:
  In file included from /tmp/icpx-9be5f1729e/esimd_kernel-header-1180a1.h:6:
  /home/edgeai/downstream/include/sycl/access/access.hpp:153:30: warning: 'constant_space' is deprecated: sycl::access::address_space::constant_space is deprecated since SYCL 2020 [-Wdeprecated-declarations]
    153 |       access::address_space::constant_space;
        |                              ^
  /home/edgeai/downstream/include/sycl/access/access.hpp:53:18: note: 'constant_space' has been explicitly marked deprecated here
     53 |   constant_space __SYCL2020_DEPRECATED("sycl::access::address_space::constant_"
        |                  ^
  /home/edgeai/downstream/include/sycl/detail/defines_elementary.hpp:62:40: note: expanded from macro '__SYCL2020_DEPRECATED'
     62 | #define __SYCL2020_DEPRECATED(message) __SYCL_DEPRECATED(message)
        |                                        ^
  /home/edgeai/downstream/include/sycl/detail/defines_elementary.hpp:53:38: note: expanded from macro '__SYCL_DEPRECATED'
     53 | #define __SYCL_DEPRECATED(message) [[deprecated(message)]]
        |                                      ^
  In file included from /home/edgeai/esimd_learning/csrc/xpu/esimd_kernel.sycl:1:
  In file included from /home/edgeai/downstream/lib/python3.12/site-packages/torch/include/ATen/ATen.h:8:
  In file included from /home/edgeai/downstream/lib/python3.12/site-packages/torch/include/ATen/Context.h:5:
  In file included from /home/edgeai/downstream/lib/python3.12/site-packages/torch/include/ATen/CPUGeneratorImpl.h:4:
  In file included from /home/edgeai/downstream/lib/python3.12/site-packages/torch/include/ATen/core/Generator.h:19:
  In file included from /home/edgeai/downstream/lib/python3.12/site-packages/torch/include/c10/core/GeneratorImpl.h:9:
  In file included from /home/edgeai/downstream/lib/python3.12/site-packages/torch/include/c10/core/TensorImpl.h:12:
  In file included from /home/edgeai/downstream/lib/python3.12/site-packages/torch/include/c10/core/ScalarType.h:4:
  In file included from /home/edgeai/downstream/lib/python3.12/site-packages/torch/include/c10/util/BFloat16.h:2:
  In file included from /home/edgeai/downstream/lib/python3.12/site-packages/torch/include/torch/headeronly/util/BFloat16.h:22:
  In file included from /home/edgeai/downstream/include/sycl/sycl.hpp:49:
  In file included from /home/edgeai/downstream/include/sycl/detail/core.hpp:21:
  In file included from /home/edgeai/downstream/include/sycl/accessor.hpp:12:
  In file included from /home/edgeai/downstream/include/sycl/buffer.hpp:12:
  /home/edgeai/downstream/include/sycl/backend_types.hpp:42:17: warning: 'host' is deprecated: 'host' backend is no longer supported [-Wdeprecated-declarations]
     42 |   case backend::host:
        |                 ^
  /home/edgeai/downstream/include/sycl/backend_types.hpp:19:8: note: 'host' has been explicitly marked deprecated here
     19 |   host __SYCL2020_DEPRECATED("'host' backend is no longer supported") = 0,
        |        ^
  /home/edgeai/downstream/include/sycl/detail/defines_elementary.hpp:62:40: note: expanded from macro '__SYCL2020_DEPRECATED'
     62 | #define __SYCL2020_DEPRECATED(message) __SYCL_DEPRECATED(message)
        |                                        ^
  /home/edgeai/downstream/include/sycl/detail/defines_elementary.hpp:53:38: note: expanded from macro '__SYCL_DEPRECATED'
     53 | #define __SYCL_DEPRECATED(message) [[deprecated(message)]]
        |                                      ^
  In file included from /home/edgeai/esimd_learning/csrc/xpu/esimd_kernel.sycl:1:
  In file included from /home/edgeai/downstream/lib/python3.12/site-packages/torch/include/ATen/ATen.h:8:
  In file included from /home/edgeai/downstream/lib/python3.12/site-packages/torch/include/ATen/Context.h:5:
  In file included from /home/edgeai/downstream/lib/python3.12/site-packages/torch/include/ATen/CPUGeneratorImpl.h:4:
  In file included from /home/edgeai/downstream/lib/python3.12/site-packages/torch/include/ATen/core/Generator.h:19:
  In file included from /home/edgeai/downstream/lib/python3.12/site-packages/torch/include/c10/core/GeneratorImpl.h:9:
  In file included from /home/edgeai/downstream/lib/python3.12/site-packages/torch/include/c10/core/TensorImpl.h:12:
  In file included from /home/edgeai/downstream/lib/python3.12/site-packages/torch/include/c10/core/ScalarType.h:4:
  In file included from /home/edgeai/downstream/lib/python3.12/site-packages/torch/include/c10/util/BFloat16.h:2:
  In file included from /home/edgeai/downstream/lib/python3.12/site-packages/torch/include/torch/headeronly/util/BFloat16.h:22:
  In file included from /home/edgeai/downstream/include/sycl/sycl.hpp:49:
  In file included from /home/edgeai/downstream/include/sycl/detail/core.hpp:21:
  In file included from /home/edgeai/downstream/include/sycl/accessor.hpp:12:
  In file included from /home/edgeai/downstream/include/sycl/buffer.hpp:12:
  /home/edgeai/downstream/include/sycl/backend_types.hpp:72:17: warning: 'host' is deprecated: 'host' backend is no longer supported [-Wdeprecated-declarations]
     72 |   case backend::host:
        |                 ^
  /home/edgeai/downstream/include/sycl/backend_types.hpp:19:8: note: 'host' has been explicitly marked deprecated here
     19 |   host __SYCL2020_DEPRECATED("'host' backend is no longer supported") = 0,
        |        ^
  /home/edgeai/downstream/include/sycl/detail/defines_elementary.hpp:62:40: note: expanded from macro '__SYCL2020_DEPRECATED'
     62 | #define __SYCL2020_DEPRECATED(message) __SYCL_DEPRECATED(message)
        |                                        ^
  /home/edgeai/downstream/include/sycl/detail/defines_elementary.hpp:53:38: note: expanded from macro '__SYCL_DEPRECATED'
     53 | #define __SYCL_DEPRECATED(message) [[deprecated(message)]]
        |                                      ^
  In file included from /home/edgeai/esimd_learning/csrc/xpu/esimd_kernel.sycl:1:
  In file included from /home/edgeai/downstream/lib/python3.12/site-packages/torch/include/ATen/ATen.h:8:
  In file included from /home/edgeai/downstream/lib/python3.12/site-packages/torch/include/ATen/Context.h:5:
  In file included from /home/edgeai/downstream/lib/python3.12/site-packages/torch/include/ATen/CPUGeneratorImpl.h:4:
  In file included from /home/edgeai/downstream/lib/python3.12/site-packages/torch/include/ATen/core/Generator.h:19:
  In file included from /home/edgeai/downstream/lib/python3.12/site-packages/torch/include/c10/core/GeneratorImpl.h:9:
  In file included from /home/edgeai/downstream/lib/python3.12/site-packages/torch/include/c10/core/TensorImpl.h:12:
  In file included from /home/edgeai/downstream/lib/python3.12/site-packages/torch/include/c10/core/ScalarType.h:4:
  In file included from /home/edgeai/downstream/lib/python3.12/site-packages/torch/include/c10/util/BFloat16.h:2:
  In file included from /home/edgeai/downstream/lib/python3.12/site-packages/torch/include/torch/headeronly/util/BFloat16.h:22:
  In file included from /home/edgeai/downstream/include/sycl/sycl.hpp:49:
  In file included from /home/edgeai/downstream/include/sycl/detail/core.hpp:21:
  In file included from /home/edgeai/downstream/include/sycl/accessor.hpp:18:
  In file included from /home/edgeai/downstream/include/sycl/detail/generic_type_traits.hpp:12:
  /home/edgeai/downstream/include/sycl/aliases.hpp:143:1: warning: 'cl_char' is deprecated: use sycl::opencl::cl_char instead [-Wdeprecated-declarations]
    143 | __SYCL_2020_MAKE_VECTOR_ALIASES_FOR_VECTOR_LENGTH(2)
        | ^
  /home/edgeai/downstream/include/sycl/aliases.hpp:74:3: note: expanded from macro '__SYCL_2020_MAKE_VECTOR_ALIASES_FOR_VECTOR_LENGTH'
     74 |   __SYCL_MAKE_VECTOR_ALIASES_FOR_OPENCL_TYPES(N)                               \
        |   ^
  /home/edgeai/downstream/include/sycl/aliases.hpp:41:59: note: expanded from macro '__SYCL_MAKE_VECTOR_ALIASES_FOR_OPENCL_TYPES'
     41 |   __SYCL_2020_MAKE_DEPRECATED_VECTOR_ALIAS(cl_char, sycl::cl_char, N, "")      \
        |                                                           ^
  /home/edgeai/downstream/include/sycl/aliases.hpp:104:5: note: 'cl_char' has been explicitly marked deprecated here
    104 |     __SYCL2020_DEPRECATED("use sycl::opencl::cl_char instead") = std::int8_t;
        |     ^
  /home/edgeai/downstream/include/sycl/detail/defines_elementary.hpp:62:40: note: expanded from macro '__SYCL2020_DEPRECATED'
     62 | #define __SYCL2020_DEPRECATED(message) __SYCL_DEPRECATED(message)
        |                                        ^
  /home/edgeai/downstream/include/sycl/detail/defines_elementary.hpp:53:38: note: expanded from macro '__SYCL_DEPRECATED'
     53 | #define __SYCL_DEPRECATED(message) [[deprecated(message)]]
        |                                      ^
  In file included from /home/edgeai/esimd_learning/csrc/xpu/esimd_kernel.sycl:1:
  In file included from /home/edgeai/downstream/lib/python3.12/site-packages/torch/include/ATen/ATen.h:8:
  In file included from /home/edgeai/downstream/lib/python3.12/site-packages/torch/include/ATen/Context.h:5:
  In file included from /home/edgeai/downstream/lib/python3.12/site-packages/torch/include/ATen/CPUGeneratorImpl.h:4:
  In file included from /home/edgeai/downstream/lib/python3.12/site-packages/torch/include/ATen/core/Generator.h:19:
  In file included from /home/edgeai/downstream/lib/python3.12/site-packages/torch/include/c10/core/GeneratorImpl.h:9:
  In file included from /home/edgeai/downstream/lib/python3.12/site-packages/torch/include/c10/core/TensorImpl.h:12:
  In file included from /home/edgeai/downstream/lib/python3.12/site-packages/torch/include/c10/core/ScalarType.h:4:
  In file included from /home/edgeai/downstream/lib/python3.12/site-packages/torch/include/c10/util/BFloat16.h:2:
  In file included from /home/edgeai/downstream/lib/python3.12/site-packages/torch/include/torch/headeronly/util/BFloat16.h:22:
  In file included from /home/edgeai/downstream/include/sycl/sycl.hpp:49:
  In file included from /home/edgeai/downstream/include/sycl/detail/core.hpp:21:
  In file included from /home/edgeai/downstream/include/sycl/accessor.hpp:18:
  In file included from /home/edgeai/downstream/include/sycl/detail/generic_type_traits.hpp:12:
  /home/edgeai/downstream/include/sycl/aliases.hpp:143:1: warning: 'cl_uchar' is deprecated: use sycl::opencl::cl_uchar instead [-Wdeprecated-declarations]
    143 | __SYCL_2020_MAKE_VECTOR_ALIASES_FOR_VECTOR_LENGTH(2)
        | ^
  /home/edgeai/downstream/include/sycl/aliases.hpp:74:3: note: expanded from macro '__SYCL_2020_MAKE_VECTOR_ALIASES_FOR_VECTOR_LENGTH'
     74 |   __SYCL_MAKE_VECTOR_ALIASES_FOR_OPENCL_TYPES(N)                               \
        |   ^
  /home/edgeai/downstream/include/sycl/aliases.hpp:42:60: note: expanded from macro '__SYCL_MAKE_VECTOR_ALIASES_FOR_OPENCL_TYPES'
     42 |   __SYCL_2020_MAKE_DEPRECATED_VECTOR_ALIAS(cl_uchar, sycl::cl_uchar, N, "")    \
        |                                                            ^
  /home/edgeai/downstream/include/sycl/aliases.hpp:106:5: note: 'cl_uchar' has been explicitly marked deprecated here
    106 |     __SYCL2020_DEPRECATED("use sycl::opencl::cl_uchar instead") = std::uint8_t;
        |     ^
  /home/edgeai/downstream/include/sycl/detail/defines_elementary.hpp:62:40: note: expanded from macro '__SYCL2020_DEPRECATED'
     62 | #define __SYCL2020_DEPRECATED(message) __SYCL_DEPRECATED(message)
        |                                        ^
  /home/edgeai/downstream/include/sycl/detail/defines_elementary.hpp:53:38: note: expanded from macro '__SYCL_DEPRECATED'
     53 | #define __SYCL_DEPRECATED(message) [[deprecated(message)]]
        |                                      ^
  In file included from /home/edgeai/esimd_learning/csrc/xpu/esimd_kernel.sycl:1:
  In file included from /home/edgeai/downstream/lib/python3.12/site-packages/torch/include/ATen/ATen.h:8:
  In file included from /home/edgeai/downstream/lib/python3.12/site-packages/torch/include/ATen/Context.h:5:
  In file included from /home/edgeai/downstream/lib/python3.12/site-packages/torch/include/ATen/CPUGeneratorImpl.h:4:
  In file included from /home/edgeai/downstream/lib/python3.12/site-packages/torch/include/ATen/core/Generator.h:19:
  In file included from /home/edgeai/downstream/lib/python3.12/site-packages/torch/include/c10/core/GeneratorImpl.h:9:
  In file included from /home/edgeai/downstream/lib/python3.12/site-packages/torch/include/c10/core/TensorImpl.h:12:
  In file included from /home/edgeai/downstream/lib/python3.12/site-packages/torch/include/c10/core/ScalarType.h:4:
  In file included from /home/edgeai/downstream/lib/python3.12/site-packages/torch/include/c10/util/BFloat16.h:2:
  In file included from /home/edgeai/downstream/lib/python3.12/site-packages/torch/include/torch/headeronly/util/BFloat16.h:22:
  In file included from /home/edgeai/downstream/include/sycl/sycl.hpp:49:
  In file included from /home/edgeai/downstream/include/sycl/detail/core.hpp:21:
  In file included from /home/edgeai/downstream/include/sycl/accessor.hpp:18:
  In file included from /home/edgeai/downstream/include/sycl/detail/generic_type_traits.hpp:12:
  /home/edgeai/downstream/include/sycl/aliases.hpp:143:1: warning: 'cl_short' is deprecated: use sycl::opencl::cl_short instead [-Wdeprecated-declarations]
    143 | __SYCL_2020_MAKE_VECTOR_ALIASES_FOR_VECTOR_LENGTH(2)
        | ^
  /home/edgeai/downstream/include/sycl/aliases.hpp:74:3: note: expanded from macro '__SYCL_2020_MAKE_VECTOR_ALIASES_FOR_VECTOR_LENGTH'
     74 |   __SYCL_MAKE_VECTOR_ALIASES_FOR_OPENCL_TYPES(N)                               \
        |   ^
  /home/edgeai/downstream/include/sycl/aliases.hpp:43:60: note: expanded from macro '__SYCL_MAKE_VECTOR_ALIASES_FOR_OPENCL_TYPES'
     43 |   __SYCL_2020_MAKE_DEPRECATED_VECTOR_ALIAS(cl_short, sycl::cl_short, N, "")    \
        |                                                            ^
  /home/edgeai/downstream/include/sycl/aliases.hpp:108:5: note: 'cl_short' has been explicitly marked deprecated here
    108 |     __SYCL2020_DEPRECATED("use sycl::opencl::cl_short instead") = std::int16_t;
        |     ^
  /home/edgeai/downstream/include/sycl/detail/defines_elementary.hpp:62:40: note: expanded from macro '__SYCL2020_DEPRECATED'
     62 | #define __SYCL2020_DEPRECATED(message) __SYCL_DEPRECATED(message)
        |                                        ^
  /home/edgeai/downstream/include/sycl/detail/defines_elementary.hpp:53:38: note: expanded from macro '__SYCL_DEPRECATED'
     53 | #define __SYCL_DEPRECATED(message) [[deprecated(message)]]
        |                                      ^
  In file included from /home/edgeai/esimd_learning/csrc/xpu/esimd_kernel.sycl:1:
  In file included from /home/edgeai/downstream/lib/python3.12/site-packages/torch/include/ATen/ATen.h:8:
  In file included from /home/edgeai/downstream/lib/python3.12/site-packages/torch/include/ATen/Context.h:5:
  In file included from /home/edgeai/downstream/lib/python3.12/site-packages/torch/include/ATen/CPUGeneratorImpl.h:4:
  In file included from /home/edgeai/downstream/lib/python3.12/site-packages/torch/include/ATen/core/Generator.h:19:
  In file included from /home/edgeai/downstream/lib/python3.12/site-packages/torch/include/c10/core/GeneratorImpl.h:9:
  In file included from /home/edgeai/downstream/lib/python3.12/site-packages/torch/include/c10/core/TensorImpl.h:12:
  In file included from /home/edgeai/downstream/lib/python3.12/site-packages/torch/include/c10/core/ScalarType.h:4:
  In file included from /home/edgeai/downstream/lib/python3.12/site-packages/torch/include/c10/util/BFloat16.h:2:
  In file included from /home/edgeai/downstream/lib/python3.12/site-packages/torch/include/torch/headeronly/util/BFloat16.h:22:
  In file included from /home/edgeai/downstream/include/sycl/sycl.hpp:49:
  In file included from /home/edgeai/downstream/include/sycl/detail/core.hpp:21:
  In file included from /home/edgeai/downstream/include/sycl/accessor.hpp:18:
  In file included from /home/edgeai/downstream/include/sycl/detail/generic_type_traits.hpp:12:
  /home/edgeai/downstream/include/sycl/aliases.hpp:143:1: warning: 'cl_ushort' is deprecated: use sycl::opencl::cl_ushort instead [-Wdeprecated-declarations]
    143 | __SYCL_2020_MAKE_VECTOR_ALIASES_FOR_VECTOR_LENGTH(2)
        | ^
  /home/edgeai/downstream/include/sycl/aliases.hpp:74:3: note: expanded from macro '__SYCL_2020_MAKE_VECTOR_ALIASES_FOR_VECTOR_LENGTH'
     74 |   __SYCL_MAKE_VECTOR_ALIASES_FOR_OPENCL_TYPES(N)                               \
        |   ^
  /home/edgeai/downstream/include/sycl/aliases.hpp:44:61: note: expanded from macro '__SYCL_MAKE_VECTOR_ALIASES_FOR_OPENCL_TYPES'
     44 |   __SYCL_2020_MAKE_DEPRECATED_VECTOR_ALIAS(cl_ushort, sycl::cl_ushort, N, "")  \
        |                                                             ^
  /home/edgeai/downstream/include/sycl/aliases.hpp:109:17: note: 'cl_ushort' has been explicitly marked deprecated here
    109 | using cl_ushort __SYCL2020_DEPRECATED("use sycl::opencl::cl_ushort instead") =
        |                 ^
  /home/edgeai/downstream/include/sycl/detail/defines_elementary.hpp:62:40: note: expanded from macro '__SYCL2020_DEPRECATED'
     62 | #define __SYCL2020_DEPRECATED(message) __SYCL_DEPRECATED(message)
        |                                        ^
  /home/edgeai/downstream/include/sycl/detail/defines_elementary.hpp:53:38: note: expanded from macro '__SYCL_DEPRECATED'
     53 | #define __SYCL_DEPRECATED(message) [[deprecated(message)]]
        |                                      ^
  In file included from /home/edgeai/esimd_learning/csrc/xpu/esimd_kernel.sycl:1:
  In file included from /home/edgeai/downstream/lib/python3.12/site-packages/torch/include/ATen/ATen.h:8:
  In file included from /home/edgeai/downstream/lib/python3.12/site-packages/torch/include/ATen/Context.h:5:
  In file included from /home/edgeai/downstream/lib/python3.12/site-packages/torch/include/ATen/CPUGeneratorImpl.h:4:
  In file included from /home/edgeai/downstream/lib/python3.12/site-packages/torch/include/ATen/core/Generator.h:19:
  In file included from /home/edgeai/downstream/lib/python3.12/site-packages/torch/include/c10/core/GeneratorImpl.h:9:
  In file included from /home/edgeai/downstream/lib/python3.12/site-packages/torch/include/c10/core/TensorImpl.h:12:
  In file included from /home/edgeai/downstream/lib/python3.12/site-packages/torch/include/c10/core/ScalarType.h:4:
  In file included from /home/edgeai/downstream/lib/python3.12/site-packages/torch/include/c10/util/BFloat16.h:2:
  In file included from /home/edgeai/downstream/lib/python3.12/site-packages/torch/include/torch/headeronly/util/BFloat16.h:22:
  In file included from /home/edgeai/downstream/include/sycl/sycl.hpp:49:
  In file included from /home/edgeai/downstream/include/sycl/detail/core.hpp:21:
  In file included from /home/edgeai/downstream/include/sycl/accessor.hpp:18:
  In file included from /home/edgeai/downstream/include/sycl/detail/generic_type_traits.hpp:12:
  /home/edgeai/downstream/include/sycl/aliases.hpp:143:1: warning: 'cl_int' is deprecated: use sycl::opencl::cl_int instead [-Wdeprecated-declarations]
    143 | __SYCL_2020_MAKE_VECTOR_ALIASES_FOR_VECTOR_LENGTH(2)
        | ^
  /home/edgeai/downstream/include/sycl/aliases.hpp:74:3: note: expanded from macro '__SYCL_2020_MAKE_VECTOR_ALIASES_FOR_VECTOR_LENGTH'
     74 |   __SYCL_MAKE_VECTOR_ALIASES_FOR_OPENCL_TYPES(N)                               \
        |   ^
  /home/edgeai/downstream/include/sycl/aliases.hpp:45:58: note: expanded from macro '__SYCL_MAKE_VECTOR_ALIASES_FOR_OPENCL_TYPES'
     45 |   __SYCL_2020_MAKE_DEPRECATED_VECTOR_ALIAS(cl_int, sycl::cl_int, N, "")        \
        |                                                          ^
  /home/edgeai/downstream/include/sycl/aliases.hpp:112:5: note: 'cl_int' has been explicitly marked deprecated here
    112 |     __SYCL2020_DEPRECATED("use sycl::opencl::cl_int instead") = std::int32_t;
        |     ^
  /home/edgeai/downstream/include/sycl/detail/defines_elementary.hpp:62:40: note: expanded from macro '__SYCL2020_DEPRECATED'
     62 | #define __SYCL2020_DEPRECATED(message) __SYCL_DEPRECATED(message)
        |                                        ^
  /home/edgeai/downstream/include/sycl/detail/defines_elementary.hpp:53:38: note: expanded from macro '__SYCL_DEPRECATED'
     53 | #define __SYCL_DEPRECATED(message) [[deprecated(message)]]
        |                                      ^
  In file included from /home/edgeai/esimd_learning/csrc/xpu/esimd_kernel.sycl:1:
  In file included from /home/edgeai/downstream/lib/python3.12/site-packages/torch/include/ATen/ATen.h:8:
  In file included from /home/edgeai/downstream/lib/python3.12/site-packages/torch/include/ATen/Context.h:5:
  In file included from /home/edgeai/downstream/lib/python3.12/site-packages/torch/include/ATen/CPUGeneratorImpl.h:4:
  In file included from /home/edgeai/downstream/lib/python3.12/site-packages/torch/include/ATen/core/Generator.h:19:
  In file included from /home/edgeai/downstream/lib/python3.12/site-packages/torch/include/c10/core/GeneratorImpl.h:9:
  In file included from /home/edgeai/downstream/lib/python3.12/site-packages/torch/include/c10/core/TensorImpl.h:12:
  In file included from /home/edgeai/downstream/lib/python3.12/site-packages/torch/include/c10/core/ScalarType.h:4:
  In file included from /home/edgeai/downstream/lib/python3.12/site-packages/torch/include/c10/util/BFloat16.h:2:
  In file included from /home/edgeai/downstream/lib/python3.12/site-packages/torch/include/torch/headeronly/util/BFloat16.h:22:
  In file included from /home/edgeai/downstream/include/sycl/sycl.hpp:49:
  In file included from /home/edgeai/downstream/include/sycl/detail/core.hpp:21:
  In file included from /home/edgeai/downstream/include/sycl/accessor.hpp:18:
  In file included from /home/edgeai/downstream/include/sycl/detail/generic_type_traits.hpp:12:
  /home/edgeai/downstream/include/sycl/aliases.hpp:143:1: warning: 'cl_uint' is deprecated: use sycl::opencl::cl_uint instead [-Wdeprecated-declarations]
    143 | __SYCL_2020_MAKE_VECTOR_ALIASES_FOR_VECTOR_LENGTH(2)
        | ^
  /home/edgeai/downstream/include/sycl/aliases.hpp:74:3: note: expanded from macro '__SYCL_2020_MAKE_VECTOR_ALIASES_FOR_VECTOR_LENGTH'
     74 |   __SYCL_MAKE_VECTOR_ALIASES_FOR_OPENCL_TYPES(N)                               \
        |   ^
  /home/edgeai/downstream/include/sycl/aliases.hpp:46:59: note: expanded from macro '__SYCL_MAKE_VECTOR_ALIASES_FOR_OPENCL_TYPES'
     46 |   __SYCL_2020_MAKE_DEPRECATED_VECTOR_ALIAS(cl_uint, sycl::cl_uint, N, "")      \
        |                                                           ^
  /home/edgeai/downstream/include/sycl/aliases.hpp:114:5: note: 'cl_uint' has been explicitly marked deprecated here
    114 |     __SYCL2020_DEPRECATED("use sycl::opencl::cl_uint instead") = std::uint32_t;
        |     ^
  /home/edgeai/downstream/include/sycl/detail/defines_elementary.hpp:62:40: note: expanded from macro '__SYCL2020_DEPRECATED'
     62 | #define __SYCL2020_DEPRECATED(message) __SYCL_DEPRECATED(message)
        |                                        ^
  /home/edgeai/downstream/include/sycl/detail/defines_elementary.hpp:53:38: note: expanded from macro '__SYCL_DEPRECATED'
     53 | #define __SYCL_DEPRECATED(message) [[deprecated(message)]]
        |                                      ^
  In file included from /home/edgeai/esimd_learning/csrc/xpu/esimd_kernel.sycl:1:
  In file included from /home/edgeai/downstream/lib/python3.12/site-packages/torch/include/ATen/ATen.h:8:
  In file included from /home/edgeai/downstream/lib/python3.12/site-packages/torch/include/ATen/Context.h:5:
  In file included from /home/edgeai/downstream/lib/python3.12/site-packages/torch/include/ATen/CPUGeneratorImpl.h:4:
  In file included from /home/edgeai/downstream/lib/python3.12/site-packages/torch/include/ATen/core/Generator.h:19:
  In file included from /home/edgeai/downstream/lib/python3.12/site-packages/torch/include/c10/core/GeneratorImpl.h:9:
  In file included from /home/edgeai/downstream/lib/python3.12/site-packages/torch/include/c10/core/TensorImpl.h:12:
  In file included from /home/edgeai/downstream/lib/python3.12/site-packages/torch/include/c10/core/ScalarType.h:4:
  In file included from /home/edgeai/downstream/lib/python3.12/site-packages/torch/include/c10/util/BFloat16.h:2:
  In file included from /home/edgeai/downstream/lib/python3.12/site-packages/torch/include/torch/headeronly/util/BFloat16.h:22:
  In file included from /home/edgeai/downstream/include/sycl/sycl.hpp:49:
  In file included from /home/edgeai/downstream/include/sycl/detail/core.hpp:21:
  In file included from /home/edgeai/downstream/include/sycl/accessor.hpp:18:
  In file included from /home/edgeai/downstream/include/sycl/detail/generic_type_traits.hpp:12:
  /home/edgeai/downstream/include/sycl/aliases.hpp:143:1: warning: 'cl_long' is deprecated: use sycl::opencl::cl_long instead [-Wdeprecated-declarations]
    143 | __SYCL_2020_MAKE_VECTOR_ALIASES_FOR_VECTOR_LENGTH(2)
        | ^
  /home/edgeai/downstream/include/sycl/aliases.hpp:74:3: note: expanded from macro '__SYCL_2020_MAKE_VECTOR_ALIASES_FOR_VECTOR_LENGTH'
     74 |   __SYCL_MAKE_VECTOR_ALIASES_FOR_OPENCL_TYPES(N)                               \
        |   ^
  /home/edgeai/downstream/include/sycl/aliases.hpp:47:59: note: expanded from macro '__SYCL_MAKE_VECTOR_ALIASES_FOR_OPENCL_TYPES'
     47 |   __SYCL_2020_MAKE_DEPRECATED_VECTOR_ALIAS(cl_long, sycl::cl_long, N, "")      \
        |                                                           ^
  /home/edgeai/downstream/include/sycl/aliases.hpp:116:5: note: 'cl_long' has been explicitly marked deprecated here
    116 |     __SYCL2020_DEPRECATED("use sycl::opencl::cl_long instead") = std::int64_t;
        |     ^
  /home/edgeai/downstream/include/sycl/detail/defines_elementary.hpp:62:40: note: expanded from macro '__SYCL2020_DEPRECATED'
     62 | #define __SYCL2020_DEPRECATED(message) __SYCL_DEPRECATED(message)
        |                                        ^
  /home/edgeai/downstream/include/sycl/detail/defines_elementary.hpp:53:38: note: expanded from macro '__SYCL_DEPRECATED'
     53 | #define __SYCL_DEPRECATED(message) [[deprecated(message)]]
        |                                      ^
  In file included from /home/edgeai/esimd_learning/csrc/xpu/esimd_kernel.sycl:1:
  In file included from /home/edgeai/downstream/lib/python3.12/site-packages/torch/include/ATen/ATen.h:8:
  In file included from /home/edgeai/downstream/lib/python3.12/site-packages/torch/include/ATen/Context.h:5:
  In file included from /home/edgeai/downstream/lib/python3.12/site-packages/torch/include/ATen/CPUGeneratorImpl.h:4:
  In file included from /home/edgeai/downstream/lib/python3.12/site-packages/torch/include/ATen/core/Generator.h:19:
  In file included from /home/edgeai/downstream/lib/python3.12/site-packages/torch/include/c10/core/GeneratorImpl.h:9:
  In file included from /home/edgeai/downstream/lib/python3.12/site-packages/torch/include/c10/core/TensorImpl.h:12:
  In file included from /home/edgeai/downstream/lib/python3.12/site-packages/torch/include/c10/core/ScalarType.h:4:
  In file included from /home/edgeai/downstream/lib/python3.12/site-packages/torch/include/c10/util/BFloat16.h:2:
  In file included from /home/edgeai/downstream/lib/python3.12/site-packages/torch/include/torch/headeronly/util/BFloat16.h:22:
  In file included from /home/edgeai/downstream/include/sycl/sycl.hpp:49:
  In file included from /home/edgeai/downstream/include/sycl/detail/core.hpp:21:
  In file included from /home/edgeai/downstream/include/sycl/accessor.hpp:18:
  In file included from /home/edgeai/downstream/include/sycl/detail/generic_type_traits.hpp:12:
  /home/edgeai/downstream/include/sycl/aliases.hpp:143:1: warning: 'cl_ulong' is deprecated: use sycl::opencl::cl_ulong instead [-Wdeprecated-declarations]
    143 | __SYCL_2020_MAKE_VECTOR_ALIASES_FOR_VECTOR_LENGTH(2)
        | ^
  /home/edgeai/downstream/include/sycl/aliases.hpp:74:3: note: expanded from macro '__SYCL_2020_MAKE_VECTOR_ALIASES_FOR_VECTOR_LENGTH'
     74 |   __SYCL_MAKE_VECTOR_ALIASES_FOR_OPENCL_TYPES(N)                               \
        |   ^
  /home/edgeai/downstream/include/sycl/aliases.hpp:48:60: note: expanded from macro '__SYCL_MAKE_VECTOR_ALIASES_FOR_OPENCL_TYPES'
     48 |   __SYCL_2020_MAKE_DEPRECATED_VECTOR_ALIAS(cl_ulong, sycl::cl_ulong, N, "")    \
        |                                                            ^
  /home/edgeai/downstream/include/sycl/aliases.hpp:118:5: note: 'cl_ulong' has been explicitly marked deprecated here
    118 |     __SYCL2020_DEPRECATED("use sycl::opencl::cl_ulong instead") = std::uint64_t;
        |     ^
  /home/edgeai/downstream/include/sycl/detail/defines_elementary.hpp:62:40: note: expanded from macro '__SYCL2020_DEPRECATED'
     62 | #define __SYCL2020_DEPRECATED(message) __SYCL_DEPRECATED(message)
        |                                        ^
  /home/edgeai/downstream/include/sycl/detail/defines_elementary.hpp:53:38: note: expanded from macro '__SYCL_DEPRECATED'
     53 | #define __SYCL_DEPRECATED(message) [[deprecated(message)]]
        |                                      ^
  In file included from /home/edgeai/esimd_learning/csrc/xpu/esimd_kernel.sycl:1:
  In file included from /home/edgeai/downstream/lib/python3.12/site-packages/torch/include/ATen/ATen.h:8:
  In file included from /home/edgeai/downstream/lib/python3.12/site-packages/torch/include/ATen/Context.h:5:
  In file included from /home/edgeai/downstream/lib/python3.12/site-packages/torch/include/ATen/CPUGeneratorImpl.h:4:
  In file included from /home/edgeai/downstream/lib/python3.12/site-packages/torch/include/ATen/core/Generator.h:19:
  In file included from /home/edgeai/downstream/lib/python3.12/site-packages/torch/include/c10/core/GeneratorImpl.h:9:
  In file included from /home/edgeai/downstream/lib/python3.12/site-packages/torch/include/c10/core/TensorImpl.h:12:
  In file included from /home/edgeai/downstream/lib/python3.12/site-packages/torch/include/c10/core/ScalarType.h:4:
  In file included from /home/edgeai/downstream/lib/python3.12/site-packages/torch/include/c10/util/BFloat16.h:2:
  In file included from /home/edgeai/downstream/lib/python3.12/site-packages/torch/include/torch/headeronly/util/BFloat16.h:22:
  In file included from /home/edgeai/downstream/include/sycl/sycl.hpp:49:
  In file included from /home/edgeai/downstream/include/sycl/detail/core.hpp:21:
  In file included from /home/edgeai/downstream/include/sycl/accessor.hpp:18:
  In file included from /home/edgeai/downstream/include/sycl/detail/generic_type_traits.hpp:12:
  /home/edgeai/downstream/include/sycl/aliases.hpp:143:1: warning: 'cl_float' is deprecated: use sycl::opencl::cl_float instead [-Wdeprecated-declarations]
    143 | __SYCL_2020_MAKE_VECTOR_ALIASES_FOR_VECTOR_LENGTH(2)
        | ^
  /home/edgeai/downstream/include/sycl/aliases.hpp:74:3: note: expanded from macro '__SYCL_2020_MAKE_VECTOR_ALIASES_FOR_VECTOR_LENGTH'
     74 |   __SYCL_MAKE_VECTOR_ALIASES_FOR_OPENCL_TYPES(N)                               \
        |   ^
  /home/edgeai/downstream/include/sycl/aliases.hpp:49:60: note: expanded from macro '__SYCL_MAKE_VECTOR_ALIASES_FOR_OPENCL_TYPES'
     49 |   __SYCL_2020_MAKE_DEPRECATED_VECTOR_ALIAS(cl_float, sycl::cl_float, N, "")    \
        |                                                            ^
  /home/edgeai/downstream/include/sycl/aliases.hpp:121:5: note: 'cl_float' has been explicitly marked deprecated here
    121 |     __SYCL2020_DEPRECATED("use sycl::opencl::cl_float instead") = float;
        |     ^
  /home/edgeai/downstream/include/sycl/detail/defines_elementary.hpp:62:40: note: expanded from macro '__SYCL2020_DEPRECATED'
     62 | #define __SYCL2020_DEPRECATED(message) __SYCL_DEPRECATED(message)
        |                                        ^
  /home/edgeai/downstream/include/sycl/detail/defines_elementary.hpp:53:38: note: expanded from macro '__SYCL_DEPRECATED'
     53 | #define __SYCL_DEPRECATED(message) [[deprecated(message)]]
        |                                      ^
  In file included from /home/edgeai/esimd_learning/csrc/xpu/esimd_kernel.sycl:1:
  In file included from /home/edgeai/downstream/lib/python3.12/site-packages/torch/include/ATen/ATen.h:8:
  In file included from /home/edgeai/downstream/lib/python3.12/site-packages/torch/include/ATen/Context.h:5:
  In file included from /home/edgeai/downstream/lib/python3.12/site-packages/torch/include/ATen/CPUGeneratorImpl.h:4:
  In file included from /home/edgeai/downstream/lib/python3.12/site-packages/torch/include/ATen/core/Generator.h:19:
  In file included from /home/edgeai/downstream/lib/python3.12/site-packages/torch/include/c10/core/GeneratorImpl.h:9:
  In file included from /home/edgeai/downstream/lib/python3.12/site-packages/torch/include/c10/core/TensorImpl.h:12:
  In file included from /home/edgeai/downstream/lib/python3.12/site-packages/torch/include/c10/core/ScalarType.h:4:
  In file included from /home/edgeai/downstream/lib/python3.12/site-packages/torch/include/c10/util/BFloat16.h:2:
  In file included from /home/edgeai/downstream/lib/python3.12/site-packages/torch/include/torch/headeronly/util/BFloat16.h:22:
  In file included from /home/edgeai/downstream/include/sycl/sycl.hpp:49:
  In file included from /home/edgeai/downstream/include/sycl/detail/core.hpp:21:
  In file included from /home/edgeai/downstream/include/sycl/accessor.hpp:18:
  In file included from /home/edgeai/downstream/include/sycl/detail/generic_type_traits.hpp:12:
  /home/edgeai/downstream/include/sycl/aliases.hpp:143:1: warning: 'cl_double' is deprecated: use sycl::opencl::cl_double instead [-Wdeprecated-declarations]
    143 | __SYCL_2020_MAKE_VECTOR_ALIASES_FOR_VECTOR_LENGTH(2)
        | ^
  /home/edgeai/downstream/include/sycl/aliases.hpp:74:3: note: expanded from macro '__SYCL_2020_MAKE_VECTOR_ALIASES_FOR_VECTOR_LENGTH'
     74 |   __SYCL_MAKE_VECTOR_ALIASES_FOR_OPENCL_TYPES(N)                               \
        |   ^
  /home/edgeai/downstream/include/sycl/aliases.hpp:50:61: note: expanded from macro '__SYCL_MAKE_VECTOR_ALIASES_FOR_OPENCL_TYPES'
     50 |   __SYCL_2020_MAKE_DEPRECATED_VECTOR_ALIAS(cl_double, sycl::cl_double, N, "")  \
        |                                                             ^
  /home/edgeai/downstream/include/sycl/aliases.hpp:123:5: note: 'cl_double' has been explicitly marked deprecated here
    123 |     __SYCL2020_DEPRECATED("use sycl::opencl::cl_double instead") = double;
        |     ^
  /home/edgeai/downstream/include/sycl/detail/defines_elementary.hpp:62:40: note: expanded from macro '__SYCL2020_DEPRECATED'
     62 | #define __SYCL2020_DEPRECATED(message) __SYCL_DEPRECATED(message)
        |                                        ^
  /home/edgeai/downstream/include/sycl/detail/defines_elementary.hpp:53:38: note: expanded from macro '__SYCL_DEPRECATED'
     53 | #define __SYCL_DEPRECATED(message) [[deprecated(message)]]
        |                                      ^
  In file included from /home/edgeai/esimd_learning/csrc/xpu/esimd_kernel.sycl:1:
  In file included from /home/edgeai/downstream/lib/python3.12/site-packages/torch/include/ATen/ATen.h:8:
  In file included from /home/edgeai/downstream/lib/python3.12/site-packages/torch/include/ATen/Context.h:5:
  In file included from /home/edgeai/downstream/lib/python3.12/site-packages/torch/include/ATen/CPUGeneratorImpl.h:4:
  In file included from /home/edgeai/downstream/lib/python3.12/site-packages/torch/include/ATen/core/Generator.h:19:
  In file included from /home/edgeai/downstream/lib/python3.12/site-packages/torch/include/c10/core/GeneratorImpl.h:9:
  In file included from /home/edgeai/downstream/lib/python3.12/site-packages/torch/include/c10/core/TensorImpl.h:12:
  In file included from /home/edgeai/downstream/lib/python3.12/site-packages/torch/include/c10/core/ScalarType.h:4:
  In file included from /home/edgeai/downstream/lib/python3.12/site-packages/torch/include/c10/util/BFloat16.h:2:
  In file included from /home/edgeai/downstream/lib/python3.12/site-packages/torch/include/torch/headeronly/util/BFloat16.h:22:
  In file included from /home/edgeai/downstream/include/sycl/sycl.hpp:49:
  In file included from /home/edgeai/downstream/include/sycl/detail/core.hpp:21:
  In file included from /home/edgeai/downstream/include/sycl/accessor.hpp:18:
  In file included from /home/edgeai/downstream/include/sycl/detail/generic_type_traits.hpp:12:
  /home/edgeai/downstream/include/sycl/aliases.hpp:143:1: warning: 'cl_half' is deprecated: use sycl::opencl::cl_half instead [-Wdeprecated-declarations]
    143 | __SYCL_2020_MAKE_VECTOR_ALIASES_FOR_VECTOR_LENGTH(2)
        | ^
  /home/edgeai/downstream/include/sycl/aliases.hpp:74:3: note: expanded from macro '__SYCL_2020_MAKE_VECTOR_ALIASES_FOR_VECTOR_LENGTH'
     74 |   __SYCL_MAKE_VECTOR_ALIASES_FOR_OPENCL_TYPES(N)                               \
        |   ^
  /home/edgeai/downstream/include/sycl/aliases.hpp:51:59: note: expanded from macro '__SYCL_MAKE_VECTOR_ALIASES_FOR_OPENCL_TYPES'
     51 |   __SYCL_2020_MAKE_DEPRECATED_VECTOR_ALIAS(cl_half, sycl::cl_half, N, "")
        |                                                           ^
  /home/edgeai/downstream/include/sycl/aliases.hpp:119:15: note: 'cl_half' has been explicitly marked deprecated here
    119 | using cl_half __SYCL2020_DEPRECATED("use sycl::opencl::cl_half instead") = half;
        |               ^
  /home/edgeai/downstream/include/sycl/detail/defines_elementary.hpp:62:40: note: expanded from macro '__SYCL2020_DEPRECATED'
     62 | #define __SYCL2020_DEPRECATED(message) __SYCL_DEPRECATED(message)
        |                                        ^
  /home/edgeai/downstream/include/sycl/detail/defines_elementary.hpp:53:38: note: expanded from macro '__SYCL_DEPRECATED'
     53 | #define __SYCL_DEPRECATED(message) [[deprecated(message)]]
        |                                      ^
  In file included from /home/edgeai/esimd_learning/csrc/xpu/esimd_kernel.sycl:1:
  In file included from /home/edgeai/downstream/lib/python3.12/site-packages/torch/include/ATen/ATen.h:8:
  In file included from /home/edgeai/downstream/lib/python3.12/site-packages/torch/include/ATen/Context.h:5:
  In file included from /home/edgeai/downstream/lib/python3.12/site-packages/torch/include/ATen/CPUGeneratorImpl.h:4:
  In file included from /home/edgeai/downstream/lib/python3.12/site-packages/torch/include/ATen/core/Generator.h:19:
  In file included from /home/edgeai/downstream/lib/python3.12/site-packages/torch/include/c10/core/GeneratorImpl.h:9:
  In file included from /home/edgeai/downstream/lib/python3.12/site-packages/torch/include/c10/core/TensorImpl.h:12:
  In file included from /home/edgeai/downstream/lib/python3.12/site-packages/torch/include/c10/core/ScalarType.h:4:
  In file included from /home/edgeai/downstream/lib/python3.12/site-packages/torch/include/c10/util/BFloat16.h:2:
  In file included from /home/edgeai/downstream/lib/python3.12/site-packages/torch/include/torch/headeronly/util/BFloat16.h:22:
  In file included from /home/edgeai/downstream/include/sycl/sycl.hpp:49:
  In file included from /home/edgeai/downstream/include/sycl/detail/core.hpp:21:
  In file included from /home/edgeai/downstream/include/sycl/accessor.hpp:18:
  In file included from /home/edgeai/downstream/include/sycl/detail/generic_type_traits.hpp:12:
  /home/edgeai/downstream/include/sycl/aliases.hpp:144:1: warning: 'cl_char' is deprecated: use sycl::opencl::cl_char instead [-Wdeprecated-declarations]
    144 | __SYCL_2020_MAKE_VECTOR_ALIASES_FOR_VECTOR_LENGTH(3)
        | ^
  /home/edgeai/downstream/include/sycl/aliases.hpp:74:3: note: expanded from macro '__SYCL_2020_MAKE_VECTOR_ALIASES_FOR_VECTOR_LENGTH'
     74 |   __SYCL_MAKE_VECTOR_ALIASES_FOR_OPENCL_TYPES(N)                               \
        |   ^
  /home/edgeai/downstream/include/sycl/aliases.hpp:41:59: note: expanded from macro '__SYCL_MAKE_VECTOR_ALIASES_FOR_OPENCL_TYPES'
     41 |   __SYCL_2020_MAKE_DEPRECATED_VECTOR_ALIAS(cl_char, sycl::cl_char, N, "")      \
        |                                                           ^
  /home/edgeai/downstream/include/sycl/aliases.hpp:104:5: note: 'cl_char' has been explicitly marked deprecated here
    104 |     __SYCL2020_DEPRECATED("use sycl::opencl::cl_char instead") = std::int8_t;
        |     ^
  /home/edgeai/downstream/include/sycl/detail/defines_elementary.hpp:62:40: note: expanded from macro '__SYCL2020_DEPRECATED'
     62 | #define __SYCL2020_DEPRECATED(message) __SYCL_DEPRECATED(message)
        |                                        ^
  /home/edgeai/downstream/include/sycl/detail/defines_elementary.hpp:53:38: note: expanded from macro '__SYCL_DEPRECATED'
     53 | #define __SYCL_DEPRECATED(message) [[deprecated(message)]]
        |                                      ^
  In file included from /home/edgeai/esimd_learning/csrc/xpu/esimd_kernel.sycl:1:
  In file included from /home/edgeai/downstream/lib/python3.12/site-packages/torch/include/ATen/ATen.h:8:
  In file included from /home/edgeai/downstream/lib/python3.12/site-packages/torch/include/ATen/Context.h:5:
  In file included from /home/edgeai/downstream/lib/python3.12/site-packages/torch/include/ATen/CPUGeneratorImpl.h:4:
  In file included from /home/edgeai/downstream/lib/python3.12/site-packages/torch/include/ATen/core/Generator.h:19:
  In file included from /home/edgeai/downstream/lib/python3.12/site-packages/torch/include/c10/core/GeneratorImpl.h:9:
  In file included from /home/edgeai/downstream/lib/python3.12/site-packages/torch/include/c10/core/TensorImpl.h:12:
  In file included from /home/edgeai/downstream/lib/python3.12/site-packages/torch/include/c10/core/ScalarType.h:4:
  In file included from /home/edgeai/downstream/lib/python3.12/site-packages/torch/include/c10/util/BFloat16.h:2:
  In file included from /home/edgeai/downstream/lib/python3.12/site-packages/torch/include/torch/headeronly/util/BFloat16.h:22:
  In file included from /home/edgeai/downstream/include/sycl/sycl.hpp:49:
  In file included from /home/edgeai/downstream/include/sycl/detail/core.hpp:21:
  In file included from /home/edgeai/downstream/include/sycl/accessor.hpp:18:
  In file included from /home/edgeai/downstream/include/sycl/detail/generic_type_traits.hpp:12:
  /home/edgeai/downstream/include/sycl/aliases.hpp:144:1: warning: 'cl_uchar' is deprecated: use sycl::opencl::cl_uchar instead [-Wdeprecated-declarations]
    144 | __SYCL_2020_MAKE_VECTOR_ALIASES_FOR_VECTOR_LENGTH(3)
        | ^
  /home/edgeai/downstream/include/sycl/aliases.hpp:74:3: note: expanded from macro '__SYCL_2020_MAKE_VECTOR_ALIASES_FOR_VECTOR_LENGTH'
     74 |   __SYCL_MAKE_VECTOR_ALIASES_FOR_OPENCL_TYPES(N)                               \
        |   ^
  /home/edgeai/downstream/include/sycl/aliases.hpp:42:60: note: expanded from macro '__SYCL_MAKE_VECTOR_ALIASES_FOR_OPENCL_TYPES'
     42 |   __SYCL_2020_MAKE_DEPRECATED_VECTOR_ALIAS(cl_uchar, sycl::cl_uchar, N, "")    \
        |                                                            ^
  /home/edgeai/downstream/include/sycl/aliases.hpp:106:5: note: 'cl_uchar' has been explicitly marked deprecated here
    106 |     __SYCL2020_DEPRECATED("use sycl::opencl::cl_uchar instead") = std::uint8_t;
        |     ^
  /home/edgeai/downstream/include/sycl/detail/defines_elementary.hpp:62:40: note: expanded from macro '__SYCL2020_DEPRECATED'
     62 | #define __SYCL2020_DEPRECATED(message) __SYCL_DEPRECATED(message)
        |                                        ^
  /home/edgeai/downstream/include/sycl/detail/defines_elementary.hpp:53:38: note: expanded from macro '__SYCL_DEPRECATED'
     53 | #define __SYCL_DEPRECATED(message) [[deprecated(message)]]
        |                                      ^
  In file included from /home/edgeai/esimd_learning/csrc/xpu/esimd_kernel.sycl:1:
  In file included from /home/edgeai/downstream/lib/python3.12/site-packages/torch/include/ATen/ATen.h:8:
  In file included from /home/edgeai/downstream/lib/python3.12/site-packages/torch/include/ATen/Context.h:5:
  In file included from /home/edgeai/downstream/lib/python3.12/site-packages/torch/include/ATen/CPUGeneratorImpl.h:4:
  In file included from /home/edgeai/downstream/lib/python3.12/site-packages/torch/include/ATen/core/Generator.h:19:
  In file included from /home/edgeai/downstream/lib/python3.12/site-packages/torch/include/c10/core/GeneratorImpl.h:9:
  In file included from /home/edgeai/downstream/lib/python3.12/site-packages/torch/include/c10/core/TensorImpl.h:12:
  In file included from /home/edgeai/downstream/lib/python3.12/site-packages/torch/include/c10/core/ScalarType.h:4:
  In file included from /home/edgeai/downstream/lib/python3.12/site-packages/torch/include/c10/util/BFloat16.h:2:
  In file included from /home/edgeai/downstream/lib/python3.12/site-packages/torch/include/torch/headeronly/util/BFloat16.h:22:
  In file included from /home/edgeai/downstream/include/sycl/sycl.hpp:49:
  In file included from /home/edgeai/downstream/include/sycl/detail/core.hpp:21:
  In file included from /home/edgeai/downstream/include/sycl/accessor.hpp:18:
  In file included from /home/edgeai/downstream/include/sycl/detail/generic_type_traits.hpp:12:
  /home/edgeai/downstream/include/sycl/aliases.hpp:144:1: warning: 'cl_short' is deprecated: use sycl::opencl::cl_short instead [-Wdeprecated-declarations]
    144 | __SYCL_2020_MAKE_VECTOR_ALIASES_FOR_VECTOR_LENGTH(3)
        | ^
  /home/edgeai/downstream/include/sycl/aliases.hpp:74:3: note: expanded from macro '__SYCL_2020_MAKE_VECTOR_ALIASES_FOR_VECTOR_LENGTH'
     74 |   __SYCL_MAKE_VECTOR_ALIASES_FOR_OPENCL_TYPES(N)                               \
        |   ^
  /home/edgeai/downstream/include/sycl/aliases.hpp:43:60: note: expanded from macro '__SYCL_MAKE_VECTOR_ALIASES_FOR_OPENCL_TYPES'
     43 |   __SYCL_2020_MAKE_DEPRECATED_VECTOR_ALIAS(cl_short, sycl::cl_short, N, "")    \
        |                                                            ^
  /home/edgeai/downstream/include/sycl/aliases.hpp:108:5: note: 'cl_short' has been explicitly marked deprecated here
    108 |     __SYCL2020_DEPRECATED("use sycl::opencl::cl_short instead") = std::int16_t;
        |     ^
  /home/edgeai/downstream/include/sycl/detail/defines_elementary.hpp:62:40: note: expanded from macro '__SYCL2020_DEPRECATED'
     62 | #define __SYCL2020_DEPRECATED(message) __SYCL_DEPRECATED(message)
        |                                        ^
  /home/edgeai/downstream/include/sycl/detail/defines_elementary.hpp:53:38: note: expanded from macro '__SYCL_DEPRECATED'
     53 | #define __SYCL_DEPRECATED(message) [[deprecated(message)]]
        |                                      ^
  In file included from /home/edgeai/esimd_learning/csrc/xpu/esimd_kernel.sycl:1:
  In file included from /home/edgeai/downstream/lib/python3.12/site-packages/torch/include/ATen/ATen.h:8:
  In file included from /home/edgeai/downstream/lib/python3.12/site-packages/torch/include/ATen/Context.h:5:
  In file included from /home/edgeai/downstream/lib/python3.12/site-packages/torch/include/ATen/CPUGeneratorImpl.h:4:
  In file included from /home/edgeai/downstream/lib/python3.12/site-packages/torch/include/ATen/core/Generator.h:19:
  In file included from /home/edgeai/downstream/lib/python3.12/site-packages/torch/include/c10/core/GeneratorImpl.h:9:
  In file included from /home/edgeai/downstream/lib/python3.12/site-packages/torch/include/c10/core/TensorImpl.h:12:
  In file included from /home/edgeai/downstream/lib/python3.12/site-packages/torch/include/c10/core/ScalarType.h:4:
  In file included from /home/edgeai/downstream/lib/python3.12/site-packages/torch/include/c10/util/BFloat16.h:2:
  In file included from /home/edgeai/downstream/lib/python3.12/site-packages/torch/include/torch/headeronly/util/BFloat16.h:22:
  In file included from /home/edgeai/downstream/include/sycl/sycl.hpp:49:
  In file included from /home/edgeai/downstream/include/sycl/detail/core.hpp:21:
  In file included from /home/edgeai/downstream/include/sycl/accessor.hpp:18:
  In file included from /home/edgeai/downstream/include/sycl/detail/generic_type_traits.hpp:12:
  /home/edgeai/downstream/include/sycl/aliases.hpp:144:1: warning: 'cl_ushort' is deprecated: use sycl::opencl::cl_ushort instead [-Wdeprecated-declarations]
    144 | __SYCL_2020_MAKE_VECTOR_ALIASES_FOR_VECTOR_LENGTH(3)
        | ^
  /home/edgeai/downstream/include/sycl/aliases.hpp:74:3: note: expanded from macro '__SYCL_2020_MAKE_VECTOR_ALIASES_FOR_VECTOR_LENGTH'
     74 |   __SYCL_MAKE_VECTOR_ALIASES_FOR_OPENCL_TYPES(N)                               \
        |   ^
  /home/edgeai/downstream/include/sycl/aliases.hpp:44:61: note: expanded from macro '__SYCL_MAKE_VECTOR_ALIASES_FOR_OPENCL_TYPES'
     44 |   __SYCL_2020_MAKE_DEPRECATED_VECTOR_ALIAS(cl_ushort, sycl::cl_ushort, N, "")  \
        |                                                             ^
  /home/edgeai/downstream/include/sycl/aliases.hpp:109:17: note: 'cl_ushort' has been explicitly marked deprecated here
    109 | using cl_ushort __SYCL2020_DEPRECATED("use sycl::opencl::cl_ushort instead") =
        |                 ^
  /home/edgeai/downstream/include/sycl/detail/defines_elementary.hpp:62:40: note: expanded from macro '__SYCL2020_DEPRECATED'
     62 | #define __SYCL2020_DEPRECATED(message) __SYCL_DEPRECATED(message)
        |                                        ^
  /home/edgeai/downstream/include/sycl/detail/defines_elementary.hpp:53:38: note: expanded from macro '__SYCL_DEPRECATED'
     53 | #define __SYCL_DEPRECATED(message) [[deprecated(message)]]
        |                                      ^
  In file included from /home/edgeai/esimd_learning/csrc/xpu/esimd_kernel.sycl:1:
  In file included from /home/edgeai/downstream/lib/python3.12/site-packages/torch/include/ATen/ATen.h:8:
  In file included from /home/edgeai/downstream/lib/python3.12/site-packages/torch/include/ATen/Context.h:5:
  In file included from /home/edgeai/downstream/lib/python3.12/site-packages/torch/include/ATen/CPUGeneratorImpl.h:4:
  In file included from /home/edgeai/downstream/lib/python3.12/site-packages/torch/include/ATen/core/Generator.h:19:
  In file included from /home/edgeai/downstream/lib/python3.12/site-packages/torch/include/c10/core/GeneratorImpl.h:9:
  In file included from /home/edgeai/downstream/lib/python3.12/site-packages/torch/include/c10/core/TensorImpl.h:12:
  In file included from /home/edgeai/downstream/lib/python3.12/site-packages/torch/include/c10/core/ScalarType.h:4:
  In file included from /home/edgeai/downstream/lib/python3.12/site-packages/torch/include/c10/util/BFloat16.h:2:
  In file included from /home/edgeai/downstream/lib/python3.12/site-packages/torch/include/torch/headeronly/util/BFloat16.h:22:
  In file included from /home/edgeai/downstream/include/sycl/sycl.hpp:49:
  In file included from /home/edgeai/downstream/include/sycl/detail/core.hpp:21:
  In file included from /home/edgeai/downstream/include/sycl/accessor.hpp:18:
  In file included from /home/edgeai/downstream/include/sycl/detail/generic_type_traits.hpp:12:
  /home/edgeai/downstream/include/sycl/aliases.hpp:144:1: warning: 'cl_int' is deprecated: use sycl::opencl::cl_int instead [-Wdeprecated-declarations]
    144 | __SYCL_2020_MAKE_VECTOR_ALIASES_FOR_VECTOR_LENGTH(3)
        | ^
  /home/edgeai/downstream/include/sycl/aliases.hpp:74:3: note: expanded from macro '__SYCL_2020_MAKE_VECTOR_ALIASES_FOR_VECTOR_LENGTH'
     74 |   __SYCL_MAKE_VECTOR_ALIASES_FOR_OPENCL_TYPES(N)                               \
        |   ^
  /home/edgeai/downstream/include/sycl/aliases.hpp:45:58: note: expanded from macro '__SYCL_MAKE_VECTOR_ALIASES_FOR_OPENCL_TYPES'
     45 |   __SYCL_2020_MAKE_DEPRECATED_VECTOR_ALIAS(cl_int, sycl::cl_int, N, "")        \
        |                                                          ^
  /home/edgeai/downstream/include/sycl/aliases.hpp:112:5: note: 'cl_int' has been explicitly marked deprecated here
    112 |     __SYCL2020_DEPRECATED("use sycl::opencl::cl_int instead") = std::int32_t;
        |     ^
  /home/edgeai/downstream/include/sycl/detail/defines_elementary.hpp:62:40: note: expanded from macro '__SYCL2020_DEPRECATED'
     62 | #define __SYCL2020_DEPRECATED(message) __SYCL_DEPRECATED(message)
        |                                        ^
  /home/edgeai/downstream/include/sycl/detail/defines_elementary.hpp:53:38: note: expanded from macro '__SYCL_DEPRECATED'
     53 | #define __SYCL_DEPRECATED(message) [[deprecated(message)]]
        |                                      ^
  In file included from /home/edgeai/esimd_learning/csrc/xpu/esimd_kernel.sycl:1:
  In file included from /home/edgeai/downstream/lib/python3.12/site-packages/torch/include/ATen/ATen.h:8:
  In file included from /home/edgeai/downstream/lib/python3.12/site-packages/torch/include/ATen/Context.h:5:
  In file included from /home/edgeai/downstream/lib/python3.12/site-packages/torch/include/ATen/CPUGeneratorImpl.h:4:
  In file included from /home/edgeai/downstream/lib/python3.12/site-packages/torch/include/ATen/core/Generator.h:19:
  In file included from /home/edgeai/downstream/lib/python3.12/site-packages/torch/include/c10/core/GeneratorImpl.h:9:
  In file included from /home/edgeai/downstream/lib/python3.12/site-packages/torch/include/c10/core/TensorImpl.h:12:
  In file included from /home/edgeai/downstream/lib/python3.12/site-packages/torch/include/c10/core/ScalarType.h:4:
  In file included from /home/edgeai/downstream/lib/python3.12/site-packages/torch/include/c10/util/BFloat16.h:2:
  In file included from /home/edgeai/downstream/lib/python3.12/site-packages/torch/include/torch/headeronly/util/BFloat16.h:22:
  In file included from /home/edgeai/downstream/include/sycl/sycl.hpp:49:
  In file included from /home/edgeai/downstream/include/sycl/detail/core.hpp:21:
  In file included from /home/edgeai/downstream/include/sycl/accessor.hpp:18:
  In file included from /home/edgeai/downstream/include/sycl/detail/generic_type_traits.hpp:12:
  /home/edgeai/downstream/include/sycl/aliases.hpp:144:1: warning: 'cl_uint' is deprecated: use sycl::opencl::cl_uint instead [-Wdeprecated-declarations]
    144 | __SYCL_2020_MAKE_VECTOR_ALIASES_FOR_VECTOR_LENGTH(3)
        | ^
  /home/edgeai/downstream/include/sycl/aliases.hpp:74:3: note: expanded from macro '__SYCL_2020_MAKE_VECTOR_ALIASES_FOR_VECTOR_LENGTH'
     74 |   __SYCL_MAKE_VECTOR_ALIASES_FOR_OPENCL_TYPES(N)                               \
        |   ^
  /home/edgeai/downstream/include/sycl/aliases.hpp:46:59: note: expanded from macro '__SYCL_MAKE_VECTOR_ALIASES_FOR_OPENCL_TYPES'
     46 |   __SYCL_2020_MAKE_DEPRECATED_VECTOR_ALIAS(cl_uint, sycl::cl_uint, N, "")      \
        |                                                           ^
  /home/edgeai/downstream/include/sycl/aliases.hpp:114:5: note: 'cl_uint' has been explicitly marked deprecated here
    114 |     __SYCL2020_DEPRECATED("use sycl::opencl::cl_uint instead") = std::uint32_t;
        |     ^
  /home/edgeai/downstream/include/sycl/detail/defines_elementary.hpp:62:40: note: expanded from macro '__SYCL2020_DEPRECATED'
     62 | #define __SYCL2020_DEPRECATED(message) __SYCL_DEPRECATED(message)
        |                                        ^
  /home/edgeai/downstream/include/sycl/detail/defines_elementary.hpp:53:38: note: expanded from macro '__SYCL_DEPRECATED'
     53 | #define __SYCL_DEPRECATED(message) [[deprecated(message)]]
        |                                      ^
  In file included from /home/edgeai/esimd_learning/csrc/xpu/esimd_kernel.sycl:1:
  In file included from /home/edgeai/downstream/lib/python3.12/site-packages/torch/include/ATen/ATen.h:8:
  In file included from /home/edgeai/downstream/lib/python3.12/site-packages/torch/include/ATen/Context.h:5:
  In file included from /home/edgeai/downstream/lib/python3.12/site-packages/torch/include/ATen/CPUGeneratorImpl.h:4:
  In file included from /home/edgeai/downstream/lib/python3.12/site-packages/torch/include/ATen/core/Generator.h:19:
  In file included from /home/edgeai/downstream/lib/python3.12/site-packages/torch/include/c10/core/GeneratorImpl.h:9:
  In file included from /home/edgeai/downstream/lib/python3.12/site-packages/torch/include/c10/core/TensorImpl.h:12:
  In file included from /home/edgeai/downstream/lib/python3.12/site-packages/torch/include/c10/core/ScalarType.h:4:
  In file included from /home/edgeai/downstream/lib/python3.12/site-packages/torch/include/c10/util/BFloat16.h:2:
  In file included from /home/edgeai/downstream/lib/python3.12/site-packages/torch/include/torch/headeronly/util/BFloat16.h:22:
  In file included from /home/edgeai/downstream/include/sycl/sycl.hpp:49:
  In file included from /home/edgeai/downstream/include/sycl/detail/core.hpp:21:
  In file included from /home/edgeai/downstream/include/sycl/accessor.hpp:18:
  In file included from /home/edgeai/downstream/include/sycl/detail/generic_type_traits.hpp:12:
  /home/edgeai/downstream/include/sycl/aliases.hpp:144:1: warning: 'cl_long' is deprecated: use sycl::opencl::cl_long instead [-Wdeprecated-declarations]
    144 | __SYCL_2020_MAKE_VECTOR_ALIASES_FOR_VECTOR_LENGTH(3)
        | ^
  /home/edgeai/downstream/include/sycl/aliases.hpp:74:3: note: expanded from macro '__SYCL_2020_MAKE_VECTOR_ALIASES_FOR_VECTOR_LENGTH'
     74 |   __SYCL_MAKE_VECTOR_ALIASES_FOR_OPENCL_TYPES(N)                               \
        |   ^
  /home/edgeai/downstream/include/sycl/aliases.hpp:47:59: note: expanded from macro '__SYCL_MAKE_VECTOR_ALIASES_FOR_OPENCL_TYPES'
     47 |   __SYCL_2020_MAKE_DEPRECATED_VECTOR_ALIAS(cl_long, sycl::cl_long, N, "")      \
        |                                                           ^
  /home/edgeai/downstream/include/sycl/aliases.hpp:116:5: note: 'cl_long' has been explicitly marked deprecated here
    116 |     __SYCL2020_DEPRECATED("use sycl::opencl::cl_long instead") = std::int64_t;
        |     ^
  /home/edgeai/downstream/include/sycl/detail/defines_elementary.hpp:62:40: note: expanded from macro '__SYCL2020_DEPRECATED'
     62 | #define __SYCL2020_DEPRECATED(message) __SYCL_DEPRECATED(message)
        |                                        ^
  /home/edgeai/downstream/include/sycl/detail/defines_elementary.hpp:53:38: note: expanded from macro '__SYCL_DEPRECATED'
     53 | #define __SYCL_DEPRECATED(message) [[deprecated(message)]]
        |                                      ^
  In file included from /home/edgeai/esimd_learning/csrc/xpu/esimd_kernel.sycl:1:
  In file included from /home/edgeai/downstream/lib/python3.12/site-packages/torch/include/ATen/ATen.h:8:
  In file included from /home/edgeai/downstream/lib/python3.12/site-packages/torch/include/ATen/Context.h:5:
  In file included from /home/edgeai/downstream/lib/python3.12/site-packages/torch/include/ATen/CPUGeneratorImpl.h:4:
  In file included from /home/edgeai/downstream/lib/python3.12/site-packages/torch/include/ATen/core/Generator.h:19:
  In file included from /home/edgeai/downstream/lib/python3.12/site-packages/torch/include/c10/core/GeneratorImpl.h:9:
  In file included from /home/edgeai/downstream/lib/python3.12/site-packages/torch/include/c10/core/TensorImpl.h:12:
  In file included from /home/edgeai/downstream/lib/python3.12/site-packages/torch/include/c10/core/ScalarType.h:4:
  In file included from /home/edgeai/downstream/lib/python3.12/site-packages/torch/include/c10/util/BFloat16.h:2:
  In file included from /home/edgeai/downstream/lib/python3.12/site-packages/torch/include/torch/headeronly/util/BFloat16.h:22:
  In file included from /home/edgeai/downstream/include/sycl/sycl.hpp:49:
  In file included from /home/edgeai/downstream/include/sycl/detail/core.hpp:21:
  In file included from /home/edgeai/downstream/include/sycl/accessor.hpp:18:
  In file included from /home/edgeai/downstream/include/sycl/detail/generic_type_traits.hpp:12:
  /home/edgeai/downstream/include/sycl/aliases.hpp:144:1: warning: 'cl_ulong' is deprecated: use sycl::opencl::cl_ulong instead [-Wdeprecated-declarations]
    144 | __SYCL_2020_MAKE_VECTOR_ALIASES_FOR_VECTOR_LENGTH(3)
        | ^
  /home/edgeai/downstream/include/sycl/aliases.hpp:74:3: note: expanded from macro '__SYCL_2020_MAKE_VECTOR_ALIASES_FOR_VECTOR_LENGTH'
     74 |   __SYCL_MAKE_VECTOR_ALIASES_FOR_OPENCL_TYPES(N)                               \
        |   ^
  /home/edgeai/downstream/include/sycl/aliases.hpp:48:60: note: expanded from macro '__SYCL_MAKE_VECTOR_ALIASES_FOR_OPENCL_TYPES'
     48 |   __SYCL_2020_MAKE_DEPRECATED_VECTOR_ALIAS(cl_ulong, sycl::cl_ulong, N, "")    \
        |                                                            ^
  /home/edgeai/downstream/include/sycl/aliases.hpp:118:5: note: 'cl_ulong' has been explicitly marked deprecated here
    118 |     __SYCL2020_DEPRECATED("use sycl::opencl::cl_ulong instead") = std::uint64_t;
        |     ^
  /home/edgeai/downstream/include/sycl/detail/defines_elementary.hpp:62:40: note: expanded from macro '__SYCL2020_DEPRECATED'
     62 | #define __SYCL2020_DEPRECATED(message) __SYCL_DEPRECATED(message)
        |                                        ^
  /home/edgeai/downstream/include/sycl/detail/defines_elementary.hpp:53:38: note: expanded from macro '__SYCL_DEPRECATED'
     53 | #define __SYCL_DEPRECATED(message) [[deprecated(message)]]
        |                                      ^
  In file included from /home/edgeai/esimd_learning/csrc/xpu/esimd_kernel.sycl:1:
  In file included from /home/edgeai/downstream/lib/python3.12/site-packages/torch/include/ATen/ATen.h:8:
  In file included from /home/edgeai/downstream/lib/python3.12/site-packages/torch/include/ATen/Context.h:5:
  In file included from /home/edgeai/downstream/lib/python3.12/site-packages/torch/include/ATen/CPUGeneratorImpl.h:4:
  In file included from /home/edgeai/downstream/lib/python3.12/site-packages/torch/include/ATen/core/Generator.h:19:
  In file included from /home/edgeai/downstream/lib/python3.12/site-packages/torch/include/c10/core/GeneratorImpl.h:9:
  In file included from /home/edgeai/downstream/lib/python3.12/site-packages/torch/include/c10/core/TensorImpl.h:12:
  In file included from /home/edgeai/downstream/lib/python3.12/site-packages/torch/include/c10/core/ScalarType.h:4:
  In file included from /home/edgeai/downstream/lib/python3.12/site-packages/torch/include/c10/util/BFloat16.h:2:
  In file included from /home/edgeai/downstream/lib/python3.12/site-packages/torch/include/torch/headeronly/util/BFloat16.h:22:
  In file included from /home/edgeai/downstream/include/sycl/sycl.hpp:49:
  In file included from /home/edgeai/downstream/include/sycl/detail/core.hpp:21:
  In file included from /home/edgeai/downstream/include/sycl/accessor.hpp:18:
  In file included from /home/edgeai/downstream/include/sycl/detail/generic_type_traits.hpp:12:
  /home/edgeai/downstream/include/sycl/aliases.hpp:144:1: warning: 'cl_float' is deprecated: use sycl::opencl::cl_float instead [-Wdeprecated-declarations]
    144 | __SYCL_2020_MAKE_VECTOR_ALIASES_FOR_VECTOR_LENGTH(3)
        | ^
  /home/edgeai/downstream/include/sycl/aliases.hpp:74:3: note: expanded from macro '__SYCL_2020_MAKE_VECTOR_ALIASES_FOR_VECTOR_LENGTH'
     74 |   __SYCL_MAKE_VECTOR_ALIASES_FOR_OPENCL_TYPES(N)                               \
        |   ^
  /home/edgeai/downstream/include/sycl/aliases.hpp:49:60: note: expanded from macro '__SYCL_MAKE_VECTOR_ALIASES_FOR_OPENCL_TYPES'
     49 |   __SYCL_2020_MAKE_DEPRECATED_VECTOR_ALIAS(cl_float, sycl::cl_float, N, "")    \
        |                                                            ^
  /home/edgeai/downstream/include/sycl/aliases.hpp:121:5: note: 'cl_float' has been explicitly marked deprecated here
    121 |     __SYCL2020_DEPRECATED("use sycl::opencl::cl_float instead") = float;
        |     ^
  /home/edgeai/downstream/include/sycl/detail/defines_elementary.hpp:62:40: note: expanded from macro '__SYCL2020_DEPRECATED'
     62 | #define __SYCL2020_DEPRECATED(message) __SYCL_DEPRECATED(message)
        |                                        ^
  /home/edgeai/downstream/include/sycl/detail/defines_elementary.hpp:53:38: note: expanded from macro '__SYCL_DEPRECATED'
     53 | #define __SYCL_DEPRECATED(message) [[deprecated(message)]]
        |                                      ^
  In file included from /home/edgeai/esimd_learning/csrc/xpu/esimd_kernel.sycl:1:
  In file included from /home/edgeai/downstream/lib/python3.12/site-packages/torch/include/ATen/ATen.h:8:
  In file included from /home/edgeai/downstream/lib/python3.12/site-packages/torch/include/ATen/Context.h:5:
  In file included from /home/edgeai/downstream/lib/python3.12/site-packages/torch/include/ATen/CPUGeneratorImpl.h:4:
  In file included from /home/edgeai/downstream/lib/python3.12/site-packages/torch/include/ATen/core/Generator.h:19:
  In file included from /home/edgeai/downstream/lib/python3.12/site-packages/torch/include/c10/core/GeneratorImpl.h:9:
  In file included from /home/edgeai/downstream/lib/python3.12/site-packages/torch/include/c10/core/TensorImpl.h:12:
  In file included from /home/edgeai/downstream/lib/python3.12/site-packages/torch/include/c10/core/ScalarType.h:4:
  In file included from /home/edgeai/downstream/lib/python3.12/site-packages/torch/include/c10/util/BFloat16.h:2:
  In file included from /home/edgeai/downstream/lib/python3.12/site-packages/torch/include/torch/headeronly/util/BFloat16.h:22:
  In file included from /home/edgeai/downstream/include/sycl/sycl.hpp:49:
  In file included from /home/edgeai/downstream/include/sycl/detail/core.hpp:21:
  In file included from /home/edgeai/downstream/include/sycl/accessor.hpp:18:
  In file included from /home/edgeai/downstream/include/sycl/detail/generic_type_traits.hpp:12:
  /home/edgeai/downstream/include/sycl/aliases.hpp:144:1: warning: 'cl_double' is deprecated: use sycl::opencl::cl_double instead [-Wdeprecated-declarations]
    144 | __SYCL_2020_MAKE_VECTOR_ALIASES_FOR_VECTOR_LENGTH(3)
        | ^
  /home/edgeai/downstream/include/sycl/aliases.hpp:74:3: note: expanded from macro '__SYCL_2020_MAKE_VECTOR_ALIASES_FOR_VECTOR_LENGTH'
     74 |   __SYCL_MAKE_VECTOR_ALIASES_FOR_OPENCL_TYPES(N)                               \
        |   ^
  /home/edgeai/downstream/include/sycl/aliases.hpp:50:61: note: expanded from macro '__SYCL_MAKE_VECTOR_ALIASES_FOR_OPENCL_TYPES'
     50 |   __SYCL_2020_MAKE_DEPRECATED_VECTOR_ALIAS(cl_double, sycl::cl_double, N, "")  \
        |                                                             ^
  /home/edgeai/downstream/include/sycl/aliases.hpp:123:5: note: 'cl_double' has been explicitly marked deprecated here
    123 |     __SYCL2020_DEPRECATED("use sycl::opencl::cl_double instead") = double;
        |     ^
  /home/edgeai/downstream/include/sycl/detail/defines_elementary.hpp:62:40: note: expanded from macro '__SYCL2020_DEPRECATED'
     62 | #define __SYCL2020_DEPRECATED(message) __SYCL_DEPRECATED(message)
        |                                        ^
  /home/edgeai/downstream/include/sycl/detail/defines_elementary.hpp:53:38: note: expanded from macro '__SYCL_DEPRECATED'
     53 | #define __SYCL_DEPRECATED(message) [[deprecated(message)]]
        |                                      ^
  In file included from /home/edgeai/esimd_learning/csrc/xpu/esimd_kernel.sycl:1:
  In file included from /home/edgeai/downstream/lib/python3.12/site-packages/torch/include/ATen/ATen.h:8:
  In file included from /home/edgeai/downstream/lib/python3.12/site-packages/torch/include/ATen/Context.h:5:
  In file included from /home/edgeai/downstream/lib/python3.12/site-packages/torch/include/ATen/CPUGeneratorImpl.h:4:
  In file included from /home/edgeai/downstream/lib/python3.12/site-packages/torch/include/ATen/core/Generator.h:19:
  In file included from /home/edgeai/downstream/lib/python3.12/site-packages/torch/include/c10/core/GeneratorImpl.h:9:
  In file included from /home/edgeai/downstream/lib/python3.12/site-packages/torch/include/c10/core/TensorImpl.h:12:
  In file included from /home/edgeai/downstream/lib/python3.12/site-packages/torch/include/c10/core/ScalarType.h:4:
  In file included from /home/edgeai/downstream/lib/python3.12/site-packages/torch/include/c10/util/BFloat16.h:2:
  In file included from /home/edgeai/downstream/lib/python3.12/site-packages/torch/include/torch/headeronly/util/BFloat16.h:22:
  In file included from /home/edgeai/downstream/include/sycl/sycl.hpp:49:
  In file included from /home/edgeai/downstream/include/sycl/detail/core.hpp:21:
  In file included from /home/edgeai/downstream/include/sycl/accessor.hpp:18:
  In file included from /home/edgeai/downstream/include/sycl/detail/generic_type_traits.hpp:12:
  /home/edgeai/downstream/include/sycl/aliases.hpp:144:1: warning: 'cl_half' is deprecated: use sycl::opencl::cl_half instead [-Wdeprecated-declarations]
    144 | __SYCL_2020_MAKE_VECTOR_ALIASES_FOR_VECTOR_LENGTH(3)
        | ^
  /home/edgeai/downstream/include/sycl/aliases.hpp:74:3: note: expanded from macro '__SYCL_2020_MAKE_VECTOR_ALIASES_FOR_VECTOR_LENGTH'
     74 |   __SYCL_MAKE_VECTOR_ALIASES_FOR_OPENCL_TYPES(N)                               \
        |   ^
  /home/edgeai/downstream/include/sycl/aliases.hpp:51:59: note: expanded from macro '__SYCL_MAKE_VECTOR_ALIASES_FOR_OPENCL_TYPES'
     51 |   __SYCL_2020_MAKE_DEPRECATED_VECTOR_ALIAS(cl_half, sycl::cl_half, N, "")
        |                                                           ^
  /home/edgeai/downstream/include/sycl/aliases.hpp:119:15: note: 'cl_half' has been explicitly marked deprecated here
    119 | using cl_half __SYCL2020_DEPRECATED("use sycl::opencl::cl_half instead") = half;
        |               ^
  /home/edgeai/downstream/include/sycl/detail/defines_elementary.hpp:62:40: note: expanded from macro '__SYCL2020_DEPRECATED'
     62 | #define __SYCL2020_DEPRECATED(message) __SYCL_DEPRECATED(message)
        |                                        ^
  /home/edgeai/downstream/include/sycl/detail/defines_elementary.hpp:53:38: note: expanded from macro '__SYCL_DEPRECATED'
     53 | #define __SYCL_DEPRECATED(message) [[deprecated(message)]]
        |                                      ^
  In file included from /home/edgeai/esimd_learning/csrc/xpu/esimd_kernel.sycl:1:
  In file included from /home/edgeai/downstream/lib/python3.12/site-packages/torch/include/ATen/ATen.h:8:
  In file included from /home/edgeai/downstream/lib/python3.12/site-packages/torch/include/ATen/Context.h:5:
  In file included from /home/edgeai/downstream/lib/python3.12/site-packages/torch/include/ATen/CPUGeneratorImpl.h:4:
  In file included from /home/edgeai/downstream/lib/python3.12/site-packages/torch/include/ATen/core/Generator.h:19:
  In file included from /home/edgeai/downstream/lib/python3.12/site-packages/torch/include/c10/core/GeneratorImpl.h:9:
  In file included from /home/edgeai/downstream/lib/python3.12/site-packages/torch/include/c10/core/TensorImpl.h:12:
  In file included from /home/edgeai/downstream/lib/python3.12/site-packages/torch/include/c10/core/ScalarType.h:4:
  In file included from /home/edgeai/downstream/lib/python3.12/site-packages/torch/include/c10/util/BFloat16.h:2:
  In file included from /home/edgeai/downstream/lib/python3.12/site-packages/torch/include/torch/headeronly/util/BFloat16.h:22:
  In file included from /home/edgeai/downstream/include/sycl/sycl.hpp:49:
  In file included from /home/edgeai/downstream/include/sycl/detail/core.hpp:21:
  In file included from /home/edgeai/downstream/include/sycl/accessor.hpp:18:
  In file included from /home/edgeai/downstream/include/sycl/detail/generic_type_traits.hpp:12:
  /home/edgeai/downstream/include/sycl/aliases.hpp:145:1: warning: 'cl_char' is deprecated: use sycl::opencl::cl_char instead [-Wdeprecated-declarations]
    145 | __SYCL_2020_MAKE_VECTOR_ALIASES_FOR_VECTOR_LENGTH(4)
        | ^
  /home/edgeai/downstream/include/sycl/aliases.hpp:74:3: note: expanded from macro '__SYCL_2020_MAKE_VECTOR_ALIASES_FOR_VECTOR_LENGTH'
     74 |   __SYCL_MAKE_VECTOR_ALIASES_FOR_OPENCL_TYPES(N)                               \
        |   ^
  /home/edgeai/downstream/include/sycl/aliases.hpp:41:59: note: expanded from macro '__SYCL_MAKE_VECTOR_ALIASES_FOR_OPENCL_TYPES'
     41 |   __SYCL_2020_MAKE_DEPRECATED_VECTOR_ALIAS(cl_char, sycl::cl_char, N, "")      \
        |                                                           ^
  /home/edgeai/downstream/include/sycl/aliases.hpp:104:5: note: 'cl_char' has been explicitly marked deprecated here
    104 |     __SYCL2020_DEPRECATED("use sycl::opencl::cl_char instead") = std::int8_t;
        |     ^
  /home/edgeai/downstream/include/sycl/detail/defines_elementary.hpp:62:40: note: expanded from macro '__SYCL2020_DEPRECATED'
     62 | #define __SYCL2020_DEPRECATED(message) __SYCL_DEPRECATED(message)
        |                                        ^
  /home/edgeai/downstream/include/sycl/detail/defines_elementary.hpp:53:38: note: expanded from macro '__SYCL_DEPRECATED'
     53 | #define __SYCL_DEPRECATED(message) [[deprecated(message)]]
        |                                      ^
  In file included from /home/edgeai/esimd_learning/csrc/xpu/esimd_kernel.sycl:1:
  In file included from /home/edgeai/downstream/lib/python3.12/site-packages/torch/include/ATen/ATen.h:8:
  In file included from /home/edgeai/downstream/lib/python3.12/site-packages/torch/include/ATen/Context.h:5:
  In file included from /home/edgeai/downstream/lib/python3.12/site-packages/torch/include/ATen/CPUGeneratorImpl.h:4:
  In file included from /home/edgeai/downstream/lib/python3.12/site-packages/torch/include/ATen/core/Generator.h:19:
  In file included from /home/edgeai/downstream/lib/python3.12/site-packages/torch/include/c10/core/GeneratorImpl.h:9:
  In file included from /home/edgeai/downstream/lib/python3.12/site-packages/torch/include/c10/core/TensorImpl.h:12:
  In file included from /home/edgeai/downstream/lib/python3.12/site-packages/torch/include/c10/core/ScalarType.h:4:
  In file included from /home/edgeai/downstream/lib/python3.12/site-packages/torch/include/c10/util/BFloat16.h:2:
  In file included from /home/edgeai/downstream/lib/python3.12/site-packages/torch/include/torch/headeronly/util/BFloat16.h:22:
  In file included from /home/edgeai/downstream/include/sycl/sycl.hpp:49:
  In file included from /home/edgeai/downstream/include/sycl/detail/core.hpp:21:
  In file included from /home/edgeai/downstream/include/sycl/accessor.hpp:18:
  In file included from /home/edgeai/downstream/include/sycl/detail/generic_type_traits.hpp:12:
  /home/edgeai/downstream/include/sycl/aliases.hpp:145:1: warning: 'cl_uchar' is deprecated: use sycl::opencl::cl_uchar instead [-Wdeprecated-declarations]
    145 | __SYCL_2020_MAKE_VECTOR_ALIASES_FOR_VECTOR_LENGTH(4)
        | ^
  /home/edgeai/downstream/include/sycl/aliases.hpp:74:3: note: expanded from macro '__SYCL_2020_MAKE_VECTOR_ALIASES_FOR_VECTOR_LENGTH'
     74 |   __SYCL_MAKE_VECTOR_ALIASES_FOR_OPENCL_TYPES(N)                               \
        |   ^
  /home/edgeai/downstream/include/sycl/aliases.hpp:42:60: note: expanded from macro '__SYCL_MAKE_VECTOR_ALIASES_FOR_OPENCL_TYPES'
     42 |   __SYCL_2020_MAKE_DEPRECATED_VECTOR_ALIAS(cl_uchar, sycl::cl_uchar, N, "")    \
        |                                                            ^
  /home/edgeai/downstream/include/sycl/aliases.hpp:106:5: note: 'cl_uchar' has been explicitly marked deprecated here
    106 |     __SYCL2020_DEPRECATED("use sycl::opencl::cl_uchar instead") = std::uint8_t;
        |     ^
  /home/edgeai/downstream/include/sycl/detail/defines_elementary.hpp:62:40: note: expanded from macro '__SYCL2020_DEPRECATED'
     62 | #define __SYCL2020_DEPRECATED(message) __SYCL_DEPRECATED(message)
        |                                        ^
  /home/edgeai/downstream/include/sycl/detail/defines_elementary.hpp:53:38: note: expanded from macro '__SYCL_DEPRECATED'
     53 | #define __SYCL_DEPRECATED(message) [[deprecated(message)]]
        |                                      ^
  In file included from /home/edgeai/esimd_learning/csrc/xpu/esimd_kernel.sycl:1:
  In file included from /home/edgeai/downstream/lib/python3.12/site-packages/torch/include/ATen/ATen.h:8:
  In file included from /home/edgeai/downstream/lib/python3.12/site-packages/torch/include/ATen/Context.h:5:
  In file included from /home/edgeai/downstream/lib/python3.12/site-packages/torch/include/ATen/CPUGeneratorImpl.h:4:
  In file included from /home/edgeai/downstream/lib/python3.12/site-packages/torch/include/ATen/core/Generator.h:19:
  In file included from /home/edgeai/downstream/lib/python3.12/site-packages/torch/include/c10/core/GeneratorImpl.h:9:
  In file included from /home/edgeai/downstream/lib/python3.12/site-packages/torch/include/c10/core/TensorImpl.h:12:
  In file included from /home/edgeai/downstream/lib/python3.12/site-packages/torch/include/c10/core/ScalarType.h:4:
  In file included from /home/edgeai/downstream/lib/python3.12/site-packages/torch/include/c10/util/BFloat16.h:2:
  In file included from /home/edgeai/downstream/lib/python3.12/site-packages/torch/include/torch/headeronly/util/BFloat16.h:22:
  In file included from /home/edgeai/downstream/include/sycl/sycl.hpp:49:
  In file included from /home/edgeai/downstream/include/sycl/detail/core.hpp:21:
  In file included from /home/edgeai/downstream/include/sycl/accessor.hpp:18:
  In file included from /home/edgeai/downstream/include/sycl/detail/generic_type_traits.hpp:12:
  /home/edgeai/downstream/include/sycl/aliases.hpp:145:1: warning: 'cl_short' is deprecated: use sycl::opencl::cl_short instead [-Wdeprecated-declarations]
    145 | __SYCL_2020_MAKE_VECTOR_ALIASES_FOR_VECTOR_LENGTH(4)
        | ^
  /home/edgeai/downstream/include/sycl/aliases.hpp:74:3: note: expanded from macro '__SYCL_2020_MAKE_VECTOR_ALIASES_FOR_VECTOR_LENGTH'
     74 |   __SYCL_MAKE_VECTOR_ALIASES_FOR_OPENCL_TYPES(N)                               \
        |   ^
  /home/edgeai/downstream/include/sycl/aliases.hpp:43:60: note: expanded from macro '__SYCL_MAKE_VECTOR_ALIASES_FOR_OPENCL_TYPES'
     43 |   __SYCL_2020_MAKE_DEPRECATED_VECTOR_ALIAS(cl_short, sycl::cl_short, N, "")    \
        |                                                            ^
  /home/edgeai/downstream/include/sycl/aliases.hpp:108:5: note: 'cl_short' has been explicitly marked deprecated here
    108 |     __SYCL2020_DEPRECATED("use sycl::opencl::cl_short instead") = std::int16_t;
        |     ^
  /home/edgeai/downstream/include/sycl/detail/defines_elementary.hpp:62:40: note: expanded from macro '__SYCL2020_DEPRECATED'
     62 | #define __SYCL2020_DEPRECATED(message) __SYCL_DEPRECATED(message)
        |                                        ^
  /home/edgeai/downstream/include/sycl/detail/defines_elementary.hpp:53:38: note: expanded from macro '__SYCL_DEPRECATED'
     53 | #define __SYCL_DEPRECATED(message) [[deprecated(message)]]
        |                                      ^
  In file included from /home/edgeai/esimd_learning/csrc/xpu/esimd_kernel.sycl:1:
  In file included from /home/edgeai/downstream/lib/python3.12/site-packages/torch/include/ATen/ATen.h:8:
  In file included from /home/edgeai/downstream/lib/python3.12/site-packages/torch/include/ATen/Context.h:5:
  In file included from /home/edgeai/downstream/lib/python3.12/site-packages/torch/include/ATen/CPUGeneratorImpl.h:4:
  In file included from /home/edgeai/downstream/lib/python3.12/site-packages/torch/include/ATen/core/Generator.h:19:
  In file included from /home/edgeai/downstream/lib/python3.12/site-packages/torch/include/c10/core/GeneratorImpl.h:9:
  In file included from /home/edgeai/downstream/lib/python3.12/site-packages/torch/include/c10/core/TensorImpl.h:12:
  In file included from /home/edgeai/downstream/lib/python3.12/site-packages/torch/include/c10/core/ScalarType.h:4:
  In file included from /home/edgeai/downstream/lib/python3.12/site-packages/torch/include/c10/util/BFloat16.h:2:
  In file included from /home/edgeai/downstream/lib/python3.12/site-packages/torch/include/torch/headeronly/util/BFloat16.h:22:
  In file included from /home/edgeai/downstream/include/sycl/sycl.hpp:49:
  In file included from /home/edgeai/downstream/include/sycl/detail/core.hpp:21:
  In file included from /home/edgeai/downstream/include/sycl/accessor.hpp:18:
  In file included from /home/edgeai/downstream/include/sycl/detail/generic_type_traits.hpp:12:
  /home/edgeai/downstream/include/sycl/aliases.hpp:145:1: warning: 'cl_ushort' is deprecated: use sycl::opencl::cl_ushort instead [-Wdeprecated-declarations]
    145 | __SYCL_2020_MAKE_VECTOR_ALIASES_FOR_VECTOR_LENGTH(4)
        | ^
  /home/edgeai/downstream/include/sycl/aliases.hpp:74:3: note: expanded from macro '__SYCL_2020_MAKE_VECTOR_ALIASES_FOR_VECTOR_LENGTH'
     74 |   __SYCL_MAKE_VECTOR_ALIASES_FOR_OPENCL_TYPES(N)                               \
        |   ^
  /home/edgeai/downstream/include/sycl/aliases.hpp:44:61: note: expanded from macro '__SYCL_MAKE_VECTOR_ALIASES_FOR_OPENCL_TYPES'
     44 |   __SYCL_2020_MAKE_DEPRECATED_VECTOR_ALIAS(cl_ushort, sycl::cl_ushort, N, "")  \
        |                                                             ^
  /home/edgeai/downstream/include/sycl/aliases.hpp:109:17: note: 'cl_ushort' has been explicitly marked deprecated here
    109 | using cl_ushort __SYCL2020_DEPRECATED("use sycl::opencl::cl_ushort instead") =
        |                 ^
  /home/edgeai/downstream/include/sycl/detail/defines_elementary.hpp:62:40: note: expanded from macro '__SYCL2020_DEPRECATED'
     62 | #define __SYCL2020_DEPRECATED(message) __SYCL_DEPRECATED(message)
        |                                        ^
  /home/edgeai/downstream/include/sycl/detail/defines_elementary.hpp:53:38: note: expanded from macro '__SYCL_DEPRECATED'
     53 | #define __SYCL_DEPRECATED(message) [[deprecated(message)]]
        |                                      ^
  In file included from /home/edgeai/esimd_learning/csrc/xpu/esimd_kernel.sycl:1:
  In file included from /home/edgeai/downstream/lib/python3.12/site-packages/torch/include/ATen/ATen.h:8:
  In file included from /home/edgeai/downstream/lib/python3.12/site-packages/torch/include/ATen/Context.h:5:
  In file included from /home/edgeai/downstream/lib/python3.12/site-packages/torch/include/ATen/CPUGeneratorImpl.h:4:
  In file included from /home/edgeai/downstream/lib/python3.12/site-packages/torch/include/ATen/core/Generator.h:19:
  In file included from /home/edgeai/downstream/lib/python3.12/site-packages/torch/include/c10/core/GeneratorImpl.h:9:
  In file included from /home/edgeai/downstream/lib/python3.12/site-packages/torch/include/c10/core/TensorImpl.h:12:
  In file included from /home/edgeai/downstream/lib/python3.12/site-packages/torch/include/c10/core/ScalarType.h:4:
  In file included from /home/edgeai/downstream/lib/python3.12/site-packages/torch/include/c10/util/BFloat16.h:2:
  In file included from /home/edgeai/downstream/lib/python3.12/site-packages/torch/include/torch/headeronly/util/BFloat16.h:22:
  In file included from /home/edgeai/downstream/include/sycl/sycl.hpp:49:
  In file included from /home/edgeai/downstream/include/sycl/detail/core.hpp:21:
  In file included from /home/edgeai/downstream/include/sycl/accessor.hpp:18:
  In file included from /home/edgeai/downstream/include/sycl/detail/generic_type_traits.hpp:12:
  /home/edgeai/downstream/include/sycl/aliases.hpp:145:1: warning: 'cl_int' is deprecated: use sycl::opencl::cl_int instead [-Wdeprecated-declarations]
    145 | __SYCL_2020_MAKE_VECTOR_ALIASES_FOR_VECTOR_LENGTH(4)
        | ^
  /home/edgeai/downstream/include/sycl/aliases.hpp:74:3: note: expanded from macro '__SYCL_2020_MAKE_VECTOR_ALIASES_FOR_VECTOR_LENGTH'
     74 |   __SYCL_MAKE_VECTOR_ALIASES_FOR_OPENCL_TYPES(N)                               \
        |   ^
  /home/edgeai/downstream/include/sycl/aliases.hpp:45:58: note: expanded from macro '__SYCL_MAKE_VECTOR_ALIASES_FOR_OPENCL_TYPES'
     45 |   __SYCL_2020_MAKE_DEPRECATED_VECTOR_ALIAS(cl_int, sycl::cl_int, N, "")        \
        |                                                          ^
  /home/edgeai/downstream/include/sycl/aliases.hpp:112:5: note: 'cl_int' has been explicitly marked deprecated here
    112 |     __SYCL2020_DEPRECATED("use sycl::opencl::cl_int instead") = std::int32_t;
        |     ^
  /home/edgeai/downstream/include/sycl/detail/defines_elementary.hpp:62:40: note: expanded from macro '__SYCL2020_DEPRECATED'
     62 | #define __SYCL2020_DEPRECATED(message) __SYCL_DEPRECATED(message)
        |                                        ^
  /home/edgeai/downstream/include/sycl/detail/defines_elementary.hpp:53:38: note: expanded from macro '__SYCL_DEPRECATED'
     53 | #define __SYCL_DEPRECATED(message) [[deprecated(message)]]
        |                                      ^
  In file included from /home/edgeai/esimd_learning/csrc/xpu/esimd_kernel.sycl:1:
  In file included from /home/edgeai/downstream/lib/python3.12/site-packages/torch/include/ATen/ATen.h:8:
  In file included from /home/edgeai/downstream/lib/python3.12/site-packages/torch/include/ATen/Context.h:5:
  In file included from /home/edgeai/downstream/lib/python3.12/site-packages/torch/include/ATen/CPUGeneratorImpl.h:4:
  In file included from /home/edgeai/downstream/lib/python3.12/site-packages/torch/include/ATen/core/Generator.h:19:
  In file included from /home/edgeai/downstream/lib/python3.12/site-packages/torch/include/c10/core/GeneratorImpl.h:9:
  In file included from /home/edgeai/downstream/lib/python3.12/site-packages/torch/include/c10/core/TensorImpl.h:12:
  In file included from /home/edgeai/downstream/lib/python3.12/site-packages/torch/include/c10/core/ScalarType.h:4:
  In file included from /home/edgeai/downstream/lib/python3.12/site-packages/torch/include/c10/util/BFloat16.h:2:
  In file included from /home/edgeai/downstream/lib/python3.12/site-packages/torch/include/torch/headeronly/util/BFloat16.h:22:
  In file included from /home/edgeai/downstream/include/sycl/sycl.hpp:49:
  In file included from /home/edgeai/downstream/include/sycl/detail/core.hpp:21:
  In file included from /home/edgeai/downstream/include/sycl/accessor.hpp:18:
  In file included from /home/edgeai/downstream/include/sycl/detail/generic_type_traits.hpp:12:
  /home/edgeai/downstream/include/sycl/aliases.hpp:145:1: warning: 'cl_uint' is deprecated: use sycl::opencl::cl_uint instead [-Wdeprecated-declarations]
    145 | __SYCL_2020_MAKE_VECTOR_ALIASES_FOR_VECTOR_LENGTH(4)
        | ^
  /home/edgeai/downstream/include/sycl/aliases.hpp:74:3: note: expanded from macro '__SYCL_2020_MAKE_VECTOR_ALIASES_FOR_VECTOR_LENGTH'
     74 |   __SYCL_MAKE_VECTOR_ALIASES_FOR_OPENCL_TYPES(N)                               \
        |   ^
  /home/edgeai/downstream/include/sycl/aliases.hpp:46:59: note: expanded from macro '__SYCL_MAKE_VECTOR_ALIASES_FOR_OPENCL_TYPES'
     46 |   __SYCL_2020_MAKE_DEPRECATED_VECTOR_ALIAS(cl_uint, sycl::cl_uint, N, "")      \
        |                                                           ^
  /home/edgeai/downstream/include/sycl/aliases.hpp:114:5: note: 'cl_uint' has been explicitly marked deprecated here
    114 |     __SYCL2020_DEPRECATED("use sycl::opencl::cl_uint instead") = std::uint32_t;
        |     ^
  /home/edgeai/downstream/include/sycl/detail/defines_elementary.hpp:62:40: note: expanded from macro '__SYCL2020_DEPRECATED'
     62 | #define __SYCL2020_DEPRECATED(message) __SYCL_DEPRECATED(message)
        |                                        ^
  /home/edgeai/downstream/include/sycl/detail/defines_elementary.hpp:53:38: note: expanded from macro '__SYCL_DEPRECATED'
     53 | #define __SYCL_DEPRECATED(message) [[deprecated(message)]]
        |                                      ^
  In file included from /home/edgeai/esimd_learning/csrc/xpu/esimd_kernel.sycl:1:
  In file included from /home/edgeai/downstream/lib/python3.12/site-packages/torch/include/ATen/ATen.h:8:
  In file included from /home/edgeai/downstream/lib/python3.12/site-packages/torch/include/ATen/Context.h:5:
  In file included from /home/edgeai/downstream/lib/python3.12/site-packages/torch/include/ATen/CPUGeneratorImpl.h:4:
  In file included from /home/edgeai/downstream/lib/python3.12/site-packages/torch/include/ATen/core/Generator.h:19:
  In file included from /home/edgeai/downstream/lib/python3.12/site-packages/torch/include/c10/core/GeneratorImpl.h:9:
  In file included from /home/edgeai/downstream/lib/python3.12/site-packages/torch/include/c10/core/TensorImpl.h:12:
  In file included from /home/edgeai/downstream/lib/python3.12/site-packages/torch/include/c10/core/ScalarType.h:4:
  In file included from /home/edgeai/downstream/lib/python3.12/site-packages/torch/include/c10/util/BFloat16.h:2:
  In file included from /home/edgeai/downstream/lib/python3.12/site-packages/torch/include/torch/headeronly/util/BFloat16.h:22:
  In file included from /home/edgeai/downstream/include/sycl/sycl.hpp:49:
  In file included from /home/edgeai/downstream/include/sycl/detail/core.hpp:21:
  In file included from /home/edgeai/downstream/include/sycl/accessor.hpp:18:
  In file included from /home/edgeai/downstream/include/sycl/detail/generic_type_traits.hpp:12:
  /home/edgeai/downstream/include/sycl/aliases.hpp:145:1: warning: 'cl_long' is deprecated: use sycl::opencl::cl_long instead [-Wdeprecated-declarations]
    145 | __SYCL_2020_MAKE_VECTOR_ALIASES_FOR_VECTOR_LENGTH(4)
        | ^
  /home/edgeai/downstream/include/sycl/aliases.hpp:74:3: note: expanded from macro '__SYCL_2020_MAKE_VECTOR_ALIASES_FOR_VECTOR_LENGTH'
     74 |   __SYCL_MAKE_VECTOR_ALIASES_FOR_OPENCL_TYPES(N)                               \
        |   ^
  /home/edgeai/downstream/include/sycl/aliases.hpp:47:59: note: expanded from macro '__SYCL_MAKE_VECTOR_ALIASES_FOR_OPENCL_TYPES'
     47 |   __SYCL_2020_MAKE_DEPRECATED_VECTOR_ALIAS(cl_long, sycl::cl_long, N, "")      \
        |                                                           ^
  /home/edgeai/downstream/include/sycl/aliases.hpp:116:5: note: 'cl_long' has been explicitly marked deprecated here
    116 |     __SYCL2020_DEPRECATED("use sycl::opencl::cl_long instead") = std::int64_t;
        |     ^
  /home/edgeai/downstream/include/sycl/detail/defines_elementary.hpp:62:40: note: expanded from macro '__SYCL2020_DEPRECATED'
     62 | #define __SYCL2020_DEPRECATED(message) __SYCL_DEPRECATED(message)
        |                                        ^
  /home/edgeai/downstream/include/sycl/detail/defines_elementary.hpp:53:38: note: expanded from macro '__SYCL_DEPRECATED'
     53 | #define __SYCL_DEPRECATED(message) [[deprecated(message)]]
        |                                      ^
  In file included from /home/edgeai/esimd_learning/csrc/xpu/esimd_kernel.sycl:1:
  In file included from /home/edgeai/downstream/lib/python3.12/site-packages/torch/include/ATen/ATen.h:8:
  In file included from /home/edgeai/downstream/lib/python3.12/site-packages/torch/include/ATen/Context.h:5:
  In file included from /home/edgeai/downstream/lib/python3.12/site-packages/torch/include/ATen/CPUGeneratorImpl.h:4:
  In file included from /home/edgeai/downstream/lib/python3.12/site-packages/torch/include/ATen/core/Generator.h:19:
  In file included from /home/edgeai/downstream/lib/python3.12/site-packages/torch/include/c10/core/GeneratorImpl.h:9:
  In file included from /home/edgeai/downstream/lib/python3.12/site-packages/torch/include/c10/core/TensorImpl.h:12:
  In file included from /home/edgeai/downstream/lib/python3.12/site-packages/torch/include/c10/core/ScalarType.h:4:
  In file included from /home/edgeai/downstream/lib/python3.12/site-packages/torch/include/c10/util/BFloat16.h:2:
  In file included from /home/edgeai/downstream/lib/python3.12/site-packages/torch/include/torch/headeronly/util/BFloat16.h:22:
  In file included from /home/edgeai/downstream/include/sycl/sycl.hpp:49:
  In file included from /home/edgeai/downstream/include/sycl/detail/core.hpp:21:
  In file included from /home/edgeai/downstream/include/sycl/accessor.hpp:18:
  In file included from /home/edgeai/downstream/include/sycl/detail/generic_type_traits.hpp:12:
  /home/edgeai/downstream/include/sycl/aliases.hpp:145:1: warning: 'cl_ulong' is deprecated: use sycl::opencl::cl_ulong instead [-Wdeprecated-declarations]
    145 | __SYCL_2020_MAKE_VECTOR_ALIASES_FOR_VECTOR_LENGTH(4)
        | ^
  /home/edgeai/downstream/include/sycl/aliases.hpp:74:3: note: expanded from macro '__SYCL_2020_MAKE_VECTOR_ALIASES_FOR_VECTOR_LENGTH'
     74 |   __SYCL_MAKE_VECTOR_ALIASES_FOR_OPENCL_TYPES(N)                               \
        |   ^
  /home/edgeai/downstream/include/sycl/aliases.hpp:48:60: note: expanded from macro '__SYCL_MAKE_VECTOR_ALIASES_FOR_OPENCL_TYPES'
     48 |   __SYCL_2020_MAKE_DEPRECATED_VECTOR_ALIAS(cl_ulong, sycl::cl_ulong, N, "")    \
        |                                                            ^
  /home/edgeai/downstream/include/sycl/aliases.hpp:118:5: note: 'cl_ulong' has been explicitly marked deprecated here
    118 |     __SYCL2020_DEPRECATED("use sycl::opencl::cl_ulong instead") = std::uint64_t;
        |     ^
  /home/edgeai/downstream/include/sycl/detail/defines_elementary.hpp:62:40: note: expanded from macro '__SYCL2020_DEPRECATED'
     62 | #define __SYCL2020_DEPRECATED(message) __SYCL_DEPRECATED(message)
        |                                        ^
  /home/edgeai/downstream/include/sycl/detail/defines_elementary.hpp:53:38: note: expanded from macro '__SYCL_DEPRECATED'
     53 | #define __SYCL_DEPRECATED(message) [[deprecated(message)]]
        |                                      ^
  In file included from /home/edgeai/esimd_learning/csrc/xpu/esimd_kernel.sycl:1:
  In file included from /home/edgeai/downstream/lib/python3.12/site-packages/torch/include/ATen/ATen.h:8:
  In file included from /home/edgeai/downstream/lib/python3.12/site-packages/torch/include/ATen/Context.h:5:
  In file included from /home/edgeai/downstream/lib/python3.12/site-packages/torch/include/ATen/CPUGeneratorImpl.h:4:
  In file included from /home/edgeai/downstream/lib/python3.12/site-packages/torch/include/ATen/core/Generator.h:19:
  In file included from /home/edgeai/downstream/lib/python3.12/site-packages/torch/include/c10/core/GeneratorImpl.h:9:
  In file included from /home/edgeai/downstream/lib/python3.12/site-packages/torch/include/c10/core/TensorImpl.h:12:
  In file included from /home/edgeai/downstream/lib/python3.12/site-packages/torch/include/c10/core/ScalarType.h:4:
  In file included from /home/edgeai/downstream/lib/python3.12/site-packages/torch/include/c10/util/BFloat16.h:2:
  In file included from /home/edgeai/downstream/lib/python3.12/site-packages/torch/include/torch/headeronly/util/BFloat16.h:22:
  In file included from /home/edgeai/downstream/include/sycl/sycl.hpp:49:
  In file included from /home/edgeai/downstream/include/sycl/detail/core.hpp:21:
  In file included from /home/edgeai/downstream/include/sycl/accessor.hpp:18:
  In file included from /home/edgeai/downstream/include/sycl/detail/generic_type_traits.hpp:12:
  /home/edgeai/downstream/include/sycl/aliases.hpp:145:1: warning: 'cl_float' is deprecated: use sycl::opencl::cl_float instead [-Wdeprecated-declarations]
    145 | __SYCL_2020_MAKE_VECTOR_ALIASES_FOR_VECTOR_LENGTH(4)
        | ^
  /home/edgeai/downstream/include/sycl/aliases.hpp:74:3: note: expanded from macro '__SYCL_2020_MAKE_VECTOR_ALIASES_FOR_VECTOR_LENGTH'
     74 |   __SYCL_MAKE_VECTOR_ALIASES_FOR_OPENCL_TYPES(N)                               \
        |   ^
  /home/edgeai/downstream/include/sycl/aliases.hpp:49:60: note: expanded from macro '__SYCL_MAKE_VECTOR_ALIASES_FOR_OPENCL_TYPES'
     49 |   __SYCL_2020_MAKE_DEPRECATED_VECTOR_ALIAS(cl_float, sycl::cl_float, N, "")    \
        |                                                            ^
  /home/edgeai/downstream/include/sycl/aliases.hpp:121:5: note: 'cl_float' has been explicitly marked deprecated here
    121 |     __SYCL2020_DEPRECATED("use sycl::opencl::cl_float instead") = float;
        |     ^
  /home/edgeai/downstream/include/sycl/detail/defines_elementary.hpp:62:40: note: expanded from macro '__SYCL2020_DEPRECATED'
     62 | #define __SYCL2020_DEPRECATED(message) __SYCL_DEPRECATED(message)
        |                                        ^
  /home/edgeai/downstream/include/sycl/detail/defines_elementary.hpp:53:38: note: expanded from macro '__SYCL_DEPRECATED'
     53 | #define __SYCL_DEPRECATED(message) [[deprecated(message)]]
        |                                      ^
  In file included from /home/edgeai/esimd_learning/csrc/xpu/esimd_kernel.sycl:1:
  In file included from /home/edgeai/downstream/lib/python3.12/site-packages/torch/include/ATen/ATen.h:8:
  In file included from /home/edgeai/downstream/lib/python3.12/site-packages/torch/include/ATen/Context.h:5:
  In file included from /home/edgeai/downstream/lib/python3.12/site-packages/torch/include/ATen/CPUGeneratorImpl.h:4:
  In file included from /home/edgeai/downstream/lib/python3.12/site-packages/torch/include/ATen/core/Generator.h:19:
  In file included from /home/edgeai/downstream/lib/python3.12/site-packages/torch/include/c10/core/GeneratorImpl.h:9:
  In file included from /home/edgeai/downstream/lib/python3.12/site-packages/torch/include/c10/core/TensorImpl.h:12:
  In file included from /home/edgeai/downstream/lib/python3.12/site-packages/torch/include/c10/core/ScalarType.h:4:
  In file included from /home/edgeai/downstream/lib/python3.12/site-packages/torch/include/c10/util/BFloat16.h:2:
  In file included from /home/edgeai/downstream/lib/python3.12/site-packages/torch/include/torch/headeronly/util/BFloat16.h:22:
  In file included from /home/edgeai/downstream/include/sycl/sycl.hpp:49:
  In file included from /home/edgeai/downstream/include/sycl/detail/core.hpp:21:
  In file included from /home/edgeai/downstream/include/sycl/accessor.hpp:18:
  In file included from /home/edgeai/downstream/include/sycl/detail/generic_type_traits.hpp:12:
  /home/edgeai/downstream/include/sycl/aliases.hpp:145:1: warning: 'cl_double' is deprecated: use sycl::opencl::cl_double instead [-Wdeprecated-declarations]
    145 | __SYCL_2020_MAKE_VECTOR_ALIASES_FOR_VECTOR_LENGTH(4)
        | ^
  /home/edgeai/downstream/include/sycl/aliases.hpp:74:3: note: expanded from macro '__SYCL_2020_MAKE_VECTOR_ALIASES_FOR_VECTOR_LENGTH'
     74 |   __SYCL_MAKE_VECTOR_ALIASES_FOR_OPENCL_TYPES(N)                               \
        |   ^
  /home/edgeai/downstream/include/sycl/aliases.hpp:50:61: note: expanded from macro '__SYCL_MAKE_VECTOR_ALIASES_FOR_OPENCL_TYPES'
     50 |   __SYCL_2020_MAKE_DEPRECATED_VECTOR_ALIAS(cl_double, sycl::cl_double, N, "")  \
        |                                                             ^
  /home/edgeai/downstream/include/sycl/aliases.hpp:123:5: note: 'cl_double' has been explicitly marked deprecated here
    123 |     __SYCL2020_DEPRECATED("use sycl::opencl::cl_double instead") = double;
        |     ^
  /home/edgeai/downstream/include/sycl/detail/defines_elementary.hpp:62:40: note: expanded from macro '__SYCL2020_DEPRECATED'
     62 | #define __SYCL2020_DEPRECATED(message) __SYCL_DEPRECATED(message)
        |                                        ^
  /home/edgeai/downstream/include/sycl/detail/defines_elementary.hpp:53:38: note: expanded from macro '__SYCL_DEPRECATED'
     53 | #define __SYCL_DEPRECATED(message) [[deprecated(message)]]
        |                                      ^
  In file included from /home/edgeai/esimd_learning/csrc/xpu/esimd_kernel.sycl:1:
  In file included from /home/edgeai/downstream/lib/python3.12/site-packages/torch/include/ATen/ATen.h:8:
  In file included from /home/edgeai/downstream/lib/python3.12/site-packages/torch/include/ATen/Context.h:5:
  In file included from /home/edgeai/downstream/lib/python3.12/site-packages/torch/include/ATen/CPUGeneratorImpl.h:4:
  In file included from /home/edgeai/downstream/lib/python3.12/site-packages/torch/include/ATen/core/Generator.h:19:
  In file included from /home/edgeai/downstream/lib/python3.12/site-packages/torch/include/c10/core/GeneratorImpl.h:9:
  In file included from /home/edgeai/downstream/lib/python3.12/site-packages/torch/include/c10/core/TensorImpl.h:12:
  In file included from /home/edgeai/downstream/lib/python3.12/site-packages/torch/include/c10/core/ScalarType.h:4:
  In file included from /home/edgeai/downstream/lib/python3.12/site-packages/torch/include/c10/util/BFloat16.h:2:
  In file included from /home/edgeai/downstream/lib/python3.12/site-packages/torch/include/torch/headeronly/util/BFloat16.h:22:
  In file included from /home/edgeai/downstream/include/sycl/sycl.hpp:49:
  In file included from /home/edgeai/downstream/include/sycl/detail/core.hpp:21:
  In file included from /home/edgeai/downstream/include/sycl/accessor.hpp:18:
  In file included from /home/edgeai/downstream/include/sycl/detail/generic_type_traits.hpp:12:
  /home/edgeai/downstream/include/sycl/aliases.hpp:145:1: warning: 'cl_half' is deprecated: use sycl::opencl::cl_half instead [-Wdeprecated-declarations]
    145 | __SYCL_2020_MAKE_VECTOR_ALIASES_FOR_VECTOR_LENGTH(4)
        | ^
  /home/edgeai/downstream/include/sycl/aliases.hpp:74:3: note: expanded from macro '__SYCL_2020_MAKE_VECTOR_ALIASES_FOR_VECTOR_LENGTH'
     74 |   __SYCL_MAKE_VECTOR_ALIASES_FOR_OPENCL_TYPES(N)                               \
        |   ^
  /home/edgeai/downstream/include/sycl/aliases.hpp:51:59: note: expanded from macro '__SYCL_MAKE_VECTOR_ALIASES_FOR_OPENCL_TYPES'
     51 |   __SYCL_2020_MAKE_DEPRECATED_VECTOR_ALIAS(cl_half, sycl::cl_half, N, "")
        |                                                           ^
  /home/edgeai/downstream/include/sycl/aliases.hpp:119:15: note: 'cl_half' has been explicitly marked deprecated here
    119 | using cl_half __SYCL2020_DEPRECATED("use sycl::opencl::cl_half instead") = half;
        |               ^
  /home/edgeai/downstream/include/sycl/detail/defines_elementary.hpp:62:40: note: expanded from macro '__SYCL2020_DEPRECATED'
     62 | #define __SYCL2020_DEPRECATED(message) __SYCL_DEPRECATED(message)
        |                                        ^
  /home/edgeai/downstream/include/sycl/detail/defines_elementary.hpp:53:38: note: expanded from macro '__SYCL_DEPRECATED'
     53 | #define __SYCL_DEPRECATED(message) [[deprecated(message)]]
        |                                      ^
  In file included from /home/edgeai/esimd_learning/csrc/xpu/esimd_kernel.sycl:1:
  In file included from /home/edgeai/downstream/lib/python3.12/site-packages/torch/include/ATen/ATen.h:8:
  In file included from /home/edgeai/downstream/lib/python3.12/site-packages/torch/include/ATen/Context.h:5:
  In file included from /home/edgeai/downstream/lib/python3.12/site-packages/torch/include/ATen/CPUGeneratorImpl.h:4:
  In file included from /home/edgeai/downstream/lib/python3.12/site-packages/torch/include/ATen/core/Generator.h:19:
  In file included from /home/edgeai/downstream/lib/python3.12/site-packages/torch/include/c10/core/GeneratorImpl.h:9:
  In file included from /home/edgeai/downstream/lib/python3.12/site-packages/torch/include/c10/core/TensorImpl.h:12:
  In file included from /home/edgeai/downstream/lib/python3.12/site-packages/torch/include/c10/core/ScalarType.h:4:
  In file included from /home/edgeai/downstream/lib/python3.12/site-packages/torch/include/c10/util/BFloat16.h:2:
  In file included from /home/edgeai/downstream/lib/python3.12/site-packages/torch/include/torch/headeronly/util/BFloat16.h:22:
  In file included from /home/edgeai/downstream/include/sycl/sycl.hpp:49:
  In file included from /home/edgeai/downstream/include/sycl/detail/core.hpp:21:
  In file included from /home/edgeai/downstream/include/sycl/accessor.hpp:18:
  In file included from /home/edgeai/downstream/include/sycl/detail/generic_type_traits.hpp:12:
  /home/edgeai/downstream/include/sycl/aliases.hpp:146:1: warning: 'cl_char' is deprecated: use sycl::opencl::cl_char instead [-Wdeprecated-declarations]
    146 | __SYCL_2020_MAKE_VECTOR_ALIASES_FOR_VECTOR_LENGTH(8)
        | ^
  /home/edgeai/downstream/include/sycl/aliases.hpp:74:3: note: expanded from macro '__SYCL_2020_MAKE_VECTOR_ALIASES_FOR_VECTOR_LENGTH'
     74 |   __SYCL_MAKE_VECTOR_ALIASES_FOR_OPENCL_TYPES(N)                               \
        |   ^
  /home/edgeai/downstream/include/sycl/aliases.hpp:41:59: note: expanded from macro '__SYCL_MAKE_VECTOR_ALIASES_FOR_OPENCL_TYPES'
     41 |   __SYCL_2020_MAKE_DEPRECATED_VECTOR_ALIAS(cl_char, sycl::cl_char, N, "")      \
        |                                                           ^
  /home/edgeai/downstream/include/sycl/aliases.hpp:104:5: note: 'cl_char' has been explicitly marked deprecated here
    104 |     __SYCL2020_DEPRECATED("use sycl::opencl::cl_char instead") = std::int8_t;
        |     ^
  /home/edgeai/downstream/include/sycl/detail/defines_elementary.hpp:62:40: note: expanded from macro '__SYCL2020_DEPRECATED'
     62 | #define __SYCL2020_DEPRECATED(message) __SYCL_DEPRECATED(message)
        |                                        ^
  /home/edgeai/downstream/include/sycl/detail/defines_elementary.hpp:53:38: note: expanded from macro '__SYCL_DEPRECATED'
     53 | #define __SYCL_DEPRECATED(message) [[deprecated(message)]]
        |                                      ^
  In file included from /home/edgeai/esimd_learning/csrc/xpu/esimd_kernel.sycl:1:
  In file included from /home/edgeai/downstream/lib/python3.12/site-packages/torch/include/ATen/ATen.h:8:
  In file included from /home/edgeai/downstream/lib/python3.12/site-packages/torch/include/ATen/Context.h:5:
  In file included from /home/edgeai/downstream/lib/python3.12/site-packages/torch/include/ATen/CPUGeneratorImpl.h:4:
  In file included from /home/edgeai/downstream/lib/python3.12/site-packages/torch/include/ATen/core/Generator.h:19:
  In file included from /home/edgeai/downstream/lib/python3.12/site-packages/torch/include/c10/core/GeneratorImpl.h:9:
  In file included from /home/edgeai/downstream/lib/python3.12/site-packages/torch/include/c10/core/TensorImpl.h:12:
  In file included from /home/edgeai/downstream/lib/python3.12/site-packages/torch/include/c10/core/ScalarType.h:4:
  In file included from /home/edgeai/downstream/lib/python3.12/site-packages/torch/include/c10/util/BFloat16.h:2:
  In file included from /home/edgeai/downstream/lib/python3.12/site-packages/torch/include/torch/headeronly/util/BFloat16.h:22:
  In file included from /home/edgeai/downstream/include/sycl/sycl.hpp:49:
  In file included from /home/edgeai/downstream/include/sycl/detail/core.hpp:21:
  In file included from /home/edgeai/downstream/include/sycl/accessor.hpp:18:
  In file included from /home/edgeai/downstream/include/sycl/detail/generic_type_traits.hpp:12:
  /home/edgeai/downstream/include/sycl/aliases.hpp:146:1: warning: 'cl_uchar' is deprecated: use sycl::opencl::cl_uchar instead [-Wdeprecated-declarations]
    146 | __SYCL_2020_MAKE_VECTOR_ALIASES_FOR_VECTOR_LENGTH(8)
        | ^
  /home/edgeai/downstream/include/sycl/aliases.hpp:74:3: note: expanded from macro '__SYCL_2020_MAKE_VECTOR_ALIASES_FOR_VECTOR_LENGTH'
     74 |   __SYCL_MAKE_VECTOR_ALIASES_FOR_OPENCL_TYPES(N)                               \
        |   ^
  /home/edgeai/downstream/include/sycl/aliases.hpp:42:60: note: expanded from macro '__SYCL_MAKE_VECTOR_ALIASES_FOR_OPENCL_TYPES'
     42 |   __SYCL_2020_MAKE_DEPRECATED_VECTOR_ALIAS(cl_uchar, sycl::cl_uchar, N, "")    \
        |                                                            ^
  /home/edgeai/downstream/include/sycl/aliases.hpp:106:5: note: 'cl_uchar' has been explicitly marked deprecated here
    106 |     __SYCL2020_DEPRECATED("use sycl::opencl::cl_uchar instead") = std::uint8_t;
        |     ^
  /home/edgeai/downstream/include/sycl/detail/defines_elementary.hpp:62:40: note: expanded from macro '__SYCL2020_DEPRECATED'
     62 | #define __SYCL2020_DEPRECATED(message) __SYCL_DEPRECATED(message)
        |                                        ^
  /home/edgeai/downstream/include/sycl/detail/defines_elementary.hpp:53:38: note: expanded from macro '__SYCL_DEPRECATED'
     53 | #define __SYCL_DEPRECATED(message) [[deprecated(message)]]
        |                                      ^
  In file included from /home/edgeai/esimd_learning/csrc/xpu/esimd_kernel.sycl:1:
  In file included from /home/edgeai/downstream/lib/python3.12/site-packages/torch/include/ATen/ATen.h:8:
  In file included from /home/edgeai/downstream/lib/python3.12/site-packages/torch/include/ATen/Context.h:5:
  In file included from /home/edgeai/downstream/lib/python3.12/site-packages/torch/include/ATen/CPUGeneratorImpl.h:4:
  In file included from /home/edgeai/downstream/lib/python3.12/site-packages/torch/include/ATen/core/Generator.h:19:
  In file included from /home/edgeai/downstream/lib/python3.12/site-packages/torch/include/c10/core/GeneratorImpl.h:9:
  In file included from /home/edgeai/downstream/lib/python3.12/site-packages/torch/include/c10/core/TensorImpl.h:12:
  In file included from /home/edgeai/downstream/lib/python3.12/site-packages/torch/include/c10/core/ScalarType.h:4:
  In file included from /home/edgeai/downstream/lib/python3.12/site-packages/torch/include/c10/util/BFloat16.h:2:
  In file included from /home/edgeai/downstream/lib/python3.12/site-packages/torch/include/torch/headeronly/util/BFloat16.h:22:
  In file included from /home/edgeai/downstream/include/sycl/sycl.hpp:49:
  In file included from /home/edgeai/downstream/include/sycl/detail/core.hpp:21:
  In file included from /home/edgeai/downstream/include/sycl/accessor.hpp:18:
  In file included from /home/edgeai/downstream/include/sycl/detail/generic_type_traits.hpp:12:
  /home/edgeai/downstream/include/sycl/aliases.hpp:146:1: warning: 'cl_short' is deprecated: use sycl::opencl::cl_short instead [-Wdeprecated-declarations]
    146 | __SYCL_2020_MAKE_VECTOR_ALIASES_FOR_VECTOR_LENGTH(8)
        | ^
  /home/edgeai/downstream/include/sycl/aliases.hpp:74:3: note: expanded from macro '__SYCL_2020_MAKE_VECTOR_ALIASES_FOR_VECTOR_LENGTH'
     74 |   __SYCL_MAKE_VECTOR_ALIASES_FOR_OPENCL_TYPES(N)                               \
        |   ^
  /home/edgeai/downstream/include/sycl/aliases.hpp:43:60: note: expanded from macro '__SYCL_MAKE_VECTOR_ALIASES_FOR_OPENCL_TYPES'
     43 |   __SYCL_2020_MAKE_DEPRECATED_VECTOR_ALIAS(cl_short, sycl::cl_short, N, "")    \
        |                                                            ^
  /home/edgeai/downstream/include/sycl/aliases.hpp:108:5: note: 'cl_short' has been explicitly marked deprecated here
    108 |     __SYCL2020_DEPRECATED("use sycl::opencl::cl_short instead") = std::int16_t;
        |     ^
  /home/edgeai/downstream/include/sycl/detail/defines_elementary.hpp:62:40: note: expanded from macro '__SYCL2020_DEPRECATED'
     62 | #define __SYCL2020_DEPRECATED(message) __SYCL_DEPRECATED(message)
        |                                        ^
  /home/edgeai/downstream/include/sycl/detail/defines_elementary.hpp:53:38: note: expanded from macro '__SYCL_DEPRECATED'
     53 | #define __SYCL_DEPRECATED(message) [[deprecated(message)]]
        |                                      ^
  In file included from /home/edgeai/esimd_learning/csrc/xpu/esimd_kernel.sycl:1:
  In file included from /home/edgeai/downstream/lib/python3.12/site-packages/torch/include/ATen/ATen.h:8:
  In file included from /home/edgeai/downstream/lib/python3.12/site-packages/torch/include/ATen/Context.h:5:
  In file included from /home/edgeai/downstream/lib/python3.12/site-packages/torch/include/ATen/CPUGeneratorImpl.h:4:
  In file included from /home/edgeai/downstream/lib/python3.12/site-packages/torch/include/ATen/core/Generator.h:19:
  In file included from /home/edgeai/downstream/lib/python3.12/site-packages/torch/include/c10/core/GeneratorImpl.h:9:
  In file included from /home/edgeai/downstream/lib/python3.12/site-packages/torch/include/c10/core/TensorImpl.h:12:
  In file included from /home/edgeai/downstream/lib/python3.12/site-packages/torch/include/c10/core/ScalarType.h:4:
  In file included from /home/edgeai/downstream/lib/python3.12/site-packages/torch/include/c10/util/BFloat16.h:2:
  In file included from /home/edgeai/downstream/lib/python3.12/site-packages/torch/include/torch/headeronly/util/BFloat16.h:22:
  In file included from /home/edgeai/downstream/include/sycl/sycl.hpp:49:
  In file included from /home/edgeai/downstream/include/sycl/detail/core.hpp:21:
  In file included from /home/edgeai/downstream/include/sycl/accessor.hpp:18:
  In file included from /home/edgeai/downstream/include/sycl/detail/generic_type_traits.hpp:12:
  /home/edgeai/downstream/include/sycl/aliases.hpp:146:1: warning: 'cl_ushort' is deprecated: use sycl::opencl::cl_ushort instead [-Wdeprecated-declarations]
    146 | __SYCL_2020_MAKE_VECTOR_ALIASES_FOR_VECTOR_LENGTH(8)
        | ^
  /home/edgeai/downstream/include/sycl/aliases.hpp:74:3: note: expanded from macro '__SYCL_2020_MAKE_VECTOR_ALIASES_FOR_VECTOR_LENGTH'
     74 |   __SYCL_MAKE_VECTOR_ALIASES_FOR_OPENCL_TYPES(N)                               \
        |   ^
  /home/edgeai/downstream/include/sycl/aliases.hpp:44:61: note: expanded from macro '__SYCL_MAKE_VECTOR_ALIASES_FOR_OPENCL_TYPES'
     44 |   __SYCL_2020_MAKE_DEPRECATED_VECTOR_ALIAS(cl_ushort, sycl::cl_ushort, N, "")  \
        |                                                             ^
  /home/edgeai/downstream/include/sycl/aliases.hpp:109:17: note: 'cl_ushort' has been explicitly marked deprecated here
    109 | using cl_ushort __SYCL2020_DEPRECATED("use sycl::opencl::cl_ushort instead") =
        |                 ^
  /home/edgeai/downstream/include/sycl/detail/defines_elementary.hpp:62:40: note: expanded from macro '__SYCL2020_DEPRECATED'
     62 | #define __SYCL2020_DEPRECATED(message) __SYCL_DEPRECATED(message)
        |                                        ^
  /home/edgeai/downstream/include/sycl/detail/defines_elementary.hpp:53:38: note: expanded from macro '__SYCL_DEPRECATED'
     53 | #define __SYCL_DEPRECATED(message) [[deprecated(message)]]
        |                                      ^
  In file included from /home/edgeai/esimd_learning/csrc/xpu/esimd_kernel.sycl:1:
  In file included from /home/edgeai/downstream/lib/python3.12/site-packages/torch/include/ATen/ATen.h:8:
  In file included from /home/edgeai/downstream/lib/python3.12/site-packages/torch/include/ATen/Context.h:5:
  In file included from /home/edgeai/downstream/lib/python3.12/site-packages/torch/include/ATen/CPUGeneratorImpl.h:4:
  In file included from /home/edgeai/downstream/lib/python3.12/site-packages/torch/include/ATen/core/Generator.h:19:
  In file included from /home/edgeai/downstream/lib/python3.12/site-packages/torch/include/c10/core/GeneratorImpl.h:9:
  In file included from /home/edgeai/downstream/lib/python3.12/site-packages/torch/include/c10/core/TensorImpl.h:12:
  In file included from /home/edgeai/downstream/lib/python3.12/site-packages/torch/include/c10/core/ScalarType.h:4:
  In file included from /home/edgeai/downstream/lib/python3.12/site-packages/torch/include/c10/util/BFloat16.h:2:
  In file included from /home/edgeai/downstream/lib/python3.12/site-packages/torch/include/torch/headeronly/util/BFloat16.h:22:
  In file included from /home/edgeai/downstream/include/sycl/sycl.hpp:49:
  In file included from /home/edgeai/downstream/include/sycl/detail/core.hpp:21:
  In file included from /home/edgeai/downstream/include/sycl/accessor.hpp:18:
  In file included from /home/edgeai/downstream/include/sycl/detail/generic_type_traits.hpp:12:
  /home/edgeai/downstream/include/sycl/aliases.hpp:146:1: warning: 'cl_int' is deprecated: use sycl::opencl::cl_int instead [-Wdeprecated-declarations]
    146 | __SYCL_2020_MAKE_VECTOR_ALIASES_FOR_VECTOR_LENGTH(8)
        | ^
  /home/edgeai/downstream/include/sycl/aliases.hpp:74:3: note: expanded from macro '__SYCL_2020_MAKE_VECTOR_ALIASES_FOR_VECTOR_LENGTH'
     74 |   __SYCL_MAKE_VECTOR_ALIASES_FOR_OPENCL_TYPES(N)                               \
        |   ^
  /home/edgeai/downstream/include/sycl/aliases.hpp:45:58: note: expanded from macro '__SYCL_MAKE_VECTOR_ALIASES_FOR_OPENCL_TYPES'
     45 |   __SYCL_2020_MAKE_DEPRECATED_VECTOR_ALIAS(cl_int, sycl::cl_int, N, "")        \
        |                                                          ^
  /home/edgeai/downstream/include/sycl/aliases.hpp:112:5: note: 'cl_int' has been explicitly marked deprecated here
    112 |     __SYCL2020_DEPRECATED("use sycl::opencl::cl_int instead") = std::int32_t;
        |     ^
  /home/edgeai/downstream/include/sycl/detail/defines_elementary.hpp:62:40: note: expanded from macro '__SYCL2020_DEPRECATED'
     62 | #define __SYCL2020_DEPRECATED(message) __SYCL_DEPRECATED(message)
        |                                        ^
  /home/edgeai/downstream/include/sycl/detail/defines_elementary.hpp:53:38: note: expanded from macro '__SYCL_DEPRECATED'
     53 | #define __SYCL_DEPRECATED(message) [[deprecated(message)]]
        |                                      ^
  In file included from /home/edgeai/esimd_learning/csrc/xpu/esimd_kernel.sycl:1:
  In file included from /home/edgeai/downstream/lib/python3.12/site-packages/torch/include/ATen/ATen.h:8:
  In file included from /home/edgeai/downstream/lib/python3.12/site-packages/torch/include/ATen/Context.h:5:
  In file included from /home/edgeai/downstream/lib/python3.12/site-packages/torch/include/ATen/CPUGeneratorImpl.h:4:
  In file included from /home/edgeai/downstream/lib/python3.12/site-packages/torch/include/ATen/core/Generator.h:19:
  In file included from /home/edgeai/downstream/lib/python3.12/site-packages/torch/include/c10/core/GeneratorImpl.h:9:
  In file included from /home/edgeai/downstream/lib/python3.12/site-packages/torch/include/c10/core/TensorImpl.h:12:
  In file included from /home/edgeai/downstream/lib/python3.12/site-packages/torch/include/c10/core/ScalarType.h:4:
  In file included from /home/edgeai/downstream/lib/python3.12/site-packages/torch/include/c10/util/BFloat16.h:2:
  In file included from /home/edgeai/downstream/lib/python3.12/site-packages/torch/include/torch/headeronly/util/BFloat16.h:22:
  In file included from /home/edgeai/downstream/include/sycl/sycl.hpp:49:
  In file included from /home/edgeai/downstream/include/sycl/detail/core.hpp:21:
  In file included from /home/edgeai/downstream/include/sycl/accessor.hpp:18:
  In file included from /home/edgeai/downstream/include/sycl/detail/generic_type_traits.hpp:12:
  /home/edgeai/downstream/include/sycl/aliases.hpp:146:1: warning: 'cl_uint' is deprecated: use sycl::opencl::cl_uint instead [-Wdeprecated-declarations]
    146 | __SYCL_2020_MAKE_VECTOR_ALIASES_FOR_VECTOR_LENGTH(8)
        | ^
  /home/edgeai/downstream/include/sycl/aliases.hpp:74:3: note: expanded from macro '__SYCL_2020_MAKE_VECTOR_ALIASES_FOR_VECTOR_LENGTH'
     74 |   __SYCL_MAKE_VECTOR_ALIASES_FOR_OPENCL_TYPES(N)                               \
        |   ^
  /home/edgeai/downstream/include/sycl/aliases.hpp:46:59: note: expanded from macro '__SYCL_MAKE_VECTOR_ALIASES_FOR_OPENCL_TYPES'
     46 |   __SYCL_2020_MAKE_DEPRECATED_VECTOR_ALIAS(cl_uint, sycl::cl_uint, N, "")      \
        |                                                           ^
  /home/edgeai/downstream/include/sycl/aliases.hpp:114:5: note: 'cl_uint' has been explicitly marked deprecated here
    114 |     __SYCL2020_DEPRECATED("use sycl::opencl::cl_uint instead") = std::uint32_t;
        |     ^
  /home/edgeai/downstream/include/sycl/detail/defines_elementary.hpp:62:40: note: expanded from macro '__SYCL2020_DEPRECATED'
     62 | #define __SYCL2020_DEPRECATED(message) __SYCL_DEPRECATED(message)
        |                                        ^
  /home/edgeai/downstream/include/sycl/detail/defines_elementary.hpp:53:38: note: expanded from macro '__SYCL_DEPRECATED'
     53 | #define __SYCL_DEPRECATED(message) [[deprecated(message)]]
        |                                      ^
  In file included from /home/edgeai/esimd_learning/csrc/xpu/esimd_kernel.sycl:1:
  In file included from /home/edgeai/downstream/lib/python3.12/site-packages/torch/include/ATen/ATen.h:8:
  In file included from /home/edgeai/downstream/lib/python3.12/site-packages/torch/include/ATen/Context.h:5:
  In file included from /home/edgeai/downstream/lib/python3.12/site-packages/torch/include/ATen/CPUGeneratorImpl.h:4:
  In file included from /home/edgeai/downstream/lib/python3.12/site-packages/torch/include/ATen/core/Generator.h:19:
  In file included from /home/edgeai/downstream/lib/python3.12/site-packages/torch/include/c10/core/GeneratorImpl.h:9:
  In file included from /home/edgeai/downstream/lib/python3.12/site-packages/torch/include/c10/core/TensorImpl.h:12:
  In file included from /home/edgeai/downstream/lib/python3.12/site-packages/torch/include/c10/core/ScalarType.h:4:
  In file included from /home/edgeai/downstream/lib/python3.12/site-packages/torch/include/c10/util/BFloat16.h:2:
  In file included from /home/edgeai/downstream/lib/python3.12/site-packages/torch/include/torch/headeronly/util/BFloat16.h:22:
  In file included from /home/edgeai/downstream/include/sycl/sycl.hpp:49:
  In file included from /home/edgeai/downstream/include/sycl/detail/core.hpp:21:
  In file included from /home/edgeai/downstream/include/sycl/accessor.hpp:18:
  In file included from /home/edgeai/downstream/include/sycl/detail/generic_type_traits.hpp:12:
  /home/edgeai/downstream/include/sycl/aliases.hpp:146:1: warning: 'cl_long' is deprecated: use sycl::opencl::cl_long instead [-Wdeprecated-declarations]
    146 | __SYCL_2020_MAKE_VECTOR_ALIASES_FOR_VECTOR_LENGTH(8)
        | ^
  /home/edgeai/downstream/include/sycl/aliases.hpp:74:3: note: expanded from macro '__SYCL_2020_MAKE_VECTOR_ALIASES_FOR_VECTOR_LENGTH'
     74 |   __SYCL_MAKE_VECTOR_ALIASES_FOR_OPENCL_TYPES(N)                               \
        |   ^
  /home/edgeai/downstream/include/sycl/aliases.hpp:47:59: note: expanded from macro '__SYCL_MAKE_VECTOR_ALIASES_FOR_OPENCL_TYPES'
     47 |   __SYCL_2020_MAKE_DEPRECATED_VECTOR_ALIAS(cl_long, sycl::cl_long, N, "")      \
        |                                                           ^
  /home/edgeai/downstream/include/sycl/aliases.hpp:116:5: note: 'cl_long' has been explicitly marked deprecated here
    116 |     __SYCL2020_DEPRECATED("use sycl::opencl::cl_long instead") = std::int64_t;
        |     ^
  /home/edgeai/downstream/include/sycl/detail/defines_elementary.hpp:62:40: note: expanded from macro '__SYCL2020_DEPRECATED'
     62 | #define __SYCL2020_DEPRECATED(message) __SYCL_DEPRECATED(message)
        |                                        ^
  /home/edgeai/downstream/include/sycl/detail/defines_elementary.hpp:53:38: note: expanded from macro '__SYCL_DEPRECATED'
     53 | #define __SYCL_DEPRECATED(message) [[deprecated(message)]]
        |                                      ^
  In file included from /home/edgeai/esimd_learning/csrc/xpu/esimd_kernel.sycl:1:
  In file included from /home/edgeai/downstream/lib/python3.12/site-packages/torch/include/ATen/ATen.h:8:
  In file included from /home/edgeai/downstream/lib/python3.12/site-packages/torch/include/ATen/Context.h:5:
  In file included from /home/edgeai/downstream/lib/python3.12/site-packages/torch/include/ATen/CPUGeneratorImpl.h:4:
  In file included from /home/edgeai/downstream/lib/python3.12/site-packages/torch/include/ATen/core/Generator.h:19:
  In file included from /home/edgeai/downstream/lib/python3.12/site-packages/torch/include/c10/core/GeneratorImpl.h:9:
  In file included from /home/edgeai/downstream/lib/python3.12/site-packages/torch/include/c10/core/TensorImpl.h:12:
  In file included from /home/edgeai/downstream/lib/python3.12/site-packages/torch/include/c10/core/ScalarType.h:4:
  In file included from /home/edgeai/downstream/lib/python3.12/site-packages/torch/include/c10/util/BFloat16.h:2:
  In file included from /home/edgeai/downstream/lib/python3.12/site-packages/torch/include/torch/headeronly/util/BFloat16.h:22:
  In file included from /home/edgeai/downstream/include/sycl/sycl.hpp:49:
  In file included from /home/edgeai/downstream/include/sycl/detail/core.hpp:21:
  In file included from /home/edgeai/downstream/include/sycl/accessor.hpp:18:
  In file included from /home/edgeai/downstream/include/sycl/detail/generic_type_traits.hpp:12:
  /home/edgeai/downstream/include/sycl/aliases.hpp:146:1: warning: 'cl_ulong' is deprecated: use sycl::opencl::cl_ulong instead [-Wdeprecated-declarations]
    146 | __SYCL_2020_MAKE_VECTOR_ALIASES_FOR_VECTOR_LENGTH(8)
        | ^
  /home/edgeai/downstream/include/sycl/aliases.hpp:74:3: note: expanded from macro '__SYCL_2020_MAKE_VECTOR_ALIASES_FOR_VECTOR_LENGTH'
     74 |   __SYCL_MAKE_VECTOR_ALIASES_FOR_OPENCL_TYPES(N)                               \
        |   ^
  /home/edgeai/downstream/include/sycl/aliases.hpp:48:60: note: expanded from macro '__SYCL_MAKE_VECTOR_ALIASES_FOR_OPENCL_TYPES'
     48 |   __SYCL_2020_MAKE_DEPRECATED_VECTOR_ALIAS(cl_ulong, sycl::cl_ulong, N, "")    \
        |                                                            ^
  /home/edgeai/downstream/include/sycl/aliases.hpp:118:5: note: 'cl_ulong' has been explicitly marked deprecated here
    118 |     __SYCL2020_DEPRECATED("use sycl::opencl::cl_ulong instead") = std::uint64_t;
        |     ^
  /home/edgeai/downstream/include/sycl/detail/defines_elementary.hpp:62:40: note: expanded from macro '__SYCL2020_DEPRECATED'
     62 | #define __SYCL2020_DEPRECATED(message) __SYCL_DEPRECATED(message)
        |                                        ^
  /home/edgeai/downstream/include/sycl/detail/defines_elementary.hpp:53:38: note: expanded from macro '__SYCL_DEPRECATED'
     53 | #define __SYCL_DEPRECATED(message) [[deprecated(message)]]
        |                                      ^
  In file included from /home/edgeai/esimd_learning/csrc/xpu/esimd_kernel.sycl:1:
  In file included from /home/edgeai/downstream/lib/python3.12/site-packages/torch/include/ATen/ATen.h:8:
  In file included from /home/edgeai/downstream/lib/python3.12/site-packages/torch/include/ATen/Context.h:5:
  In file included from /home/edgeai/downstream/lib/python3.12/site-packages/torch/include/ATen/CPUGeneratorImpl.h:4:
  In file included from /home/edgeai/downstream/lib/python3.12/site-packages/torch/include/ATen/core/Generator.h:19:
  In file included from /home/edgeai/downstream/lib/python3.12/site-packages/torch/include/c10/core/GeneratorImpl.h:9:
  In file included from /home/edgeai/downstream/lib/python3.12/site-packages/torch/include/c10/core/TensorImpl.h:12:
  In file included from /home/edgeai/downstream/lib/python3.12/site-packages/torch/include/c10/core/ScalarType.h:4:
  In file included from /home/edgeai/downstream/lib/python3.12/site-packages/torch/include/c10/util/BFloat16.h:2:
  In file included from /home/edgeai/downstream/lib/python3.12/site-packages/torch/include/torch/headeronly/util/BFloat16.h:22:
  In file included from /home/edgeai/downstream/include/sycl/sycl.hpp:49:
  In file included from /home/edgeai/downstream/include/sycl/detail/core.hpp:21:
  In file included from /home/edgeai/downstream/include/sycl/accessor.hpp:18:
  In file included from /home/edgeai/downstream/include/sycl/detail/generic_type_traits.hpp:12:
  /home/edgeai/downstream/include/sycl/aliases.hpp:146:1: warning: 'cl_float' is deprecated: use sycl::opencl::cl_float instead [-Wdeprecated-declarations]
    146 | __SYCL_2020_MAKE_VECTOR_ALIASES_FOR_VECTOR_LENGTH(8)
        | ^
  /home/edgeai/downstream/include/sycl/aliases.hpp:74:3: note: expanded from macro '__SYCL_2020_MAKE_VECTOR_ALIASES_FOR_VECTOR_LENGTH'
     74 |   __SYCL_MAKE_VECTOR_ALIASES_FOR_OPENCL_TYPES(N)                               \
        |   ^
  /home/edgeai/downstream/include/sycl/aliases.hpp:49:60: note: expanded from macro '__SYCL_MAKE_VECTOR_ALIASES_FOR_OPENCL_TYPES'
     49 |   __SYCL_2020_MAKE_DEPRECATED_VECTOR_ALIAS(cl_float, sycl::cl_float, N, "")    \
        |                                                            ^
  /home/edgeai/downstream/include/sycl/aliases.hpp:121:5: note: 'cl_float' has been explicitly marked deprecated here
    121 |     __SYCL2020_DEPRECATED("use sycl::opencl::cl_float instead") = float;
        |     ^
  /home/edgeai/downstream/include/sycl/detail/defines_elementary.hpp:62:40: note: expanded from macro '__SYCL2020_DEPRECATED'
     62 | #define __SYCL2020_DEPRECATED(message) __SYCL_DEPRECATED(message)
        |                                        ^
  /home/edgeai/downstream/include/sycl/detail/defines_elementary.hpp:53:38: note: expanded from macro '__SYCL_DEPRECATED'
     53 | #define __SYCL_DEPRECATED(message) [[deprecated(message)]]
        |                                      ^
  In file included from /home/edgeai/esimd_learning/csrc/xpu/esimd_kernel.sycl:1:
  In file included from /home/edgeai/downstream/lib/python3.12/site-packages/torch/include/ATen/ATen.h:8:
  In file included from /home/edgeai/downstream/lib/python3.12/site-packages/torch/include/ATen/Context.h:5:
  In file included from /home/edgeai/downstream/lib/python3.12/site-packages/torch/include/ATen/CPUGeneratorImpl.h:4:
  In file included from /home/edgeai/downstream/lib/python3.12/site-packages/torch/include/ATen/core/Generator.h:19:
  In file included from /home/edgeai/downstream/lib/python3.12/site-packages/torch/include/c10/core/GeneratorImpl.h:9:
  In file included from /home/edgeai/downstream/lib/python3.12/site-packages/torch/include/c10/core/TensorImpl.h:12:
  In file included from /home/edgeai/downstream/lib/python3.12/site-packages/torch/include/c10/core/ScalarType.h:4:
  In file included from /home/edgeai/downstream/lib/python3.12/site-packages/torch/include/c10/util/BFloat16.h:2:
  In file included from /home/edgeai/downstream/lib/python3.12/site-packages/torch/include/torch/headeronly/util/BFloat16.h:22:
  In file included from /home/edgeai/downstream/include/sycl/sycl.hpp:49:
  In file included from /home/edgeai/downstream/include/sycl/detail/core.hpp:21:
  In file included from /home/edgeai/downstream/include/sycl/accessor.hpp:18:
  In file included from /home/edgeai/downstream/include/sycl/detail/generic_type_traits.hpp:12:
  /home/edgeai/downstream/include/sycl/aliases.hpp:146:1: warning: 'cl_double' is deprecated: use sycl::opencl::cl_double instead [-Wdeprecated-declarations]
    146 | __SYCL_2020_MAKE_VECTOR_ALIASES_FOR_VECTOR_LENGTH(8)
        | ^
  /home/edgeai/downstream/include/sycl/aliases.hpp:74:3: note: expanded from macro '__SYCL_2020_MAKE_VECTOR_ALIASES_FOR_VECTOR_LENGTH'
     74 |   __SYCL_MAKE_VECTOR_ALIASES_FOR_OPENCL_TYPES(N)                               \
        |   ^
  /home/edgeai/downstream/include/sycl/aliases.hpp:50:61: note: expanded from macro '__SYCL_MAKE_VECTOR_ALIASES_FOR_OPENCL_TYPES'
     50 |   __SYCL_2020_MAKE_DEPRECATED_VECTOR_ALIAS(cl_double, sycl::cl_double, N, "")  \
        |                                                             ^
  /home/edgeai/downstream/include/sycl/aliases.hpp:123:5: note: 'cl_double' has been explicitly marked deprecated here
    123 |     __SYCL2020_DEPRECATED("use sycl::opencl::cl_double instead") = double;
        |     ^
  /home/edgeai/downstream/include/sycl/detail/defines_elementary.hpp:62:40: note: expanded from macro '__SYCL2020_DEPRECATED'
     62 | #define __SYCL2020_DEPRECATED(message) __SYCL_DEPRECATED(message)
        |                                        ^
  /home/edgeai/downstream/include/sycl/detail/defines_elementary.hpp:53:38: note: expanded from macro '__SYCL_DEPRECATED'
     53 | #define __SYCL_DEPRECATED(message) [[deprecated(message)]]
        |                                      ^
  In file included from /home/edgeai/esimd_learning/csrc/xpu/esimd_kernel.sycl:1:
  In file included from /home/edgeai/downstream/lib/python3.12/site-packages/torch/include/ATen/ATen.h:8:
  In file included from /home/edgeai/downstream/lib/python3.12/site-packages/torch/include/ATen/Context.h:5:
  In file included from /home/edgeai/downstream/lib/python3.12/site-packages/torch/include/ATen/CPUGeneratorImpl.h:4:
  In file included from /home/edgeai/downstream/lib/python3.12/site-packages/torch/include/ATen/core/Generator.h:19:
  In file included from /home/edgeai/downstream/lib/python3.12/site-packages/torch/include/c10/core/GeneratorImpl.h:9:
  In file included from /home/edgeai/downstream/lib/python3.12/site-packages/torch/include/c10/core/TensorImpl.h:12:
  In file included from /home/edgeai/downstream/lib/python3.12/site-packages/torch/include/c10/core/ScalarType.h:4:
  In file included from /home/edgeai/downstream/lib/python3.12/site-packages/torch/include/c10/util/BFloat16.h:2:
  In file included from /home/edgeai/downstream/lib/python3.12/site-packages/torch/include/torch/headeronly/util/BFloat16.h:22:
  In file included from /home/edgeai/downstream/include/sycl/sycl.hpp:49:
  In file included from /home/edgeai/downstream/include/sycl/detail/core.hpp:21:
  In file included from /home/edgeai/downstream/include/sycl/accessor.hpp:18:
  In file included from /home/edgeai/downstream/include/sycl/detail/generic_type_traits.hpp:12:
  /home/edgeai/downstream/include/sycl/aliases.hpp:146:1: warning: 'cl_half' is deprecated: use sycl::opencl::cl_half instead [-Wdeprecated-declarations]
    146 | __SYCL_2020_MAKE_VECTOR_ALIASES_FOR_VECTOR_LENGTH(8)
        | ^
  /home/edgeai/downstream/include/sycl/aliases.hpp:74:3: note: expanded from macro '__SYCL_2020_MAKE_VECTOR_ALIASES_FOR_VECTOR_LENGTH'
     74 |   __SYCL_MAKE_VECTOR_ALIASES_FOR_OPENCL_TYPES(N)                               \
        |   ^
  /home/edgeai/downstream/include/sycl/aliases.hpp:51:59: note: expanded from macro '__SYCL_MAKE_VECTOR_ALIASES_FOR_OPENCL_TYPES'
     51 |   __SYCL_2020_MAKE_DEPRECATED_VECTOR_ALIAS(cl_half, sycl::cl_half, N, "")
        |                                                           ^
  /home/edgeai/downstream/include/sycl/aliases.hpp:119:15: note: 'cl_half' has been explicitly marked deprecated here
    119 | using cl_half __SYCL2020_DEPRECATED("use sycl::opencl::cl_half instead") = half;
        |               ^
  /home/edgeai/downstream/include/sycl/detail/defines_elementary.hpp:62:40: note: expanded from macro '__SYCL2020_DEPRECATED'
     62 | #define __SYCL2020_DEPRECATED(message) __SYCL_DEPRECATED(message)
        |                                        ^
  /home/edgeai/downstream/include/sycl/detail/defines_elementary.hpp:53:38: note: expanded from macro '__SYCL_DEPRECATED'
     53 | #define __SYCL_DEPRECATED(message) [[deprecated(message)]]
        |                                      ^
  In file included from /home/edgeai/esimd_learning/csrc/xpu/esimd_kernel.sycl:1:
  In file included from /home/edgeai/downstream/lib/python3.12/site-packages/torch/include/ATen/ATen.h:8:
  In file included from /home/edgeai/downstream/lib/python3.12/site-packages/torch/include/ATen/Context.h:5:
  In file included from /home/edgeai/downstream/lib/python3.12/site-packages/torch/include/ATen/CPUGeneratorImpl.h:4:
  In file included from /home/edgeai/downstream/lib/python3.12/site-packages/torch/include/ATen/core/Generator.h:19:
  In file included from /home/edgeai/downstream/lib/python3.12/site-packages/torch/include/c10/core/GeneratorImpl.h:9:
  In file included from /home/edgeai/downstream/lib/python3.12/site-packages/torch/include/c10/core/TensorImpl.h:12:
  In file included from /home/edgeai/downstream/lib/python3.12/site-packages/torch/include/c10/core/ScalarType.h:4:
  In file included from /home/edgeai/downstream/lib/python3.12/site-packages/torch/include/c10/util/BFloat16.h:2:
  In file included from /home/edgeai/downstream/lib/python3.12/site-packages/torch/include/torch/headeronly/util/BFloat16.h:22:
  In file included from /home/edgeai/downstream/include/sycl/sycl.hpp:49:
  In file included from /home/edgeai/downstream/include/sycl/detail/core.hpp:21:
  In file included from /home/edgeai/downstream/include/sycl/accessor.hpp:18:
  In file included from /home/edgeai/downstream/include/sycl/detail/generic_type_traits.hpp:12:
  /home/edgeai/downstream/include/sycl/aliases.hpp:147:1: warning: 'cl_char' is deprecated: use sycl::opencl::cl_char instead [-Wdeprecated-declarations]
    147 | __SYCL_2020_MAKE_VECTOR_ALIASES_FOR_VECTOR_LENGTH(16)
        | ^
  /home/edgeai/downstream/include/sycl/aliases.hpp:74:3: note: expanded from macro '__SYCL_2020_MAKE_VECTOR_ALIASES_FOR_VECTOR_LENGTH'
     74 |   __SYCL_MAKE_VECTOR_ALIASES_FOR_OPENCL_TYPES(N)                               \
        |   ^
  /home/edgeai/downstream/include/sycl/aliases.hpp:41:59: note: expanded from macro '__SYCL_MAKE_VECTOR_ALIASES_FOR_OPENCL_TYPES'
     41 |   __SYCL_2020_MAKE_DEPRECATED_VECTOR_ALIAS(cl_char, sycl::cl_char, N, "")      \
        |                                                           ^
  /home/edgeai/downstream/include/sycl/aliases.hpp:104:5: note: 'cl_char' has been explicitly marked deprecated here
    104 |     __SYCL2020_DEPRECATED("use sycl::opencl::cl_char instead") = std::int8_t;
        |     ^
  /home/edgeai/downstream/include/sycl/detail/defines_elementary.hpp:62:40: note: expanded from macro '__SYCL2020_DEPRECATED'
     62 | #define __SYCL2020_DEPRECATED(message) __SYCL_DEPRECATED(message)
        |                                        ^
  /home/edgeai/downstream/include/sycl/detail/defines_elementary.hpp:53:38: note: expanded from macro '__SYCL_DEPRECATED'
     53 | #define __SYCL_DEPRECATED(message) [[deprecated(message)]]
        |                                      ^
  In file included from /home/edgeai/esimd_learning/csrc/xpu/esimd_kernel.sycl:1:
  In file included from /home/edgeai/downstream/lib/python3.12/site-packages/torch/include/ATen/ATen.h:8:
  In file included from /home/edgeai/downstream/lib/python3.12/site-packages/torch/include/ATen/Context.h:5:
  In file included from /home/edgeai/downstream/lib/python3.12/site-packages/torch/include/ATen/CPUGeneratorImpl.h:4:
  In file included from /home/edgeai/downstream/lib/python3.12/site-packages/torch/include/ATen/core/Generator.h:19:
  In file included from /home/edgeai/downstream/lib/python3.12/site-packages/torch/include/c10/core/GeneratorImpl.h:9:
  In file included from /home/edgeai/downstream/lib/python3.12/site-packages/torch/include/c10/core/TensorImpl.h:12:
  In file included from /home/edgeai/downstream/lib/python3.12/site-packages/torch/include/c10/core/ScalarType.h:4:
  In file included from /home/edgeai/downstream/lib/python3.12/site-packages/torch/include/c10/util/BFloat16.h:2:
  In file included from /home/edgeai/downstream/lib/python3.12/site-packages/torch/include/torch/headeronly/util/BFloat16.h:22:
  In file included from /home/edgeai/downstream/include/sycl/sycl.hpp:49:
  In file included from /home/edgeai/downstream/include/sycl/detail/core.hpp:21:
  In file included from /home/edgeai/downstream/include/sycl/accessor.hpp:18:
  In file included from /home/edgeai/downstream/include/sycl/detail/generic_type_traits.hpp:12:
  /home/edgeai/downstream/include/sycl/aliases.hpp:147:1: warning: 'cl_uchar' is deprecated: use sycl::opencl::cl_uchar instead [-Wdeprecated-declarations]
    147 | __SYCL_2020_MAKE_VECTOR_ALIASES_FOR_VECTOR_LENGTH(16)
        | ^
  /home/edgeai/downstream/include/sycl/aliases.hpp:74:3: note: expanded from macro '__SYCL_2020_MAKE_VECTOR_ALIASES_FOR_VECTOR_LENGTH'
     74 |   __SYCL_MAKE_VECTOR_ALIASES_FOR_OPENCL_TYPES(N)                               \
        |   ^
  /home/edgeai/downstream/include/sycl/aliases.hpp:42:60: note: expanded from macro '__SYCL_MAKE_VECTOR_ALIASES_FOR_OPENCL_TYPES'
     42 |   __SYCL_2020_MAKE_DEPRECATED_VECTOR_ALIAS(cl_uchar, sycl::cl_uchar, N, "")    \
        |                                                            ^
  /home/edgeai/downstream/include/sycl/aliases.hpp:106:5: note: 'cl_uchar' has been explicitly marked deprecated here
    106 |     __SYCL2020_DEPRECATED("use sycl::opencl::cl_uchar instead") = std::uint8_t;
        |     ^
  /home/edgeai/downstream/include/sycl/detail/defines_elementary.hpp:62:40: note: expanded from macro '__SYCL2020_DEPRECATED'
     62 | #define __SYCL2020_DEPRECATED(message) __SYCL_DEPRECATED(message)
        |                                        ^
  /home/edgeai/downstream/include/sycl/detail/defines_elementary.hpp:53:38: note: expanded from macro '__SYCL_DEPRECATED'
     53 | #define __SYCL_DEPRECATED(message) [[deprecated(message)]]
        |                                      ^
  In file included from /home/edgeai/esimd_learning/csrc/xpu/esimd_kernel.sycl:1:
  In file included from /home/edgeai/downstream/lib/python3.12/site-packages/torch/include/ATen/ATen.h:8:
  In file included from /home/edgeai/downstream/lib/python3.12/site-packages/torch/include/ATen/Context.h:5:
  In file included from /home/edgeai/downstream/lib/python3.12/site-packages/torch/include/ATen/CPUGeneratorImpl.h:4:
  In file included from /home/edgeai/downstream/lib/python3.12/site-packages/torch/include/ATen/core/Generator.h:19:
  In file included from /home/edgeai/downstream/lib/python3.12/site-packages/torch/include/c10/core/GeneratorImpl.h:9:
  In file included from /home/edgeai/downstream/lib/python3.12/site-packages/torch/include/c10/core/TensorImpl.h:12:
  In file included from /home/edgeai/downstream/lib/python3.12/site-packages/torch/include/c10/core/ScalarType.h:4:
  In file included from /home/edgeai/downstream/lib/python3.12/site-packages/torch/include/c10/util/BFloat16.h:2:
  In file included from /home/edgeai/downstream/lib/python3.12/site-packages/torch/include/torch/headeronly/util/BFloat16.h:22:
  In file included from /home/edgeai/downstream/include/sycl/sycl.hpp:49:
  In file included from /home/edgeai/downstream/include/sycl/detail/core.hpp:21:
  In file included from /home/edgeai/downstream/include/sycl/accessor.hpp:18:
  In file included from /home/edgeai/downstream/include/sycl/detail/generic_type_traits.hpp:12:
  /home/edgeai/downstream/include/sycl/aliases.hpp:147:1: warning: 'cl_short' is deprecated: use sycl::opencl::cl_short instead [-Wdeprecated-declarations]
    147 | __SYCL_2020_MAKE_VECTOR_ALIASES_FOR_VECTOR_LENGTH(16)
        | ^
  /home/edgeai/downstream/include/sycl/aliases.hpp:74:3: note: expanded from macro '__SYCL_2020_MAKE_VECTOR_ALIASES_FOR_VECTOR_LENGTH'
     74 |   __SYCL_MAKE_VECTOR_ALIASES_FOR_OPENCL_TYPES(N)                               \
        |   ^
  /home/edgeai/downstream/include/sycl/aliases.hpp:43:60: note: expanded from macro '__SYCL_MAKE_VECTOR_ALIASES_FOR_OPENCL_TYPES'
     43 |   __SYCL_2020_MAKE_DEPRECATED_VECTOR_ALIAS(cl_short, sycl::cl_short, N, "")    \
        |                                                            ^
  /home/edgeai/downstream/include/sycl/aliases.hpp:108:5: note: 'cl_short' has been explicitly marked deprecated here
    108 |     __SYCL2020_DEPRECATED("use sycl::opencl::cl_short instead") = std::int16_t;
        |     ^
  /home/edgeai/downstream/include/sycl/detail/defines_elementary.hpp:62:40: note: expanded from macro '__SYCL2020_DEPRECATED'
     62 | #define __SYCL2020_DEPRECATED(message) __SYCL_DEPRECATED(message)
        |                                        ^
  /home/edgeai/downstream/include/sycl/detail/defines_elementary.hpp:53:38: note: expanded from macro '__SYCL_DEPRECATED'
     53 | #define __SYCL_DEPRECATED(message) [[deprecated(message)]]
        |                                      ^
  In file included from /home/edgeai/esimd_learning/csrc/xpu/esimd_kernel.sycl:1:
  In file included from /home/edgeai/downstream/lib/python3.12/site-packages/torch/include/ATen/ATen.h:8:
  In file included from /home/edgeai/downstream/lib/python3.12/site-packages/torch/include/ATen/Context.h:5:
  In file included from /home/edgeai/downstream/lib/python3.12/site-packages/torch/include/ATen/CPUGeneratorImpl.h:4:
  In file included from /home/edgeai/downstream/lib/python3.12/site-packages/torch/include/ATen/core/Generator.h:19:
  In file included from /home/edgeai/downstream/lib/python3.12/site-packages/torch/include/c10/core/GeneratorImpl.h:9:
  In file included from /home/edgeai/downstream/lib/python3.12/site-packages/torch/include/c10/core/TensorImpl.h:12:
  In file included from /home/edgeai/downstream/lib/python3.12/site-packages/torch/include/c10/core/ScalarType.h:4:
  In file included from /home/edgeai/downstream/lib/python3.12/site-packages/torch/include/c10/util/BFloat16.h:2:
  In file included from /home/edgeai/downstream/lib/python3.12/site-packages/torch/include/torch/headeronly/util/BFloat16.h:22:
  In file included from /home/edgeai/downstream/include/sycl/sycl.hpp:49:
  In file included from /home/edgeai/downstream/include/sycl/detail/core.hpp:21:
  In file included from /home/edgeai/downstream/include/sycl/accessor.hpp:18:
  In file included from /home/edgeai/downstream/include/sycl/detail/generic_type_traits.hpp:12:
  /home/edgeai/downstream/include/sycl/aliases.hpp:147:1: warning: 'cl_ushort' is deprecated: use sycl::opencl::cl_ushort instead [-Wdeprecated-declarations]
    147 | __SYCL_2020_MAKE_VECTOR_ALIASES_FOR_VECTOR_LENGTH(16)
        | ^
  /home/edgeai/downstream/include/sycl/aliases.hpp:74:3: note: expanded from macro '__SYCL_2020_MAKE_VECTOR_ALIASES_FOR_VECTOR_LENGTH'
     74 |   __SYCL_MAKE_VECTOR_ALIASES_FOR_OPENCL_TYPES(N)                               \
        |   ^
  /home/edgeai/downstream/include/sycl/aliases.hpp:44:61: note: expanded from macro '__SYCL_MAKE_VECTOR_ALIASES_FOR_OPENCL_TYPES'
     44 |   __SYCL_2020_MAKE_DEPRECATED_VECTOR_ALIAS(cl_ushort, sycl::cl_ushort, N, "")  \
        |                                                             ^
  /home/edgeai/downstream/include/sycl/aliases.hpp:109:17: note: 'cl_ushort' has been explicitly marked deprecated here
    109 | using cl_ushort __SYCL2020_DEPRECATED("use sycl::opencl::cl_ushort instead") =
        |                 ^
  /home/edgeai/downstream/include/sycl/detail/defines_elementary.hpp:62:40: note: expanded from macro '__SYCL2020_DEPRECATED'
     62 | #define __SYCL2020_DEPRECATED(message) __SYCL_DEPRECATED(message)
        |                                        ^
  /home/edgeai/downstream/include/sycl/detail/defines_elementary.hpp:53:38: note: expanded from macro '__SYCL_DEPRECATED'
     53 | #define __SYCL_DEPRECATED(message) [[deprecated(message)]]
        |                                      ^
  In file included from /home/edgeai/esimd_learning/csrc/xpu/esimd_kernel.sycl:1:
  In file included from /home/edgeai/downstream/lib/python3.12/site-packages/torch/include/ATen/ATen.h:8:
  In file included from /home/edgeai/downstream/lib/python3.12/site-packages/torch/include/ATen/Context.h:5:
  In file included from /home/edgeai/downstream/lib/python3.12/site-packages/torch/include/ATen/CPUGeneratorImpl.h:4:
  In file included from /home/edgeai/downstream/lib/python3.12/site-packages/torch/include/ATen/core/Generator.h:19:
  In file included from /home/edgeai/downstream/lib/python3.12/site-packages/torch/include/c10/core/GeneratorImpl.h:9:
  In file included from /home/edgeai/downstream/lib/python3.12/site-packages/torch/include/c10/core/TensorImpl.h:12:
  In file included from /home/edgeai/downstream/lib/python3.12/site-packages/torch/include/c10/core/ScalarType.h:4:
  In file included from /home/edgeai/downstream/lib/python3.12/site-packages/torch/include/c10/util/BFloat16.h:2:
  In file included from /home/edgeai/downstream/lib/python3.12/site-packages/torch/include/torch/headeronly/util/BFloat16.h:22:
  In file included from /home/edgeai/downstream/include/sycl/sycl.hpp:49:
  In file included from /home/edgeai/downstream/include/sycl/detail/core.hpp:21:
  In file included from /home/edgeai/downstream/include/sycl/accessor.hpp:18:
  In file included from /home/edgeai/downstream/include/sycl/detail/generic_type_traits.hpp:12:
  /home/edgeai/downstream/include/sycl/aliases.hpp:147:1: warning: 'cl_int' is deprecated: use sycl::opencl::cl_int instead [-Wdeprecated-declarations]
    147 | __SYCL_2020_MAKE_VECTOR_ALIASES_FOR_VECTOR_LENGTH(16)
        | ^
  /home/edgeai/downstream/include/sycl/aliases.hpp:74:3: note: expanded from macro '__SYCL_2020_MAKE_VECTOR_ALIASES_FOR_VECTOR_LENGTH'
     74 |   __SYCL_MAKE_VECTOR_ALIASES_FOR_OPENCL_TYPES(N)                               \
        |   ^
  /home/edgeai/downstream/include/sycl/aliases.hpp:45:58: note: expanded from macro '__SYCL_MAKE_VECTOR_ALIASES_FOR_OPENCL_TYPES'
     45 |   __SYCL_2020_MAKE_DEPRECATED_VECTOR_ALIAS(cl_int, sycl::cl_int, N, "")        \
        |                                                          ^
  /home/edgeai/downstream/include/sycl/aliases.hpp:112:5: note: 'cl_int' has been explicitly marked deprecated here
    112 |     __SYCL2020_DEPRECATED("use sycl::opencl::cl_int instead") = std::int32_t;
        |     ^
  /home/edgeai/downstream/include/sycl/detail/defines_elementary.hpp:62:40: note: expanded from macro '__SYCL2020_DEPRECATED'
     62 | #define __SYCL2020_DEPRECATED(message) __SYCL_DEPRECATED(message)
        |                                        ^
  /home/edgeai/downstream/include/sycl/detail/defines_elementary.hpp:53:38: note: expanded from macro '__SYCL_DEPRECATED'
     53 | #define __SYCL_DEPRECATED(message) [[deprecated(message)]]
        |                                      ^
  In file included from /home/edgeai/esimd_learning/csrc/xpu/esimd_kernel.sycl:1:
  In file included from /home/edgeai/downstream/lib/python3.12/site-packages/torch/include/ATen/ATen.h:8:
  In file included from /home/edgeai/downstream/lib/python3.12/site-packages/torch/include/ATen/Context.h:5:
  In file included from /home/edgeai/downstream/lib/python3.12/site-packages/torch/include/ATen/CPUGeneratorImpl.h:4:
  In file included from /home/edgeai/downstream/lib/python3.12/site-packages/torch/include/ATen/core/Generator.h:19:
  In file included from /home/edgeai/downstream/lib/python3.12/site-packages/torch/include/c10/core/GeneratorImpl.h:9:
  In file included from /home/edgeai/downstream/lib/python3.12/site-packages/torch/include/c10/core/TensorImpl.h:12:
  In file included from /home/edgeai/downstream/lib/python3.12/site-packages/torch/include/c10/core/ScalarType.h:4:
  In file included from /home/edgeai/downstream/lib/python3.12/site-packages/torch/include/c10/util/BFloat16.h:2:
  In file included from /home/edgeai/downstream/lib/python3.12/site-packages/torch/include/torch/headeronly/util/BFloat16.h:22:
  In file included from /home/edgeai/downstream/include/sycl/sycl.hpp:49:
  In file included from /home/edgeai/downstream/include/sycl/detail/core.hpp:21:
  In file included from /home/edgeai/downstream/include/sycl/accessor.hpp:18:
  In file included from /home/edgeai/downstream/include/sycl/detail/generic_type_traits.hpp:12:
  /home/edgeai/downstream/include/sycl/aliases.hpp:147:1: warning: 'cl_uint' is deprecated: use sycl::opencl::cl_uint instead [-Wdeprecated-declarations]
    147 | __SYCL_2020_MAKE_VECTOR_ALIASES_FOR_VECTOR_LENGTH(16)
        | ^
  /home/edgeai/downstream/include/sycl/aliases.hpp:74:3: note: expanded from macro '__SYCL_2020_MAKE_VECTOR_ALIASES_FOR_VECTOR_LENGTH'
     74 |   __SYCL_MAKE_VECTOR_ALIASES_FOR_OPENCL_TYPES(N)                               \
        |   ^
  /home/edgeai/downstream/include/sycl/aliases.hpp:46:59: note: expanded from macro '__SYCL_MAKE_VECTOR_ALIASES_FOR_OPENCL_TYPES'
     46 |   __SYCL_2020_MAKE_DEPRECATED_VECTOR_ALIAS(cl_uint, sycl::cl_uint, N, "")      \
        |                                                           ^
  /home/edgeai/downstream/include/sycl/aliases.hpp:114:5: note: 'cl_uint' has been explicitly marked deprecated here
    114 |     __SYCL2020_DEPRECATED("use sycl::opencl::cl_uint instead") = std::uint32_t;
        |     ^
  /home/edgeai/downstream/include/sycl/detail/defines_elementary.hpp:62:40: note: expanded from macro '__SYCL2020_DEPRECATED'
     62 | #define __SYCL2020_DEPRECATED(message) __SYCL_DEPRECATED(message)
        |                                        ^
  /home/edgeai/downstream/include/sycl/detail/defines_elementary.hpp:53:38: note: expanded from macro '__SYCL_DEPRECATED'
     53 | #define __SYCL_DEPRECATED(message) [[deprecated(message)]]
        |                                      ^
  In file included from /home/edgeai/esimd_learning/csrc/xpu/esimd_kernel.sycl:1:
  In file included from /home/edgeai/downstream/lib/python3.12/site-packages/torch/include/ATen/ATen.h:8:
  In file included from /home/edgeai/downstream/lib/python3.12/site-packages/torch/include/ATen/Context.h:5:
  In file included from /home/edgeai/downstream/lib/python3.12/site-packages/torch/include/ATen/CPUGeneratorImpl.h:4:
  In file included from /home/edgeai/downstream/lib/python3.12/site-packages/torch/include/ATen/core/Generator.h:19:
  In file included from /home/edgeai/downstream/lib/python3.12/site-packages/torch/include/c10/core/GeneratorImpl.h:9:
  In file included from /home/edgeai/downstream/lib/python3.12/site-packages/torch/include/c10/core/TensorImpl.h:12:
  In file included from /home/edgeai/downstream/lib/python3.12/site-packages/torch/include/c10/core/ScalarType.h:4:
  In file included from /home/edgeai/downstream/lib/python3.12/site-packages/torch/include/c10/util/BFloat16.h:2:
  In file included from /home/edgeai/downstream/lib/python3.12/site-packages/torch/include/torch/headeronly/util/BFloat16.h:22:
  In file included from /home/edgeai/downstream/include/sycl/sycl.hpp:49:
  In file included from /home/edgeai/downstream/include/sycl/detail/core.hpp:21:
  In file included from /home/edgeai/downstream/include/sycl/accessor.hpp:18:
  In file included from /home/edgeai/downstream/include/sycl/detail/generic_type_traits.hpp:12:
  /home/edgeai/downstream/include/sycl/aliases.hpp:147:1: warning: 'cl_long' is deprecated: use sycl::opencl::cl_long instead [-Wdeprecated-declarations]
    147 | __SYCL_2020_MAKE_VECTOR_ALIASES_FOR_VECTOR_LENGTH(16)
        | ^
  /home/edgeai/downstream/include/sycl/aliases.hpp:74:3: note: expanded from macro '__SYCL_2020_MAKE_VECTOR_ALIASES_FOR_VECTOR_LENGTH'
     74 |   __SYCL_MAKE_VECTOR_ALIASES_FOR_OPENCL_TYPES(N)                               \
        |   ^
  /home/edgeai/downstream/include/sycl/aliases.hpp:47:59: note: expanded from macro '__SYCL_MAKE_VECTOR_ALIASES_FOR_OPENCL_TYPES'
     47 |   __SYCL_2020_MAKE_DEPRECATED_VECTOR_ALIAS(cl_long, sycl::cl_long, N, "")      \
        |                                                           ^
  /home/edgeai/downstream/include/sycl/aliases.hpp:116:5: note: 'cl_long' has been explicitly marked deprecated here
    116 |     __SYCL2020_DEPRECATED("use sycl::opencl::cl_long instead") = std::int64_t;
        |     ^
  /home/edgeai/downstream/include/sycl/detail/defines_elementary.hpp:62:40: note: expanded from macro '__SYCL2020_DEPRECATED'
     62 | #define __SYCL2020_DEPRECATED(message) __SYCL_DEPRECATED(message)
        |                                        ^
  /home/edgeai/downstream/include/sycl/detail/defines_elementary.hpp:53:38: note: expanded from macro '__SYCL_DEPRECATED'
     53 | #define __SYCL_DEPRECATED(message) [[deprecated(message)]]
        |                                      ^
  In file included from /home/edgeai/esimd_learning/csrc/xpu/esimd_kernel.sycl:1:
  In file included from /home/edgeai/downstream/lib/python3.12/site-packages/torch/include/ATen/ATen.h:8:
  In file included from /home/edgeai/downstream/lib/python3.12/site-packages/torch/include/ATen/Context.h:5:
  In file included from /home/edgeai/downstream/lib/python3.12/site-packages/torch/include/ATen/CPUGeneratorImpl.h:4:
  In file included from /home/edgeai/downstream/lib/python3.12/site-packages/torch/include/ATen/core/Generator.h:19:
  In file included from /home/edgeai/downstream/lib/python3.12/site-packages/torch/include/c10/core/GeneratorImpl.h:9:
  In file included from /home/edgeai/downstream/lib/python3.12/site-packages/torch/include/c10/core/TensorImpl.h:12:
  In file included from /home/edgeai/downstream/lib/python3.12/site-packages/torch/include/c10/core/ScalarType.h:4:
  In file included from /home/edgeai/downstream/lib/python3.12/site-packages/torch/include/c10/util/BFloat16.h:2:
  In file included from /home/edgeai/downstream/lib/python3.12/site-packages/torch/include/torch/headeronly/util/BFloat16.h:22:
  In file included from /home/edgeai/downstream/include/sycl/sycl.hpp:49:
  In file included from /home/edgeai/downstream/include/sycl/detail/core.hpp:21:
  In file included from /home/edgeai/downstream/include/sycl/accessor.hpp:18:
  In file included from /home/edgeai/downstream/include/sycl/detail/generic_type_traits.hpp:12:
  /home/edgeai/downstream/include/sycl/aliases.hpp:147:1: warning: 'cl_ulong' is deprecated: use sycl::opencl::cl_ulong instead [-Wdeprecated-declarations]
    147 | __SYCL_2020_MAKE_VECTOR_ALIASES_FOR_VECTOR_LENGTH(16)
        | ^
  /home/edgeai/downstream/include/sycl/aliases.hpp:74:3: note: expanded from macro '__SYCL_2020_MAKE_VECTOR_ALIASES_FOR_VECTOR_LENGTH'
     74 |   __SYCL_MAKE_VECTOR_ALIASES_FOR_OPENCL_TYPES(N)                               \
        |   ^
  /home/edgeai/downstream/include/sycl/aliases.hpp:48:60: note: expanded from macro '__SYCL_MAKE_VECTOR_ALIASES_FOR_OPENCL_TYPES'
     48 |   __SYCL_2020_MAKE_DEPRECATED_VECTOR_ALIAS(cl_ulong, sycl::cl_ulong, N, "")    \
        |                                                            ^
  /home/edgeai/downstream/include/sycl/aliases.hpp:118:5: note: 'cl_ulong' has been explicitly marked deprecated here
    118 |     __SYCL2020_DEPRECATED("use sycl::opencl::cl_ulong instead") = std::uint64_t;
        |     ^
  /home/edgeai/downstream/include/sycl/detail/defines_elementary.hpp:62:40: note: expanded from macro '__SYCL2020_DEPRECATED'
     62 | #define __SYCL2020_DEPRECATED(message) __SYCL_DEPRECATED(message)
        |                                        ^
  /home/edgeai/downstream/include/sycl/detail/defines_elementary.hpp:53:38: note: expanded from macro '__SYCL_DEPRECATED'
     53 | #define __SYCL_DEPRECATED(message) [[deprecated(message)]]
        |                                      ^
  In file included from /home/edgeai/esimd_learning/csrc/xpu/esimd_kernel.sycl:1:
  In file included from /home/edgeai/downstream/lib/python3.12/site-packages/torch/include/ATen/ATen.h:8:
  In file included from /home/edgeai/downstream/lib/python3.12/site-packages/torch/include/ATen/Context.h:5:
  In file included from /home/edgeai/downstream/lib/python3.12/site-packages/torch/include/ATen/CPUGeneratorImpl.h:4:
  In file included from /home/edgeai/downstream/lib/python3.12/site-packages/torch/include/ATen/core/Generator.h:19:
  In file included from /home/edgeai/downstream/lib/python3.12/site-packages/torch/include/c10/core/GeneratorImpl.h:9:
  In file included from /home/edgeai/downstream/lib/python3.12/site-packages/torch/include/c10/core/TensorImpl.h:12:
  In file included from /home/edgeai/downstream/lib/python3.12/site-packages/torch/include/c10/core/ScalarType.h:4:
  In file included from /home/edgeai/downstream/lib/python3.12/site-packages/torch/include/c10/util/BFloat16.h:2:
  In file included from /home/edgeai/downstream/lib/python3.12/site-packages/torch/include/torch/headeronly/util/BFloat16.h:22:
  In file included from /home/edgeai/downstream/include/sycl/sycl.hpp:49:
  In file included from /home/edgeai/downstream/include/sycl/detail/core.hpp:21:
  In file included from /home/edgeai/downstream/include/sycl/accessor.hpp:18:
  In file included from /home/edgeai/downstream/include/sycl/detail/generic_type_traits.hpp:12:
  /home/edgeai/downstream/include/sycl/aliases.hpp:147:1: warning: 'cl_float' is deprecated: use sycl::opencl::cl_float instead [-Wdeprecated-declarations]
    147 | __SYCL_2020_MAKE_VECTOR_ALIASES_FOR_VECTOR_LENGTH(16)
        | ^
  /home/edgeai/downstream/include/sycl/aliases.hpp:74:3: note: expanded from macro '__SYCL_2020_MAKE_VECTOR_ALIASES_FOR_VECTOR_LENGTH'
     74 |   __SYCL_MAKE_VECTOR_ALIASES_FOR_OPENCL_TYPES(N)                               \
        |   ^
  /home/edgeai/downstream/include/sycl/aliases.hpp:49:60: note: expanded from macro '__SYCL_MAKE_VECTOR_ALIASES_FOR_OPENCL_TYPES'
     49 |   __SYCL_2020_MAKE_DEPRECATED_VECTOR_ALIAS(cl_float, sycl::cl_float, N, "")    \
        |                                                            ^
  /home/edgeai/downstream/include/sycl/aliases.hpp:121:5: note: 'cl_float' has been explicitly marked deprecated here
    121 |     __SYCL2020_DEPRECATED("use sycl::opencl::cl_float instead") = float;
        |     ^
  /home/edgeai/downstream/include/sycl/detail/defines_elementary.hpp:62:40: note: expanded from macro '__SYCL2020_DEPRECATED'
     62 | #define __SYCL2020_DEPRECATED(message) __SYCL_DEPRECATED(message)
        |                                        ^
  /home/edgeai/downstream/include/sycl/detail/defines_elementary.hpp:53:38: note: expanded from macro '__SYCL_DEPRECATED'
     53 | #define __SYCL_DEPRECATED(message) [[deprecated(message)]]
        |                                      ^
  In file included from /home/edgeai/esimd_learning/csrc/xpu/esimd_kernel.sycl:1:
  In file included from /home/edgeai/downstream/lib/python3.12/site-packages/torch/include/ATen/ATen.h:8:
  In file included from /home/edgeai/downstream/lib/python3.12/site-packages/torch/include/ATen/Context.h:5:
  In file included from /home/edgeai/downstream/lib/python3.12/site-packages/torch/include/ATen/CPUGeneratorImpl.h:4:
  In file included from /home/edgeai/downstream/lib/python3.12/site-packages/torch/include/ATen/core/Generator.h:19:
  In file included from /home/edgeai/downstream/lib/python3.12/site-packages/torch/include/c10/core/GeneratorImpl.h:9:
  In file included from /home/edgeai/downstream/lib/python3.12/site-packages/torch/include/c10/core/TensorImpl.h:12:
  In file included from /home/edgeai/downstream/lib/python3.12/site-packages/torch/include/c10/core/ScalarType.h:4:
  In file included from /home/edgeai/downstream/lib/python3.12/site-packages/torch/include/c10/util/BFloat16.h:2:
  In file included from /home/edgeai/downstream/lib/python3.12/site-packages/torch/include/torch/headeronly/util/BFloat16.h:22:
  In file included from /home/edgeai/downstream/include/sycl/sycl.hpp:49:
  In file included from /home/edgeai/downstream/include/sycl/detail/core.hpp:21:
  In file included from /home/edgeai/downstream/include/sycl/accessor.hpp:18:
  In file included from /home/edgeai/downstream/include/sycl/detail/generic_type_traits.hpp:12:
  /home/edgeai/downstream/include/sycl/aliases.hpp:147:1: warning: 'cl_double' is deprecated: use sycl::opencl::cl_double instead [-Wdeprecated-declarations]
    147 | __SYCL_2020_MAKE_VECTOR_ALIASES_FOR_VECTOR_LENGTH(16)
        | ^
  /home/edgeai/downstream/include/sycl/aliases.hpp:74:3: note: expanded from macro '__SYCL_2020_MAKE_VECTOR_ALIASES_FOR_VECTOR_LENGTH'
     74 |   __SYCL_MAKE_VECTOR_ALIASES_FOR_OPENCL_TYPES(N)                               \
        |   ^
  /home/edgeai/downstream/include/sycl/aliases.hpp:50:61: note: expanded from macro '__SYCL_MAKE_VECTOR_ALIASES_FOR_OPENCL_TYPES'
     50 |   __SYCL_2020_MAKE_DEPRECATED_VECTOR_ALIAS(cl_double, sycl::cl_double, N, "")  \
        |                                                             ^
  /home/edgeai/downstream/include/sycl/aliases.hpp:123:5: note: 'cl_double' has been explicitly marked deprecated here
    123 |     __SYCL2020_DEPRECATED("use sycl::opencl::cl_double instead") = double;
        |     ^
  /home/edgeai/downstream/include/sycl/detail/defines_elementary.hpp:62:40: note: expanded from macro '__SYCL2020_DEPRECATED'
     62 | #define __SYCL2020_DEPRECATED(message) __SYCL_DEPRECATED(message)
        |                                        ^
  /home/edgeai/downstream/include/sycl/detail/defines_elementary.hpp:53:38: note: expanded from macro '__SYCL_DEPRECATED'
     53 | #define __SYCL_DEPRECATED(message) [[deprecated(message)]]
        |                                      ^
  In file included from /home/edgeai/esimd_learning/csrc/xpu/esimd_kernel.sycl:1:
  In file included from /home/edgeai/downstream/lib/python3.12/site-packages/torch/include/ATen/ATen.h:8:
  In file included from /home/edgeai/downstream/lib/python3.12/site-packages/torch/include/ATen/Context.h:5:
  In file included from /home/edgeai/downstream/lib/python3.12/site-packages/torch/include/ATen/CPUGeneratorImpl.h:4:
  In file included from /home/edgeai/downstream/lib/python3.12/site-packages/torch/include/ATen/core/Generator.h:19:
  In file included from /home/edgeai/downstream/lib/python3.12/site-packages/torch/include/c10/core/GeneratorImpl.h:9:
  In file included from /home/edgeai/downstream/lib/python3.12/site-packages/torch/include/c10/core/TensorImpl.h:12:
  In file included from /home/edgeai/downstream/lib/python3.12/site-packages/torch/include/c10/core/ScalarType.h:4:
  In file included from /home/edgeai/downstream/lib/python3.12/site-packages/torch/include/c10/util/BFloat16.h:2:
  In file included from /home/edgeai/downstream/lib/python3.12/site-packages/torch/include/torch/headeronly/util/BFloat16.h:22:
  In file included from /home/edgeai/downstream/include/sycl/sycl.hpp:49:
  In file included from /home/edgeai/downstream/include/sycl/detail/core.hpp:21:
  In file included from /home/edgeai/downstream/include/sycl/accessor.hpp:18:
  In file included from /home/edgeai/downstream/include/sycl/detail/generic_type_traits.hpp:12:
  /home/edgeai/downstream/include/sycl/aliases.hpp:147:1: warning: 'cl_half' is deprecated: use sycl::opencl::cl_half instead [-Wdeprecated-declarations]
    147 | __SYCL_2020_MAKE_VECTOR_ALIASES_FOR_VECTOR_LENGTH(16)
        | ^
  /home/edgeai/downstream/include/sycl/aliases.hpp:74:3: note: expanded from macro '__SYCL_2020_MAKE_VECTOR_ALIASES_FOR_VECTOR_LENGTH'
     74 |   __SYCL_MAKE_VECTOR_ALIASES_FOR_OPENCL_TYPES(N)                               \
        |   ^
  /home/edgeai/downstream/include/sycl/aliases.hpp:51:59: note: expanded from macro '__SYCL_MAKE_VECTOR_ALIASES_FOR_OPENCL_TYPES'
     51 |   __SYCL_2020_MAKE_DEPRECATED_VECTOR_ALIAS(cl_half, sycl::cl_half, N, "")
        |                                                           ^
  /home/edgeai/downstream/include/sycl/aliases.hpp:119:15: note: 'cl_half' has been explicitly marked deprecated here
    119 | using cl_half __SYCL2020_DEPRECATED("use sycl::opencl::cl_half instead") = half;
        |               ^
  /home/edgeai/downstream/include/sycl/detail/defines_elementary.hpp:62:40: note: expanded from macro '__SYCL2020_DEPRECATED'
     62 | #define __SYCL2020_DEPRECATED(message) __SYCL_DEPRECATED(message)
        |                                        ^
  /home/edgeai/downstream/include/sycl/detail/defines_elementary.hpp:53:38: note: expanded from macro '__SYCL_DEPRECATED'
     53 | #define __SYCL_DEPRECATED(message) [[deprecated(message)]]
        |                                      ^
  In file included from /home/edgeai/esimd_learning/csrc/xpu/esimd_kernel.sycl:1:
  In file included from /home/edgeai/downstream/lib/python3.12/site-packages/torch/include/ATen/ATen.h:8:
  In file included from /home/edgeai/downstream/lib/python3.12/site-packages/torch/include/ATen/Context.h:5:
  In file included from /home/edgeai/downstream/lib/python3.12/site-packages/torch/include/ATen/CPUGeneratorImpl.h:4:
  In file included from /home/edgeai/downstream/lib/python3.12/site-packages/torch/include/ATen/core/Generator.h:19:
  In file included from /home/edgeai/downstream/lib/python3.12/site-packages/torch/include/c10/core/GeneratorImpl.h:9:
  In file included from /home/edgeai/downstream/lib/python3.12/site-packages/torch/include/c10/core/TensorImpl.h:12:
  In file included from /home/edgeai/downstream/lib/python3.12/site-packages/torch/include/c10/core/ScalarType.h:4:
  In file included from /home/edgeai/downstream/lib/python3.12/site-packages/torch/include/c10/util/BFloat16.h:2:
  In file included from /home/edgeai/downstream/lib/python3.12/site-packages/torch/include/torch/headeronly/util/BFloat16.h:22:
  In file included from /home/edgeai/downstream/include/sycl/sycl.hpp:49:
  In file included from /home/edgeai/downstream/include/sycl/detail/core.hpp:21:
  In file included from /home/edgeai/downstream/include/sycl/accessor.hpp:18:
  In file included from /home/edgeai/downstream/include/sycl/detail/generic_type_traits.hpp:15:
  /home/edgeai/downstream/include/sycl/half_type.hpp:613:12: warning: use of NaN is undefined behavior due to the currently enabled floating-point options [-Wnan-infinity-disabled]
    613 |     return __builtin_nanf("");
        |            ^~~~~~~~~~~~~~~~~~
  In file included from /home/edgeai/esimd_learning/csrc/xpu/esimd_kernel.sycl:1:
  In file included from /home/edgeai/downstream/lib/python3.12/site-packages/torch/include/ATen/ATen.h:8:
  In file included from /home/edgeai/downstream/lib/python3.12/site-packages/torch/include/ATen/Context.h:5:
  In file included from /home/edgeai/downstream/lib/python3.12/site-packages/torch/include/ATen/CPUGeneratorImpl.h:4:
  In file included from /home/edgeai/downstream/lib/python3.12/site-packages/torch/include/ATen/core/Generator.h:19:
  In file included from /home/edgeai/downstream/lib/python3.12/site-packages/torch/include/c10/core/GeneratorImpl.h:9:
  In file included from /home/edgeai/downstream/lib/python3.12/site-packages/torch/include/c10/core/TensorImpl.h:12:
  In file included from /home/edgeai/downstream/lib/python3.12/site-packages/torch/include/c10/core/ScalarType.h:4:
  In file included from /home/edgeai/downstream/lib/python3.12/site-packages/torch/include/c10/util/BFloat16.h:2:
  In file included from /home/edgeai/downstream/lib/python3.12/site-packages/torch/include/torch/headeronly/util/BFloat16.h:22:
  In file included from /home/edgeai/downstream/include/sycl/sycl.hpp:49:
  In file included from /home/edgeai/downstream/include/sycl/detail/core.hpp:21:
  In file included from /home/edgeai/downstream/include/sycl/accessor.hpp:18:
  In file included from /home/edgeai/downstream/include/sycl/detail/generic_type_traits.hpp:16:
  /home/edgeai/downstream/include/sycl/multi_ptr.hpp:41:43: warning: 'constant_space' is deprecated: sycl::access::address_space::constant_space is deprecated since SYCL 2020 [-Wdeprecated-declarations]
     41 |       ElementType, access::address_space::constant_space>::type;
        |                                           ^
  /home/edgeai/downstream/include/sycl/access/access.hpp:53:18: note: 'constant_space' has been explicitly marked deprecated here
     53 |   constant_space __SYCL2020_DEPRECATED("sycl::access::address_space::constant_"
        |                  ^
  /home/edgeai/downstream/include/sycl/detail/defines_elementary.hpp:62:40: note: expanded from macro '__SYCL2020_DEPRECATED'
     62 | #define __SYCL2020_DEPRECATED(message) __SYCL_DEPRECATED(message)
        |                                        ^
  /home/edgeai/downstream/include/sycl/detail/defines_elementary.hpp:53:38: note: expanded from macro '__SYCL_DEPRECATED'
     53 | #define __SYCL_DEPRECATED(message) [[deprecated(message)]]
        |                                      ^
  In file included from /home/edgeai/esimd_learning/csrc/xpu/esimd_kernel.sycl:1:
  In file included from /home/edgeai/downstream/lib/python3.12/site-packages/torch/include/ATen/ATen.h:8:
  In file included from /home/edgeai/downstream/lib/python3.12/site-packages/torch/include/ATen/Context.h:5:
  In file included from /home/edgeai/downstream/lib/python3.12/site-packages/torch/include/ATen/CPUGeneratorImpl.h:4:
  In file included from /home/edgeai/downstream/lib/python3.12/site-packages/torch/include/ATen/core/Generator.h:19:
  In file included from /home/edgeai/downstream/lib/python3.12/site-packages/torch/include/c10/core/GeneratorImpl.h:9:
  In file included from /home/edgeai/downstream/lib/python3.12/site-packages/torch/include/c10/core/TensorImpl.h:12:
  In file included from /home/edgeai/downstream/lib/python3.12/site-packages/torch/include/c10/core/ScalarType.h:4:
  In file included from /home/edgeai/downstream/lib/python3.12/site-packages/torch/include/c10/util/BFloat16.h:2:
  In file included from /home/edgeai/downstream/lib/python3.12/site-packages/torch/include/torch/headeronly/util/BFloat16.h:22:
  In file included from /home/edgeai/downstream/include/sycl/sycl.hpp:49:
  In file included from /home/edgeai/downstream/include/sycl/detail/core.hpp:21:
  In file included from /home/edgeai/downstream/include/sycl/accessor.hpp:18:
  In file included from /home/edgeai/downstream/include/sycl/detail/generic_type_traits.hpp:16:
  /home/edgeai/downstream/include/sycl/multi_ptr.hpp:62:43: warning: 'constant_space' is deprecated: sycl::access::address_space::constant_space is deprecated since SYCL 2020 [-Wdeprecated-declarations]
     62 |       ElementType, access::address_space::constant_space>::type;
        |                                           ^
  /home/edgeai/downstream/include/sycl/access/access.hpp:53:18: note: 'constant_space' has been explicitly marked deprecated here
     53 |   constant_space __SYCL2020_DEPRECATED("sycl::access::address_space::constant_"
        |                  ^
  /home/edgeai/downstream/include/sycl/detail/defines_elementary.hpp:62:40: note: expanded from macro '__SYCL2020_DEPRECATED'
     62 | #define __SYCL2020_DEPRECATED(message) __SYCL_DEPRECATED(message)
        |                                        ^
  /home/edgeai/downstream/include/sycl/detail/defines_elementary.hpp:53:38: note: expanded from macro '__SYCL_DEPRECATED'
     53 | #define __SYCL_DEPRECATED(message) [[deprecated(message)]]
        |                                      ^
  In file included from /home/edgeai/esimd_learning/csrc/xpu/esimd_kernel.sycl:1:
  In file included from /home/edgeai/downstream/lib/python3.12/site-packages/torch/include/ATen/ATen.h:8:
  In file included from /home/edgeai/downstream/lib/python3.12/site-packages/torch/include/ATen/Context.h:5:
  In file included from /home/edgeai/downstream/lib/python3.12/site-packages/torch/include/ATen/CPUGeneratorImpl.h:4:
  In file included from /home/edgeai/downstream/lib/python3.12/site-packages/torch/include/ATen/core/Generator.h:19:
  In file included from /home/edgeai/downstream/lib/python3.12/site-packages/torch/include/c10/core/GeneratorImpl.h:9:
  In file included from /home/edgeai/downstream/lib/python3.12/site-packages/torch/include/c10/core/TensorImpl.h:12:
  In file included from /home/edgeai/downstream/lib/python3.12/site-packages/torch/include/c10/core/ScalarType.h:4:
  In file included from /home/edgeai/downstream/lib/python3.12/site-packages/torch/include/c10/util/BFloat16.h:2:
  In file included from /home/edgeai/downstream/lib/python3.12/site-packages/torch/include/torch/headeronly/util/BFloat16.h:22:
  In file included from /home/edgeai/downstream/include/sycl/sycl.hpp:49:
  In file included from /home/edgeai/downstream/include/sycl/detail/core.hpp:21:
  In file included from /home/edgeai/downstream/include/sycl/accessor.hpp:18:
  In file included from /home/edgeai/downstream/include/sycl/detail/generic_type_traits.hpp:16:
  /home/edgeai/downstream/include/sycl/multi_ptr.hpp:272:65: warning: 'constant_space' is deprecated: sycl::access::address_space::constant_space is deprecated since SYCL 2020 [-Wdeprecated-declarations]
    272 |                            OtherSpace != access::address_space::constant_space>>
        |                                                                 ^
  /home/edgeai/downstream/include/sycl/access/access.hpp:53:18: note: 'constant_space' has been explicitly marked deprecated here
     53 |   constant_space __SYCL2020_DEPRECATED("sycl::access::address_space::constant_"
        |                  ^
  /home/edgeai/downstream/include/sycl/detail/defines_elementary.hpp:62:40: note: expanded from macro '__SYCL2020_DEPRECATED'
     62 | #define __SYCL2020_DEPRECATED(message) __SYCL_DEPRECATED(message)
        |                                        ^
  /home/edgeai/downstream/include/sycl/detail/defines_elementary.hpp:53:38: note: expanded from macro '__SYCL_DEPRECATED'
     53 | #define __SYCL_DEPRECATED(message) [[deprecated(message)]]
        |                                      ^
  In file included from /home/edgeai/esimd_learning/csrc/xpu/esimd_kernel.sycl:1:
  In file included from /home/edgeai/downstream/lib/python3.12/site-packages/torch/include/ATen/ATen.h:8:
  In file included from /home/edgeai/downstream/lib/python3.12/site-packages/torch/include/ATen/Context.h:5:
  In file included from /home/edgeai/downstream/lib/python3.12/site-packages/torch/include/ATen/CPUGeneratorImpl.h:4:
  In file included from /home/edgeai/downstream/lib/python3.12/site-packages/torch/include/ATen/core/Generator.h:19:
  In file included from /home/edgeai/downstream/lib/python3.12/site-packages/torch/include/c10/core/GeneratorImpl.h:9:
  In file included from /home/edgeai/downstream/lib/python3.12/site-packages/torch/include/c10/core/TensorImpl.h:12:
  In file included from /home/edgeai/downstream/lib/python3.12/site-packages/torch/include/c10/core/ScalarType.h:4:
  In file included from /home/edgeai/downstream/lib/python3.12/site-packages/torch/include/c10/util/BFloat16.h:2:
  In file included from /home/edgeai/downstream/lib/python3.12/site-packages/torch/include/torch/headeronly/util/BFloat16.h:22:
  In file included from /home/edgeai/downstream/include/sycl/sycl.hpp:49:
  In file included from /home/edgeai/downstream/include/sycl/detail/core.hpp:21:
  In file included from /home/edgeai/downstream/include/sycl/accessor.hpp:18:
  In file included from /home/edgeai/downstream/include/sycl/detail/generic_type_traits.hpp:16:
  /home/edgeai/downstream/include/sycl/multi_ptr.hpp:282:65: warning: 'constant_space' is deprecated: sycl::access::address_space::constant_space is deprecated since SYCL 2020 [-Wdeprecated-declarations]
    282 |                            OtherSpace != access::address_space::constant_space>>
        |                                                                 ^
  /home/edgeai/downstream/include/sycl/access/access.hpp:53:18: note: 'constant_space' has been explicitly marked deprecated here
     53 |   constant_space __SYCL2020_DEPRECATED("sycl::access::address_space::constant_"
        |                  ^
  /home/edgeai/downstream/include/sycl/detail/defines_elementary.hpp:62:40: note: expanded from macro '__SYCL2020_DEPRECATED'
     62 | #define __SYCL2020_DEPRECATED(message) __SYCL_DEPRECATED(message)
        |                                        ^
  /home/edgeai/downstream/include/sycl/detail/defines_elementary.hpp:53:38: note: expanded from macro '__SYCL_DEPRECATED'
     53 | #define __SYCL_DEPRECATED(message) [[deprecated(message)]]
        |                                      ^
  In file included from /home/edgeai/esimd_learning/csrc/xpu/esimd_kernel.sycl:1:
  In file included from /home/edgeai/downstream/lib/python3.12/site-packages/torch/include/ATen/ATen.h:8:
  In file included from /home/edgeai/downstream/lib/python3.12/site-packages/torch/include/ATen/Context.h:5:
  In file included from /home/edgeai/downstream/lib/python3.12/site-packages/torch/include/ATen/CPUGeneratorImpl.h:4:
  In file included from /home/edgeai/downstream/lib/python3.12/site-packages/torch/include/ATen/core/Generator.h:19:
  In file included from /home/edgeai/downstream/lib/python3.12/site-packages/torch/include/c10/core/GeneratorImpl.h:9:
  In file included from /home/edgeai/downstream/lib/python3.12/site-packages/torch/include/c10/core/TensorImpl.h:12:
  In file included from /home/edgeai/downstream/lib/python3.12/site-packages/torch/include/c10/core/ScalarType.h:4:
  In file included from /home/edgeai/downstream/lib/python3.12/site-packages/torch/include/c10/util/BFloat16.h:2:
  In file included from /home/edgeai/downstream/lib/python3.12/site-packages/torch/include/torch/headeronly/util/BFloat16.h:22:
  In file included from /home/edgeai/downstream/include/sycl/sycl.hpp:49:
  In file included from /home/edgeai/downstream/include/sycl/detail/core.hpp:21:
  In file included from /home/edgeai/downstream/include/sycl/accessor.hpp:18:
  In file included from /home/edgeai/downstream/include/sycl/detail/generic_type_traits.hpp:16:
  /home/edgeai/downstream/include/sycl/multi_ptr.hpp:610:49: warning: 'constant_space' is deprecated: sycl::access::address_space::constant_space is deprecated since SYCL 2020 [-Wdeprecated-declarations]
    610 |   static_assert(Space != access::address_space::constant_space,
        |                                                 ^
  /home/edgeai/downstream/include/sycl/access/access.hpp:53:18: note: 'constant_space' has been explicitly marked deprecated here
     53 |   constant_space __SYCL2020_DEPRECATED("sycl::access::address_space::constant_"
        |                  ^
  /home/edgeai/downstream/include/sycl/detail/defines_elementary.hpp:62:40: note: expanded from macro '__SYCL2020_DEPRECATED'
     62 | #define __SYCL2020_DEPRECATED(message) __SYCL_DEPRECATED(message)
        |                                        ^
  /home/edgeai/downstream/include/sycl/detail/defines_elementary.hpp:53:38: note: expanded from macro '__SYCL_DEPRECATED'
     53 | #define __SYCL_DEPRECATED(message) [[deprecated(message)]]
        |                                      ^
  In file included from /home/edgeai/esimd_learning/csrc/xpu/esimd_kernel.sycl:1:
  In file included from /home/edgeai/downstream/lib/python3.12/site-packages/torch/include/ATen/ATen.h:8:
  In file included from /home/edgeai/downstream/lib/python3.12/site-packages/torch/include/ATen/Context.h:5:
  In file included from /home/edgeai/downstream/lib/python3.12/site-packages/torch/include/ATen/CPUGeneratorImpl.h:4:
  In file included from /home/edgeai/downstream/lib/python3.12/site-packages/torch/include/ATen/core/Generator.h:19:
  In file included from /home/edgeai/downstream/lib/python3.12/site-packages/torch/include/c10/core/GeneratorImpl.h:9:
  In file included from /home/edgeai/downstream/lib/python3.12/site-packages/torch/include/c10/core/TensorImpl.h:12:
  In file included from /home/edgeai/downstream/lib/python3.12/site-packages/torch/include/c10/core/ScalarType.h:4:
  In file included from /home/edgeai/downstream/lib/python3.12/site-packages/torch/include/c10/util/BFloat16.h:2:
  In file included from /home/edgeai/downstream/lib/python3.12/site-packages/torch/include/torch/headeronly/util/BFloat16.h:22:
  In file included from /home/edgeai/downstream/include/sycl/sycl.hpp:49:
  In file included from /home/edgeai/downstream/include/sycl/detail/core.hpp:21:
  In file included from /home/edgeai/downstream/include/sycl/accessor.hpp:18:
  In file included from /home/edgeai/downstream/include/sycl/detail/generic_type_traits.hpp:16:
  /home/edgeai/downstream/include/sycl/multi_ptr.hpp:887:61: warning: 'local' is deprecated: use `local_accessor` instead [-Wdeprecated-declarations]
    887 |   multi_ptr(accessor<ElementType, dimensions, Mode, target::local,
        |                                                             ^
  /home/edgeai/downstream/include/sycl/access/access.hpp:25:9: note: 'local' has been explicitly marked deprecated here
     25 |   local __SYCL2020_DEPRECATED("use `local_accessor` instead") = 2016,
        |         ^
  /home/edgeai/downstream/include/sycl/detail/defines_elementary.hpp:62:40: note: expanded from macro '__SYCL2020_DEPRECATED'
     62 | #define __SYCL2020_DEPRECATED(message) __SYCL_DEPRECATED(message)
        |                                        ^
  /home/edgeai/downstream/include/sycl/detail/defines_elementary.hpp:53:38: note: expanded from macro '__SYCL_DEPRECATED'
     53 | #define __SYCL_DEPRECATED(message) [[deprecated(message)]]
        |                                      ^
  In file included from /home/edgeai/esimd_learning/csrc/xpu/esimd_kernel.sycl:1:
  In file included from /home/edgeai/downstream/lib/python3.12/site-packages/torch/include/ATen/ATen.h:8:
  In file included from /home/edgeai/downstream/lib/python3.12/site-packages/torch/include/ATen/Context.h:5:
  In file included from /home/edgeai/downstream/lib/python3.12/site-packages/torch/include/ATen/CPUGeneratorImpl.h:4:
  In file included from /home/edgeai/downstream/lib/python3.12/site-packages/torch/include/ATen/core/Generator.h:19:
  In file included from /home/edgeai/downstream/lib/python3.12/site-packages/torch/include/c10/core/GeneratorImpl.h:9:
  In file included from /home/edgeai/downstream/lib/python3.12/site-packages/torch/include/c10/core/TensorImpl.h:12:
  In file included from /home/edgeai/downstream/lib/python3.12/site-packages/torch/include/c10/core/ScalarType.h:4:
  In file included from /home/edgeai/downstream/lib/python3.12/site-packages/torch/include/c10/util/BFloat16.h:2:
  In file included from /home/edgeai/downstream/lib/python3.12/site-packages/torch/include/torch/headeronly/util/BFloat16.h:22:
  In file included from /home/edgeai/downstream/include/sycl/sycl.hpp:49:
  In file included from /home/edgeai/downstream/include/sycl/detail/core.hpp:21:
  In file included from /home/edgeai/downstream/include/sycl/accessor.hpp:18:
  In file included from /home/edgeai/downstream/include/sycl/detail/generic_type_traits.hpp:16:
  /home/edgeai/downstream/include/sycl/multi_ptr.hpp:902:62: warning: 'constant_space' is deprecated: sycl::access::address_space::constant_space is deprecated since SYCL 2020 [-Wdeprecated-declarations]
    902 |           _Space == Space && Space == access::address_space::constant_space>>
        |                                                              ^
  /home/edgeai/downstream/include/sycl/access/access.hpp:53:18: note: 'constant_space' has been explicitly marked deprecated here
     53 |   constant_space __SYCL2020_DEPRECATED("sycl::access::address_space::constant_"
        |                  ^
  /home/edgeai/downstream/include/sycl/detail/defines_elementary.hpp:62:40: note: expanded from macro '__SYCL2020_DEPRECATED'
     62 | #define __SYCL2020_DEPRECATED(message) __SYCL_DEPRECATED(message)
        |                                        ^
  /home/edgeai/downstream/include/sycl/detail/defines_elementary.hpp:53:38: note: expanded from macro '__SYCL_DEPRECATED'
     53 | #define __SYCL_DEPRECATED(message) [[deprecated(message)]]
        |                                      ^
  In file included from /home/edgeai/esimd_learning/csrc/xpu/esimd_kernel.sycl:1:
  In file included from /home/edgeai/downstream/lib/python3.12/site-packages/torch/include/ATen/ATen.h:8:
  In file included from /home/edgeai/downstream/lib/python3.12/site-packages/torch/include/ATen/Context.h:5:
  In file included from /home/edgeai/downstream/lib/python3.12/site-packages/torch/include/ATen/CPUGeneratorImpl.h:4:
  In file included from /home/edgeai/downstream/lib/python3.12/site-packages/torch/include/ATen/core/Generator.h:19:
  In file included from /home/edgeai/downstream/lib/python3.12/site-packages/torch/include/c10/core/GeneratorImpl.h:9:
  In file included from /home/edgeai/downstream/lib/python3.12/site-packages/torch/include/c10/core/TensorImpl.h:12:
  In file included from /home/edgeai/downstream/lib/python3.12/site-packages/torch/include/c10/core/ScalarType.h:4:
  In file included from /home/edgeai/downstream/lib/python3.12/site-packages/torch/include/c10/util/BFloat16.h:2:
  In file included from /home/edgeai/downstream/lib/python3.12/site-packages/torch/include/torch/headeronly/util/BFloat16.h:22:
  In file included from /home/edgeai/downstream/include/sycl/sycl.hpp:49:
  In file included from /home/edgeai/downstream/include/sycl/detail/core.hpp:21:
  In file included from /home/edgeai/downstream/include/sycl/accessor.hpp:18:
  In file included from /home/edgeai/downstream/include/sycl/detail/generic_type_traits.hpp:16:
  /home/edgeai/downstream/include/sycl/multi_ptr.hpp:903:61: warning: 'constant_buffer' is deprecated: use 'target::device' instead [-Wdeprecated-declarations]
    903 |   multi_ptr(accessor<ElementType, dimensions, Mode, target::constant_buffer,
        |                                                             ^
  /home/edgeai/downstream/include/sycl/access/access.hpp:24:19: note: 'constant_buffer' has been explicitly marked deprecated here
     24 |   constant_buffer __SYCL2020_DEPRECATED("use 'target::device' instead") = 2015,
        |                   ^
  /home/edgeai/downstream/include/sycl/detail/defines_elementary.hpp:62:40: note: expanded from macro '__SYCL2020_DEPRECATED'
     62 | #define __SYCL2020_DEPRECATED(message) __SYCL_DEPRECATED(message)
        |                                        ^
  /home/edgeai/downstream/include/sycl/detail/defines_elementary.hpp:53:38: note: expanded from macro '__SYCL_DEPRECATED'
     53 | #define __SYCL_DEPRECATED(message) [[deprecated(message)]]
        |                                      ^
  In file included from /home/edgeai/esimd_learning/csrc/xpu/esimd_kernel.sycl:1:
  In file included from /home/edgeai/downstream/lib/python3.12/site-packages/torch/include/ATen/ATen.h:8:
  In file included from /home/edgeai/downstream/lib/python3.12/site-packages/torch/include/ATen/Context.h:5:
  In file included from /home/edgeai/downstream/lib/python3.12/site-packages/torch/include/ATen/CPUGeneratorImpl.h:4:
  In file included from /home/edgeai/downstream/lib/python3.12/site-packages/torch/include/ATen/core/Generator.h:19:
  In file included from /home/edgeai/downstream/lib/python3.12/site-packages/torch/include/c10/core/GeneratorImpl.h:9:
  In file included from /home/edgeai/downstream/lib/python3.12/site-packages/torch/include/c10/core/TensorImpl.h:12:
  In file included from /home/edgeai/downstream/lib/python3.12/site-packages/torch/include/c10/core/ScalarType.h:4:
  In file included from /home/edgeai/downstream/lib/python3.12/site-packages/torch/include/c10/util/BFloat16.h:2:
  In file included from /home/edgeai/downstream/lib/python3.12/site-packages/torch/include/torch/headeronly/util/BFloat16.h:22:
  In file included from /home/edgeai/downstream/include/sycl/sycl.hpp:49:
  In file included from /home/edgeai/downstream/include/sycl/detail/core.hpp:21:
  In file included from /home/edgeai/downstream/include/sycl/accessor.hpp:18:
  In file included from /home/edgeai/downstream/include/sycl/detail/generic_type_traits.hpp:16:
  /home/edgeai/downstream/include/sycl/multi_ptr.hpp:946:30: warning: 'local' is deprecated: use `local_accessor` instead [-Wdeprecated-declarations]
    946 |                      target::local, isPlaceholder, PropertyListT>
        |                              ^
  /home/edgeai/downstream/include/sycl/access/access.hpp:25:9: note: 'local' has been explicitly marked deprecated here
     25 |   local __SYCL2020_DEPRECATED("use `local_accessor` instead") = 2016,
        |         ^
  /home/edgeai/downstream/include/sycl/detail/defines_elementary.hpp:62:40: note: expanded from macro '__SYCL2020_DEPRECATED'
     62 | #define __SYCL2020_DEPRECATED(message) __SYCL_DEPRECATED(message)
        |                                        ^
  /home/edgeai/downstream/include/sycl/detail/defines_elementary.hpp:53:38: note: expanded from macro '__SYCL_DEPRECATED'
     53 | #define __SYCL_DEPRECATED(message) [[deprecated(message)]]
        |                                      ^
  In file included from /home/edgeai/esimd_learning/csrc/xpu/esimd_kernel.sycl:1:
  In file included from /home/edgeai/downstream/lib/python3.12/site-packages/torch/include/ATen/ATen.h:8:
  In file included from /home/edgeai/downstream/lib/python3.12/site-packages/torch/include/ATen/Context.h:5:
  In file included from /home/edgeai/downstream/lib/python3.12/site-packages/torch/include/ATen/CPUGeneratorImpl.h:4:
  In file included from /home/edgeai/downstream/lib/python3.12/site-packages/torch/include/ATen/core/Generator.h:19:
  In file included from /home/edgeai/downstream/lib/python3.12/site-packages/torch/include/c10/core/GeneratorImpl.h:9:
  In file included from /home/edgeai/downstream/lib/python3.12/site-packages/torch/include/c10/core/TensorImpl.h:12:
  In file included from /home/edgeai/downstream/lib/python3.12/site-packages/torch/include/c10/core/ScalarType.h:4:
  In file included from /home/edgeai/downstream/lib/python3.12/site-packages/torch/include/c10/util/BFloat16.h:2:
  In file included from /home/edgeai/downstream/lib/python3.12/site-packages/torch/include/torch/headeronly/util/BFloat16.h:22:
  In file included from /home/edgeai/downstream/include/sycl/sycl.hpp:49:
  In file included from /home/edgeai/downstream/include/sycl/detail/core.hpp:21:
  In file included from /home/edgeai/downstream/include/sycl/accessor.hpp:18:
  In file included from /home/edgeai/downstream/include/sycl/detail/generic_type_traits.hpp:16:
  /home/edgeai/downstream/include/sycl/multi_ptr.hpp:968:62: warning: 'constant_space' is deprecated: sycl::access::address_space::constant_space is deprecated since SYCL 2020 [-Wdeprecated-declarations]
    968 |           _Space == Space && Space == access::address_space::constant_space &&
        |                                                              ^
  /home/edgeai/downstream/include/sycl/access/access.hpp:53:18: note: 'constant_space' has been explicitly marked deprecated here
     53 |   constant_space __SYCL2020_DEPRECATED("sycl::access::address_space::constant_"
        |                  ^
  /home/edgeai/downstream/include/sycl/detail/defines_elementary.hpp:62:40: note: expanded from macro '__SYCL2020_DEPRECATED'
     62 | #define __SYCL2020_DEPRECATED(message) __SYCL_DEPRECATED(message)
        |                                        ^
  /home/edgeai/downstream/include/sycl/detail/defines_elementary.hpp:53:38: note: expanded from macro '__SYCL_DEPRECATED'
     53 | #define __SYCL_DEPRECATED(message) [[deprecated(message)]]
        |                                      ^
  In file included from /home/edgeai/esimd_learning/csrc/xpu/esimd_kernel.sycl:1:
  In file included from /home/edgeai/downstream/lib/python3.12/site-packages/torch/include/ATen/ATen.h:8:
  In file included from /home/edgeai/downstream/lib/python3.12/site-packages/torch/include/ATen/Context.h:5:
  In file included from /home/edgeai/downstream/lib/python3.12/site-packages/torch/include/ATen/CPUGeneratorImpl.h:4:
  In file included from /home/edgeai/downstream/lib/python3.12/site-packages/torch/include/ATen/core/Generator.h:19:
  In file included from /home/edgeai/downstream/lib/python3.12/site-packages/torch/include/c10/core/GeneratorImpl.h:9:
  In file included from /home/edgeai/downstream/lib/python3.12/site-packages/torch/include/c10/core/TensorImpl.h:12:
  In file included from /home/edgeai/downstream/lib/python3.12/site-packages/torch/include/c10/core/ScalarType.h:4:
  In file included from /home/edgeai/downstream/lib/python3.12/site-packages/torch/include/c10/util/BFloat16.h:2:
  In file included from /home/edgeai/downstream/lib/python3.12/site-packages/torch/include/torch/headeronly/util/BFloat16.h:22:
  In file included from /home/edgeai/downstream/include/sycl/sycl.hpp:49:
  In file included from /home/edgeai/downstream/include/sycl/detail/core.hpp:21:
  In file included from /home/edgeai/downstream/include/sycl/accessor.hpp:18:
  In file included from /home/edgeai/downstream/include/sycl/detail/generic_type_traits.hpp:16:
  /home/edgeai/downstream/include/sycl/multi_ptr.hpp:971:30: warning: 'constant_buffer' is deprecated: use 'target::device' instead [-Wdeprecated-declarations]
    971 |                      target::constant_buffer, isPlaceholder, PropertyListT>
        |                              ^
  /home/edgeai/downstream/include/sycl/access/access.hpp:24:19: note: 'constant_buffer' has been explicitly marked deprecated here
     24 |   constant_buffer __SYCL2020_DEPRECATED("use 'target::device' instead") = 2015,
        |                   ^
  /home/edgeai/downstream/include/sycl/detail/defines_elementary.hpp:62:40: note: expanded from macro '__SYCL2020_DEPRECATED'
     62 | #define __SYCL2020_DEPRECATED(message) __SYCL_DEPRECATED(message)
        |                                        ^
  /home/edgeai/downstream/include/sycl/detail/defines_elementary.hpp:53:38: note: expanded from macro '__SYCL_DEPRECATED'
     53 | #define __SYCL_DEPRECATED(message) [[deprecated(message)]]
        |                                      ^
  In file included from /home/edgeai/esimd_learning/csrc/xpu/esimd_kernel.sycl:1:
  In file included from /home/edgeai/downstream/lib/python3.12/site-packages/torch/include/ATen/ATen.h:8:
  In file included from /home/edgeai/downstream/lib/python3.12/site-packages/torch/include/ATen/Context.h:5:
  In file included from /home/edgeai/downstream/lib/python3.12/site-packages/torch/include/ATen/CPUGeneratorImpl.h:4:
  In file included from /home/edgeai/downstream/lib/python3.12/site-packages/torch/include/ATen/core/Generator.h:19:
  In file included from /home/edgeai/downstream/lib/python3.12/site-packages/torch/include/c10/core/GeneratorImpl.h:9:
  In file included from /home/edgeai/downstream/lib/python3.12/site-packages/torch/include/c10/core/TensorImpl.h:12:
  In file included from /home/edgeai/downstream/lib/python3.12/site-packages/torch/include/c10/core/ScalarType.h:4:
  In file included from /home/edgeai/downstream/lib/python3.12/site-packages/torch/include/c10/util/BFloat16.h:2:
  In file included from /home/edgeai/downstream/lib/python3.12/site-packages/torch/include/torch/headeronly/util/BFloat16.h:22:
  In file included from /home/edgeai/downstream/include/sycl/sycl.hpp:49:
  In file included from /home/edgeai/downstream/include/sycl/detail/core.hpp:21:
  In file included from /home/edgeai/downstream/include/sycl/accessor.hpp:18:
  In file included from /home/edgeai/downstream/include/sycl/detail/generic_type_traits.hpp:16:
  /home/edgeai/downstream/include/sycl/multi_ptr.hpp:1208:61: warning: 'local' is deprecated: use `local_accessor` instead [-Wdeprecated-declarations]
   1208 |   multi_ptr(accessor<ElementType, dimensions, Mode, target::local,
        |                                                             ^
  /home/edgeai/downstream/include/sycl/access/access.hpp:25:9: note: 'local' has been explicitly marked deprecated here
     25 |   local __SYCL2020_DEPRECATED("use `local_accessor` instead") = 2016,
        |         ^
  /home/edgeai/downstream/include/sycl/detail/defines_elementary.hpp:62:40: note: expanded from macro '__SYCL2020_DEPRECATED'
     62 | #define __SYCL2020_DEPRECATED(message) __SYCL_DEPRECATED(message)
        |                                        ^
  /home/edgeai/downstream/include/sycl/detail/defines_elementary.hpp:53:38: note: expanded from macro '__SYCL_DEPRECATED'
     53 | #define __SYCL_DEPRECATED(message) [[deprecated(message)]]
        |                                      ^
  In file included from /home/edgeai/esimd_learning/csrc/xpu/esimd_kernel.sycl:1:
  In file included from /home/edgeai/downstream/lib/python3.12/site-packages/torch/include/ATen/ATen.h:8:
  In file included from /home/edgeai/downstream/lib/python3.12/site-packages/torch/include/ATen/Context.h:5:
  In file included from /home/edgeai/downstream/lib/python3.12/site-packages/torch/include/ATen/CPUGeneratorImpl.h:4:
  In file included from /home/edgeai/downstream/lib/python3.12/site-packages/torch/include/ATen/core/Generator.h:19:
  In file included from /home/edgeai/downstream/lib/python3.12/site-packages/torch/include/c10/core/GeneratorImpl.h:9:
  In file included from /home/edgeai/downstream/lib/python3.12/site-packages/torch/include/c10/core/TensorImpl.h:12:
  In file included from /home/edgeai/downstream/lib/python3.12/site-packages/torch/include/c10/core/ScalarType.h:4:
  In file included from /home/edgeai/downstream/lib/python3.12/site-packages/torch/include/c10/util/BFloat16.h:2:
  In file included from /home/edgeai/downstream/lib/python3.12/site-packages/torch/include/torch/headeronly/util/BFloat16.h:22:
  In file included from /home/edgeai/downstream/include/sycl/sycl.hpp:49:
  In file included from /home/edgeai/downstream/include/sycl/detail/core.hpp:21:
  In file included from /home/edgeai/downstream/include/sycl/accessor.hpp:18:
  In file included from /home/edgeai/downstream/include/sycl/detail/generic_type_traits.hpp:16:
  /home/edgeai/downstream/include/sycl/multi_ptr.hpp:1228:62: warning: 'constant_space' is deprecated: sycl::access::address_space::constant_space is deprecated since SYCL 2020 [-Wdeprecated-declarations]
   1228 |           _Space == Space && Space == access::address_space::constant_space>>
        |                                                              ^
  /home/edgeai/downstream/include/sycl/access/access.hpp:53:18: note: 'constant_space' has been explicitly marked deprecated here
     53 |   constant_space __SYCL2020_DEPRECATED("sycl::access::address_space::constant_"
        |                  ^
  /home/edgeai/downstream/include/sycl/detail/defines_elementary.hpp:62:40: note: expanded from macro '__SYCL2020_DEPRECATED'
     62 | #define __SYCL2020_DEPRECATED(message) __SYCL_DEPRECATED(message)
        |                                        ^
  /home/edgeai/downstream/include/sycl/detail/defines_elementary.hpp:53:38: note: expanded from macro '__SYCL_DEPRECATED'
     53 | #define __SYCL_DEPRECATED(message) [[deprecated(message)]]
        |                                      ^
  In file included from /home/edgeai/esimd_learning/csrc/xpu/esimd_kernel.sycl:1:
  In file included from /home/edgeai/downstream/lib/python3.12/site-packages/torch/include/ATen/ATen.h:8:
  In file included from /home/edgeai/downstream/lib/python3.12/site-packages/torch/include/ATen/Context.h:5:
  In file included from /home/edgeai/downstream/lib/python3.12/site-packages/torch/include/ATen/CPUGeneratorImpl.h:4:
  In file included from /home/edgeai/downstream/lib/python3.12/site-packages/torch/include/ATen/core/Generator.h:19:
  In file included from /home/edgeai/downstream/lib/python3.12/site-packages/torch/include/c10/core/GeneratorImpl.h:9:
  In file included from /home/edgeai/downstream/lib/python3.12/site-packages/torch/include/c10/core/TensorImpl.h:12:
  In file included from /home/edgeai/downstream/lib/python3.12/site-packages/torch/include/c10/core/ScalarType.h:4:
  In file included from /home/edgeai/downstream/lib/python3.12/site-packages/torch/include/c10/util/BFloat16.h:2:
  In file included from /home/edgeai/downstream/lib/python3.12/site-packages/torch/include/torch/headeronly/util/BFloat16.h:22:
  In file included from /home/edgeai/downstream/include/sycl/sycl.hpp:49:
  In file included from /home/edgeai/downstream/include/sycl/detail/core.hpp:21:
  In file included from /home/edgeai/downstream/include/sycl/accessor.hpp:18:
  In file included from /home/edgeai/downstream/include/sycl/detail/generic_type_traits.hpp:16:
  /home/edgeai/downstream/include/sycl/multi_ptr.hpp:1229:61: warning: 'constant_buffer' is deprecated: use 'target::device' instead [-Wdeprecated-declarations]
   1229 |   multi_ptr(accessor<ElementType, dimensions, Mode, target::constant_buffer,
        |                                                             ^
  /home/edgeai/downstream/include/sycl/access/access.hpp:24:19: note: 'constant_buffer' has been explicitly marked deprecated here
     24 |   constant_buffer __SYCL2020_DEPRECATED("use 'target::device' instead") = 2015,
        |                   ^
  /home/edgeai/downstream/include/sycl/detail/defines_elementary.hpp:62:40: note: expanded from macro '__SYCL2020_DEPRECATED'
     62 | #define __SYCL2020_DEPRECATED(message) __SYCL_DEPRECATED(message)
        |                                        ^
  /home/edgeai/downstream/include/sycl/detail/defines_elementary.hpp:53:38: note: expanded from macro '__SYCL_DEPRECATED'
     53 | #define __SYCL_DEPRECATED(message) [[deprecated(message)]]
        |                                      ^
  In file included from /home/edgeai/esimd_learning/csrc/xpu/esimd_kernel.sycl:1:
  In file included from /home/edgeai/downstream/lib/python3.12/site-packages/torch/include/ATen/ATen.h:8:
  In file included from /home/edgeai/downstream/lib/python3.12/site-packages/torch/include/ATen/Context.h:5:
  In file included from /home/edgeai/downstream/lib/python3.12/site-packages/torch/include/ATen/CPUGeneratorImpl.h:4:
  In file included from /home/edgeai/downstream/lib/python3.12/site-packages/torch/include/ATen/core/Generator.h:19:
  In file included from /home/edgeai/downstream/lib/python3.12/site-packages/torch/include/c10/core/GeneratorImpl.h:9:
  In file included from /home/edgeai/downstream/lib/python3.12/site-packages/torch/include/c10/core/TensorImpl.h:12:
  In file included from /home/edgeai/downstream/lib/python3.12/site-packages/torch/include/c10/core/ScalarType.h:4:
  In file included from /home/edgeai/downstream/lib/python3.12/site-packages/torch/include/c10/util/BFloat16.h:2:
  In file included from /home/edgeai/downstream/lib/python3.12/site-packages/torch/include/torch/headeronly/util/BFloat16.h:22:
  In file included from /home/edgeai/downstream/include/sycl/sycl.hpp:49:
  In file included from /home/edgeai/downstream/include/sycl/detail/core.hpp:21:
  In file included from /home/edgeai/downstream/include/sycl/accessor.hpp:18:
  In file included from /home/edgeai/downstream/include/sycl/detail/generic_type_traits.hpp:16:
  /home/edgeai/downstream/include/sycl/multi_ptr.hpp:1369:61: warning: 'local' is deprecated: use `local_accessor` instead [-Wdeprecated-declarations]
   1369 |   multi_ptr(accessor<ElementType, dimensions, Mode, target::local,
        |                                                             ^
  /home/edgeai/downstream/include/sycl/access/access.hpp:25:9: note: 'local' has been explicitly marked deprecated here
     25 |   local __SYCL2020_DEPRECATED("use `local_accessor` instead") = 2016,
        |         ^
  /home/edgeai/downstream/include/sycl/detail/defines_elementary.hpp:62:40: note: expanded from macro '__SYCL2020_DEPRECATED'
     62 | #define __SYCL2020_DEPRECATED(message) __SYCL_DEPRECATED(message)
        |                                        ^
  /home/edgeai/downstream/include/sycl/detail/defines_elementary.hpp:53:38: note: expanded from macro '__SYCL_DEPRECATED'
     53 | #define __SYCL_DEPRECATED(message) [[deprecated(message)]]
        |                                      ^
  In file included from /home/edgeai/esimd_learning/csrc/xpu/esimd_kernel.sycl:1:
  In file included from /home/edgeai/downstream/lib/python3.12/site-packages/torch/include/ATen/ATen.h:8:
  In file included from /home/edgeai/downstream/lib/python3.12/site-packages/torch/include/ATen/Context.h:5:
  In file included from /home/edgeai/downstream/lib/python3.12/site-packages/torch/include/ATen/CPUGeneratorImpl.h:4:
  In file included from /home/edgeai/downstream/lib/python3.12/site-packages/torch/include/ATen/core/Generator.h:19:
  In file included from /home/edgeai/downstream/lib/python3.12/site-packages/torch/include/c10/core/GeneratorImpl.h:9:
  In file included from /home/edgeai/downstream/lib/python3.12/site-packages/torch/include/c10/core/TensorImpl.h:12:
  In file included from /home/edgeai/downstream/lib/python3.12/site-packages/torch/include/c10/core/ScalarType.h:4:
  In file included from /home/edgeai/downstream/lib/python3.12/site-packages/torch/include/c10/util/BFloat16.h:2:
  In file included from /home/edgeai/downstream/lib/python3.12/site-packages/torch/include/torch/headeronly/util/BFloat16.h:22:
  In file included from /home/edgeai/downstream/include/sycl/sycl.hpp:49:
  In file included from /home/edgeai/downstream/include/sycl/detail/core.hpp:21:
  In file included from /home/edgeai/downstream/include/sycl/accessor.hpp:18:
  In file included from /home/edgeai/downstream/include/sycl/detail/generic_type_traits.hpp:16:
  /home/edgeai/downstream/include/sycl/multi_ptr.hpp:1389:62: warning: 'constant_space' is deprecated: sycl::access::address_space::constant_space is deprecated since SYCL 2020 [-Wdeprecated-declarations]
   1389 |           _Space == Space && Space == access::address_space::constant_space>>
        |                                                              ^
  /home/edgeai/downstream/include/sycl/access/access.hpp:53:18: note: 'constant_space' has been explicitly marked deprecated here
     53 |   constant_space __SYCL2020_DEPRECATED("sycl::access::address_space::constant_"
        |                  ^
  /home/edgeai/downstream/include/sycl/detail/defines_elementary.hpp:62:40: note: expanded from macro '__SYCL2020_DEPRECATED'
     62 | #define __SYCL2020_DEPRECATED(message) __SYCL_DEPRECATED(message)
        |                                        ^
  /home/edgeai/downstream/include/sycl/detail/defines_elementary.hpp:53:38: note: expanded from macro '__SYCL_DEPRECATED'
     53 | #define __SYCL_DEPRECATED(message) [[deprecated(message)]]
        |                                      ^
  In file included from /home/edgeai/esimd_learning/csrc/xpu/esimd_kernel.sycl:1:
  In file included from /home/edgeai/downstream/lib/python3.12/site-packages/torch/include/ATen/ATen.h:8:
  In file included from /home/edgeai/downstream/lib/python3.12/site-packages/torch/include/ATen/Context.h:5:
  In file included from /home/edgeai/downstream/lib/python3.12/site-packages/torch/include/ATen/CPUGeneratorImpl.h:4:
  In file included from /home/edgeai/downstream/lib/python3.12/site-packages/torch/include/ATen/core/Generator.h:19:
  In file included from /home/edgeai/downstream/lib/python3.12/site-packages/torch/include/c10/core/GeneratorImpl.h:9:
  In file included from /home/edgeai/downstream/lib/python3.12/site-packages/torch/include/c10/core/TensorImpl.h:12:
  In file included from /home/edgeai/downstream/lib/python3.12/site-packages/torch/include/c10/core/ScalarType.h:4:
  In file included from /home/edgeai/downstream/lib/python3.12/site-packages/torch/include/c10/util/BFloat16.h:2:
  In file included from /home/edgeai/downstream/lib/python3.12/site-packages/torch/include/torch/headeronly/util/BFloat16.h:22:
  In file included from /home/edgeai/downstream/include/sycl/sycl.hpp:49:
  In file included from /home/edgeai/downstream/include/sycl/detail/core.hpp:21:
  In file included from /home/edgeai/downstream/include/sycl/accessor.hpp:18:
  In file included from /home/edgeai/downstream/include/sycl/detail/generic_type_traits.hpp:16:
  /home/edgeai/downstream/include/sycl/multi_ptr.hpp:1390:61: warning: 'constant_buffer' is deprecated: use 'target::device' instead [-Wdeprecated-declarations]
   1390 |   multi_ptr(accessor<ElementType, dimensions, Mode, target::constant_buffer,
        |                                                             ^
  /home/edgeai/downstream/include/sycl/access/access.hpp:24:19: note: 'constant_buffer' has been explicitly marked deprecated here
     24 |   constant_buffer __SYCL2020_DEPRECATED("use 'target::device' instead") = 2015,
        |                   ^
  /home/edgeai/downstream/include/sycl/detail/defines_elementary.hpp:62:40: note: expanded from macro '__SYCL2020_DEPRECATED'
     62 | #define __SYCL2020_DEPRECATED(message) __SYCL_DEPRECATED(message)
        |                                        ^
  /home/edgeai/downstream/include/sycl/detail/defines_elementary.hpp:53:38: note: expanded from macro '__SYCL_DEPRECATED'
     53 | #define __SYCL_DEPRECATED(message) [[deprecated(message)]]
        |                                      ^
  In file included from /home/edgeai/esimd_learning/csrc/xpu/esimd_kernel.sycl:1:
  In file included from /home/edgeai/downstream/lib/python3.12/site-packages/torch/include/ATen/ATen.h:8:
  In file included from /home/edgeai/downstream/lib/python3.12/site-packages/torch/include/ATen/Context.h:5:
  In file included from /home/edgeai/downstream/lib/python3.12/site-packages/torch/include/ATen/CPUGeneratorImpl.h:4:
  In file included from /home/edgeai/downstream/lib/python3.12/site-packages/torch/include/ATen/core/Generator.h:19:
  In file included from /home/edgeai/downstream/lib/python3.12/site-packages/torch/include/c10/core/GeneratorImpl.h:9:
  In file included from /home/edgeai/downstream/lib/python3.12/site-packages/torch/include/c10/core/TensorImpl.h:12:
  In file included from /home/edgeai/downstream/lib/python3.12/site-packages/torch/include/c10/core/ScalarType.h:4:
  In file included from /home/edgeai/downstream/lib/python3.12/site-packages/torch/include/c10/util/BFloat16.h:2:
  In file included from /home/edgeai/downstream/lib/python3.12/site-packages/torch/include/torch/headeronly/util/BFloat16.h:22:
  In file included from /home/edgeai/downstream/include/sycl/sycl.hpp:49:
  In file included from /home/edgeai/downstream/include/sycl/detail/core.hpp:21:
  In file included from /home/edgeai/downstream/include/sycl/accessor.hpp:18:
  In file included from /home/edgeai/downstream/include/sycl/detail/generic_type_traits.hpp:16:
  /home/edgeai/downstream/include/sycl/multi_ptr.hpp:1446:50: warning: 'constant_space' is deprecated: sycl::access::address_space::constant_space is deprecated since SYCL 2020 [-Wdeprecated-declarations]
   1446 |     -> multi_ptr<const T, access::address_space::constant_space,
        |                                                  ^
  /home/edgeai/downstream/include/sycl/access/access.hpp:53:18: note: 'constant_space' has been explicitly marked deprecated here
     53 |   constant_space __SYCL2020_DEPRECATED("sycl::access::address_space::constant_"
        |                  ^
  /home/edgeai/downstream/include/sycl/detail/defines_elementary.hpp:62:40: note: expanded from macro '__SYCL2020_DEPRECATED'
     62 | #define __SYCL2020_DEPRECATED(message) __SYCL_DEPRECATED(message)
        |                                        ^
  /home/edgeai/downstream/include/sycl/detail/defines_elementary.hpp:53:38: note: expanded from macro '__SYCL_DEPRECATED'
     53 | #define __SYCL_DEPRECATED(message) [[deprecated(message)]]
        |                                      ^
  In file included from /home/edgeai/esimd_learning/csrc/xpu/esimd_kernel.sycl:1:
  In file included from /home/edgeai/downstream/lib/python3.12/site-packages/torch/include/ATen/ATen.h:8:
  In file included from /home/edgeai/downstream/lib/python3.12/site-packages/torch/include/ATen/Context.h:5:
  In file included from /home/edgeai/downstream/lib/python3.12/site-packages/torch/include/ATen/CPUGeneratorImpl.h:4:
  In file included from /home/edgeai/downstream/lib/python3.12/site-packages/torch/include/ATen/core/Generator.h:19:
  In file included from /home/edgeai/downstream/lib/python3.12/site-packages/torch/include/c10/core/GeneratorImpl.h:9:
  In file included from /home/edgeai/downstream/lib/python3.12/site-packages/torch/include/c10/core/TensorImpl.h:12:
  In file included from /home/edgeai/downstream/lib/python3.12/site-packages/torch/include/c10/core/ScalarType.h:4:
  In file included from /home/edgeai/downstream/lib/python3.12/site-packages/torch/include/c10/util/BFloat16.h:2:
  In file included from /home/edgeai/downstream/lib/python3.12/site-packages/torch/include/torch/headeronly/util/BFloat16.h:22:
  In file included from /home/edgeai/downstream/include/sycl/sycl.hpp:49:
  In file included from /home/edgeai/downstream/include/sycl/detail/core.hpp:21:
  In file included from /home/edgeai/downstream/include/sycl/accessor.hpp:18:
  In file included from /home/edgeai/downstream/include/sycl/detail/generic_type_traits.hpp:16:
  /home/edgeai/downstream/include/sycl/multi_ptr.hpp:1444:62: warning: 'constant_buffer' is deprecated: use 'target::device' instead [-Wdeprecated-declarations]
   1444 | multi_ptr(accessor<T, dimensions, access_mode::read, target::constant_buffer,
        |                                                              ^
  /home/edgeai/downstream/include/sycl/access/access.hpp:24:19: note: 'constant_buffer' has been explicitly marked deprecated here
     24 |   constant_buffer __SYCL2020_DEPRECATED("use 'target::device' instead") = 2015,
        |                   ^
  /home/edgeai/downstream/include/sycl/detail/defines_elementary.hpp:62:40: note: expanded from macro '__SYCL2020_DEPRECATED'
     62 | #define __SYCL2020_DEPRECATED(message) __SYCL_DEPRECATED(message)
        |                                        ^
  /home/edgeai/downstream/include/sycl/detail/defines_elementary.hpp:53:38: note: expanded from macro '__SYCL_DEPRECATED'
     53 | #define __SYCL_DEPRECATED(message) [[deprecated(message)]]
        |                                      ^
  In file included from /home/edgeai/esimd_learning/csrc/xpu/esimd_kernel.sycl:1:
  In file included from /home/edgeai/downstream/lib/python3.12/site-packages/torch/include/ATen/ATen.h:8:
  In file included from /home/edgeai/downstream/lib/python3.12/site-packages/torch/include/ATen/Context.h:5:
  In file included from /home/edgeai/downstream/lib/python3.12/site-packages/torch/include/ATen/CPUGeneratorImpl.h:4:
  In file included from /home/edgeai/downstream/lib/python3.12/site-packages/torch/include/ATen/core/Generator.h:19:
  In file included from /home/edgeai/downstream/lib/python3.12/site-packages/torch/include/c10/core/GeneratorImpl.h:9:
  In file included from /home/edgeai/downstream/lib/python3.12/site-packages/torch/include/c10/core/TensorImpl.h:12:
  In file included from /home/edgeai/downstream/lib/python3.12/site-packages/torch/include/c10/core/ScalarType.h:4:
  In file included from /home/edgeai/downstream/lib/python3.12/site-packages/torch/include/c10/util/BFloat16.h:2:
  In file included from /home/edgeai/downstream/lib/python3.12/site-packages/torch/include/torch/headeronly/util/BFloat16.h:22:
  In file included from /home/edgeai/downstream/include/sycl/sycl.hpp:49:
  In file included from /home/edgeai/downstream/include/sycl/detail/core.hpp:21:
  In file included from /home/edgeai/downstream/include/sycl/accessor.hpp:18:
  In file included from /home/edgeai/downstream/include/sycl/detail/generic_type_traits.hpp:16:
  /home/edgeai/downstream/include/sycl/multi_ptr.hpp:1451:43: warning: 'local' is deprecated: use `local_accessor` instead [-Wdeprecated-declarations]
   1451 |     accessor<T, dimensions, Mode, target::local, isPlaceholder, PropertyListT>)
        |                                           ^
  /home/edgeai/downstream/include/sycl/access/access.hpp:25:9: note: 'local' has been explicitly marked deprecated here
     25 |   local __SYCL2020_DEPRECATED("use `local_accessor` instead") = 2016,
        |         ^
  /home/edgeai/downstream/include/sycl/detail/defines_elementary.hpp:62:40: note: expanded from macro '__SYCL2020_DEPRECATED'
     62 | #define __SYCL2020_DEPRECATED(message) __SYCL_DEPRECATED(message)
        |                                        ^
  /home/edgeai/downstream/include/sycl/detail/defines_elementary.hpp:53:38: note: expanded from macro '__SYCL_DEPRECATED'
     53 | #define __SYCL_DEPRECATED(message) [[deprecated(message)]]
        |                                      ^
  In file included from /home/edgeai/esimd_learning/csrc/xpu/esimd_kernel.sycl:1:
  In file included from /home/edgeai/downstream/lib/python3.12/site-packages/torch/include/ATen/ATen.h:8:
  In file included from /home/edgeai/downstream/lib/python3.12/site-packages/torch/include/ATen/Context.h:5:
  In file included from /home/edgeai/downstream/lib/python3.12/site-packages/torch/include/ATen/CPUGeneratorImpl.h:4:
  In file included from /home/edgeai/downstream/lib/python3.12/site-packages/torch/include/ATen/core/Generator.h:19:
  In file included from /home/edgeai/downstream/lib/python3.12/site-packages/torch/include/c10/core/GeneratorImpl.h:9:
  In file included from /home/edgeai/downstream/lib/python3.12/site-packages/torch/include/c10/core/TensorImpl.h:12:
  In file included from /home/edgeai/downstream/lib/python3.12/site-packages/torch/include/c10/core/ScalarType.h:4:
  In file included from /home/edgeai/downstream/lib/python3.12/site-packages/torch/include/c10/util/BFloat16.h:2:
  In file included from /home/edgeai/downstream/lib/python3.12/site-packages/torch/include/torch/headeronly/util/BFloat16.h:22:
  In file included from /home/edgeai/downstream/include/sycl/sycl.hpp:49:
  In file included from /home/edgeai/downstream/include/sycl/detail/core.hpp:21:
  In file included from /home/edgeai/downstream/include/sycl/accessor.hpp:32:
  In file included from /home/edgeai/downstream/include/sycl/properties/buffer_properties.hpp:11:
  In file included from /home/edgeai/downstream/include/sycl/context.hpp:15:
  In file included from /home/edgeai/downstream/include/sycl/detail/info_desc_helpers.hpp:66:
  /home/edgeai/downstream/include/sycl/info/platform_traits.def:5:1: warning: 'extensions' is deprecated: deprecated in SYCL 2020, use device::get_info() with info::device::aspects instead [-Wdeprecated-declarations]
      5 | __SYCL_PARAM_TRAITS_SPEC(platform, extensions, std::vector<std::string>, UR_PLATFORM_INFO_EXTENSIONS)
        | ^
  /home/edgeai/downstream/include/sycl/detail/info_desc_helpers.hpp:61:45: note: expanded from macro '__SYCL_PARAM_TRAITS_SPEC'
     61 |     using return_type = info::DescType::Desc::return_type;                     \
        |                                             ^
  /home/edgeai/downstream/include/sycl/info/info_desc.hpp:61:8: note: 'extensions' has been explicitly marked deprecated here
     61 | struct __SYCL2020_DEPRECATED("deprecated in SYCL 2020, use device::get_info() "
        |        ^
  /home/edgeai/downstream/include/sycl/detail/defines_elementary.hpp:62:40: note: expanded from macro '__SYCL2020_DEPRECATED'
     62 | #define __SYCL2020_DEPRECATED(message) __SYCL_DEPRECATED(message)
        |                                        ^
  /home/edgeai/downstream/include/sycl/detail/defines_elementary.hpp:53:38: note: expanded from macro '__SYCL_DEPRECATED'
     53 | #define __SYCL_DEPRECATED(message) [[deprecated(message)]]
        |                                      ^
  In file included from /home/edgeai/esimd_learning/csrc/xpu/esimd_kernel.sycl:1:
  In file included from /home/edgeai/downstream/lib/python3.12/site-packages/torch/include/ATen/ATen.h:8:
  In file included from /home/edgeai/downstream/lib/python3.12/site-packages/torch/include/ATen/Context.h:5:
  In file included from /home/edgeai/downstream/lib/python3.12/site-packages/torch/include/ATen/CPUGeneratorImpl.h:4:
  In file included from /home/edgeai/downstream/lib/python3.12/site-packages/torch/include/ATen/core/Generator.h:19:
  In file included from /home/edgeai/downstream/lib/python3.12/site-packages/torch/include/c10/core/GeneratorImpl.h:9:
  In file included from /home/edgeai/downstream/lib/python3.12/site-packages/torch/include/c10/core/TensorImpl.h:12:
  In file included from /home/edgeai/downstream/lib/python3.12/site-packages/torch/include/c10/core/ScalarType.h:4:
  In file included from /home/edgeai/downstream/lib/python3.12/site-packages/torch/include/c10/util/BFloat16.h:2:
  In file included from /home/edgeai/downstream/lib/python3.12/site-packages/torch/include/torch/headeronly/util/BFloat16.h:22:
  In file included from /home/edgeai/downstream/include/sycl/sycl.hpp:49:
  In file included from /home/edgeai/downstream/include/sycl/detail/core.hpp:21:
  In file included from /home/edgeai/downstream/include/sycl/accessor.hpp:32:
  In file included from /home/edgeai/downstream/include/sycl/properties/buffer_properties.hpp:11:
  In file included from /home/edgeai/downstream/include/sycl/context.hpp:15:
  In file included from /home/edgeai/downstream/include/sycl/detail/info_desc_helpers.hpp:103:
  /home/edgeai/downstream/include/sycl/info/device_traits.def:100:1: warning: 'max_constant_buffer_size' is deprecated: deprecated in SYCL 2020 [-Wdeprecated-declarations]
    100 | __SYCL_PARAM_TRAITS_SPEC(device, max_constant_buffer_size, uint64_t,
        | ^
  /home/edgeai/downstream/include/sycl/detail/info_desc_helpers.hpp:98:45: note: expanded from macro '__SYCL_PARAM_TRAITS_SPEC'
     98 |     using return_type = info::DescType::Desc::return_type;                     \
        |                                             ^
  /home/edgeai/downstream/include/sycl/info/device_traits_2020_deprecated.def:3:1: note: 'max_constant_buffer_size' has been explicitly marked deprecated here
      3 | __SYCL_PARAM_TRAITS_DEPRECATED(max_constant_buffer_size,"deprecated in SYCL 2020")
        | ^
  /home/edgeai/downstream/include/sycl/info/info_desc.hpp:123:10: note: expanded from macro '__SYCL_PARAM_TRAITS_DEPRECATED'
    123 |   struct __SYCL2020_DEPRECATED(Message) Desc;
        |          ^
  /home/edgeai/downstream/include/sycl/detail/defines_elementary.hpp:62:40: note: expanded from macro '__SYCL2020_DEPRECATED'
     62 | #define __SYCL2020_DEPRECATED(message) __SYCL_DEPRECATED(message)
        |                                        ^
  /home/edgeai/downstream/include/sycl/detail/defines_elementary.hpp:53:38: note: expanded from macro '__SYCL_DEPRECATED'
     53 | #define __SYCL_DEPRECATED(message) [[deprecated(message)]]
        |                                      ^
  In file included from /home/edgeai/esimd_learning/csrc/xpu/esimd_kernel.sycl:1:
  In file included from /home/edgeai/downstream/lib/python3.12/site-packages/torch/include/ATen/ATen.h:8:
  In file included from /home/edgeai/downstream/lib/python3.12/site-packages/torch/include/ATen/Context.h:5:
  In file included from /home/edgeai/downstream/lib/python3.12/site-packages/torch/include/ATen/CPUGeneratorImpl.h:4:
  In file included from /home/edgeai/downstream/lib/python3.12/site-packages/torch/include/ATen/core/Generator.h:19:
  In file included from /home/edgeai/downstream/lib/python3.12/site-packages/torch/include/c10/core/GeneratorImpl.h:9:
  In file included from /home/edgeai/downstream/lib/python3.12/site-packages/torch/include/c10/core/TensorImpl.h:12:
  In file included from /home/edgeai/downstream/lib/python3.12/site-packages/torch/include/c10/core/ScalarType.h:4:
  In file included from /home/edgeai/downstream/lib/python3.12/site-packages/torch/include/c10/util/BFloat16.h:2:
  In file included from /home/edgeai/downstream/lib/python3.12/site-packages/torch/include/torch/headeronly/util/BFloat16.h:22:
  In file included from /home/edgeai/downstream/include/sycl/sycl.hpp:49:
  In file included from /home/edgeai/downstream/include/sycl/detail/core.hpp:21:
  In file included from /home/edgeai/downstream/include/sycl/accessor.hpp:32:
  In file included from /home/edgeai/downstream/include/sycl/properties/buffer_properties.hpp:11:
  In file included from /home/edgeai/downstream/include/sycl/context.hpp:15:
  In file included from /home/edgeai/downstream/include/sycl/detail/info_desc_helpers.hpp:103:
  /home/edgeai/downstream/include/sycl/info/device_traits.def:102:1: warning: 'max_constant_args' is deprecated: deprecated in SYCL 2020 [-Wdeprecated-declarations]
    102 | __SYCL_PARAM_TRAITS_SPEC(device, max_constant_args, uint32_t,
        | ^
  /home/edgeai/downstream/include/sycl/detail/info_desc_helpers.hpp:98:45: note: expanded from macro '__SYCL_PARAM_TRAITS_SPEC'
     98 |     using return_type = info::DescType::Desc::return_type;                     \
        |                                             ^
  /home/edgeai/downstream/include/sycl/info/device_traits_2020_deprecated.def:4:1: note: 'max_constant_args' has been explicitly marked deprecated here
      4 | __SYCL_PARAM_TRAITS_DEPRECATED(max_constant_args,"deprecated in SYCL 2020")
        | ^
  /home/edgeai/downstream/include/sycl/info/info_desc.hpp:123:10: note: expanded from macro '__SYCL_PARAM_TRAITS_DEPRECATED'
    123 |   struct __SYCL2020_DEPRECATED(Message) Desc;
        |          ^
  /home/edgeai/downstream/include/sycl/detail/defines_elementary.hpp:62:40: note: expanded from macro '__SYCL2020_DEPRECATED'
     62 | #define __SYCL2020_DEPRECATED(message) __SYCL_DEPRECATED(message)
        |                                        ^
  /home/edgeai/downstream/include/sycl/detail/defines_elementary.hpp:53:38: note: expanded from macro '__SYCL_DEPRECATED'
     53 | #define __SYCL_DEPRECATED(message) [[deprecated(message)]]
        |                                      ^
  In file included from /home/edgeai/esimd_learning/csrc/xpu/esimd_kernel.sycl:1:
  In file included from /home/edgeai/downstream/lib/python3.12/site-packages/torch/include/ATen/ATen.h:8:
  In file included from /home/edgeai/downstream/lib/python3.12/site-packages/torch/include/ATen/Context.h:5:
  In file included from /home/edgeai/downstream/lib/python3.12/site-packages/torch/include/ATen/CPUGeneratorImpl.h:4:
  In file included from /home/edgeai/downstream/lib/python3.12/site-packages/torch/include/ATen/core/Generator.h:19:
  In file included from /home/edgeai/downstream/lib/python3.12/site-packages/torch/include/c10/core/GeneratorImpl.h:9:
  In file included from /home/edgeai/downstream/lib/python3.12/site-packages/torch/include/c10/core/TensorImpl.h:12:
  In file included from /home/edgeai/downstream/lib/python3.12/site-packages/torch/include/c10/core/ScalarType.h:4:
  In file included from /home/edgeai/downstream/lib/python3.12/site-packages/torch/include/c10/util/BFloat16.h:2:
  In file included from /home/edgeai/downstream/lib/python3.12/site-packages/torch/include/torch/headeronly/util/BFloat16.h:22:
  In file included from /home/edgeai/downstream/include/sycl/sycl.hpp:49:
  In file included from /home/edgeai/downstream/include/sycl/detail/core.hpp:21:
  In file included from /home/edgeai/downstream/include/sycl/accessor.hpp:32:
  In file included from /home/edgeai/downstream/include/sycl/properties/buffer_properties.hpp:11:
  In file included from /home/edgeai/downstream/include/sycl/context.hpp:15:
  In file included from /home/edgeai/downstream/include/sycl/detail/info_desc_helpers.hpp:103:
  /home/edgeai/downstream/include/sycl/info/device_traits.def:110:1: warning: 'host_unified_memory' is deprecated: deprecated in SYCL 2020, use device::has() with one of the aspect::usm_* aspects instead [-Wdeprecated-declarations]
    110 | __SYCL_PARAM_TRAITS_SPEC(device, host_unified_memory, bool,
        | ^
  /home/edgeai/downstream/include/sycl/detail/info_desc_helpers.hpp:98:45: note: expanded from macro '__SYCL_PARAM_TRAITS_SPEC'
     98 |     using return_type = info::DescType::Desc::return_type;                     \
        |                                             ^
  /home/edgeai/downstream/include/sycl/info/device_traits_2020_deprecated.def:5:1: note: 'host_unified_memory' has been explicitly marked deprecated here
      5 | __SYCL_PARAM_TRAITS_DEPRECATED(host_unified_memory,"deprecated in SYCL 2020, use device::has() with "
        | ^
  /home/edgeai/downstream/include/sycl/info/info_desc.hpp:123:10: note: expanded from macro '__SYCL_PARAM_TRAITS_DEPRECATED'
    123 |   struct __SYCL2020_DEPRECATED(Message) Desc;
        |          ^
  /home/edgeai/downstream/include/sycl/detail/defines_elementary.hpp:62:40: note: expanded from macro '__SYCL2020_DEPRECATED'
     62 | #define __SYCL2020_DEPRECATED(message) __SYCL_DEPRECATED(message)
        |                                        ^
  /home/edgeai/downstream/include/sycl/detail/defines_elementary.hpp:53:38: note: expanded from macro '__SYCL_DEPRECATED'
     53 | #define __SYCL_DEPRECATED(message) [[deprecated(message)]]
        |                                      ^
  In file included from /home/edgeai/esimd_learning/csrc/xpu/esimd_kernel.sycl:1:
  In file included from /home/edgeai/downstream/lib/python3.12/site-packages/torch/include/ATen/ATen.h:8:
  In file included from /home/edgeai/downstream/lib/python3.12/site-packages/torch/include/ATen/Context.h:5:
  In file included from /home/edgeai/downstream/lib/python3.12/site-packages/torch/include/ATen/CPUGeneratorImpl.h:4:
  In file included from /home/edgeai/downstream/lib/python3.12/site-packages/torch/include/ATen/core/Generator.h:19:
  In file included from /home/edgeai/downstream/lib/python3.12/site-packages/torch/include/c10/core/GeneratorImpl.h:9:
  In file included from /home/edgeai/downstream/lib/python3.12/site-packages/torch/include/c10/core/TensorImpl.h:12:
  In file included from /home/edgeai/downstream/lib/python3.12/site-packages/torch/include/c10/core/ScalarType.h:4:
  In file included from /home/edgeai/downstream/lib/python3.12/site-packages/torch/include/c10/util/BFloat16.h:2:
  In file included from /home/edgeai/downstream/lib/python3.12/site-packages/torch/include/torch/headeronly/util/BFloat16.h:22:
  In file included from /home/edgeai/downstream/include/sycl/sycl.hpp:49:
  In file included from /home/edgeai/downstream/include/sycl/detail/core.hpp:21:
  In file included from /home/edgeai/downstream/include/sycl/accessor.hpp:32:
  In file included from /home/edgeai/downstream/include/sycl/properties/buffer_properties.hpp:11:
  In file included from /home/edgeai/downstream/include/sycl/context.hpp:15:
  In file included from /home/edgeai/downstream/include/sycl/detail/info_desc_helpers.hpp:103:
  /home/edgeai/downstream/include/sycl/info/device_traits.def:126:1: warning: 'is_endian_little' is deprecated: deprecated in SYCL 2020, check the byte order of the host system instead, the host and the device are required to have the same byte order [-Wdeprecated-declarations]
    126 | __SYCL_PARAM_TRAITS_SPEC(device, is_endian_little, bool,
        | ^
  /home/edgeai/downstream/include/sycl/detail/info_desc_helpers.hpp:98:45: note: expanded from macro '__SYCL_PARAM_TRAITS_SPEC'
     98 |     using return_type = info::DescType::Desc::return_type;                     \
        |                                             ^
  /home/edgeai/downstream/include/sycl/info/device_traits_2020_deprecated.def:7:1: note: 'is_endian_little' has been explicitly marked deprecated here
      7 | __SYCL_PARAM_TRAITS_DEPRECATED(is_endian_little,"deprecated in SYCL 2020, check the byte order of "
        | ^
  /home/edgeai/downstream/include/sycl/info/info_desc.hpp:123:10: note: expanded from macro '__SYCL_PARAM_TRAITS_DEPRECATED'
    123 |   struct __SYCL2020_DEPRECATED(Message) Desc;
        |          ^
  /home/edgeai/downstream/include/sycl/detail/defines_elementary.hpp:62:40: note: expanded from macro '__SYCL2020_DEPRECATED'
     62 | #define __SYCL2020_DEPRECATED(message) __SYCL_DEPRECATED(message)
        |                                        ^
  /home/edgeai/downstream/include/sycl/detail/defines_elementary.hpp:53:38: note: expanded from macro '__SYCL_DEPRECATED'
     53 | #define __SYCL_DEPRECATED(message) [[deprecated(message)]]
        |                                      ^
  In file included from /home/edgeai/esimd_learning/csrc/xpu/esimd_kernel.sycl:1:
  In file included from /home/edgeai/downstream/lib/python3.12/site-packages/torch/include/ATen/ATen.h:8:
  In file included from /home/edgeai/downstream/lib/python3.12/site-packages/torch/include/ATen/Context.h:5:
  In file included from /home/edgeai/downstream/lib/python3.12/site-packages/torch/include/ATen/CPUGeneratorImpl.h:4:
  In file included from /home/edgeai/downstream/lib/python3.12/site-packages/torch/include/ATen/core/Generator.h:19:
  In file included from /home/edgeai/downstream/lib/python3.12/site-packages/torch/include/c10/core/GeneratorImpl.h:9:
  In file included from /home/edgeai/downstream/lib/python3.12/site-packages/torch/include/c10/core/TensorImpl.h:12:
  In file included from /home/edgeai/downstream/lib/python3.12/site-packages/torch/include/c10/core/ScalarType.h:4:
  In file included from /home/edgeai/downstream/lib/python3.12/site-packages/torch/include/c10/util/BFloat16.h:2:
  In file included from /home/edgeai/downstream/lib/python3.12/site-packages/torch/include/torch/headeronly/util/BFloat16.h:22:
  In file included from /home/edgeai/downstream/include/sycl/sycl.hpp:49:
  In file included from /home/edgeai/downstream/include/sycl/detail/core.hpp:21:
  In file included from /home/edgeai/downstream/include/sycl/accessor.hpp:32:
  In file included from /home/edgeai/downstream/include/sycl/properties/buffer_properties.hpp:11:
  In file included from /home/edgeai/downstream/include/sycl/context.hpp:15:
  In file included from /home/edgeai/downstream/include/sycl/detail/info_desc_helpers.hpp:103:
  /home/edgeai/downstream/include/sycl/info/device_traits.def:129:1: warning: 'is_compiler_available' is deprecated: deprecated in SYCL 2020, use device::has(aspect::online_compiler) instead [-Wdeprecated-declarations]
    129 | __SYCL_PARAM_TRAITS_SPEC(device, is_compiler_available, bool,
        | ^
  /home/edgeai/downstream/include/sycl/detail/info_desc_helpers.hpp:98:45: note: expanded from macro '__SYCL_PARAM_TRAITS_SPEC'
     98 |     using return_type = info::DescType::Desc::return_type;                     \
        |                                             ^
  /home/edgeai/downstream/include/sycl/info/device_traits_2020_deprecated.def:10:1: note: 'is_compiler_available' has been explicitly marked deprecated here
     10 | __SYCL_PARAM_TRAITS_DEPRECATED(is_compiler_available,"deprecated in SYCL 2020, use device::has(aspect::online_compiler) instead")
        | ^
  /home/edgeai/downstream/include/sycl/info/info_desc.hpp:123:10: note: expanded from macro '__SYCL_PARAM_TRAITS_DEPRECATED'
    123 |   struct __SYCL2020_DEPRECATED(Message) Desc;
        |          ^
  /home/edgeai/downstream/include/sycl/detail/defines_elementary.hpp:62:40: note: expanded from macro '__SYCL2020_DEPRECATED'
     62 | #define __SYCL2020_DEPRECATED(message) __SYCL_DEPRECATED(message)
        |                                        ^
  /home/edgeai/downstream/include/sycl/detail/defines_elementary.hpp:53:38: note: expanded from macro '__SYCL_DEPRECATED'
     53 | #define __SYCL_DEPRECATED(message) [[deprecated(message)]]
        |                                      ^
  In file included from /home/edgeai/esimd_learning/csrc/xpu/esimd_kernel.sycl:1:
  In file included from /home/edgeai/downstream/lib/python3.12/site-packages/torch/include/ATen/ATen.h:8:
  In file included from /home/edgeai/downstream/lib/python3.12/site-packages/torch/include/ATen/Context.h:5:
  In file included from /home/edgeai/downstream/lib/python3.12/site-packages/torch/include/ATen/CPUGeneratorImpl.h:4:
  In file included from /home/edgeai/downstream/lib/python3.12/site-packages/torch/include/ATen/core/Generator.h:19:
  In file included from /home/edgeai/downstream/lib/python3.12/site-packages/torch/include/c10/core/GeneratorImpl.h:9:
  In file included from /home/edgeai/downstream/lib/python3.12/site-packages/torch/include/c10/core/TensorImpl.h:12:
  In file included from /home/edgeai/downstream/lib/python3.12/site-packages/torch/include/c10/core/ScalarType.h:4:
  In file included from /home/edgeai/downstream/lib/python3.12/site-packages/torch/include/c10/util/BFloat16.h:2:
  In file included from /home/edgeai/downstream/lib/python3.12/site-packages/torch/include/torch/headeronly/util/BFloat16.h:22:
  In file included from /home/edgeai/downstream/include/sycl/sycl.hpp:49:
  In file included from /home/edgeai/downstream/include/sycl/detail/core.hpp:21:
  In file included from /home/edgeai/downstream/include/sycl/accessor.hpp:32:
  In file included from /home/edgeai/downstream/include/sycl/properties/buffer_properties.hpp:11:
  In file included from /home/edgeai/downstream/include/sycl/context.hpp:15:
  In file included from /home/edgeai/downstream/include/sycl/detail/info_desc_helpers.hpp:103:
  /home/edgeai/downstream/include/sycl/info/device_traits.def:131:1: warning: 'is_linker_available' is deprecated: deprecated in SYCL 2020, use device::has(aspect::online_linker) instead [-Wdeprecated-declarations]
    131 | __SYCL_PARAM_TRAITS_SPEC(device, is_linker_available, bool,
        | ^
  /home/edgeai/downstream/include/sycl/detail/info_desc_helpers.hpp:98:45: note: expanded from macro '__SYCL_PARAM_TRAITS_SPEC'
     98 |     using return_type = info::DescType::Desc::return_type;                     \
        |                                             ^
  /home/edgeai/downstream/include/sycl/info/device_traits_2020_deprecated.def:11:1: note: 'is_linker_available' has been explicitly marked deprecated here
     11 | __SYCL_PARAM_TRAITS_DEPRECATED(is_linker_available, "deprecated in SYCL 2020, use device::has(aspect::online_linker) instead")
        | ^
  /home/edgeai/downstream/include/sycl/info/info_desc.hpp:123:10: note: expanded from macro '__SYCL_PARAM_TRAITS_DEPRECATED'
    123 |   struct __SYCL2020_DEPRECATED(Message) Desc;
        |          ^
  /home/edgeai/downstream/include/sycl/detail/defines_elementary.hpp:62:40: note: expanded from macro '__SYCL2020_DEPRECATED'
     62 | #define __SYCL2020_DEPRECATED(message) __SYCL_DEPRECATED(message)
        |                                        ^
  /home/edgeai/downstream/include/sycl/detail/defines_elementary.hpp:53:38: note: expanded from macro '__SYCL_DEPRECATED'
     53 | #define __SYCL_DEPRECATED(message) [[deprecated(message)]]
        |                                      ^
  In file included from /home/edgeai/esimd_learning/csrc/xpu/esimd_kernel.sycl:1:
  In file included from /home/edgeai/downstream/lib/python3.12/site-packages/torch/include/ATen/ATen.h:8:
  In file included from /home/edgeai/downstream/lib/python3.12/site-packages/torch/include/ATen/Context.h:5:
  In file included from /home/edgeai/downstream/lib/python3.12/site-packages/torch/include/ATen/CPUGeneratorImpl.h:4:
  In file included from /home/edgeai/downstream/lib/python3.12/site-packages/torch/include/ATen/core/Generator.h:19:
  In file included from /home/edgeai/downstream/lib/python3.12/site-packages/torch/include/c10/core/GeneratorImpl.h:9:
  In file included from /home/edgeai/downstream/lib/python3.12/site-packages/torch/include/c10/core/TensorImpl.h:12:
  In file included from /home/edgeai/downstream/lib/python3.12/site-packages/torch/include/c10/core/ScalarType.h:4:
  In file included from /home/edgeai/downstream/lib/python3.12/site-packages/torch/include/c10/util/BFloat16.h:2:
  In file included from /home/edgeai/downstream/lib/python3.12/site-packages/torch/include/torch/headeronly/util/BFloat16.h:22:
  In file included from /home/edgeai/downstream/include/sycl/sycl.hpp:49:
  In file included from /home/edgeai/downstream/include/sycl/detail/core.hpp:21:
  In file included from /home/edgeai/downstream/include/sycl/accessor.hpp:32:
  In file included from /home/edgeai/downstream/include/sycl/properties/buffer_properties.hpp:11:
  In file included from /home/edgeai/downstream/include/sycl/context.hpp:15:
  In file included from /home/edgeai/downstream/include/sycl/detail/info_desc_helpers.hpp:103:
  /home/edgeai/downstream/include/sycl/info/device_traits.def:136:1: warning: 'queue_profiling' is deprecated: deprecated in SYCL 2020, use device::has(aspect::queue_profiling) instead [-Wdeprecated-declarations]
    136 | __SYCL_PARAM_TRAITS_SPEC(device, queue_profiling, bool,
        | ^
  /home/edgeai/downstream/include/sycl/detail/info_desc_helpers.hpp:98:45: note: expanded from macro '__SYCL_PARAM_TRAITS_SPEC'
     98 |     using return_type = info::DescType::Desc::return_type;                     \
        |                                             ^
  /home/edgeai/downstream/include/sycl/info/device_traits_2020_deprecated.def:12:1: note: 'queue_profiling' has been explicitly marked deprecated here
     12 | __SYCL_PARAM_TRAITS_DEPRECATED(queue_profiling, "deprecated in SYCL 2020, use device::has(aspect::queue_profiling) instead")
        | ^
  /home/edgeai/downstream/include/sycl/info/info_desc.hpp:123:10: note: expanded from macro '__SYCL_PARAM_TRAITS_DEPRECATED'
    123 |   struct __SYCL2020_DEPRECATED(Message) Desc;
        |          ^
  /home/edgeai/downstream/include/sycl/detail/defines_elementary.hpp:62:40: note: expanded from macro '__SYCL2020_DEPRECATED'
     62 | #define __SYCL2020_DEPRECATED(message) __SYCL_DEPRECATED(message)
        |                                        ^
  /home/edgeai/downstream/include/sycl/detail/defines_elementary.hpp:53:38: note: expanded from macro '__SYCL_DEPRECATED'
     53 | #define __SYCL_DEPRECATED(message) [[deprecated(message)]]
        |                                      ^
  In file included from /home/edgeai/esimd_learning/csrc/xpu/esimd_kernel.sycl:1:
  In file included from /home/edgeai/downstream/lib/python3.12/site-packages/torch/include/ATen/ATen.h:8:
  In file included from /home/edgeai/downstream/lib/python3.12/site-packages/torch/include/ATen/Context.h:5:
  In file included from /home/edgeai/downstream/lib/python3.12/site-packages/torch/include/ATen/CPUGeneratorImpl.h:4:
  In file included from /home/edgeai/downstream/lib/python3.12/site-packages/torch/include/ATen/core/Generator.h:19:
  In file included from /home/edgeai/downstream/lib/python3.12/site-packages/torch/include/c10/core/GeneratorImpl.h:9:
  In file included from /home/edgeai/downstream/lib/python3.12/site-packages/torch/include/c10/core/TensorImpl.h:12:
  In file included from /home/edgeai/downstream/lib/python3.12/site-packages/torch/include/c10/core/ScalarType.h:4:
  In file included from /home/edgeai/downstream/lib/python3.12/site-packages/torch/include/c10/util/BFloat16.h:2:
  In file included from /home/edgeai/downstream/lib/python3.12/site-packages/torch/include/torch/headeronly/util/BFloat16.h:22:
  In file included from /home/edgeai/downstream/include/sycl/sycl.hpp:49:
  In file included from /home/edgeai/downstream/include/sycl/detail/core.hpp:21:
  In file included from /home/edgeai/downstream/include/sycl/accessor.hpp:32:
  In file included from /home/edgeai/downstream/include/sycl/properties/buffer_properties.hpp:11:
  In file included from /home/edgeai/downstream/include/sycl/context.hpp:15:
  In file included from /home/edgeai/downstream/include/sycl/detail/info_desc_helpers.hpp:103:
  /home/edgeai/downstream/include/sycl/info/device_traits.def:141:1: warning: 'built_in_kernels' is deprecated: deprecated in SYCL 2020, use info::device::built_in_kernel_ids instead [-Wdeprecated-declarations]
    141 | __SYCL_PARAM_TRAITS_SPEC(device, built_in_kernels, std::vector<std::string>,
        | ^
  /home/edgeai/downstream/include/sycl/detail/info_desc_helpers.hpp:98:45: note: expanded from macro '__SYCL_PARAM_TRAITS_SPEC'
     98 |     using return_type = info::DescType::Desc::return_type;                     \
        |                                             ^
  /home/edgeai/downstream/include/sycl/info/device_traits_2020_deprecated.def:13:1: note: 'built_in_kernels' has been explicitly marked deprecated here
     13 | __SYCL_PARAM_TRAITS_DEPRECATED(built_in_kernels,"deprecated in SYCL 2020, use info::device::built_in_kernel_ids instead")
        | ^
  /home/edgeai/downstream/include/sycl/info/info_desc.hpp:123:10: note: expanded from macro '__SYCL_PARAM_TRAITS_DEPRECATED'
    123 |   struct __SYCL2020_DEPRECATED(Message) Desc;
        |          ^
  /home/edgeai/downstream/include/sycl/detail/defines_elementary.hpp:62:40: note: expanded from macro '__SYCL2020_DEPRECATED'
     62 | #define __SYCL2020_DEPRECATED(message) __SYCL_DEPRECATED(message)
        |                                        ^
  /home/edgeai/downstream/include/sycl/detail/defines_elementary.hpp:53:38: note: expanded from macro '__SYCL_DEPRECATED'
     53 | #define __SYCL_DEPRECATED(message) [[deprecated(message)]]
        |                                      ^
  In file included from /home/edgeai/esimd_learning/csrc/xpu/esimd_kernel.sycl:1:
  In file included from /home/edgeai/downstream/lib/python3.12/site-packages/torch/include/ATen/ATen.h:8:
  In file included from /home/edgeai/downstream/lib/python3.12/site-packages/torch/include/ATen/Context.h:5:
  In file included from /home/edgeai/downstream/lib/python3.12/site-packages/torch/include/ATen/CPUGeneratorImpl.h:4:
  In file included from /home/edgeai/downstream/lib/python3.12/site-packages/torch/include/ATen/core/Generator.h:19:
  In file included from /home/edgeai/downstream/lib/python3.12/site-packages/torch/include/c10/core/GeneratorImpl.h:9:
  In file included from /home/edgeai/downstream/lib/python3.12/site-packages/torch/include/c10/core/TensorImpl.h:12:
  In file included from /home/edgeai/downstream/lib/python3.12/site-packages/torch/include/c10/core/ScalarType.h:4:
  In file included from /home/edgeai/downstream/lib/python3.12/site-packages/torch/include/c10/util/BFloat16.h:2:
  In file included from /home/edgeai/downstream/lib/python3.12/site-packages/torch/include/torch/headeronly/util/BFloat16.h:22:
  In file included from /home/edgeai/downstream/include/sycl/sycl.hpp:49:
  In file included from /home/edgeai/downstream/include/sycl/detail/core.hpp:21:
  In file included from /home/edgeai/downstream/include/sycl/accessor.hpp:32:
  In file included from /home/edgeai/downstream/include/sycl/properties/buffer_properties.hpp:11:
  In file included from /home/edgeai/downstream/include/sycl/context.hpp:15:
  In file included from /home/edgeai/downstream/include/sycl/detail/info_desc_helpers.hpp:103:
  /home/edgeai/downstream/include/sycl/info/device_traits.def:149:1: warning: 'profile' is deprecated: deprecated in SYCL 2020 [-Wdeprecated-declarations]
    149 | __SYCL_PARAM_TRAITS_SPEC(device, profile, std::string,UR_DEVICE_INFO_PROFILE)
        | ^
  /home/edgeai/downstream/include/sycl/detail/info_desc_helpers.hpp:98:45: note: expanded from macro '__SYCL_PARAM_TRAITS_SPEC'
     98 |     using return_type = info::DescType::Desc::return_type;                     \
        |                                             ^
  /home/edgeai/downstream/include/sycl/info/device_traits_2020_deprecated.def:14:1: note: 'profile' has been explicitly marked deprecated here
     14 | __SYCL_PARAM_TRAITS_DEPRECATED(profile,"deprecated in SYCL 2020")
        | ^
  /home/edgeai/downstream/include/sycl/info/info_desc.hpp:123:10: note: expanded from macro '__SYCL_PARAM_TRAITS_DEPRECATED'
    123 |   struct __SYCL2020_DEPRECATED(Message) Desc;
        |          ^
  /home/edgeai/downstream/include/sycl/detail/defines_elementary.hpp:62:40: note: expanded from macro '__SYCL2020_DEPRECATED'
     62 | #define __SYCL2020_DEPRECATED(message) __SYCL_DEPRECATED(message)
        |                                        ^
  /home/edgeai/downstream/include/sycl/detail/defines_elementary.hpp:53:38: note: expanded from macro '__SYCL_DEPRECATED'
     53 | #define __SYCL_DEPRECATED(message) [[deprecated(message)]]
        |                                      ^
  In file included from /home/edgeai/esimd_learning/csrc/xpu/esimd_kernel.sycl:1:
  In file included from /home/edgeai/downstream/lib/python3.12/site-packages/torch/include/ATen/ATen.h:8:
  In file included from /home/edgeai/downstream/lib/python3.12/site-packages/torch/include/ATen/Context.h:5:
  In file included from /home/edgeai/downstream/lib/python3.12/site-packages/torch/include/ATen/CPUGeneratorImpl.h:4:
  In file included from /home/edgeai/downstream/lib/python3.12/site-packages/torch/include/ATen/core/Generator.h:19:
  In file included from /home/edgeai/downstream/lib/python3.12/site-packages/torch/include/c10/core/GeneratorImpl.h:9:
  In file included from /home/edgeai/downstream/lib/python3.12/site-packages/torch/include/c10/core/TensorImpl.h:12:
  In file included from /home/edgeai/downstream/lib/python3.12/site-packages/torch/include/c10/core/ScalarType.h:4:
  In file included from /home/edgeai/downstream/lib/python3.12/site-packages/torch/include/c10/util/BFloat16.h:2:
  In file included from /home/edgeai/downstream/lib/python3.12/site-packages/torch/include/torch/headeronly/util/BFloat16.h:22:
  In file included from /home/edgeai/downstream/include/sycl/sycl.hpp:49:
  In file included from /home/edgeai/downstream/include/sycl/detail/core.hpp:21:
  In file included from /home/edgeai/downstream/include/sycl/accessor.hpp:32:
  In file included from /home/edgeai/downstream/include/sycl/properties/buffer_properties.hpp:11:
  In file included from /home/edgeai/downstream/include/sycl/context.hpp:15:
  In file included from /home/edgeai/downstream/include/sycl/detail/info_desc_helpers.hpp:103:
  /home/edgeai/downstream/include/sycl/info/device_traits.def:153:1: warning: 'extensions' is deprecated: deprecated in SYCL 2020, use info::device::aspects instead [-Wdeprecated-declarations]
    153 | __SYCL_PARAM_TRAITS_SPEC(device, extensions, std::vector<std::string>,
        | ^
  /home/edgeai/downstream/include/sycl/detail/info_desc_helpers.hpp:98:45: note: expanded from macro '__SYCL_PARAM_TRAITS_SPEC'
     98 |     using return_type = info::DescType::Desc::return_type;                     \
        |                                             ^
  /home/edgeai/downstream/include/sycl/info/device_traits_2020_deprecated.def:15:1: note: 'extensions' has been explicitly marked deprecated here
     15 | __SYCL_PARAM_TRAITS_DEPRECATED(extensions,"deprecated in SYCL 2020, use info::device::aspects instead")
        | ^
  /home/edgeai/downstream/include/sycl/info/info_desc.hpp:123:10: note: expanded from macro '__SYCL_PARAM_TRAITS_DEPRECATED'
    123 |   struct __SYCL2020_DEPRECATED(Message) Desc;
        |          ^
  /home/edgeai/downstream/include/sycl/detail/defines_elementary.hpp:62:40: note: expanded from macro '__SYCL2020_DEPRECATED'
     62 | #define __SYCL2020_DEPRECATED(message) __SYCL_DEPRECATED(message)
        |                                        ^
  /home/edgeai/downstream/include/sycl/detail/defines_elementary.hpp:53:38: note: expanded from macro '__SYCL_DEPRECATED'
     53 | #define __SYCL_DEPRECATED(message) [[deprecated(message)]]
        |                                      ^
  In file included from /home/edgeai/esimd_learning/csrc/xpu/esimd_kernel.sycl:1:
  In file included from /home/edgeai/downstream/lib/python3.12/site-packages/torch/include/ATen/ATen.h:8:
  In file included from /home/edgeai/downstream/lib/python3.12/site-packages/torch/include/ATen/Context.h:5:
  In file included from /home/edgeai/downstream/lib/python3.12/site-packages/torch/include/ATen/CPUGeneratorImpl.h:4:
  In file included from /home/edgeai/downstream/lib/python3.12/site-packages/torch/include/ATen/core/Generator.h:19:
  In file included from /home/edgeai/downstream/lib/python3.12/site-packages/torch/include/c10/core/GeneratorImpl.h:9:
  In file included from /home/edgeai/downstream/lib/python3.12/site-packages/torch/include/c10/core/TensorImpl.h:12:
  In file included from /home/edgeai/downstream/lib/python3.12/site-packages/torch/include/c10/core/ScalarType.h:4:
  In file included from /home/edgeai/downstream/lib/python3.12/site-packages/torch/include/c10/util/BFloat16.h:2:
  In file included from /home/edgeai/downstream/lib/python3.12/site-packages/torch/include/torch/headeronly/util/BFloat16.h:22:
  In file included from /home/edgeai/downstream/include/sycl/sycl.hpp:49:
  In file included from /home/edgeai/downstream/include/sycl/detail/core.hpp:21:
  In file included from /home/edgeai/downstream/include/sycl/accessor.hpp:32:
  In file included from /home/edgeai/downstream/include/sycl/properties/buffer_properties.hpp:11:
  In file included from /home/edgeai/downstream/include/sycl/context.hpp:15:
  In file included from /home/edgeai/downstream/include/sycl/detail/info_desc_helpers.hpp:103:
  /home/edgeai/downstream/include/sycl/info/device_traits.def:155:1: warning: 'printf_buffer_size' is deprecated: deprecated in SYCL 2020 [-Wdeprecated-declarations]
    155 | __SYCL_PARAM_TRAITS_SPEC(device, printf_buffer_size, size_t,
        | ^
  /home/edgeai/downstream/include/sycl/detail/info_desc_helpers.hpp:98:45: note: expanded from macro '__SYCL_PARAM_TRAITS_SPEC'
     98 |     using return_type = info::DescType::Desc::return_type;                     \
        |                                             ^
  /home/edgeai/downstream/include/sycl/info/device_traits_2020_deprecated.def:16:1: note: 'printf_buffer_size' has been explicitly marked deprecated here
     16 | __SYCL_PARAM_TRAITS_DEPRECATED(printf_buffer_size,"deprecated in SYCL 2020")
        | ^
  /home/edgeai/downstream/include/sycl/info/info_desc.hpp:123:10: note: expanded from macro '__SYCL_PARAM_TRAITS_DEPRECATED'
    123 |   struct __SYCL2020_DEPRECATED(Message) Desc;
        |          ^
  /home/edgeai/downstream/include/sycl/detail/defines_elementary.hpp:62:40: note: expanded from macro '__SYCL2020_DEPRECATED'
     62 | #define __SYCL2020_DEPRECATED(message) __SYCL_DEPRECATED(message)
        |                                        ^
  /home/edgeai/downstream/include/sycl/detail/defines_elementary.hpp:53:38: note: expanded from macro '__SYCL_DEPRECATED'
     53 | #define __SYCL_DEPRECATED(message) [[deprecated(message)]]
        |                                      ^
  In file included from /home/edgeai/esimd_learning/csrc/xpu/esimd_kernel.sycl:1:
  In file included from /home/edgeai/downstream/lib/python3.12/site-packages/torch/include/ATen/ATen.h:8:
  In file included from /home/edgeai/downstream/lib/python3.12/site-packages/torch/include/ATen/Context.h:5:
  In file included from /home/edgeai/downstream/lib/python3.12/site-packages/torch/include/ATen/CPUGeneratorImpl.h:4:
  In file included from /home/edgeai/downstream/lib/python3.12/site-packages/torch/include/ATen/core/Generator.h:19:
  In file included from /home/edgeai/downstream/lib/python3.12/site-packages/torch/include/c10/core/GeneratorImpl.h:9:
  In file included from /home/edgeai/downstream/lib/python3.12/site-packages/torch/include/c10/core/TensorImpl.h:12:
  In file included from /home/edgeai/downstream/lib/python3.12/site-packages/torch/include/c10/core/ScalarType.h:4:
  In file included from /home/edgeai/downstream/lib/python3.12/site-packages/torch/include/c10/util/BFloat16.h:2:
  In file included from /home/edgeai/downstream/lib/python3.12/site-packages/torch/include/torch/headeronly/util/BFloat16.h:22:
  In file included from /home/edgeai/downstream/include/sycl/sycl.hpp:49:
  In file included from /home/edgeai/downstream/include/sycl/detail/core.hpp:21:
  In file included from /home/edgeai/downstream/include/sycl/accessor.hpp:32:
  In file included from /home/edgeai/downstream/include/sycl/properties/buffer_properties.hpp:11:
  In file included from /home/edgeai/downstream/include/sycl/context.hpp:15:
  In file included from /home/edgeai/downstream/include/sycl/detail/info_desc_helpers.hpp:103:
  /home/edgeai/downstream/include/sycl/info/device_traits.def:157:1: warning: 'preferred_interop_user_sync' is deprecated: deprecated in SYCL 2020 [-Wdeprecated-declarations]
    157 | __SYCL_PARAM_TRAITS_SPEC(device, preferred_interop_user_sync, bool,
        | ^
  /home/edgeai/downstream/include/sycl/detail/info_desc_helpers.hpp:98:45: note: expanded from macro '__SYCL_PARAM_TRAITS_SPEC'
     98 |     using return_type = info::DescType::Desc::return_type;                     \
        |                                             ^
  /home/edgeai/downstream/include/sycl/info/device_traits_2020_deprecated.def:17:1: note: 'preferred_interop_user_sync' has been explicitly marked deprecated here
     17 | __SYCL_PARAM_TRAITS_DEPRECATED(preferred_interop_user_sync,"deprecated in SYCL 2020")
        | ^
  /home/edgeai/downstream/include/sycl/info/info_desc.hpp:123:10: note: expanded from macro '__SYCL_PARAM_TRAITS_DEPRECATED'
    123 |   struct __SYCL2020_DEPRECATED(Message) Desc;
        |          ^
  /home/edgeai/downstream/include/sycl/detail/defines_elementary.hpp:62:40: note: expanded from macro '__SYCL2020_DEPRECATED'
     62 | #define __SYCL2020_DEPRECATED(message) __SYCL_DEPRECATED(message)
        |                                        ^
  /home/edgeai/downstream/include/sycl/detail/defines_elementary.hpp:53:38: note: expanded from macro '__SYCL_DEPRECATED'
     53 | #define __SYCL_DEPRECATED(message) [[deprecated(message)]]
        |                                      ^
  In file included from /home/edgeai/esimd_learning/csrc/xpu/esimd_kernel.sycl:1:
  In file included from /home/edgeai/downstream/lib/python3.12/site-packages/torch/include/ATen/ATen.h:8:
  In file included from /home/edgeai/downstream/lib/python3.12/site-packages/torch/include/ATen/Context.h:5:
  In file included from /home/edgeai/downstream/lib/python3.12/site-packages/torch/include/ATen/CPUGeneratorImpl.h:4:
  In file included from /home/edgeai/downstream/lib/python3.12/site-packages/torch/include/ATen/core/Generator.h:19:
  In file included from /home/edgeai/downstream/lib/python3.12/site-packages/torch/include/c10/core/GeneratorImpl.h:9:
  In file included from /home/edgeai/downstream/lib/python3.12/site-packages/torch/include/c10/core/TensorImpl.h:12:
  In file included from /home/edgeai/downstream/lib/python3.12/site-packages/torch/include/c10/core/ScalarType.h:4:
  In file included from /home/edgeai/downstream/lib/python3.12/site-packages/torch/include/c10/util/BFloat16.h:2:
  In file included from /home/edgeai/downstream/lib/python3.12/site-packages/torch/include/torch/headeronly/util/BFloat16.h:22:
  In file included from /home/edgeai/downstream/include/sycl/sycl.hpp:49:
  In file included from /home/edgeai/downstream/include/sycl/detail/core.hpp:21:
  In file included from /home/edgeai/downstream/include/sycl/accessor.hpp:32:
  In file included from /home/edgeai/downstream/include/sycl/properties/buffer_properties.hpp:11:
  In file included from /home/edgeai/downstream/include/sycl/context.hpp:15:
  In file included from /home/edgeai/downstream/include/sycl/detail/info_desc_helpers.hpp:103:
  /home/edgeai/downstream/include/sycl/info/device_traits.def:180:1: warning: 'image_support' is deprecated: deprecated in SYCL 2020, use device::has(aspect::ext_intel_legacy_image) to query for SYCL 1.2.1 image support [-Wdeprecated-declarations]
    180 | __SYCL_PARAM_TRAITS_SPEC_SPECIALIZED(device, image_support, bool,
        | ^
  /home/edgeai/downstream/include/sycl/detail/info_desc_helpers.hpp:101:3: note: expanded from macro '__SYCL_PARAM_TRAITS_SPEC_SPECIALIZED'
    101 |   __SYCL_PARAM_TRAITS_SPEC(DescType, Desc, ReturnT, PiCode)
        |   ^
  /home/edgeai/downstream/include/sycl/detail/info_desc_helpers.hpp:98:45: note: expanded from macro '__SYCL_PARAM_TRAITS_SPEC'
     98 |     using return_type = info::DescType::Desc::return_type;                     \
        |                                             ^
  /home/edgeai/downstream/include/sycl/info/device_traits_2020_deprecated.def:2:1: note: 'image_support' has been explicitly marked deprecated here
      2 | __SYCL_PARAM_TRAITS_DEPRECATED(image_support, "deprecated in SYCL 2020, use device::has(aspect::ext_intel_legacy_image) to query for SYCL 1.2.1 image support")
        | ^
  /home/edgeai/downstream/include/sycl/info/info_desc.hpp:123:10: note: expanded from macro '__SYCL_PARAM_TRAITS_DEPRECATED'
    123 |   struct __SYCL2020_DEPRECATED(Message) Desc;
        |          ^
  /home/edgeai/downstream/include/sycl/detail/defines_elementary.hpp:62:40: note: expanded from macro '__SYCL2020_DEPRECATED'
     62 | #define __SYCL2020_DEPRECATED(message) __SYCL_DEPRECATED(message)
        |                                        ^
  /home/edgeai/downstream/include/sycl/detail/defines_elementary.hpp:53:38: note: expanded from macro '__SYCL_DEPRECATED'
     53 | #define __SYCL_DEPRECATED(message) [[deprecated(message)]]
        |                                      ^
  In file included from /home/edgeai/esimd_learning/csrc/xpu/esimd_kernel.sycl:1:
  In file included from /home/edgeai/downstream/lib/python3.12/site-packages/torch/include/ATen/ATen.h:8:
  In file included from /home/edgeai/downstream/lib/python3.12/site-packages/torch/include/ATen/Context.h:5:
  In file included from /home/edgeai/downstream/lib/python3.12/site-packages/torch/include/ATen/CPUGeneratorImpl.h:4:
  In file included from /home/edgeai/downstream/lib/python3.12/site-packages/torch/include/ATen/core/Generator.h:19:
  In file included from /home/edgeai/downstream/lib/python3.12/site-packages/torch/include/c10/core/GeneratorImpl.h:9:
  In file included from /home/edgeai/downstream/lib/python3.12/site-packages/torch/include/c10/core/TensorImpl.h:12:
  In file included from /home/edgeai/downstream/lib/python3.12/site-packages/torch/include/c10/core/ScalarType.h:4:
  In file included from /home/edgeai/downstream/lib/python3.12/site-packages/torch/include/c10/util/BFloat16.h:2:
  In file included from /home/edgeai/downstream/lib/python3.12/site-packages/torch/include/torch/headeronly/util/BFloat16.h:22:
  In file included from /home/edgeai/downstream/include/sycl/sycl.hpp:49:
  In file included from /home/edgeai/downstream/include/sycl/detail/core.hpp:21:
  In file included from /home/edgeai/downstream/include/sycl/accessor.hpp:32:
  In file included from /home/edgeai/downstream/include/sycl/properties/buffer_properties.hpp:11:
  In file included from /home/edgeai/downstream/include/sycl/context.hpp:15:
  In file included from /home/edgeai/downstream/include/sycl/detail/info_desc_helpers.hpp:103:
  /home/edgeai/downstream/include/sycl/info/device_traits.def:184:1: warning: 'atomic64' is deprecated: use sycl::aspect::atomic64 instead [-Wdeprecated-declarations]
    184 | __SYCL_PARAM_TRAITS_SPEC(device, atomic64, bool,UR_DEVICE_INFO_ATOMIC_64)
        | ^
  /home/edgeai/downstream/include/sycl/detail/info_desc_helpers.hpp:98:45: note: expanded from macro '__SYCL_PARAM_TRAITS_SPEC'
     98 |     using return_type = info::DescType::Desc::return_type;                     \
        |                                             ^
  /home/edgeai/downstream/include/sycl/info/device_traits_deprecated.def:4:1: note: 'atomic64' has been explicitly marked deprecated here
      4 | __SYCL_PARAM_TRAITS_DEPRECATED(atomic64, "use sycl::aspect::atomic64 instead")
        | ^
  /home/edgeai/downstream/include/sycl/info/info_desc.hpp:128:10: note: expanded from macro '__SYCL_PARAM_TRAITS_DEPRECATED'
    128 |   struct __SYCL_DEPRECATED(Message) Desc;
        |          ^
  /home/edgeai/downstream/include/sycl/detail/defines_elementary.hpp:53:38: note: expanded from macro '__SYCL_DEPRECATED'
     53 | #define __SYCL_DEPRECATED(message) [[deprecated(message)]]
        |                                      ^
  In file included from /home/edgeai/esimd_learning/csrc/xpu/esimd_kernel.sycl:1:
  In file included from /home/edgeai/downstream/lib/python3.12/site-packages/torch/include/ATen/ATen.h:8:
  In file included from /home/edgeai/downstream/lib/python3.12/site-packages/torch/include/ATen/Context.h:5:
  In file included from /home/edgeai/downstream/lib/python3.12/site-packages/torch/include/ATen/CPUGeneratorImpl.h:4:
  In file included from /home/edgeai/downstream/lib/python3.12/site-packages/torch/include/ATen/core/Generator.h:19:
  In file included from /home/edgeai/downstream/lib/python3.12/site-packages/torch/include/c10/core/GeneratorImpl.h:9:
  In file included from /home/edgeai/downstream/lib/python3.12/site-packages/torch/include/c10/core/TensorImpl.h:12:
  In file included from /home/edgeai/downstream/lib/python3.12/site-packages/torch/include/c10/core/ScalarType.h:4:
  In file included from /home/edgeai/downstream/lib/python3.12/site-packages/torch/include/c10/util/BFloat16.h:2:
  In file included from /home/edgeai/downstream/lib/python3.12/site-packages/torch/include/torch/headeronly/util/BFloat16.h:22:
  In file included from /home/edgeai/downstream/include/sycl/sycl.hpp:49:
  In file included from /home/edgeai/downstream/include/sycl/detail/core.hpp:21:
  In file included from /home/edgeai/downstream/include/sycl/accessor.hpp:32:
  In file included from /home/edgeai/downstream/include/sycl/properties/buffer_properties.hpp:11:
  In file included from /home/edgeai/downstream/include/sycl/context.hpp:15:
  In file included from /home/edgeai/downstream/include/sycl/detail/info_desc_helpers.hpp:103:
  /home/edgeai/downstream/include/sycl/info/device_traits.def:200:1: warning: 'image_max_array_size' is deprecated: support for image arrays has been removed in SYCL 2020 [-Wdeprecated-declarations]
    200 | __SYCL_PARAM_TRAITS_SPEC(device, image_max_array_size, size_t,
        | ^
  /home/edgeai/downstream/include/sycl/detail/info_desc_helpers.hpp:98:45: note: expanded from macro '__SYCL_PARAM_TRAITS_SPEC'
     98 |     using return_type = info::DescType::Desc::return_type;                     \
        |                                             ^
  /home/edgeai/downstream/include/sycl/info/device_traits_deprecated.def:2:1: note: 'image_max_array_size' has been explicitly marked deprecated here
      2 | __SYCL_PARAM_TRAITS_DEPRECATED(image_max_array_size,"support for image arrays has been removed in SYCL 2020")
        | ^
  /home/edgeai/downstream/include/sycl/info/info_desc.hpp:128:10: note: expanded from macro '__SYCL_PARAM_TRAITS_DEPRECATED'
    128 |   struct __SYCL_DEPRECATED(Message) Desc;
        |          ^
  /home/edgeai/downstream/include/sycl/detail/defines_elementary.hpp:53:38: note: expanded from macro '__SYCL_DEPRECATED'
     53 | #define __SYCL_DEPRECATED(message) [[deprecated(message)]]
        |                                      ^
  In file included from /home/edgeai/esimd_learning/csrc/xpu/esimd_kernel.sycl:1:
  In file included from /home/edgeai/downstream/lib/python3.12/site-packages/torch/include/ATen/ATen.h:8:
  In file included from /home/edgeai/downstream/lib/python3.12/site-packages/torch/include/ATen/Context.h:5:
  In file included from /home/edgeai/downstream/lib/python3.12/site-packages/torch/include/ATen/CPUGeneratorImpl.h:4:
  In file included from /home/edgeai/downstream/lib/python3.12/site-packages/torch/include/ATen/core/Generator.h:19:
  In file included from /home/edgeai/downstream/lib/python3.12/site-packages/torch/include/c10/core/GeneratorImpl.h:9:
  In file included from /home/edgeai/downstream/lib/python3.12/site-packages/torch/include/c10/core/TensorImpl.h:12:
  In file included from /home/edgeai/downstream/lib/python3.12/site-packages/torch/include/c10/core/ScalarType.h:4:
  In file included from /home/edgeai/downstream/lib/python3.12/site-packages/torch/include/c10/util/BFloat16.h:2:
  In file included from /home/edgeai/downstream/lib/python3.12/site-packages/torch/include/torch/headeronly/util/BFloat16.h:22:
  In file included from /home/edgeai/downstream/include/sycl/sycl.hpp:49:
  In file included from /home/edgeai/downstream/include/sycl/detail/core.hpp:21:
  In file included from /home/edgeai/downstream/include/sycl/accessor.hpp:32:
  In file included from /home/edgeai/downstream/include/sycl/properties/buffer_properties.hpp:11:
  In file included from /home/edgeai/downstream/include/sycl/context.hpp:15:
  In file included from /home/edgeai/downstream/include/sycl/detail/info_desc_helpers.hpp:103:
  /home/edgeai/downstream/include/sycl/info/device_traits.def:203:1: warning: 'opencl_c_version' is deprecated: use device::get_info instead [-Wdeprecated-declarations]
    203 | __SYCL_PARAM_TRAITS_SPEC(device, opencl_c_version, std::string, __SYCL_TRAIT_HANDLED_IN_RT)
        | ^
  /home/edgeai/downstream/include/sycl/detail/info_desc_helpers.hpp:98:45: note: expanded from macro '__SYCL_PARAM_TRAITS_SPEC'
     98 |     using return_type = info::DescType::Desc::return_type;                     \
        |                                             ^
  /home/edgeai/downstream/include/sycl/info/device_traits_deprecated.def:3:1: note: 'opencl_c_version' has been explicitly marked deprecated here
      3 | __SYCL_PARAM_TRAITS_DEPRECATED(opencl_c_version,"use device::get_info instead")
        | ^
  /home/edgeai/downstream/include/sycl/info/info_desc.hpp:128:10: note: expanded from macro '__SYCL_PARAM_TRAITS_DEPRECATED'
    128 |   struct __SYCL_DEPRECATED(Message) Desc;
        |          ^
  /home/edgeai/downstream/include/sycl/detail/defines_elementary.hpp:53:38: note: expanded from macro '__SYCL_DEPRECATED'
     53 | #define __SYCL_DEPRECATED(message) [[deprecated(message)]]
        |                                      ^
  In file included from /home/edgeai/esimd_learning/csrc/xpu/esimd_kernel.sycl:1:
  In file included from /home/edgeai/downstream/lib/python3.12/site-packages/torch/include/ATen/ATen.h:8:
  In file included from /home/edgeai/downstream/lib/python3.12/site-packages/torch/include/ATen/Context.h:5:
  In file included from /home/edgeai/downstream/lib/python3.12/site-packages/torch/include/ATen/CPUGeneratorImpl.h:4:
  In file included from /home/edgeai/downstream/lib/python3.12/site-packages/torch/include/ATen/core/Generator.h:19:
  In file included from /home/edgeai/downstream/lib/python3.12/site-packages/torch/include/c10/core/GeneratorImpl.h:9:
  In file included from /home/edgeai/downstream/lib/python3.12/site-packages/torch/include/c10/core/TensorImpl.h:12:
  In file included from /home/edgeai/downstream/lib/python3.12/site-packages/torch/include/c10/core/ScalarType.h:4:
  In file included from /home/edgeai/downstream/lib/python3.12/site-packages/torch/include/c10/util/BFloat16.h:2:
  In file included from /home/edgeai/downstream/lib/python3.12/site-packages/torch/include/torch/headeronly/util/BFloat16.h:22:
  In file included from /home/edgeai/downstream/include/sycl/sycl.hpp:49:
  In file included from /home/edgeai/downstream/include/sycl/detail/core.hpp:21:
  In file included from /home/edgeai/downstream/include/sycl/accessor.hpp:32:
  In file included from /home/edgeai/downstream/include/sycl/properties/buffer_properties.hpp:11:
  In file included from /home/edgeai/downstream/include/sycl/context.hpp:15:
  In file included from /home/edgeai/downstream/include/sycl/detail/info_desc_helpers.hpp:103:
  /home/edgeai/downstream/include/sycl/info/device_traits.def:214:1: warning: 'ext_intel_pci_address' is deprecated: use ext::intel::info::device::pci_address instead [-Wdeprecated-declarations]
    214 | __SYCL_PARAM_TRAITS_SPEC(device, ext_intel_pci_address, std::string,
        | ^
  /home/edgeai/downstream/include/sycl/detail/info_desc_helpers.hpp:98:45: note: expanded from macro '__SYCL_PARAM_TRAITS_SPEC'
     98 |     using return_type = info::DescType::Desc::return_type;                     \
        |                                             ^
  /home/edgeai/downstream/include/sycl/info/device_traits_deprecated.def:7:1: note: 'ext_intel_pci_address' has been explicitly marked deprecated here
      7 | __SYCL_PARAM_TRAITS_DEPRECATED(ext_intel_pci_address,"use ext::intel::info::device::pci_address instead")
        | ^
  /home/edgeai/downstream/include/sycl/info/info_desc.hpp:128:10: note: expanded from macro '__SYCL_PARAM_TRAITS_DEPRECATED'
    128 |   struct __SYCL_DEPRECATED(Message) Desc;
        |          ^
  /home/edgeai/downstream/include/sycl/detail/defines_elementary.hpp:53:38: note: expanded from macro '__SYCL_DEPRECATED'
     53 | #define __SYCL_DEPRECATED(message) [[deprecated(message)]]
        |                                      ^
  In file included from /home/edgeai/esimd_learning/csrc/xpu/esimd_kernel.sycl:1:
  In file included from /home/edgeai/downstream/lib/python3.12/site-packages/torch/include/ATen/ATen.h:8:
  In file included from /home/edgeai/downstream/lib/python3.12/site-packages/torch/include/ATen/Context.h:5:
  In file included from /home/edgeai/downstream/lib/python3.12/site-packages/torch/include/ATen/CPUGeneratorImpl.h:4:
  In file included from /home/edgeai/downstream/lib/python3.12/site-packages/torch/include/ATen/core/Generator.h:19:
  In file included from /home/edgeai/downstream/lib/python3.12/site-packages/torch/include/c10/core/GeneratorImpl.h:9:
  In file included from /home/edgeai/downstream/lib/python3.12/site-packages/torch/include/c10/core/TensorImpl.h:12:
  In file included from /home/edgeai/downstream/lib/python3.12/site-packages/torch/include/c10/core/ScalarType.h:4:
  In file included from /home/edgeai/downstream/lib/python3.12/site-packages/torch/include/c10/util/BFloat16.h:2:
  In file included from /home/edgeai/downstream/lib/python3.12/site-packages/torch/include/torch/headeronly/util/BFloat16.h:22:
  In file included from /home/edgeai/downstream/include/sycl/sycl.hpp:49:
  In file included from /home/edgeai/downstream/include/sycl/detail/core.hpp:21:
  In file included from /home/edgeai/downstream/include/sycl/accessor.hpp:32:
  In file included from /home/edgeai/downstream/include/sycl/properties/buffer_properties.hpp:11:
  In file included from /home/edgeai/downstream/include/sycl/context.hpp:15:
  In file included from /home/edgeai/downstream/include/sycl/detail/info_desc_helpers.hpp:103:
  /home/edgeai/downstream/include/sycl/info/device_traits.def:216:1: warning: 'ext_intel_gpu_eu_count' is deprecated: use ext::intel::info::device::gpu_eu_count instead [-Wdeprecated-declarations]
    216 | __SYCL_PARAM_TRAITS_SPEC(device, ext_intel_gpu_eu_count, uint32_t,
        | ^
  /home/edgeai/downstream/include/sycl/detail/info_desc_helpers.hpp:98:45: note: expanded from macro '__SYCL_PARAM_TRAITS_SPEC'
     98 |     using return_type = info::DescType::Desc::return_type;                     \
        |                                             ^
  /home/edgeai/downstream/include/sycl/info/device_traits_deprecated.def:8:1: note: 'ext_intel_gpu_eu_count' has been explicitly marked deprecated here
      8 | __SYCL_PARAM_TRAITS_DEPRECATED(ext_intel_gpu_eu_count,"use ext::intel::info::device::gpu_eu_count instead")
        | ^
  /home/edgeai/downstream/include/sycl/info/info_desc.hpp:128:10: note: expanded from macro '__SYCL_PARAM_TRAITS_DEPRECATED'
    128 |   struct __SYCL_DEPRECATED(Message) Desc;
        |          ^
  /home/edgeai/downstream/include/sycl/detail/defines_elementary.hpp:53:38: note: expanded from macro '__SYCL_DEPRECATED'
     53 | #define __SYCL_DEPRECATED(message) [[deprecated(message)]]
        |                                      ^
  In file included from /home/edgeai/esimd_learning/csrc/xpu/esimd_kernel.sycl:1:
  In file included from /home/edgeai/downstream/lib/python3.12/site-packages/torch/include/ATen/ATen.h:8:
  In file included from /home/edgeai/downstream/lib/python3.12/site-packages/torch/include/ATen/Context.h:5:
  In file included from /home/edgeai/downstream/lib/python3.12/site-packages/torch/include/ATen/CPUGeneratorImpl.h:4:
  In file included from /home/edgeai/downstream/lib/python3.12/site-packages/torch/include/ATen/core/Generator.h:19:
  In file included from /home/edgeai/downstream/lib/python3.12/site-packages/torch/include/c10/core/GeneratorImpl.h:9:
  In file included from /home/edgeai/downstream/lib/python3.12/site-packages/torch/include/c10/core/TensorImpl.h:12:
  In file included from /home/edgeai/downstream/lib/python3.12/site-packages/torch/include/c10/core/ScalarType.h:4:
  In file included from /home/edgeai/downstream/lib/python3.12/site-packages/torch/include/c10/util/BFloat16.h:2:
  In file included from /home/edgeai/downstream/lib/python3.12/site-packages/torch/include/torch/headeronly/util/BFloat16.h:22:
  In file included from /home/edgeai/downstream/include/sycl/sycl.hpp:49:
  In file included from /home/edgeai/downstream/include/sycl/detail/core.hpp:21:
  In file included from /home/edgeai/downstream/include/sycl/accessor.hpp:32:
  In file included from /home/edgeai/downstream/include/sycl/properties/buffer_properties.hpp:11:
  In file included from /home/edgeai/downstream/include/sycl/context.hpp:15:
  In file included from /home/edgeai/downstream/include/sycl/detail/info_desc_helpers.hpp:103:
  /home/edgeai/downstream/include/sycl/info/device_traits.def:218:1: warning: 'ext_intel_gpu_eu_simd_width' is deprecated: use ext::intel::info::device::gpu_eu_simd_width instead [-Wdeprecated-declarations]
    218 | __SYCL_PARAM_TRAITS_SPEC(device, ext_intel_gpu_eu_simd_width, uint32_t,
        | ^
  /home/edgeai/downstream/include/sycl/detail/info_desc_helpers.hpp:98:45: note: expanded from macro '__SYCL_PARAM_TRAITS_SPEC'
     98 |     using return_type = info::DescType::Desc::return_type;                     \
        |                                             ^
  /home/edgeai/downstream/include/sycl/info/device_traits_deprecated.def:9:1: note: 'ext_intel_gpu_eu_simd_width' has been explicitly marked deprecated here
      9 | __SYCL_PARAM_TRAITS_DEPRECATED(ext_intel_gpu_eu_simd_width,"use ext::intel::info::device::gpu_eu_simd_width instead")
        | ^
  /home/edgeai/downstream/include/sycl/info/info_desc.hpp:128:10: note: expanded from macro '__SYCL_PARAM_TRAITS_DEPRECATED'
    128 |   struct __SYCL_DEPRECATED(Message) Desc;
        |          ^
  /home/edgeai/downstream/include/sycl/detail/defines_elementary.hpp:53:38: note: expanded from macro '__SYCL_DEPRECATED'
     53 | #define __SYCL_DEPRECATED(message) [[deprecated(message)]]
        |                                      ^
  In file included from /home/edgeai/esimd_learning/csrc/xpu/esimd_kernel.sycl:1:
  In file included from /home/edgeai/downstream/lib/python3.12/site-packages/torch/include/ATen/ATen.h:8:
  In file included from /home/edgeai/downstream/lib/python3.12/site-packages/torch/include/ATen/Context.h:5:
  In file included from /home/edgeai/downstream/lib/python3.12/site-packages/torch/include/ATen/CPUGeneratorImpl.h:4:
  In file included from /home/edgeai/downstream/lib/python3.12/site-packages/torch/include/ATen/core/Generator.h:19:
  In file included from /home/edgeai/downstream/lib/python3.12/site-packages/torch/include/c10/core/GeneratorImpl.h:9:
  In file included from /home/edgeai/downstream/lib/python3.12/site-packages/torch/include/c10/core/TensorImpl.h:12:
  In file included from /home/edgeai/downstream/lib/python3.12/site-packages/torch/include/c10/core/ScalarType.h:4:
  In file included from /home/edgeai/downstream/lib/python3.12/site-packages/torch/include/c10/util/BFloat16.h:2:
  In file included from /home/edgeai/downstream/lib/python3.12/site-packages/torch/include/torch/headeronly/util/BFloat16.h:22:
  In file included from /home/edgeai/downstream/include/sycl/sycl.hpp:49:
  In file included from /home/edgeai/downstream/include/sycl/detail/core.hpp:21:
  In file included from /home/edgeai/downstream/include/sycl/accessor.hpp:32:
  In file included from /home/edgeai/downstream/include/sycl/properties/buffer_properties.hpp:11:
  In file included from /home/edgeai/downstream/include/sycl/context.hpp:15:
  In file included from /home/edgeai/downstream/include/sycl/detail/info_desc_helpers.hpp:103:
  /home/edgeai/downstream/include/sycl/info/device_traits.def:220:1: warning: 'ext_intel_gpu_slices' is deprecated: use ext::intel::info::device::gpu_slices instead [-Wdeprecated-declarations]
    220 | __SYCL_PARAM_TRAITS_SPEC(device, ext_intel_gpu_slices, uint32_t,
        | ^
  /home/edgeai/downstream/include/sycl/detail/info_desc_helpers.hpp:98:45: note: expanded from macro '__SYCL_PARAM_TRAITS_SPEC'
     98 |     using return_type = info::DescType::Desc::return_type;                     \
        |                                             ^
  /home/edgeai/downstream/include/sycl/info/device_traits_deprecated.def:10:1: note: 'ext_intel_gpu_slices' has been explicitly marked deprecated here
     10 | __SYCL_PARAM_TRAITS_DEPRECATED(ext_intel_gpu_slices,"use ext::intel::info::device::gpu_slices instead")
        | ^
  /home/edgeai/downstream/include/sycl/info/info_desc.hpp:128:10: note: expanded from macro '__SYCL_PARAM_TRAITS_DEPRECATED'
    128 |   struct __SYCL_DEPRECATED(Message) Desc;
        |          ^
  /home/edgeai/downstream/include/sycl/detail/defines_elementary.hpp:53:38: note: expanded from macro '__SYCL_DEPRECATED'
     53 | #define __SYCL_DEPRECATED(message) [[deprecated(message)]]
        |                                      ^
  In file included from /home/edgeai/esimd_learning/csrc/xpu/esimd_kernel.sycl:1:
  In file included from /home/edgeai/downstream/lib/python3.12/site-packages/torch/include/ATen/ATen.h:8:
  In file included from /home/edgeai/downstream/lib/python3.12/site-packages/torch/include/ATen/Context.h:5:
  In file included from /home/edgeai/downstream/lib/python3.12/site-packages/torch/include/ATen/CPUGeneratorImpl.h:4:
  In file included from /home/edgeai/downstream/lib/python3.12/site-packages/torch/include/ATen/core/Generator.h:19:
  In file included from /home/edgeai/downstream/lib/python3.12/site-packages/torch/include/c10/core/GeneratorImpl.h:9:
  In file included from /home/edgeai/downstream/lib/python3.12/site-packages/torch/include/c10/core/TensorImpl.h:12:
  In file included from /home/edgeai/downstream/lib/python3.12/site-packages/torch/include/c10/core/ScalarType.h:4:
  In file included from /home/edgeai/downstream/lib/python3.12/site-packages/torch/include/c10/util/BFloat16.h:2:
  In file included from /home/edgeai/downstream/lib/python3.12/site-packages/torch/include/torch/headeronly/util/BFloat16.h:22:
  In file included from /home/edgeai/downstream/include/sycl/sycl.hpp:49:
  In file included from /home/edgeai/downstream/include/sycl/detail/core.hpp:21:
  In file included from /home/edgeai/downstream/include/sycl/accessor.hpp:32:
  In file included from /home/edgeai/downstream/include/sycl/properties/buffer_properties.hpp:11:
  In file included from /home/edgeai/downstream/include/sycl/context.hpp:15:
  In file included from /home/edgeai/downstream/include/sycl/detail/info_desc_helpers.hpp:103:
  /home/edgeai/downstream/include/sycl/info/device_traits.def:222:1: warning: 'ext_intel_gpu_subslices_per_slice' is deprecated: use ext::intel::info::device::gpu_subslices_per_slice instead [-Wdeprecated-declarations]
    222 | __SYCL_PARAM_TRAITS_SPEC(device, ext_intel_gpu_subslices_per_slice, uint32_t,
        | ^
  /home/edgeai/downstream/include/sycl/detail/info_desc_helpers.hpp:98:45: note: expanded from macro '__SYCL_PARAM_TRAITS_SPEC'
     98 |     using return_type = info::DescType::Desc::return_type;                     \
        |                                             ^
  /home/edgeai/downstream/include/sycl/info/device_traits_deprecated.def:11:1: note: 'ext_intel_gpu_subslices_per_slice' has been explicitly marked deprecated here
     11 | __SYCL_PARAM_TRAITS_DEPRECATED(ext_intel_gpu_subslices_per_slice,"use ext::intel::info::device::gpu_subslices_per_slice instead")
        | ^
  /home/edgeai/downstream/include/sycl/info/info_desc.hpp:128:10: note: expanded from macro '__SYCL_PARAM_TRAITS_DEPRECATED'
    128 |   struct __SYCL_DEPRECATED(Message) Desc;
        |          ^
  /home/edgeai/downstream/include/sycl/detail/defines_elementary.hpp:53:38: note: expanded from macro '__SYCL_DEPRECATED'
     53 | #define __SYCL_DEPRECATED(message) [[deprecated(message)]]
        |                                      ^
  In file included from /home/edgeai/esimd_learning/csrc/xpu/esimd_kernel.sycl:1:
  In file included from /home/edgeai/downstream/lib/python3.12/site-packages/torch/include/ATen/ATen.h:8:
  In file included from /home/edgeai/downstream/lib/python3.12/site-packages/torch/include/ATen/Context.h:5:
  In file included from /home/edgeai/downstream/lib/python3.12/site-packages/torch/include/ATen/CPUGeneratorImpl.h:4:
  In file included from /home/edgeai/downstream/lib/python3.12/site-packages/torch/include/ATen/core/Generator.h:19:
  In file included from /home/edgeai/downstream/lib/python3.12/site-packages/torch/include/c10/core/GeneratorImpl.h:9:
  In file included from /home/edgeai/downstream/lib/python3.12/site-packages/torch/include/c10/core/TensorImpl.h:12:
  In file included from /home/edgeai/downstream/lib/python3.12/site-packages/torch/include/c10/core/ScalarType.h:4:
  In file included from /home/edgeai/downstream/lib/python3.12/site-packages/torch/include/c10/util/BFloat16.h:2:
  In file included from /home/edgeai/downstream/lib/python3.12/site-packages/torch/include/torch/headeronly/util/BFloat16.h:22:
  In file included from /home/edgeai/downstream/include/sycl/sycl.hpp:49:
  In file included from /home/edgeai/downstream/include/sycl/detail/core.hpp:21:
  In file included from /home/edgeai/downstream/include/sycl/accessor.hpp:32:
  In file included from /home/edgeai/downstream/include/sycl/properties/buffer_properties.hpp:11:
  In file included from /home/edgeai/downstream/include/sycl/context.hpp:15:
  In file included from /home/edgeai/downstream/include/sycl/detail/info_desc_helpers.hpp:103:
  /home/edgeai/downstream/include/sycl/info/device_traits.def:226:1: warning: 'ext_intel_gpu_hw_threads_per_eu' is deprecated: use ext::intel::info::device::gpu_hw_threads_per_eu instead [-Wdeprecated-declarations]
    226 | __SYCL_PARAM_TRAITS_SPEC(device, ext_intel_gpu_hw_threads_per_eu, uint32_t,
        | ^
  /home/edgeai/downstream/include/sycl/detail/info_desc_helpers.hpp:98:45: note: expanded from macro '__SYCL_PARAM_TRAITS_SPEC'
     98 |     using return_type = info::DescType::Desc::return_type;                     \
        |                                             ^
  /home/edgeai/downstream/include/sycl/info/device_traits_deprecated.def:12:1: note: 'ext_intel_gpu_hw_threads_per_eu' has been explicitly marked deprecated here
     12 | __SYCL_PARAM_TRAITS_DEPRECATED(ext_intel_gpu_hw_threads_per_eu,"use ext::intel::info::device::gpu_hw_threads_per_eu instead")
        | ^
  /home/edgeai/downstream/include/sycl/info/info_desc.hpp:128:10: note: expanded from macro '__SYCL_PARAM_TRAITS_DEPRECATED'
    128 |   struct __SYCL_DEPRECATED(Message) Desc;
        |          ^
  /home/edgeai/downstream/include/sycl/detail/defines_elementary.hpp:53:38: note: expanded from macro '__SYCL_DEPRECATED'
     53 | #define __SYCL_DEPRECATED(message) [[deprecated(message)]]
        |                                      ^
  In file included from /home/edgeai/esimd_learning/csrc/xpu/esimd_kernel.sycl:1:
  In file included from /home/edgeai/downstream/lib/python3.12/site-packages/torch/include/ATen/ATen.h:8:
  In file included from /home/edgeai/downstream/lib/python3.12/site-packages/torch/include/ATen/Context.h:5:
  In file included from /home/edgeai/downstream/lib/python3.12/site-packages/torch/include/ATen/CPUGeneratorImpl.h:4:
  In file included from /home/edgeai/downstream/lib/python3.12/site-packages/torch/include/ATen/core/Generator.h:19:
  In file included from /home/edgeai/downstream/lib/python3.12/site-packages/torch/include/c10/core/GeneratorImpl.h:9:
  In file included from /home/edgeai/downstream/lib/python3.12/site-packages/torch/include/c10/core/TensorImpl.h:12:
  In file included from /home/edgeai/downstream/lib/python3.12/site-packages/torch/include/c10/core/ScalarType.h:4:
  In file included from /home/edgeai/downstream/lib/python3.12/site-packages/torch/include/c10/util/BFloat16.h:2:
  In file included from /home/edgeai/downstream/lib/python3.12/site-packages/torch/include/torch/headeronly/util/BFloat16.h:22:
  In file included from /home/edgeai/downstream/include/sycl/sycl.hpp:49:
  In file included from /home/edgeai/downstream/include/sycl/detail/core.hpp:21:
  In file included from /home/edgeai/downstream/include/sycl/accessor.hpp:32:
  In file included from /home/edgeai/downstream/include/sycl/properties/buffer_properties.hpp:11:
  In file included from /home/edgeai/downstream/include/sycl/context.hpp:15:
  In file included from /home/edgeai/downstream/include/sycl/detail/info_desc_helpers.hpp:103:
  /home/edgeai/downstream/include/sycl/info/device_traits.def:228:1: warning: 'ext_intel_device_info_uuid' is deprecated: use ext::intel::info::device::uuid instead [-Wdeprecated-declarations]
    228 | __SYCL_PARAM_TRAITS_SPEC(device, ext_intel_device_info_uuid, detail::uuid_type,
        | ^
  /home/edgeai/downstream/include/sycl/detail/info_desc_helpers.hpp:98:45: note: expanded from macro '__SYCL_PARAM_TRAITS_SPEC'
     98 |     using return_type = info::DescType::Desc::return_type;                     \
        |                                             ^
  /home/edgeai/downstream/include/sycl/info/device_traits_deprecated.def:13:1: note: 'ext_intel_device_info_uuid' has been explicitly marked deprecated here
     13 | __SYCL_PARAM_TRAITS_DEPRECATED(ext_intel_device_info_uuid,"use ext::intel::info::device::uuid instead")
        | ^
  /home/edgeai/downstream/include/sycl/info/info_desc.hpp:128:10: note: expanded from macro '__SYCL_PARAM_TRAITS_DEPRECATED'
    128 |   struct __SYCL_DEPRECATED(Message) Desc;
        |          ^
  /home/edgeai/downstream/include/sycl/detail/defines_elementary.hpp:53:38: note: expanded from macro '__SYCL_DEPRECATED'
     53 | #define __SYCL_DEPRECATED(message) [[deprecated(message)]]
        |                                      ^
  In file included from /home/edgeai/esimd_learning/csrc/xpu/esimd_kernel.sycl:1:
  In file included from /home/edgeai/downstream/lib/python3.12/site-packages/torch/include/ATen/ATen.h:8:
  In file included from /home/edgeai/downstream/lib/python3.12/site-packages/torch/include/ATen/Context.h:5:
  In file included from /home/edgeai/downstream/lib/python3.12/site-packages/torch/include/ATen/CPUGeneratorImpl.h:4:
  In file included from /home/edgeai/downstream/lib/python3.12/site-packages/torch/include/ATen/core/Generator.h:19:
  In file included from /home/edgeai/downstream/lib/python3.12/site-packages/torch/include/c10/core/GeneratorImpl.h:9:
  In file included from /home/edgeai/downstream/lib/python3.12/site-packages/torch/include/c10/core/TensorImpl.h:12:
  In file included from /home/edgeai/downstream/lib/python3.12/site-packages/torch/include/c10/core/ScalarType.h:4:
  In file included from /home/edgeai/downstream/lib/python3.12/site-packages/torch/include/c10/util/BFloat16.h:2:
  In file included from /home/edgeai/downstream/lib/python3.12/site-packages/torch/include/torch/headeronly/util/BFloat16.h:22:
  In file included from /home/edgeai/downstream/include/sycl/sycl.hpp:49:
  In file included from /home/edgeai/downstream/include/sycl/detail/core.hpp:21:
  In file included from /home/edgeai/downstream/include/sycl/accessor.hpp:32:
  In file included from /home/edgeai/downstream/include/sycl/properties/buffer_properties.hpp:11:
  In file included from /home/edgeai/downstream/include/sycl/context.hpp:15:
  In file included from /home/edgeai/downstream/include/sycl/detail/info_desc_helpers.hpp:103:
  /home/edgeai/downstream/include/sycl/info/device_traits.def:230:1: warning: 'ext_intel_max_mem_bandwidth' is deprecated: use ext::intel::info::device::max_mem_bandwidth instead [-Wdeprecated-declarations]
    230 | __SYCL_PARAM_TRAITS_SPEC(device, ext_intel_max_mem_bandwidth, uint64_t,
        | ^
  /home/edgeai/downstream/include/sycl/detail/info_desc_helpers.hpp:98:45: note: expanded from macro '__SYCL_PARAM_TRAITS_SPEC'
     98 |     using return_type = info::DescType::Desc::return_type;                     \
        |                                             ^
  /home/edgeai/downstream/include/sycl/info/device_traits_deprecated.def:14:1: note: 'ext_intel_max_mem_bandwidth' has been explicitly marked deprecated here
     14 | __SYCL_PARAM_TRAITS_DEPRECATED(ext_intel_max_mem_bandwidth,"use ext::intel::info::device::max_mem_bandwidth instead")
        | ^
  /home/edgeai/downstream/include/sycl/info/info_desc.hpp:128:10: note: expanded from macro '__SYCL_PARAM_TRAITS_DEPRECATED'
    128 |   struct __SYCL_DEPRECATED(Message) Desc;
        |          ^
  /home/edgeai/downstream/include/sycl/detail/defines_elementary.hpp:53:38: note: expanded from macro '__SYCL_DEPRECATED'
     53 | #define __SYCL_DEPRECATED(message) [[deprecated(message)]]
        |                                      ^
  In file included from /home/edgeai/esimd_learning/csrc/xpu/esimd_kernel.sycl:1:
  In file included from /home/edgeai/downstream/lib/python3.12/site-packages/torch/include/ATen/ATen.h:8:
  In file included from /home/edgeai/downstream/lib/python3.12/site-packages/torch/include/ATen/Context.h:5:
  In file included from /home/edgeai/downstream/lib/python3.12/site-packages/torch/include/ATen/CPUGeneratorImpl.h:4:
  In file included from /home/edgeai/downstream/lib/python3.12/site-packages/torch/include/ATen/core/Generator.h:19:
  In file included from /home/edgeai/downstream/lib/python3.12/site-packages/torch/include/c10/core/GeneratorImpl.h:9:
  In file included from /home/edgeai/downstream/lib/python3.12/site-packages/torch/include/c10/core/TensorImpl.h:12:
  In file included from /home/edgeai/downstream/lib/python3.12/site-packages/torch/include/c10/core/ScalarType.h:4:
  In file included from /home/edgeai/downstream/lib/python3.12/site-packages/torch/include/c10/util/BFloat16.h:2:
  In file included from /home/edgeai/downstream/lib/python3.12/site-packages/torch/include/torch/headeronly/util/BFloat16.h:22:
  In file included from /home/edgeai/downstream/include/sycl/sycl.hpp:49:
  In file included from /home/edgeai/downstream/include/sycl/detail/core.hpp:21:
  In file included from /home/edgeai/downstream/include/sycl/accessor.hpp:32:
  In file included from /home/edgeai/downstream/include/sycl/properties/buffer_properties.hpp:11:
  In file included from /home/edgeai/downstream/include/sycl/context.hpp:15:
  In file included from /home/edgeai/downstream/include/sycl/detail/info_desc_helpers.hpp:103:
  /home/edgeai/downstream/include/sycl/info/device_traits.def:233:1: warning: 'ext_oneapi_max_work_groups_1d' is deprecated: use ext::oneapi::experimental::info::device::max_work_groups<1> instead [-Wdeprecated-declarations]
    233 | __SYCL_PARAM_TRAITS_SPEC(device, ext_oneapi_max_work_groups_1d, id<1>, __SYCL_TRAIT_HANDLED_IN_RT)
        | ^
  /home/edgeai/downstream/include/sycl/detail/info_desc_helpers.hpp:98:45: note: expanded from macro '__SYCL_PARAM_TRAITS_SPEC'
     98 |     using return_type = info::DescType::Desc::return_type;                     \
        |                                             ^
  /home/edgeai/downstream/include/sycl/info/device_traits_deprecated.def:15:1: note: 'ext_oneapi_max_work_groups_1d' has been explicitly marked deprecated here
     15 | __SYCL_PARAM_TRAITS_DEPRECATED(ext_oneapi_max_work_groups_1d,"use ext::oneapi::experimental::info::device::max_work_groups<1> instead")
        | ^
  /home/edgeai/downstream/include/sycl/info/info_desc.hpp:128:10: note: expanded from macro '__SYCL_PARAM_TRAITS_DEPRECATED'
    128 |   struct __SYCL_DEPRECATED(Message) Desc;
        |          ^
  /home/edgeai/downstream/include/sycl/detail/defines_elementary.hpp:53:38: note: expanded from macro '__SYCL_DEPRECATED'
     53 | #define __SYCL_DEPRECATED(message) [[deprecated(message)]]
        |                                      ^
  In file included from /home/edgeai/esimd_learning/csrc/xpu/esimd_kernel.sycl:1:
  In file included from /home/edgeai/downstream/lib/python3.12/site-packages/torch/include/ATen/ATen.h:8:
  In file included from /home/edgeai/downstream/lib/python3.12/site-packages/torch/include/ATen/Context.h:5:
  In file included from /home/edgeai/downstream/lib/python3.12/site-packages/torch/include/ATen/CPUGeneratorImpl.h:4:
  In file included from /home/edgeai/downstream/lib/python3.12/site-packages/torch/include/ATen/core/Generator.h:19:
  In file included from /home/edgeai/downstream/lib/python3.12/site-packages/torch/include/c10/core/GeneratorImpl.h:9:
  In file included from /home/edgeai/downstream/lib/python3.12/site-packages/torch/include/c10/core/TensorImpl.h:12:
  In file included from /home/edgeai/downstream/lib/python3.12/site-packages/torch/include/c10/core/ScalarType.h:4:
  In file included from /home/edgeai/downstream/lib/python3.12/site-packages/torch/include/c10/util/BFloat16.h:2:
  In file included from /home/edgeai/downstream/lib/python3.12/site-packages/torch/include/torch/headeronly/util/BFloat16.h:22:
  In file included from /home/edgeai/downstream/include/sycl/sycl.hpp:49:
  In file included from /home/edgeai/downstream/include/sycl/detail/core.hpp:21:
  In file included from /home/edgeai/downstream/include/sycl/accessor.hpp:32:
  In file included from /home/edgeai/downstream/include/sycl/properties/buffer_properties.hpp:11:
  In file included from /home/edgeai/downstream/include/sycl/context.hpp:15:
  In file included from /home/edgeai/downstream/include/sycl/detail/info_desc_helpers.hpp:103:
  /home/edgeai/downstream/include/sycl/info/device_traits.def:234:1: warning: 'ext_oneapi_max_work_groups_2d' is deprecated: use ext::oneapi::experimental::info::device::max_work_groups<2> instead [-Wdeprecated-declarations]
    234 | __SYCL_PARAM_TRAITS_SPEC(device, ext_oneapi_max_work_groups_2d, id<2>, __SYCL_TRAIT_HANDLED_IN_RT)
        | ^
  /home/edgeai/downstream/include/sycl/detail/info_desc_helpers.hpp:98:45: note: expanded from macro '__SYCL_PARAM_TRAITS_SPEC'
     98 |     using return_type = info::DescType::Desc::return_type;                     \
        |                                             ^
  /home/edgeai/downstream/include/sycl/info/device_traits_deprecated.def:16:1: note: 'ext_oneapi_max_work_groups_2d' has been explicitly marked deprecated here
     16 | __SYCL_PARAM_TRAITS_DEPRECATED(ext_oneapi_max_work_groups_2d,"use ext::oneapi::experimental::info::device::max_work_groups<2> instead")
        | ^
  /home/edgeai/downstream/include/sycl/info/info_desc.hpp:128:10: note: expanded from macro '__SYCL_PARAM_TRAITS_DEPRECATED'
    128 |   struct __SYCL_DEPRECATED(Message) Desc;
        |          ^
  /home/edgeai/downstream/include/sycl/detail/defines_elementary.hpp:53:38: note: expanded from macro '__SYCL_DEPRECATED'
     53 | #define __SYCL_DEPRECATED(message) [[deprecated(message)]]
        |                                      ^
  In file included from /home/edgeai/esimd_learning/csrc/xpu/esimd_kernel.sycl:1:
  In file included from /home/edgeai/downstream/lib/python3.12/site-packages/torch/include/ATen/ATen.h:8:
  In file included from /home/edgeai/downstream/lib/python3.12/site-packages/torch/include/ATen/Context.h:5:
  In file included from /home/edgeai/downstream/lib/python3.12/site-packages/torch/include/ATen/CPUGeneratorImpl.h:4:
  In file included from /home/edgeai/downstream/lib/python3.12/site-packages/torch/include/ATen/core/Generator.h:19:
  In file included from /home/edgeai/downstream/lib/python3.12/site-packages/torch/include/c10/core/GeneratorImpl.h:9:
  In file included from /home/edgeai/downstream/lib/python3.12/site-packages/torch/include/c10/core/TensorImpl.h:12:
  In file included from /home/edgeai/downstream/lib/python3.12/site-packages/torch/include/c10/core/ScalarType.h:4:
  In file included from /home/edgeai/downstream/lib/python3.12/site-packages/torch/include/c10/util/BFloat16.h:2:
  In file included from /home/edgeai/downstream/lib/python3.12/site-packages/torch/include/torch/headeronly/util/BFloat16.h:22:
  In file included from /home/edgeai/downstream/include/sycl/sycl.hpp:49:
  In file included from /home/edgeai/downstream/include/sycl/detail/core.hpp:21:
  In file included from /home/edgeai/downstream/include/sycl/accessor.hpp:32:
  In file included from /home/edgeai/downstream/include/sycl/properties/buffer_properties.hpp:11:
  In file included from /home/edgeai/downstream/include/sycl/context.hpp:15:
  In file included from /home/edgeai/downstream/include/sycl/detail/info_desc_helpers.hpp:103:
  /home/edgeai/downstream/include/sycl/info/device_traits.def:235:1: warning: 'ext_oneapi_max_work_groups_3d' is deprecated: use ext::oneapi::experimental::info::device::max_work_groups<3> instead [-Wdeprecated-declarations]
    235 | __SYCL_PARAM_TRAITS_SPEC(device, ext_oneapi_max_work_groups_3d, id<3>,
        | ^
  /home/edgeai/downstream/include/sycl/detail/info_desc_helpers.hpp:98:45: note: expanded from macro '__SYCL_PARAM_TRAITS_SPEC'
     98 |     using return_type = info::DescType::Desc::return_type;                     \
        |                                             ^
  /home/edgeai/downstream/include/sycl/info/device_traits_deprecated.def:17:1: note: 'ext_oneapi_max_work_groups_3d' has been explicitly marked deprecated here
     17 | __SYCL_PARAM_TRAITS_DEPRECATED(ext_oneapi_max_work_groups_3d,"use ext::oneapi::experimental::info::device::max_work_groups<3> instead")
        | ^
  /home/edgeai/downstream/include/sycl/info/info_desc.hpp:128:10: note: expanded from macro '__SYCL_PARAM_TRAITS_DEPRECATED'
    128 |   struct __SYCL_DEPRECATED(Message) Desc;
        |          ^
  /home/edgeai/downstream/include/sycl/detail/defines_elementary.hpp:53:38: note: expanded from macro '__SYCL_DEPRECATED'
     53 | #define __SYCL_DEPRECATED(message) [[deprecated(message)]]
        |                                      ^
  In file included from /home/edgeai/esimd_learning/csrc/xpu/esimd_kernel.sycl:1:
  In file included from /home/edgeai/downstream/lib/python3.12/site-packages/torch/include/ATen/ATen.h:8:
  In file included from /home/edgeai/downstream/lib/python3.12/site-packages/torch/include/ATen/Context.h:5:
  In file included from /home/edgeai/downstream/lib/python3.12/site-packages/torch/include/ATen/CPUGeneratorImpl.h:4:
  In file included from /home/edgeai/downstream/lib/python3.12/site-packages/torch/include/ATen/core/Generator.h:19:
  In file included from /home/edgeai/downstream/lib/python3.12/site-packages/torch/include/c10/core/GeneratorImpl.h:9:
  In file included from /home/edgeai/downstream/lib/python3.12/site-packages/torch/include/c10/core/TensorImpl.h:12:
  In file included from /home/edgeai/downstream/lib/python3.12/site-packages/torch/include/c10/core/ScalarType.h:4:
  In file included from /home/edgeai/downstream/lib/python3.12/site-packages/torch/include/c10/util/BFloat16.h:2:
  In file included from /home/edgeai/downstream/lib/python3.12/site-packages/torch/include/torch/headeronly/util/BFloat16.h:22:
  In file included from /home/edgeai/downstream/include/sycl/sycl.hpp:49:
  In file included from /home/edgeai/downstream/include/sycl/detail/core.hpp:21:
  In file included from /home/edgeai/downstream/include/sycl/accessor.hpp:32:
  In file included from /home/edgeai/downstream/include/sycl/properties/buffer_properties.hpp:11:
  In file included from /home/edgeai/downstream/include/sycl/context.hpp:15:
  In file included from /home/edgeai/downstream/include/sycl/detail/info_desc_helpers.hpp:103:
  /home/edgeai/downstream/include/sycl/info/device_traits.def:237:1: warning: 'ext_oneapi_max_global_work_groups' is deprecated: use ext::oneapi::experimental::info::device::max_global_work_groups instead [-Wdeprecated-declarations]
    237 | __SYCL_PARAM_TRAITS_SPEC(device, ext_oneapi_max_global_work_groups, size_t, __SYCL_TRAIT_HANDLED_IN_RT)
        | ^
  /home/edgeai/downstream/include/sycl/detail/info_desc_helpers.hpp:98:45: note: expanded from macro '__SYCL_PARAM_TRAITS_SPEC'
     98 |     using return_type = info::DescType::Desc::return_type;                     \
        |                                             ^
  /home/edgeai/downstream/include/sycl/info/device_traits_deprecated.def:18:1: note: 'ext_oneapi_max_global_work_groups' has been explicitly marked deprecated here
     18 | __SYCL_PARAM_TRAITS_DEPRECATED(ext_oneapi_max_global_work_groups,"use ext::oneapi::experimental::info::device::max_global_work_groups instead")
        | ^
  /home/edgeai/downstream/include/sycl/info/info_desc.hpp:128:10: note: expanded from macro '__SYCL_PARAM_TRAITS_DEPRECATED'
    128 |   struct __SYCL_DEPRECATED(Message) Desc;
        |          ^
  /home/edgeai/downstream/include/sycl/detail/defines_elementary.hpp:53:38: note: expanded from macro '__SYCL_DEPRECATED'
     53 | #define __SYCL_DEPRECATED(message) [[deprecated(message)]]
        |                                      ^
  In file included from /home/edgeai/esimd_learning/csrc/xpu/esimd_kernel.sycl:1:
  In file included from /home/edgeai/downstream/lib/python3.12/site-packages/torch/include/ATen/ATen.h:8:
  In file included from /home/edgeai/downstream/lib/python3.12/site-packages/torch/include/ATen/Context.h:5:
  In file included from /home/edgeai/downstream/lib/python3.12/site-packages/torch/include/ATen/CPUGeneratorImpl.h:4:
  In file included from /home/edgeai/downstream/lib/python3.12/site-packages/torch/include/ATen/core/Generator.h:19:
  In file included from /home/edgeai/downstream/lib/python3.12/site-packages/torch/include/c10/core/GeneratorImpl.h:9:
  In file included from /home/edgeai/downstream/lib/python3.12/site-packages/torch/include/c10/core/TensorImpl.h:12:
  In file included from /home/edgeai/downstream/lib/python3.12/site-packages/torch/include/c10/core/ScalarType.h:4:
  In file included from /home/edgeai/downstream/lib/python3.12/site-packages/torch/include/c10/util/BFloat16.h:2:
  In file included from /home/edgeai/downstream/lib/python3.12/site-packages/torch/include/torch/headeronly/util/BFloat16.h:22:
  In file included from /home/edgeai/downstream/include/sycl/sycl.hpp:49:
  In file included from /home/edgeai/downstream/include/sycl/detail/core.hpp:21:
  /home/edgeai/downstream/include/sycl/accessor.hpp:305:69: warning: 'host_buffer' is deprecated: use 'host_accessor' instead [-Wdeprecated-declarations]
    305 |   constexpr static bool IsHostBuf = AccessTarget == access::target::host_buffer;
        |                                                                     ^
  /home/edgeai/downstream/include/sycl/access/access.hpp:27:15: note: 'host_buffer' has been explicitly marked deprecated here
     27 |   host_buffer __SYCL2020_DEPRECATED("use 'host_accessor' instead") = 2018,
        |               ^
  /home/edgeai/downstream/include/sycl/detail/defines_elementary.hpp:62:40: note: expanded from macro '__SYCL2020_DEPRECATED'
     62 | #define __SYCL2020_DEPRECATED(message) __SYCL_DEPRECATED(message)
        |                                        ^
  /home/edgeai/downstream/include/sycl/detail/defines_elementary.hpp:53:38: note: expanded from macro '__SYCL_DEPRECATED'
     53 | #define __SYCL_DEPRECATED(message) [[deprecated(message)]]
        |                                      ^
  In file included from /home/edgeai/esimd_learning/csrc/xpu/esimd_kernel.sycl:1:
  In file included from /home/edgeai/downstream/lib/python3.12/site-packages/torch/include/ATen/ATen.h:8:
  In file included from /home/edgeai/downstream/lib/python3.12/site-packages/torch/include/ATen/Context.h:5:
  In file included from /home/edgeai/downstream/lib/python3.12/site-packages/torch/include/ATen/CPUGeneratorImpl.h:4:
  In file included from /home/edgeai/downstream/lib/python3.12/site-packages/torch/include/ATen/core/Generator.h:19:
  In file included from /home/edgeai/downstream/lib/python3.12/site-packages/torch/include/c10/core/GeneratorImpl.h:9:
  In file included from /home/edgeai/downstream/lib/python3.12/site-packages/torch/include/c10/core/TensorImpl.h:12:
  In file included from /home/edgeai/downstream/lib/python3.12/site-packages/torch/include/c10/core/ScalarType.h:4:
  In file included from /home/edgeai/downstream/lib/python3.12/site-packages/torch/include/c10/util/BFloat16.h:2:
  In file included from /home/edgeai/downstream/lib/python3.12/site-packages/torch/include/torch/headeronly/util/BFloat16.h:22:
  In file included from /home/edgeai/downstream/include/sycl/sycl.hpp:49:
  In file included from /home/edgeai/downstream/include/sycl/detail/core.hpp:21:
  /home/edgeai/downstream/include/sycl/accessor.hpp:323:39: warning: 'global_buffer' is deprecated: use 'target::device' instead [-Wdeprecated-declarations]
    323 |       AccessTarget == access::target::global_buffer;
        |                                       ^
  /home/edgeai/downstream/include/sycl/access/access.hpp:23:17: note: 'global_buffer' has been explicitly marked deprecated here
     23 |   global_buffer __SYCL2020_DEPRECATED("use 'target::device' instead") = device,
        |                 ^
  /home/edgeai/downstream/include/sycl/detail/defines_elementary.hpp:62:40: note: expanded from macro '__SYCL2020_DEPRECATED'
     62 | #define __SYCL2020_DEPRECATED(message) __SYCL_DEPRECATED(message)
        |                                        ^
  /home/edgeai/downstream/include/sycl/detail/defines_elementary.hpp:53:38: note: expanded from macro '__SYCL_DEPRECATED'
     53 | #define __SYCL_DEPRECATED(message) [[deprecated(message)]]
        |                                      ^
  In file included from /home/edgeai/esimd_learning/csrc/xpu/esimd_kernel.sycl:1:
  In file included from /home/edgeai/downstream/lib/python3.12/site-packages/torch/include/ATen/ATen.h:8:
  In file included from /home/edgeai/downstream/lib/python3.12/site-packages/torch/include/ATen/Context.h:5:
  In file included from /home/edgeai/downstream/lib/python3.12/site-packages/torch/include/ATen/CPUGeneratorImpl.h:4:
  In file included from /home/edgeai/downstream/lib/python3.12/site-packages/torch/include/ATen/core/Generator.h:19:
  In file included from /home/edgeai/downstream/lib/python3.12/site-packages/torch/include/c10/core/GeneratorImpl.h:9:
  In file included from /home/edgeai/downstream/lib/python3.12/site-packages/torch/include/c10/core/TensorImpl.h:12:
  In file included from /home/edgeai/downstream/lib/python3.12/site-packages/torch/include/c10/core/ScalarType.h:4:
  In file included from /home/edgeai/downstream/lib/python3.12/site-packages/torch/include/c10/util/BFloat16.h:2:
  In file included from /home/edgeai/downstream/lib/python3.12/site-packages/torch/include/torch/headeronly/util/BFloat16.h:22:
  In file included from /home/edgeai/downstream/include/sycl/sycl.hpp:49:
  In file included from /home/edgeai/downstream/include/sycl/detail/core.hpp:21:
  /home/edgeai/downstream/include/sycl/accessor.hpp:326:39: warning: 'constant_buffer' is deprecated: use 'target::device' instead [-Wdeprecated-declarations]
    326 |       AccessTarget == access::target::constant_buffer;
        |                                       ^
  /home/edgeai/downstream/include/sycl/access/access.hpp:24:19: note: 'constant_buffer' has been explicitly marked deprecated here
     24 |   constant_buffer __SYCL2020_DEPRECATED("use 'target::device' instead") = 2015,
        |                   ^
  /home/edgeai/downstream/include/sycl/detail/defines_elementary.hpp:62:40: note: expanded from macro '__SYCL2020_DEPRECATED'
     62 | #define __SYCL2020_DEPRECATED(message) __SYCL_DEPRECATED(message)
        |                                        ^
  /home/edgeai/downstream/include/sycl/detail/defines_elementary.hpp:53:38: note: expanded from macro '__SYCL_DEPRECATED'
     53 | #define __SYCL_DEPRECATED(message) [[deprecated(message)]]
        |                                      ^
  In file included from /home/edgeai/esimd_learning/csrc/xpu/esimd_kernel.sycl:1:
  In file included from /home/edgeai/downstream/lib/python3.12/site-packages/torch/include/ATen/ATen.h:8:
  In file included from /home/edgeai/downstream/lib/python3.12/site-packages/torch/include/ATen/Context.h:5:
  In file included from /home/edgeai/downstream/lib/python3.12/site-packages/torch/include/ATen/CPUGeneratorImpl.h:4:
  In file included from /home/edgeai/downstream/lib/python3.12/site-packages/torch/include/ATen/core/Generator.h:19:
  In file included from /home/edgeai/downstream/lib/python3.12/site-packages/torch/include/c10/core/GeneratorImpl.h:9:
  In file included from /home/edgeai/downstream/lib/python3.12/site-packages/torch/include/c10/core/TensorImpl.h:12:
  In file included from /home/edgeai/downstream/lib/python3.12/site-packages/torch/include/c10/core/ScalarType.h:4:
  In file included from /home/edgeai/downstream/lib/python3.12/site-packages/torch/include/c10/util/BFloat16.h:2:
  In file included from /home/edgeai/downstream/lib/python3.12/site-packages/torch/include/torch/headeronly/util/BFloat16.h:22:
  In file included from /home/edgeai/downstream/include/sycl/sycl.hpp:49:
  In file included from /home/edgeai/downstream/include/sycl/detail/core.hpp:21:
  /home/edgeai/downstream/include/sycl/accessor.hpp:416:55: warning: 'constant_buffer' is deprecated: use 'target::device' instead [-Wdeprecated-declarations]
    416 |                                       access::target::constant_buffer>> ||
        |                                                       ^
  /home/edgeai/downstream/include/sycl/access/access.hpp:24:19: note: 'constant_buffer' has been explicitly marked deprecated here
     24 |   constant_buffer __SYCL2020_DEPRECATED("use 'target::device' instead") = 2015,
        |                   ^
  /home/edgeai/downstream/include/sycl/detail/defines_elementary.hpp:62:40: note: expanded from macro '__SYCL2020_DEPRECATED'
     62 | #define __SYCL2020_DEPRECATED(message) __SYCL_DEPRECATED(message)
        |                                        ^
  /home/edgeai/downstream/include/sycl/detail/defines_elementary.hpp:53:38: note: expanded from macro '__SYCL_DEPRECATED'
     53 | #define __SYCL_DEPRECATED(message) [[deprecated(message)]]
        |                                      ^
  In file included from /home/edgeai/esimd_learning/csrc/xpu/esimd_kernel.sycl:1:
  In file included from /home/edgeai/downstream/lib/python3.12/site-packages/torch/include/ATen/ATen.h:8:
  In file included from /home/edgeai/downstream/lib/python3.12/site-packages/torch/include/ATen/Context.h:5:
  In file included from /home/edgeai/downstream/lib/python3.12/site-packages/torch/include/ATen/CPUGeneratorImpl.h:4:
  In file included from /home/edgeai/downstream/lib/python3.12/site-packages/torch/include/ATen/core/Generator.h:19:
  In file included from /home/edgeai/downstream/lib/python3.12/site-packages/torch/include/c10/core/GeneratorImpl.h:9:
  In file included from /home/edgeai/downstream/lib/python3.12/site-packages/torch/include/c10/core/TensorImpl.h:12:
  In file included from /home/edgeai/downstream/lib/python3.12/site-packages/torch/include/c10/core/ScalarType.h:4:
  In file included from /home/edgeai/downstream/lib/python3.12/site-packages/torch/include/c10/util/BFloat16.h:2:
  In file included from /home/edgeai/downstream/lib/python3.12/site-packages/torch/include/torch/headeronly/util/BFloat16.h:22:
  In file included from /home/edgeai/downstream/include/sycl/sycl.hpp:49:
  In file included from /home/edgeai/downstream/include/sycl/detail/core.hpp:21:
  /home/edgeai/downstream/include/sycl/accessor.hpp:420:55: warning: 'constant_buffer' is deprecated: use 'target::device' instead [-Wdeprecated-declarations]
    420 |                                       access::target::constant_buffer>>) {
        |                                                       ^
  /home/edgeai/downstream/include/sycl/access/access.hpp:24:19: note: 'constant_buffer' has been explicitly marked deprecated here
     24 |   constant_buffer __SYCL2020_DEPRECATED("use 'target::device' instead") = 2015,
        |                   ^
  /home/edgeai/downstream/include/sycl/detail/defines_elementary.hpp:62:40: note: expanded from macro '__SYCL2020_DEPRECATED'
     62 | #define __SYCL2020_DEPRECATED(message) __SYCL_DEPRECATED(message)
        |                                        ^
  /home/edgeai/downstream/include/sycl/detail/defines_elementary.hpp:53:38: note: expanded from macro '__SYCL_DEPRECATED'
     53 | #define __SYCL_DEPRECATED(message) [[deprecated(message)]]
        |                                      ^
  In file included from /home/edgeai/esimd_learning/csrc/xpu/esimd_kernel.sycl:1:
  In file included from /home/edgeai/downstream/lib/python3.12/site-packages/torch/include/ATen/ATen.h:8:
  In file included from /home/edgeai/downstream/lib/python3.12/site-packages/torch/include/ATen/Context.h:5:
  In file included from /home/edgeai/downstream/lib/python3.12/site-packages/torch/include/ATen/CPUGeneratorImpl.h:4:
  In file included from /home/edgeai/downstream/lib/python3.12/site-packages/torch/include/ATen/core/Generator.h:19:
  In file included from /home/edgeai/downstream/lib/python3.12/site-packages/torch/include/c10/core/GeneratorImpl.h:9:
  In file included from /home/edgeai/downstream/lib/python3.12/site-packages/torch/include/c10/core/TensorImpl.h:12:
  In file included from /home/edgeai/downstream/lib/python3.12/site-packages/torch/include/c10/core/ScalarType.h:4:
  In file included from /home/edgeai/downstream/lib/python3.12/site-packages/torch/include/c10/util/BFloat16.h:2:
  In file included from /home/edgeai/downstream/lib/python3.12/site-packages/torch/include/torch/headeronly/util/BFloat16.h:22:
  In file included from /home/edgeai/downstream/include/sycl/sycl.hpp:49:
  In file included from /home/edgeai/downstream/include/sycl/detail/core.hpp:21:
  /home/edgeai/downstream/include/sycl/accessor.hpp:450:55: warning: 'constant_buffer' is deprecated: use 'target::device' instead [-Wdeprecated-declarations]
    450 |                                       access::target::constant_buffer>> ||
        |                                                       ^
  /home/edgeai/downstream/include/sycl/access/access.hpp:24:19: note: 'constant_buffer' has been explicitly marked deprecated here
     24 |   constant_buffer __SYCL2020_DEPRECATED("use 'target::device' instead") = 2015,
        |                   ^
  /home/edgeai/downstream/include/sycl/detail/defines_elementary.hpp:62:40: note: expanded from macro '__SYCL2020_DEPRECATED'
     62 | #define __SYCL2020_DEPRECATED(message) __SYCL_DEPRECATED(message)
        |                                        ^
  /home/edgeai/downstream/include/sycl/detail/defines_elementary.hpp:53:38: note: expanded from macro '__SYCL_DEPRECATED'
     53 | #define __SYCL_DEPRECATED(message) [[deprecated(message)]]
        |                                      ^
  In file included from /home/edgeai/esimd_learning/csrc/xpu/esimd_kernel.sycl:1:
  In file included from /home/edgeai/downstream/lib/python3.12/site-packages/torch/include/ATen/ATen.h:8:
  In file included from /home/edgeai/downstream/lib/python3.12/site-packages/torch/include/ATen/Context.h:5:
  In file included from /home/edgeai/downstream/lib/python3.12/site-packages/torch/include/ATen/CPUGeneratorImpl.h:4:
  In file included from /home/edgeai/downstream/lib/python3.12/site-packages/torch/include/ATen/core/Generator.h:19:
  In file included from /home/edgeai/downstream/lib/python3.12/site-packages/torch/include/c10/core/GeneratorImpl.h:9:
  In file included from /home/edgeai/downstream/lib/python3.12/site-packages/torch/include/c10/core/TensorImpl.h:12:
  In file included from /home/edgeai/downstream/lib/python3.12/site-packages/torch/include/c10/core/ScalarType.h:4:
  In file included from /home/edgeai/downstream/lib/python3.12/site-packages/torch/include/c10/util/BFloat16.h:2:
  In file included from /home/edgeai/downstream/lib/python3.12/site-packages/torch/include/torch/headeronly/util/BFloat16.h:22:
  In file included from /home/edgeai/downstream/include/sycl/sycl.hpp:49:
  In file included from /home/edgeai/downstream/include/sycl/detail/core.hpp:21:
  /home/edgeai/downstream/include/sycl/accessor.hpp:454:55: warning: 'constant_buffer' is deprecated: use 'target::device' instead [-Wdeprecated-declarations]
    454 |                                       access::target::constant_buffer>>) {
        |                                                       ^
  /home/edgeai/downstream/include/sycl/access/access.hpp:24:19: note: 'constant_buffer' has been explicitly marked deprecated here
     24 |   constant_buffer __SYCL2020_DEPRECATED("use 'target::device' instead") = 2015,
        |                   ^
  /home/edgeai/downstream/include/sycl/detail/defines_elementary.hpp:62:40: note: expanded from macro '__SYCL2020_DEPRECATED'
     62 | #define __SYCL2020_DEPRECATED(message) __SYCL_DEPRECATED(message)
        |                                        ^
  /home/edgeai/downstream/include/sycl/detail/defines_elementary.hpp:53:38: note: expanded from macro '__SYCL_DEPRECATED'
     53 | #define __SYCL_DEPRECATED(message) [[deprecated(message)]]
        |                                      ^
  In file included from /home/edgeai/esimd_learning/csrc/xpu/esimd_kernel.sycl:1:
  In file included from /home/edgeai/downstream/lib/python3.12/site-packages/torch/include/ATen/ATen.h:8:
  In file included from /home/edgeai/downstream/lib/python3.12/site-packages/torch/include/ATen/Context.h:5:
  In file included from /home/edgeai/downstream/lib/python3.12/site-packages/torch/include/ATen/CPUGeneratorImpl.h:4:
  In file included from /home/edgeai/downstream/lib/python3.12/site-packages/torch/include/ATen/core/Generator.h:19:
  In file included from /home/edgeai/downstream/lib/python3.12/site-packages/torch/include/c10/core/GeneratorImpl.h:9:
  In file included from /home/edgeai/downstream/lib/python3.12/site-packages/torch/include/c10/core/TensorImpl.h:12:
  In file included from /home/edgeai/downstream/lib/python3.12/site-packages/torch/include/c10/core/ScalarType.h:4:
  In file included from /home/edgeai/downstream/lib/python3.12/site-packages/torch/include/c10/util/BFloat16.h:2:
  In file included from /home/edgeai/downstream/lib/python3.12/site-packages/torch/include/torch/headeronly/util/BFloat16.h:22:
  In file included from /home/edgeai/downstream/include/sycl/sycl.hpp:49:
  In file included from /home/edgeai/downstream/include/sycl/detail/core.hpp:21:
  /home/edgeai/downstream/include/sycl/accessor.hpp:455:28: warning: 'constant_buffer' is deprecated: use 'target::device' instead [-Wdeprecated-declarations]
    455 |     return access::target::constant_buffer;
        |                            ^
  /home/edgeai/downstream/include/sycl/access/access.hpp:24:19: note: 'constant_buffer' has been explicitly marked deprecated here
     24 |   constant_buffer __SYCL2020_DEPRECATED("use 'target::device' instead") = 2015,
        |                   ^
  /home/edgeai/downstream/include/sycl/detail/defines_elementary.hpp:62:40: note: expanded from macro '__SYCL2020_DEPRECATED'
     62 | #define __SYCL2020_DEPRECATED(message) __SYCL_DEPRECATED(message)
        |                                        ^
  /home/edgeai/downstream/include/sycl/detail/defines_elementary.hpp:53:38: note: expanded from macro '__SYCL_DEPRECATED'
     53 | #define __SYCL_DEPRECATED(message) [[deprecated(message)]]
        |                                      ^
  In file included from /home/edgeai/esimd_learning/csrc/xpu/esimd_kernel.sycl:1:
  In file included from /home/edgeai/downstream/lib/python3.12/site-packages/torch/include/ATen/ATen.h:8:
  In file included from /home/edgeai/downstream/lib/python3.12/site-packages/torch/include/ATen/Context.h:5:
  In file included from /home/edgeai/downstream/lib/python3.12/site-packages/torch/include/ATen/CPUGeneratorImpl.h:4:
  In file included from /home/edgeai/downstream/lib/python3.12/site-packages/torch/include/ATen/core/Generator.h:19:
  In file included from /home/edgeai/downstream/lib/python3.12/site-packages/torch/include/c10/core/GeneratorImpl.h:9:
  In file included from /home/edgeai/downstream/lib/python3.12/site-packages/torch/include/c10/core/TensorImpl.h:12:
  In file included from /home/edgeai/downstream/lib/python3.12/site-packages/torch/include/c10/core/ScalarType.h:4:
  In file included from /home/edgeai/downstream/lib/python3.12/site-packages/torch/include/c10/util/BFloat16.h:2:
  In file included from /home/edgeai/downstream/lib/python3.12/site-packages/torch/include/torch/headeronly/util/BFloat16.h:22:
  In file included from /home/edgeai/downstream/include/sycl/sycl.hpp:49:
  In file included from /home/edgeai/downstream/include/sycl/detail/core.hpp:21:
  /home/edgeai/downstream/include/sycl/accessor.hpp:632:50: warning: 'global_buffer' is deprecated: use 'target::device' instead [-Wdeprecated-declarations]
    632 |   static_assert((AccessTarget == access::target::global_buffer ||
        |                                                  ^
  /home/edgeai/downstream/include/sycl/access/access.hpp:23:17: note: 'global_buffer' has been explicitly marked deprecated here
     23 |   global_buffer __SYCL2020_DEPRECATED("use 'target::device' instead") = device,
        |                 ^
  /home/edgeai/downstream/include/sycl/detail/defines_elementary.hpp:62:40: note: expanded from macro '__SYCL2020_DEPRECATED'
     62 | #define __SYCL2020_DEPRECATED(message) __SYCL_DEPRECATED(message)
        |                                        ^
  /home/edgeai/downstream/include/sycl/detail/defines_elementary.hpp:53:38: note: expanded from macro '__SYCL_DEPRECATED'
     53 | #define __SYCL_DEPRECATED(message) [[deprecated(message)]]
        |                                      ^
  In file included from /home/edgeai/esimd_learning/csrc/xpu/esimd_kernel.sycl:1:
  In file included from /home/edgeai/downstream/lib/python3.12/site-packages/torch/include/ATen/ATen.h:8:
  In file included from /home/edgeai/downstream/lib/python3.12/site-packages/torch/include/ATen/Context.h:5:
  In file included from /home/edgeai/downstream/lib/python3.12/site-packages/torch/include/ATen/CPUGeneratorImpl.h:4:
  In file included from /home/edgeai/downstream/lib/python3.12/site-packages/torch/include/ATen/core/Generator.h:19:
  In file included from /home/edgeai/downstream/lib/python3.12/site-packages/torch/include/c10/core/GeneratorImpl.h:9:
  In file included from /home/edgeai/downstream/lib/python3.12/site-packages/torch/include/c10/core/TensorImpl.h:12:
  In file included from /home/edgeai/downstream/lib/python3.12/site-packages/torch/include/c10/core/ScalarType.h:4:
  In file included from /home/edgeai/downstream/lib/python3.12/site-packages/torch/include/c10/util/BFloat16.h:2:
  In file included from /home/edgeai/downstream/lib/python3.12/site-packages/torch/include/torch/headeronly/util/BFloat16.h:22:
  In file included from /home/edgeai/downstream/include/sycl/sycl.hpp:49:
  In file included from /home/edgeai/downstream/include/sycl/detail/core.hpp:21:
  /home/edgeai/downstream/include/sycl/accessor.hpp:633:50: warning: 'constant_buffer' is deprecated: use 'target::device' instead [-Wdeprecated-declarations]
    633 |                  AccessTarget == access::target::constant_buffer ||
        |                                                  ^
  /home/edgeai/downstream/include/sycl/access/access.hpp:24:19: note: 'constant_buffer' has been explicitly marked deprecated here
     24 |   constant_buffer __SYCL2020_DEPRECATED("use 'target::device' instead") = 2015,
        |                   ^
  /home/edgeai/downstream/include/sycl/detail/defines_elementary.hpp:62:40: note: expanded from macro '__SYCL2020_DEPRECATED'
     62 | #define __SYCL2020_DEPRECATED(message) __SYCL_DEPRECATED(message)
        |                                        ^
  /home/edgeai/downstream/include/sycl/detail/defines_elementary.hpp:53:38: note: expanded from macro '__SYCL_DEPRECATED'
     53 | #define __SYCL_DEPRECATED(message) [[deprecated(message)]]
        |                                      ^
  In file included from /home/edgeai/esimd_learning/csrc/xpu/esimd_kernel.sycl:1:
  In file included from /home/edgeai/downstream/lib/python3.12/site-packages/torch/include/ATen/ATen.h:8:
  In file included from /home/edgeai/downstream/lib/python3.12/site-packages/torch/include/ATen/Context.h:5:
  In file included from /home/edgeai/downstream/lib/python3.12/site-packages/torch/include/ATen/CPUGeneratorImpl.h:4:
  In file included from /home/edgeai/downstream/lib/python3.12/site-packages/torch/include/ATen/core/Generator.h:19:
  In file included from /home/edgeai/downstream/lib/python3.12/site-packages/torch/include/c10/core/GeneratorImpl.h:9:
  In file included from /home/edgeai/downstream/lib/python3.12/site-packages/torch/include/c10/core/TensorImpl.h:12:
  In file included from /home/edgeai/downstream/lib/python3.12/site-packages/torch/include/c10/core/ScalarType.h:4:
  In file included from /home/edgeai/downstream/lib/python3.12/site-packages/torch/include/c10/util/BFloat16.h:2:
  In file included from /home/edgeai/downstream/lib/python3.12/site-packages/torch/include/torch/headeronly/util/BFloat16.h:22:
  In file included from /home/edgeai/downstream/include/sycl/sycl.hpp:49:
  In file included from /home/edgeai/downstream/include/sycl/detail/core.hpp:21:
  /home/edgeai/downstream/include/sycl/accessor.hpp:634:50: warning: 'host_buffer' is deprecated: use 'host_accessor' instead [-Wdeprecated-declarations]
    634 |                  AccessTarget == access::target::host_buffer ||
        |                                                  ^
  /home/edgeai/downstream/include/sycl/access/access.hpp:27:15: note: 'host_buffer' has been explicitly marked deprecated here
     27 |   host_buffer __SYCL2020_DEPRECATED("use 'host_accessor' instead") = 2018,
        |               ^
  /home/edgeai/downstream/include/sycl/detail/defines_elementary.hpp:62:40: note: expanded from macro '__SYCL2020_DEPRECATED'
     62 | #define __SYCL2020_DEPRECATED(message) __SYCL_DEPRECATED(message)
        |                                        ^
  /home/edgeai/downstream/include/sycl/detail/defines_elementary.hpp:53:38: note: expanded from macro '__SYCL_DEPRECATED'
     53 | #define __SYCL_DEPRECATED(message) [[deprecated(message)]]
        |                                      ^
  In file included from /home/edgeai/esimd_learning/csrc/xpu/esimd_kernel.sycl:1:
  In file included from /home/edgeai/downstream/lib/python3.12/site-packages/torch/include/ATen/ATen.h:8:
  In file included from /home/edgeai/downstream/lib/python3.12/site-packages/torch/include/ATen/Context.h:5:
  In file included from /home/edgeai/downstream/lib/python3.12/site-packages/torch/include/ATen/CPUGeneratorImpl.h:4:
  In file included from /home/edgeai/downstream/lib/python3.12/site-packages/torch/include/ATen/core/Generator.h:19:
  In file included from /home/edgeai/downstream/lib/python3.12/site-packages/torch/include/c10/core/GeneratorImpl.h:9:
  In file included from /home/edgeai/downstream/lib/python3.12/site-packages/torch/include/c10/core/TensorImpl.h:12:
  In file included from /home/edgeai/downstream/lib/python3.12/site-packages/torch/include/c10/core/ScalarType.h:4:
  In file included from /home/edgeai/downstream/lib/python3.12/site-packages/torch/include/c10/util/BFloat16.h:2:
  In file included from /home/edgeai/downstream/lib/python3.12/site-packages/torch/include/torch/headeronly/util/BFloat16.h:22:
  In file included from /home/edgeai/downstream/include/sycl/sycl.hpp:49:
  In file included from /home/edgeai/downstream/include/sycl/detail/core.hpp:21:
  /home/edgeai/downstream/include/sycl/accessor.hpp:638:50: warning: 'global_buffer' is deprecated: use 'target::device' instead [-Wdeprecated-declarations]
    638 |   static_assert((AccessTarget == access::target::global_buffer ||
        |                                                  ^
  /home/edgeai/downstream/include/sycl/access/access.hpp:23:17: note: 'global_buffer' has been explicitly marked deprecated here
     23 |   global_buffer __SYCL2020_DEPRECATED("use 'target::device' instead") = device,
        |                 ^
  /home/edgeai/downstream/include/sycl/detail/defines_elementary.hpp:62:40: note: expanded from macro '__SYCL2020_DEPRECATED'
     62 | #define __SYCL2020_DEPRECATED(message) __SYCL_DEPRECATED(message)
        |                                        ^
  /home/edgeai/downstream/include/sycl/detail/defines_elementary.hpp:53:38: note: expanded from macro '__SYCL_DEPRECATED'
     53 | #define __SYCL_DEPRECATED(message) [[deprecated(message)]]
        |                                      ^
  In file included from /home/edgeai/esimd_learning/csrc/xpu/esimd_kernel.sycl:1:
  In file included from /home/edgeai/downstream/lib/python3.12/site-packages/torch/include/ATen/ATen.h:8:
  In file included from /home/edgeai/downstream/lib/python3.12/site-packages/torch/include/ATen/Context.h:5:
  In file included from /home/edgeai/downstream/lib/python3.12/site-packages/torch/include/ATen/CPUGeneratorImpl.h:4:
  In file included from /home/edgeai/downstream/lib/python3.12/site-packages/torch/include/ATen/core/Generator.h:19:
  In file included from /home/edgeai/downstream/lib/python3.12/site-packages/torch/include/c10/core/GeneratorImpl.h:9:
  In file included from /home/edgeai/downstream/lib/python3.12/site-packages/torch/include/c10/core/TensorImpl.h:12:
  In file included from /home/edgeai/downstream/lib/python3.12/site-packages/torch/include/c10/core/ScalarType.h:4:
  In file included from /home/edgeai/downstream/lib/python3.12/site-packages/torch/include/c10/util/BFloat16.h:2:
  In file included from /home/edgeai/downstream/lib/python3.12/site-packages/torch/include/torch/headeronly/util/BFloat16.h:22:
  In file included from /home/edgeai/downstream/include/sycl/sycl.hpp:49:
  In file included from /home/edgeai/downstream/include/sycl/detail/core.hpp:21:
  /home/edgeai/downstream/include/sycl/accessor.hpp:639:50: warning: 'host_buffer' is deprecated: use 'host_accessor' instead [-Wdeprecated-declarations]
    639 |                  AccessTarget == access::target::host_buffer ||
        |                                                  ^
  /home/edgeai/downstream/include/sycl/access/access.hpp:27:15: note: 'host_buffer' has been explicitly marked deprecated here
     27 |   host_buffer __SYCL2020_DEPRECATED("use 'host_accessor' instead") = 2018,
        |               ^
  /home/edgeai/downstream/include/sycl/detail/defines_elementary.hpp:62:40: note: expanded from macro '__SYCL2020_DEPRECATED'
     62 | #define __SYCL2020_DEPRECATED(message) __SYCL_DEPRECATED(message)
        |                                        ^
  /home/edgeai/downstream/include/sycl/detail/defines_elementary.hpp:53:38: note: expanded from macro '__SYCL_DEPRECATED'
     53 | #define __SYCL_DEPRECATED(message) [[deprecated(message)]]
        |                                      ^
  In file included from /home/edgeai/esimd_learning/csrc/xpu/esimd_kernel.sycl:1:
  In file included from /home/edgeai/downstream/lib/python3.12/site-packages/torch/include/ATen/ATen.h:8:
  In file included from /home/edgeai/downstream/lib/python3.12/site-packages/torch/include/ATen/Context.h:5:
  In file included from /home/edgeai/downstream/lib/python3.12/site-packages/torch/include/ATen/CPUGeneratorImpl.h:4:
  In file included from /home/edgeai/downstream/lib/python3.12/site-packages/torch/include/ATen/core/Generator.h:19:
  In file included from /home/edgeai/downstream/lib/python3.12/site-packages/torch/include/c10/core/GeneratorImpl.h:9:
  In file included from /home/edgeai/downstream/lib/python3.12/site-packages/torch/include/c10/core/TensorImpl.h:12:
  In file included from /home/edgeai/downstream/lib/python3.12/site-packages/torch/include/c10/core/ScalarType.h:4:
  In file included from /home/edgeai/downstream/lib/python3.12/site-packages/torch/include/c10/util/BFloat16.h:2:
  In file included from /home/edgeai/downstream/lib/python3.12/site-packages/torch/include/torch/headeronly/util/BFloat16.h:22:
  In file included from /home/edgeai/downstream/include/sycl/sycl.hpp:49:
  In file included from /home/edgeai/downstream/include/sycl/detail/core.hpp:21:
  /home/edgeai/downstream/include/sycl/accessor.hpp:641:54: warning: 'constant_buffer' is deprecated: use 'target::device' instead [-Wdeprecated-declarations]
    641 |                     (AccessTarget == access::target::constant_buffer &&
        |                                                      ^
  /home/edgeai/downstream/include/sycl/access/access.hpp:24:19: note: 'constant_buffer' has been explicitly marked deprecated here
     24 |   constant_buffer __SYCL2020_DEPRECATED("use 'target::device' instead") = 2015,
        |                   ^
  /home/edgeai/downstream/include/sycl/detail/defines_elementary.hpp:62:40: note: expanded from macro '__SYCL2020_DEPRECATED'
     62 | #define __SYCL2020_DEPRECATED(message) __SYCL_DEPRECATED(message)
        |                                        ^
  /home/edgeai/downstream/include/sycl/detail/defines_elementary.hpp:53:38: note: expanded from macro '__SYCL_DEPRECATED'
     53 | #define __SYCL_DEPRECATED(message) [[deprecated(message)]]
        |                                      ^
  In file included from /home/edgeai/esimd_learning/csrc/xpu/esimd_kernel.sycl:1:
  In file included from /home/edgeai/downstream/lib/python3.12/site-packages/torch/include/ATen/ATen.h:8:
  In file included from /home/edgeai/downstream/lib/python3.12/site-packages/torch/include/ATen/Context.h:5:
  In file included from /home/edgeai/downstream/lib/python3.12/site-packages/torch/include/ATen/CPUGeneratorImpl.h:4:
  In file included from /home/edgeai/downstream/lib/python3.12/site-packages/torch/include/ATen/core/Generator.h:19:
  In file included from /home/edgeai/downstream/lib/python3.12/site-packages/torch/include/c10/core/GeneratorImpl.h:9:
  In file included from /home/edgeai/downstream/lib/python3.12/site-packages/torch/include/c10/core/TensorImpl.h:12:
  In file included from /home/edgeai/downstream/lib/python3.12/site-packages/torch/include/c10/core/ScalarType.h:4:
  In file included from /home/edgeai/downstream/lib/python3.12/site-packages/torch/include/c10/util/BFloat16.h:2:
  In file included from /home/edgeai/downstream/lib/python3.12/site-packages/torch/include/torch/headeronly/util/BFloat16.h:22:
  In file included from /home/edgeai/downstream/include/sycl/sycl.hpp:49:
  In file included from /home/edgeai/downstream/include/sycl/detail/core.hpp:21:
  /home/edgeai/downstream/include/sycl/accessor.hpp:1796:51: warning: 'host_buffer' is deprecated: use 'host_accessor' instead [-Wdeprecated-declarations]
   1796 |                 (AccessTarget_ == access::target::host_buffer) ||
        |                                                   ^
  /home/edgeai/downstream/include/sycl/access/access.hpp:27:15: note: 'host_buffer' has been explicitly marked deprecated here
     27 |   host_buffer __SYCL2020_DEPRECATED("use 'host_accessor' instead") = 2018,
        |               ^
  /home/edgeai/downstream/include/sycl/detail/defines_elementary.hpp:62:40: note: expanded from macro '__SYCL2020_DEPRECATED'
     62 | #define __SYCL2020_DEPRECATED(message) __SYCL_DEPRECATED(message)
        |                                        ^
  /home/edgeai/downstream/include/sycl/detail/defines_elementary.hpp:53:38: note: expanded from macro '__SYCL_DEPRECATED'
     53 | #define __SYCL_DEPRECATED(message) [[deprecated(message)]]
        |                                      ^
  In file included from /home/edgeai/esimd_learning/csrc/xpu/esimd_kernel.sycl:1:
  In file included from /home/edgeai/downstream/lib/python3.12/site-packages/torch/include/ATen/ATen.h:8:
  In file included from /home/edgeai/downstream/lib/python3.12/site-packages/torch/include/ATen/Context.h:5:
  In file included from /home/edgeai/downstream/lib/python3.12/site-packages/torch/include/ATen/CPUGeneratorImpl.h:4:
  In file included from /home/edgeai/downstream/lib/python3.12/site-packages/torch/include/ATen/core/Generator.h:19:
  In file included from /home/edgeai/downstream/lib/python3.12/site-packages/torch/include/c10/core/GeneratorImpl.h:9:
  In file included from /home/edgeai/downstream/lib/python3.12/site-packages/torch/include/c10/core/TensorImpl.h:12:
  In file included from /home/edgeai/downstream/lib/python3.12/site-packages/torch/include/c10/core/ScalarType.h:4:
  In file included from /home/edgeai/downstream/lib/python3.12/site-packages/torch/include/c10/util/BFloat16.h:2:
  In file included from /home/edgeai/downstream/lib/python3.12/site-packages/torch/include/torch/headeronly/util/BFloat16.h:22:
  In file included from /home/edgeai/downstream/include/sycl/sycl.hpp:49:
  In file included from /home/edgeai/downstream/include/sycl/detail/core.hpp:21:
  /home/edgeai/downstream/include/sycl/accessor.hpp:1815:57: warning: 'constant_buffer' is deprecated: use 'target::device' instead [-Wdeprecated-declarations]
   1815 |                                         access::target::constant_buffer>>
        |                                                         ^
  /home/edgeai/downstream/include/sycl/access/access.hpp:24:19: note: 'constant_buffer' has been explicitly marked deprecated here
     24 |   constant_buffer __SYCL2020_DEPRECATED("use 'target::device' instead") = 2015,
        |                   ^
  /home/edgeai/downstream/include/sycl/detail/defines_elementary.hpp:62:40: note: expanded from macro '__SYCL2020_DEPRECATED'
     62 | #define __SYCL2020_DEPRECATED(message) __SYCL_DEPRECATED(message)
        |                                        ^
  /home/edgeai/downstream/include/sycl/detail/defines_elementary.hpp:53:38: note: expanded from macro '__SYCL_DEPRECATED'
     53 | #define __SYCL_DEPRECATED(message) [[deprecated(message)]]
        |                                      ^
  In file included from /home/edgeai/esimd_learning/csrc/xpu/esimd_kernel.sycl:1:
  In file included from /home/edgeai/downstream/lib/python3.12/site-packages/torch/include/ATen/ATen.h:8:
  In file included from /home/edgeai/downstream/lib/python3.12/site-packages/torch/include/ATen/Context.h:5:
  In file included from /home/edgeai/downstream/lib/python3.12/site-packages/torch/include/ATen/CPUGeneratorImpl.h:4:
  In file included from /home/edgeai/downstream/lib/python3.12/site-packages/torch/include/ATen/core/Generator.h:19:
  In file included from /home/edgeai/downstream/lib/python3.12/site-packages/torch/include/c10/core/GeneratorImpl.h:9:
  In file included from /home/edgeai/downstream/lib/python3.12/site-packages/torch/include/c10/core/TensorImpl.h:12:
  In file included from /home/edgeai/downstream/lib/python3.12/site-packages/torch/include/c10/core/ScalarType.h:4:
  In file included from /home/edgeai/downstream/lib/python3.12/site-packages/torch/include/c10/util/BFloat16.h:2:
  In file included from /home/edgeai/downstream/lib/python3.12/site-packages/torch/include/torch/headeronly/util/BFloat16.h:22:
  In file included from /home/edgeai/downstream/include/sycl/sycl.hpp:49:
  In file included from /home/edgeai/downstream/include/sycl/detail/core.hpp:21:
  /home/edgeai/downstream/include/sycl/accessor.hpp:709:54: warning: 'noinit' is deprecated: spelling is now: no_init [-Wdeprecated-declarations]
    709 |         PropertyList.template has_property<property::noinit>()) {
        |                                                      ^
  /home/edgeai/downstream/include/sycl/properties/runtime_accessor_properties.def:13:66: note: 'noinit' has been explicitly marked deprecated here
     13 | __SYCL_DATA_LESS_PROP_DEPRECATED_ALIAS(property, noinit, NoInit, __SYCL2020_DEPRECATED("spelling is now: no_init"))
        |                                                                  ^
  /home/edgeai/downstream/include/sycl/detail/defines_elementary.hpp:62:40: note: expanded from macro '__SYCL2020_DEPRECATED'
     62 | #define __SYCL2020_DEPRECATED(message) __SYCL_DEPRECATED(message)
        |                                        ^
  /home/edgeai/downstream/include/sycl/detail/defines_elementary.hpp:53:38: note: expanded from macro '__SYCL_DEPRECATED'
     53 | #define __SYCL_DEPRECATED(message) [[deprecated(message)]]
        |                                      ^
  In file included from /home/edgeai/esimd_learning/csrc/xpu/esimd_kernel.sycl:1:
  In file included from /home/edgeai/downstream/lib/python3.12/site-packages/torch/include/ATen/ATen.h:8:
  In file included from /home/edgeai/downstream/lib/python3.12/site-packages/torch/include/ATen/Context.h:5:
  In file included from /home/edgeai/downstream/lib/python3.12/site-packages/torch/include/ATen/CPUGeneratorImpl.h:4:
  In file included from /home/edgeai/downstream/lib/python3.12/site-packages/torch/include/ATen/core/Generator.h:19:
  In file included from /home/edgeai/downstream/lib/python3.12/site-packages/torch/include/c10/core/GeneratorImpl.h:9:
  In file included from /home/edgeai/downstream/lib/python3.12/site-packages/torch/include/c10/core/TensorImpl.h:12:
  In file included from /home/edgeai/downstream/lib/python3.12/site-packages/torch/include/c10/core/ScalarType.h:4:
  In file included from /home/edgeai/downstream/lib/python3.12/site-packages/torch/include/c10/util/BFloat16.h:2:
  In file included from /home/edgeai/downstream/lib/python3.12/site-packages/torch/include/torch/headeronly/util/BFloat16.h:22:
  In file included from /home/edgeai/downstream/include/sycl/sycl.hpp:49:
  In file included from /home/edgeai/downstream/include/sycl/detail/core.hpp:21:
  /home/edgeai/downstream/include/sycl/accessor.hpp:2155:52: warning: 'local' is deprecated: use `local_accessor` instead [-Wdeprecated-declarations]
   2155 |                                    access::target::local, IsPlaceholder> {
        |                                                    ^
  /home/edgeai/downstream/include/sycl/access/access.hpp:25:9: note: 'local' has been explicitly marked deprecated here
     25 |   local __SYCL2020_DEPRECATED("use `local_accessor` instead") = 2016,
        |         ^
  /home/edgeai/downstream/include/sycl/detail/defines_elementary.hpp:62:40: note: expanded from macro '__SYCL2020_DEPRECATED'
     62 | #define __SYCL2020_DEPRECATED(message) __SYCL_DEPRECATED(message)
        |                                        ^
  /home/edgeai/downstream/include/sycl/detail/defines_elementary.hpp:53:38: note: expanded from macro '__SYCL_DEPRECATED'
     53 | #define __SYCL_DEPRECATED(message) [[deprecated(message)]]
        |                                      ^
  In file included from /home/edgeai/esimd_learning/csrc/xpu/esimd_kernel.sycl:1:
  In file included from /home/edgeai/downstream/lib/python3.12/site-packages/torch/include/ATen/ATen.h:8:
  In file included from /home/edgeai/downstream/lib/python3.12/site-packages/torch/include/ATen/Context.h:5:
  In file included from /home/edgeai/downstream/lib/python3.12/site-packages/torch/include/ATen/CPUGeneratorImpl.h:4:
  In file included from /home/edgeai/downstream/lib/python3.12/site-packages/torch/include/ATen/core/Generator.h:19:
  In file included from /home/edgeai/downstream/lib/python3.12/site-packages/torch/include/c10/core/GeneratorImpl.h:9:
  In file included from /home/edgeai/downstream/lib/python3.12/site-packages/torch/include/c10/core/TensorImpl.h:12:
  In file included from /home/edgeai/downstream/lib/python3.12/site-packages/torch/include/c10/core/ScalarType.h:4:
  In file included from /home/edgeai/downstream/lib/python3.12/site-packages/torch/include/c10/util/BFloat16.h:2:
  In file included from /home/edgeai/downstream/lib/python3.12/site-packages/torch/include/torch/headeronly/util/BFloat16.h:22:
  In file included from /home/edgeai/downstream/include/sycl/sycl.hpp:49:
  In file included from /home/edgeai/downstream/include/sycl/detail/core.hpp:21:
  /home/edgeai/downstream/include/sycl/accessor.hpp:2161:47: warning: 'local' is deprecated: use `local_accessor` instead [-Wdeprecated-declarations]
   2161 |                               access::target::local, IsPlaceholder>;
        |                                               ^
  /home/edgeai/downstream/include/sycl/access/access.hpp:25:9: note: 'local' has been explicitly marked deprecated here
     25 |   local __SYCL2020_DEPRECATED("use `local_accessor` instead") = 2016,
        |         ^
  /home/edgeai/downstream/include/sycl/detail/defines_elementary.hpp:62:40: note: expanded from macro '__SYCL2020_DEPRECATED'
     62 | #define __SYCL2020_DEPRECATED(message) __SYCL_DEPRECATED(message)
        |                                        ^
  /home/edgeai/downstream/include/sycl/detail/defines_elementary.hpp:53:38: note: expanded from macro '__SYCL_DEPRECATED'
     53 | #define __SYCL_DEPRECATED(message) [[deprecated(message)]]
        |                                      ^
  In file included from /home/edgeai/esimd_learning/csrc/xpu/esimd_kernel.sycl:1:
  In file included from /home/edgeai/downstream/lib/python3.12/site-packages/torch/include/ATen/ATen.h:8:
  In file included from /home/edgeai/downstream/lib/python3.12/site-packages/torch/include/ATen/Context.h:5:
  In file included from /home/edgeai/downstream/lib/python3.12/site-packages/torch/include/ATen/CPUGeneratorImpl.h:4:
  In file included from /home/edgeai/downstream/lib/python3.12/site-packages/torch/include/ATen/core/Generator.h:19:
  In file included from /home/edgeai/downstream/lib/python3.12/site-packages/torch/include/c10/core/GeneratorImpl.h:9:
  In file included from /home/edgeai/downstream/lib/python3.12/site-packages/torch/include/c10/core/TensorImpl.h:12:
  In file included from /home/edgeai/downstream/lib/python3.12/site-packages/torch/include/c10/core/ScalarType.h:4:
  In file included from /home/edgeai/downstream/lib/python3.12/site-packages/torch/include/c10/util/BFloat16.h:2:
  In file included from /home/edgeai/downstream/lib/python3.12/site-packages/torch/include/torch/headeronly/util/BFloat16.h:22:
  In file included from /home/edgeai/downstream/include/sycl/sycl.hpp:49:
  In file included from /home/edgeai/downstream/include/sycl/detail/core.hpp:21:
  /home/edgeai/downstream/include/sycl/accessor.hpp:2285:53: warning: 'local' is deprecated: use `local_accessor` instead [-Wdeprecated-declarations]
   2285 |                                     access::target::local, AccessMode, CodeLoc);
        |                                                     ^
  /home/edgeai/downstream/include/sycl/access/access.hpp:25:9: note: 'local' has been explicitly marked deprecated here
     25 |   local __SYCL2020_DEPRECATED("use `local_accessor` instead") = 2016,
        |         ^
  /home/edgeai/downstream/include/sycl/detail/defines_elementary.hpp:62:40: note: expanded from macro '__SYCL2020_DEPRECATED'
     62 | #define __SYCL2020_DEPRECATED(message) __SYCL_DEPRECATED(message)
        |                                        ^
  /home/edgeai/downstream/include/sycl/detail/defines_elementary.hpp:53:38: note: expanded from macro '__SYCL_DEPRECATED'
     53 | #define __SYCL_DEPRECATED(message) [[deprecated(message)]]
        |                                      ^
  In file included from /home/edgeai/esimd_learning/csrc/xpu/esimd_kernel.sycl:1:
  In file included from /home/edgeai/downstream/lib/python3.12/site-packages/torch/include/ATen/ATen.h:8:
  In file included from /home/edgeai/downstream/lib/python3.12/site-packages/torch/include/ATen/Context.h:5:
  In file included from /home/edgeai/downstream/lib/python3.12/site-packages/torch/include/ATen/CPUGeneratorImpl.h:4:
  In file included from /home/edgeai/downstream/lib/python3.12/site-packages/torch/include/ATen/core/Generator.h:19:
  In file included from /home/edgeai/downstream/lib/python3.12/site-packages/torch/include/c10/core/GeneratorImpl.h:9:
  In file included from /home/edgeai/downstream/lib/python3.12/site-packages/torch/include/c10/core/TensorImpl.h:12:
  In file included from /home/edgeai/downstream/lib/python3.12/site-packages/torch/include/c10/core/ScalarType.h:4:
  In file included from /home/edgeai/downstream/lib/python3.12/site-packages/torch/include/c10/util/BFloat16.h:2:
  In file included from /home/edgeai/downstream/lib/python3.12/site-packages/torch/include/torch/headeronly/util/BFloat16.h:22:
  In file included from /home/edgeai/downstream/include/sycl/sycl.hpp:49:
  In file included from /home/edgeai/downstream/include/sycl/detail/core.hpp:21:
  /home/edgeai/downstream/include/sycl/accessor.hpp:2303:53: warning: 'local' is deprecated: use `local_accessor` instead [-Wdeprecated-declarations]
   2303 |                                     access::target::local, AccessMode, CodeLoc);
        |                                                     ^
  /home/edgeai/downstream/include/sycl/access/access.hpp:25:9: note: 'local' has been explicitly marked deprecated here
     25 |   local __SYCL2020_DEPRECATED("use `local_accessor` instead") = 2016,
        |         ^
  /home/edgeai/downstream/include/sycl/detail/defines_elementary.hpp:62:40: note: expanded from macro '__SYCL2020_DEPRECATED'
     62 | #define __SYCL2020_DEPRECATED(message) __SYCL_DEPRECATED(message)
        |                                        ^
  /home/edgeai/downstream/include/sycl/detail/defines_elementary.hpp:53:38: note: expanded from macro '__SYCL_DEPRECATED'
     53 | #define __SYCL_DEPRECATED(message) [[deprecated(message)]]
        |                                      ^
  In file included from /home/edgeai/esimd_learning/csrc/xpu/esimd_kernel.sycl:1:
  In file included from /home/edgeai/downstream/lib/python3.12/site-packages/torch/include/ATen/ATen.h:8:
  In file included from /home/edgeai/downstream/lib/python3.12/site-packages/torch/include/ATen/Context.h:5:
  In file included from /home/edgeai/downstream/lib/python3.12/site-packages/torch/include/ATen/CPUGeneratorImpl.h:4:
  In file included from /home/edgeai/downstream/lib/python3.12/site-packages/torch/include/ATen/core/Generator.h:19:
  In file included from /home/edgeai/downstream/lib/python3.12/site-packages/torch/include/c10/core/GeneratorImpl.h:9:
  In file included from /home/edgeai/downstream/lib/python3.12/site-packages/torch/include/c10/core/TensorImpl.h:12:
  In file included from /home/edgeai/downstream/lib/python3.12/site-packages/torch/include/c10/core/ScalarType.h:4:
  In file included from /home/edgeai/downstream/lib/python3.12/site-packages/torch/include/c10/util/BFloat16.h:2:
  In file included from /home/edgeai/downstream/lib/python3.12/site-packages/torch/include/torch/headeronly/util/BFloat16.h:22:
  In file included from /home/edgeai/downstream/include/sycl/sycl.hpp:49:
  In file included from /home/edgeai/downstream/include/sycl/detail/core.hpp:21:
  /home/edgeai/downstream/include/sycl/accessor.hpp:2320:53: warning: 'local' is deprecated: use `local_accessor` instead [-Wdeprecated-declarations]
   2320 |                                     access::target::local, AccessMode, CodeLoc);
        |                                                     ^
  /home/edgeai/downstream/include/sycl/access/access.hpp:25:9: note: 'local' has been explicitly marked deprecated here
     25 |   local __SYCL2020_DEPRECATED("use `local_accessor` instead") = 2016,
        |         ^
  /home/edgeai/downstream/include/sycl/detail/defines_elementary.hpp:62:40: note: expanded from macro '__SYCL2020_DEPRECATED'
     62 | #define __SYCL2020_DEPRECATED(message) __SYCL_DEPRECATED(message)
        |                                        ^
  /home/edgeai/downstream/include/sycl/detail/defines_elementary.hpp:53:38: note: expanded from macro '__SYCL_DEPRECATED'
     53 | #define __SYCL_DEPRECATED(message) [[deprecated(message)]]
        |                                      ^
  In file included from /home/edgeai/esimd_learning/csrc/xpu/esimd_kernel.sycl:1:
  In file included from /home/edgeai/downstream/lib/python3.12/site-packages/torch/include/ATen/ATen.h:8:
  In file included from /home/edgeai/downstream/lib/python3.12/site-packages/torch/include/ATen/Context.h:5:
  In file included from /home/edgeai/downstream/lib/python3.12/site-packages/torch/include/ATen/CPUGeneratorImpl.h:4:
  In file included from /home/edgeai/downstream/lib/python3.12/site-packages/torch/include/ATen/core/Generator.h:19:
  In file included from /home/edgeai/downstream/lib/python3.12/site-packages/torch/include/c10/core/GeneratorImpl.h:9:
  In file included from /home/edgeai/downstream/lib/python3.12/site-packages/torch/include/c10/core/TensorImpl.h:12:
  In file included from /home/edgeai/downstream/lib/python3.12/site-packages/torch/include/c10/core/ScalarType.h:4:
  In file included from /home/edgeai/downstream/lib/python3.12/site-packages/torch/include/c10/util/BFloat16.h:2:
  In file included from /home/edgeai/downstream/lib/python3.12/site-packages/torch/include/torch/headeronly/util/BFloat16.h:22:
  In file included from /home/edgeai/downstream/include/sycl/sycl.hpp:49:
  In file included from /home/edgeai/downstream/include/sycl/detail/core.hpp:21:
  /home/edgeai/downstream/include/sycl/accessor.hpp:2340:53: warning: 'local' is deprecated: use `local_accessor` instead [-Wdeprecated-declarations]
   2340 |                                     access::target::local, AccessMode, CodeLoc);
        |                                                     ^
  /home/edgeai/downstream/include/sycl/access/access.hpp:25:9: note: 'local' has been explicitly marked deprecated here
     25 |   local __SYCL2020_DEPRECATED("use `local_accessor` instead") = 2016,
        |         ^
  /home/edgeai/downstream/include/sycl/detail/defines_elementary.hpp:62:40: note: expanded from macro '__SYCL2020_DEPRECATED'
     62 | #define __SYCL2020_DEPRECATED(message) __SYCL_DEPRECATED(message)
        |                                        ^
  /home/edgeai/downstream/include/sycl/detail/defines_elementary.hpp:53:38: note: expanded from macro '__SYCL_DEPRECATED'
     53 | #define __SYCL_DEPRECATED(message) [[deprecated(message)]]
        |                                      ^
  In file included from /home/edgeai/esimd_learning/csrc/xpu/esimd_kernel.sycl:1:
  In file included from /home/edgeai/downstream/lib/python3.12/site-packages/torch/include/ATen/ATen.h:8:
  In file included from /home/edgeai/downstream/lib/python3.12/site-packages/torch/include/ATen/Context.h:5:
  In file included from /home/edgeai/downstream/lib/python3.12/site-packages/torch/include/ATen/CPUGeneratorImpl.h:4:
  In file included from /home/edgeai/downstream/lib/python3.12/site-packages/torch/include/ATen/core/Generator.h:19:
  In file included from /home/edgeai/downstream/lib/python3.12/site-packages/torch/include/c10/core/GeneratorImpl.h:9:
  In file included from /home/edgeai/downstream/lib/python3.12/site-packages/torch/include/c10/core/TensorImpl.h:12:
  In file included from /home/edgeai/downstream/lib/python3.12/site-packages/torch/include/c10/core/ScalarType.h:4:
  In file included from /home/edgeai/downstream/lib/python3.12/site-packages/torch/include/c10/util/BFloat16.h:2:
  In file included from /home/edgeai/downstream/lib/python3.12/site-packages/torch/include/torch/headeronly/util/BFloat16.h:22:
  In file included from /home/edgeai/downstream/include/sycl/sycl.hpp:49:
  In file included from /home/edgeai/downstream/include/sycl/detail/core.hpp:21:
  /home/edgeai/downstream/include/sycl/accessor.hpp:2426:67: warning: 'local' is deprecated: use `local_accessor` instead [-Wdeprecated-declarations]
   2426 |           accessor<DataT, Dimensions, AccessMode, access::target::local,
        |                                                                   ^
  /home/edgeai/downstream/include/sycl/access/access.hpp:25:9: note: 'local' has been explicitly marked deprecated here
     25 |   local __SYCL2020_DEPRECATED("use `local_accessor` instead") = 2016,
        |         ^
  /home/edgeai/downstream/include/sycl/detail/defines_elementary.hpp:62:40: note: expanded from macro '__SYCL2020_DEPRECATED'
     62 | #define __SYCL2020_DEPRECATED(message) __SYCL_DEPRECATED(message)
        |                                        ^
  /home/edgeai/downstream/include/sycl/detail/defines_elementary.hpp:53:38: note: expanded from macro '__SYCL_DEPRECATED'
     53 | #define __SYCL_DEPRECATED(message) [[deprecated(message)]]
        |                                      ^
  In file included from /home/edgeai/esimd_learning/csrc/xpu/esimd_kernel.sycl:1:
  In file included from /home/edgeai/downstream/lib/python3.12/site-packages/torch/include/ATen/ATen.h:8:
  In file included from /home/edgeai/downstream/lib/python3.12/site-packages/torch/include/ATen/Context.h:5:
  In file included from /home/edgeai/downstream/lib/python3.12/site-packages/torch/include/ATen/CPUGeneratorImpl.h:4:
  In file included from /home/edgeai/downstream/lib/python3.12/site-packages/torch/include/ATen/core/Generator.h:19:
  In file included from /home/edgeai/downstream/lib/python3.12/site-packages/torch/include/c10/core/GeneratorImpl.h:9:
  In file included from /home/edgeai/downstream/lib/python3.12/site-packages/torch/include/c10/core/TensorImpl.h:12:
  In file included from /home/edgeai/downstream/lib/python3.12/site-packages/torch/include/c10/core/ScalarType.h:4:
  In file included from /home/edgeai/downstream/lib/python3.12/site-packages/torch/include/c10/util/BFloat16.h:2:
  In file included from /home/edgeai/downstream/lib/python3.12/site-packages/torch/include/torch/headeronly/util/BFloat16.h:22:
  In file included from /home/edgeai/downstream/include/sycl/sycl.hpp:49:
  In file included from /home/edgeai/downstream/include/sycl/detail/core.hpp:21:
  /home/edgeai/downstream/include/sycl/accessor.hpp:2653:62: warning: 'host_buffer' is deprecated: use 'host_accessor' instead [-Wdeprecated-declarations]
   2653 |     : public accessor<DataT, Dimensions, AccessMode, target::host_buffer,
        |                                                              ^
  /home/edgeai/downstream/include/sycl/access/access.hpp:27:15: note: 'host_buffer' has been explicitly marked deprecated here
     27 |   host_buffer __SYCL2020_DEPRECATED("use 'host_accessor' instead") = 2018,
        |               ^
  /home/edgeai/downstream/include/sycl/detail/defines_elementary.hpp:62:40: note: expanded from macro '__SYCL2020_DEPRECATED'
     62 | #define __SYCL2020_DEPRECATED(message) __SYCL_DEPRECATED(message)
        |                                        ^
  /home/edgeai/downstream/include/sycl/detail/defines_elementary.hpp:53:38: note: expanded from macro '__SYCL_DEPRECATED'
     53 | #define __SYCL_DEPRECATED(message) [[deprecated(message)]]
        |                                      ^
  In file included from /home/edgeai/esimd_learning/csrc/xpu/esimd_kernel.sycl:1:
  In file included from /home/edgeai/downstream/lib/python3.12/site-packages/torch/include/ATen/ATen.h:8:
  In file included from /home/edgeai/downstream/lib/python3.12/site-packages/torch/include/ATen/Context.h:5:
  In file included from /home/edgeai/downstream/lib/python3.12/site-packages/torch/include/ATen/CPUGeneratorImpl.h:4:
  In file included from /home/edgeai/downstream/lib/python3.12/site-packages/torch/include/ATen/core/Generator.h:19:
  In file included from /home/edgeai/downstream/lib/python3.12/site-packages/torch/include/c10/core/GeneratorImpl.h:9:
  In file included from /home/edgeai/downstream/lib/python3.12/site-packages/torch/include/c10/core/TensorImpl.h:12:
  In file included from /home/edgeai/downstream/lib/python3.12/site-packages/torch/include/c10/core/ScalarType.h:4:
  In file included from /home/edgeai/downstream/lib/python3.12/site-packages/torch/include/c10/util/BFloat16.h:2:
  In file included from /home/edgeai/downstream/lib/python3.12/site-packages/torch/include/torch/headeronly/util/BFloat16.h:22:
  In file included from /home/edgeai/downstream/include/sycl/sycl.hpp:49:
  In file included from /home/edgeai/downstream/include/sycl/detail/core.hpp:21:
  /home/edgeai/downstream/include/sycl/accessor.hpp:2656:69: warning: 'host_buffer' is deprecated: use 'host_accessor' instead [-Wdeprecated-declarations]
   2656 |   using AccessorT = accessor<DataT, Dimensions, AccessMode, target::host_buffer,
        |                                                                     ^
  /home/edgeai/downstream/include/sycl/access/access.hpp:27:15: note: 'host_buffer' has been explicitly marked deprecated here
     27 |   host_buffer __SYCL2020_DEPRECATED("use 'host_accessor' instead") = 2018,
        |               ^
  /home/edgeai/downstream/include/sycl/detail/defines_elementary.hpp:62:40: note: expanded from macro '__SYCL2020_DEPRECATED'
     62 | #define __SYCL2020_DEPRECATED(message) __SYCL_DEPRECATED(message)
        |                                        ^
  /home/edgeai/downstream/include/sycl/detail/defines_elementary.hpp:53:38: note: expanded from macro '__SYCL_DEPRECATED'
     53 | #define __SYCL_DEPRECATED(message) [[deprecated(message)]]
        |                                      ^
  In file included from /home/edgeai/esimd_learning/csrc/xpu/esimd_kernel.sycl:1:
  In file included from /home/edgeai/downstream/lib/python3.12/site-packages/torch/include/ATen/ATen.h:8:
  In file included from /home/edgeai/downstream/lib/python3.12/site-packages/torch/include/ATen/Context.h:5:
  In file included from /home/edgeai/downstream/lib/python3.12/site-packages/torch/include/ATen/CPUGeneratorImpl.h:4:
  In file included from /home/edgeai/downstream/lib/python3.12/site-packages/torch/include/ATen/core/Generator.h:19:
  In file included from /home/edgeai/downstream/lib/python3.12/site-packages/torch/include/c10/core/GeneratorImpl.h:9:
  In file included from /home/edgeai/downstream/lib/python3.12/site-packages/torch/include/c10/core/TensorImpl.h:12:
  In file included from /home/edgeai/downstream/lib/python3.12/site-packages/torch/include/c10/core/ScalarType.h:4:
  In file included from /home/edgeai/downstream/lib/python3.12/site-packages/torch/include/c10/util/BFloat16.h:2:
  In file included from /home/edgeai/downstream/lib/python3.12/site-packages/torch/include/torch/headeronly/util/BFloat16.h:22:
  In file included from /home/edgeai/downstream/include/sycl/sycl.hpp:49:
  In file included from /home/edgeai/downstream/include/sycl/detail/core.hpp:21:
  /home/edgeai/downstream/include/sycl/accessor.hpp:2668:67: warning: 'host_buffer' is deprecated: use 'host_accessor' instead [-Wdeprecated-declarations]
   2668 |   __init(typename accessor<DataT, Dimensions, AccessMode, target::host_buffer,
        |                                                                   ^
  /home/edgeai/downstream/include/sycl/access/access.hpp:27:15: note: 'host_buffer' has been explicitly marked deprecated here
     27 |   host_buffer __SYCL2020_DEPRECATED("use 'host_accessor' instead") = 2018,
        |               ^
  /home/edgeai/downstream/include/sycl/detail/defines_elementary.hpp:62:40: note: expanded from macro '__SYCL2020_DEPRECATED'
     62 | #define __SYCL2020_DEPRECATED(message) __SYCL_DEPRECATED(message)
        |                                        ^
  /home/edgeai/downstream/include/sycl/detail/defines_elementary.hpp:53:38: note: expanded from macro '__SYCL_DEPRECATED'
     53 | #define __SYCL_DEPRECATED(message) [[deprecated(message)]]
        |                                      ^
  In file included from /home/edgeai/esimd_learning/csrc/xpu/esimd_kernel.sycl:1:
  In file included from /home/edgeai/downstream/lib/python3.12/site-packages/torch/include/ATen/ATen.h:8:
  In file included from /home/edgeai/downstream/lib/python3.12/site-packages/torch/include/ATen/Context.h:5:
  In file included from /home/edgeai/downstream/lib/python3.12/site-packages/torch/include/ATen/CPUGeneratorImpl.h:4:
  In file included from /home/edgeai/downstream/lib/python3.12/site-packages/torch/include/ATen/core/Generator.h:19:
  In file included from /home/edgeai/downstream/lib/python3.12/site-packages/torch/include/c10/core/GeneratorImpl.h:9:
  In file included from /home/edgeai/downstream/lib/python3.12/site-packages/torch/include/c10/core/TensorImpl.h:12:
  In file included from /home/edgeai/downstream/lib/python3.12/site-packages/torch/include/c10/core/ScalarType.h:4:
  In file included from /home/edgeai/downstream/lib/python3.12/site-packages/torch/include/c10/util/BFloat16.h:2:
  In file included from /home/edgeai/downstream/lib/python3.12/site-packages/torch/include/torch/headeronly/util/BFloat16.h:22:
  In file included from /home/edgeai/downstream/include/sycl/sycl.hpp:49:
  In file included from /home/edgeai/downstream/include/sycl/detail/core.hpp:21:
  /home/edgeai/downstream/include/sycl/accessor.hpp:2677:57: warning: 'host_buffer' is deprecated: use 'host_accessor' instead [-Wdeprecated-declarations]
   2677 |       : accessor<DataT, Dimensions, AccessMode, target::host_buffer,
        |                                                         ^
  /home/edgeai/downstream/include/sycl/access/access.hpp:27:15: note: 'host_buffer' has been explicitly marked deprecated here
     27 |   host_buffer __SYCL2020_DEPRECATED("use 'host_accessor' instead") = 2018,
        |               ^
  /home/edgeai/downstream/include/sycl/detail/defines_elementary.hpp:62:40: note: expanded from macro '__SYCL2020_DEPRECATED'
     62 | #define __SYCL2020_DEPRECATED(message) __SYCL_DEPRECATED(message)
        |                                        ^
  /home/edgeai/downstream/include/sycl/detail/defines_elementary.hpp:53:38: note: expanded from macro '__SYCL_DEPRECATED'
     53 | #define __SYCL_DEPRECATED(message) [[deprecated(message)]]
        |                                      ^
  In file included from /home/edgeai/esimd_learning/csrc/xpu/esimd_kernel.sycl:1:
  In file included from /home/edgeai/downstream/lib/python3.12/site-packages/torch/include/ATen/ATen.h:8:
  In file included from /home/edgeai/downstream/lib/python3.12/site-packages/torch/include/ATen/Context.h:5:
  In file included from /home/edgeai/downstream/lib/python3.12/site-packages/torch/include/ATen/CPUGeneratorImpl.h:4:
  In file included from /home/edgeai/downstream/lib/python3.12/site-packages/torch/include/ATen/core/Generator.h:19:
  In file included from /home/edgeai/downstream/lib/python3.12/site-packages/torch/include/c10/core/GeneratorImpl.h:9:
  In file included from /home/edgeai/downstream/lib/python3.12/site-packages/torch/include/c10/core/TensorImpl.h:12:
  In file included from /home/edgeai/downstream/lib/python3.12/site-packages/torch/include/c10/core/ScalarType.h:4:
  In file included from /home/edgeai/downstream/lib/python3.12/site-packages/torch/include/c10/util/BFloat16.h:2:
  In file included from /home/edgeai/downstream/lib/python3.12/site-packages/torch/include/torch/headeronly/util/BFloat16.h:22:
  In file included from /home/edgeai/downstream/include/sycl/sycl.hpp:49:
  In file included from /home/edgeai/downstream/include/sycl/detail/core.hpp:23:
  In file included from /home/edgeai/downstream/include/sycl/queue.hpp:18:
  In file included from /home/edgeai/downstream/include/sycl/detail/cg_types.hpp:23:
  /home/edgeai/downstream/include/sycl/nd_item.hpp:84:29: warning: 'get_offset' is deprecated: offsets are deprecated in SYCL 2020 [-Wdeprecated-declarations]
     84 |     id<Dimensions> Offset = get_offset();
        |                             ^
  /home/edgeai/downstream/include/sycl/nd_item.hpp:201:3: note: 'get_offset' has been explicitly marked deprecated here
    201 |   __SYCL2020_DEPRECATED("offsets are deprecated in SYCL 2020")
        |   ^
  /home/edgeai/downstream/include/sycl/detail/defines_elementary.hpp:62:40: note: expanded from macro '__SYCL2020_DEPRECATED'
     62 | #define __SYCL2020_DEPRECATED(message) __SYCL_DEPRECATED(message)
        |                                        ^
  /home/edgeai/downstream/include/sycl/detail/defines_elementary.hpp:53:38: note: expanded from macro '__SYCL_DEPRECATED'
     53 | #define __SYCL_DEPRECATED(message) [[deprecated(message)]]
        |                                      ^
  In file included from /home/edgeai/esimd_learning/csrc/xpu/esimd_kernel.sycl:1:
  In file included from /home/edgeai/downstream/lib/python3.12/site-packages/torch/include/ATen/ATen.h:8:
  In file included from /home/edgeai/downstream/lib/python3.12/site-packages/torch/include/ATen/Context.h:5:
  In file included from /home/edgeai/downstream/lib/python3.12/site-packages/torch/include/ATen/CPUGeneratorImpl.h:4:
  In file included from /home/edgeai/downstream/lib/python3.12/site-packages/torch/include/ATen/core/Generator.h:19:
  In file included from /home/edgeai/downstream/lib/python3.12/site-packages/torch/include/c10/core/GeneratorImpl.h:9:
  In file included from /home/edgeai/downstream/lib/python3.12/site-packages/torch/include/c10/core/TensorImpl.h:12:
  In file included from /home/edgeai/downstream/lib/python3.12/site-packages/torch/include/c10/core/ScalarType.h:4:
  In file included from /home/edgeai/downstream/lib/python3.12/site-packages/torch/include/c10/util/BFloat16.h:2:
  In file included from /home/edgeai/downstream/lib/python3.12/site-packages/torch/include/torch/headeronly/util/BFloat16.h:22:
  In file included from /home/edgeai/downstream/include/sycl/sycl.hpp:49:
  In file included from /home/edgeai/downstream/include/sycl/detail/core.hpp:23:
  In file included from /home/edgeai/downstream/include/sycl/queue.hpp:18:
  In file included from /home/edgeai/downstream/include/sycl/detail/cg_types.hpp:23:
  /home/edgeai/downstream/include/sycl/nd_item.hpp:212:33: warning: 'get_offset' is deprecated: offsets are deprecated in SYCL 2020 [-Wdeprecated-declarations]
    212 |                                 get_offset());
        |                                 ^
  /home/edgeai/downstream/include/sycl/nd_item.hpp:201:3: note: 'get_offset' has been explicitly marked deprecated here
    201 |   __SYCL2020_DEPRECATED("offsets are deprecated in SYCL 2020")
        |   ^
  /home/edgeai/downstream/include/sycl/detail/defines_elementary.hpp:62:40: note: expanded from macro '__SYCL2020_DEPRECATED'
     62 | #define __SYCL2020_DEPRECATED(message) __SYCL_DEPRECATED(message)
        |                                        ^
  /home/edgeai/downstream/include/sycl/detail/defines_elementary.hpp:53:38: note: expanded from macro '__SYCL_DEPRECATED'
     53 | #define __SYCL_DEPRECATED(message) [[deprecated(message)]]
        |                                      ^
  In file included from /home/edgeai/esimd_learning/csrc/xpu/esimd_kernel.sycl:1:
  In file included from /home/edgeai/downstream/lib/python3.12/site-packages/torch/include/ATen/ATen.h:8:
  In file included from /home/edgeai/downstream/lib/python3.12/site-packages/torch/include/ATen/Context.h:5:
  In file included from /home/edgeai/downstream/lib/python3.12/site-packages/torch/include/ATen/CPUGeneratorImpl.h:4:
  In file included from /home/edgeai/downstream/lib/python3.12/site-packages/torch/include/ATen/core/Generator.h:19:
  In file included from /home/edgeai/downstream/lib/python3.12/site-packages/torch/include/c10/core/GeneratorImpl.h:9:
  In file included from /home/edgeai/downstream/lib/python3.12/site-packages/torch/include/c10/core/TensorImpl.h:12:
  In file included from /home/edgeai/downstream/lib/python3.12/site-packages/torch/include/c10/core/ScalarType.h:4:
  In file included from /home/edgeai/downstream/lib/python3.12/site-packages/torch/include/c10/util/BFloat16.h:2:
  In file included from /home/edgeai/downstream/lib/python3.12/site-packages/torch/include/torch/headeronly/util/BFloat16.h:22:
  In file included from /home/edgeai/downstream/include/sycl/sycl.hpp:49:
  In file included from /home/edgeai/downstream/include/sycl/detail/core.hpp:23:
  In file included from /home/edgeai/downstream/include/sycl/queue.hpp:36:
  /home/edgeai/downstream/include/sycl/handler.hpp:653:71: warning: 'local' is deprecated: use `local_accessor` instead [-Wdeprecated-declarations]
    653 |                     accessor<DataT, Dims, AccessMode, access::target::local,
        |                                                                       ^
  /home/edgeai/downstream/include/sycl/access/access.hpp:25:9: note: 'local' has been explicitly marked deprecated here
     25 |   local __SYCL2020_DEPRECATED("use `local_accessor` instead") = 2016,
        |         ^
  /home/edgeai/downstream/include/sycl/detail/defines_elementary.hpp:62:40: note: expanded from macro '__SYCL2020_DEPRECATED'
     62 | #define __SYCL2020_DEPRECATED(message) __SYCL_DEPRECATED(message)
        |                                        ^
  /home/edgeai/downstream/include/sycl/detail/defines_elementary.hpp:53:38: note: expanded from macro '__SYCL_DEPRECATED'
     53 | #define __SYCL_DEPRECATED(message) [[deprecated(message)]]
        |                                      ^
  In file included from /home/edgeai/esimd_learning/csrc/xpu/esimd_kernel.sycl:1:
  In file included from /home/edgeai/downstream/lib/python3.12/site-packages/torch/include/ATen/ATen.h:8:
  In file included from /home/edgeai/downstream/lib/python3.12/site-packages/torch/include/ATen/Context.h:5:
  In file included from /home/edgeai/downstream/lib/python3.12/site-packages/torch/include/ATen/CPUGeneratorImpl.h:4:
  In file included from /home/edgeai/downstream/lib/python3.12/site-packages/torch/include/ATen/core/Generator.h:19:
  In file included from /home/edgeai/downstream/lib/python3.12/site-packages/torch/include/c10/core/GeneratorImpl.h:9:
  In file included from /home/edgeai/downstream/lib/python3.12/site-packages/torch/include/c10/core/TensorImpl.h:12:
  In file included from /home/edgeai/downstream/lib/python3.12/site-packages/torch/include/c10/core/ScalarType.h:4:
  In file included from /home/edgeai/downstream/lib/python3.12/site-packages/torch/include/c10/util/BFloat16.h:2:
  In file included from /home/edgeai/downstream/lib/python3.12/site-packages/torch/include/torch/headeronly/util/BFloat16.h:22:
  In file included from /home/edgeai/downstream/include/sycl/sycl.hpp:49:
  In file included from /home/edgeai/downstream/include/sycl/detail/core.hpp:23:
  In file included from /home/edgeai/downstream/include/sycl/queue.hpp:36:
  /home/edgeai/downstream/include/sycl/handler.hpp:677:61: warning: 'local' is deprecated: use `local_accessor` instead [-Wdeprecated-declarations]
    677 |   typename std::enable_if_t<AccessTarget != access::target::local, void>
        |                                                             ^
  /home/edgeai/downstream/include/sycl/access/access.hpp:25:9: note: 'local' has been explicitly marked deprecated here
     25 |   local __SYCL2020_DEPRECATED("use `local_accessor` instead") = 2016,
        |         ^
  /home/edgeai/downstream/include/sycl/detail/defines_elementary.hpp:62:40: note: expanded from macro '__SYCL2020_DEPRECATED'
     62 | #define __SYCL2020_DEPRECATED(message) __SYCL_DEPRECATED(message)
        |                                        ^
  /home/edgeai/downstream/include/sycl/detail/defines_elementary.hpp:53:38: note: expanded from macro '__SYCL_DEPRECATED'
     53 | #define __SYCL_DEPRECATED(message) [[deprecated(message)]]
        |                                      ^
  In file included from /home/edgeai/esimd_learning/csrc/xpu/esimd_kernel.sycl:1:
  In file included from /home/edgeai/downstream/lib/python3.12/site-packages/torch/include/ATen/ATen.h:8:
  In file included from /home/edgeai/downstream/lib/python3.12/site-packages/torch/include/ATen/Context.h:5:
  In file included from /home/edgeai/downstream/lib/python3.12/site-packages/torch/include/ATen/CPUGeneratorImpl.h:4:
  In file included from /home/edgeai/downstream/lib/python3.12/site-packages/torch/include/ATen/core/Generator.h:19:
  In file included from /home/edgeai/downstream/lib/python3.12/site-packages/torch/include/c10/core/GeneratorImpl.h:9:
  In file included from /home/edgeai/downstream/lib/python3.12/site-packages/torch/include/c10/core/TensorImpl.h:12:
  In file included from /home/edgeai/downstream/lib/python3.12/site-packages/torch/include/c10/core/ScalarType.h:4:
  In file included from /home/edgeai/downstream/lib/python3.12/site-packages/torch/include/c10/util/BFloat16.h:2:
  In file included from /home/edgeai/downstream/lib/python3.12/site-packages/torch/include/torch/headeronly/util/BFloat16.h:22:
  In file included from /home/edgeai/downstream/include/sycl/sycl.hpp:49:
  In file included from /home/edgeai/downstream/include/sycl/detail/core.hpp:23:
  In file included from /home/edgeai/downstream/include/sycl/queue.hpp:36:
  /home/edgeai/downstream/include/sycl/handler.hpp:646:45: warning: 'local' is deprecated: use `local_accessor` instead [-Wdeprecated-declarations]
    646 |            static_cast<int>(access::target::local), ArgIndex);
        |                                             ^
  /home/edgeai/downstream/include/sycl/access/access.hpp:25:9: note: 'local' has been explicitly marked deprecated here
     25 |   local __SYCL2020_DEPRECATED("use `local_accessor` instead") = 2016,
        |         ^
  /home/edgeai/downstream/include/sycl/detail/defines_elementary.hpp:62:40: note: expanded from macro '__SYCL2020_DEPRECATED'
     62 | #define __SYCL2020_DEPRECATED(message) __SYCL_DEPRECATED(message)
        |                                        ^
  /home/edgeai/downstream/include/sycl/detail/defines_elementary.hpp:53:38: note: expanded from macro '__SYCL_DEPRECATED'
     53 | #define __SYCL_DEPRECATED(message) [[deprecated(message)]]
        |                                      ^
  In file included from /home/edgeai/esimd_learning/csrc/xpu/esimd_kernel.sycl:1:
  In file included from /home/edgeai/downstream/lib/python3.12/site-packages/torch/include/ATen/ATen.h:8:
  In file included from /home/edgeai/downstream/lib/python3.12/site-packages/torch/include/ATen/Context.h:5:
  In file included from /home/edgeai/downstream/lib/python3.12/site-packages/torch/include/ATen/CPUGeneratorImpl.h:4:
  In file included from /home/edgeai/downstream/lib/python3.12/site-packages/torch/include/ATen/core/Generator.h:19:
  In file included from /home/edgeai/downstream/lib/python3.12/site-packages/torch/include/c10/core/GeneratorImpl.h:9:
  In file included from /home/edgeai/downstream/lib/python3.12/site-packages/torch/include/c10/core/TensorImpl.h:12:
  In file included from /home/edgeai/downstream/lib/python3.12/site-packages/torch/include/c10/core/ScalarType.h:4:
  In file included from /home/edgeai/downstream/lib/python3.12/site-packages/torch/include/c10/util/BFloat16.h:2:
  In file included from /home/edgeai/downstream/lib/python3.12/site-packages/torch/include/torch/headeronly/util/BFloat16.h:22:
  In file included from /home/edgeai/downstream/include/sycl/sycl.hpp:49:
  In file included from /home/edgeai/downstream/include/sycl/detail/core.hpp:23:
  In file included from /home/edgeai/downstream/include/sycl/queue.hpp:36:
  /home/edgeai/downstream/include/sycl/handler.hpp:1069:44: warning: 'constant_buffer' is deprecated: use 'target::device' instead [-Wdeprecated-declarations]
   1069 |            AccessTarget == access::target::constant_buffer;
        |                                            ^
  /home/edgeai/downstream/include/sycl/access/access.hpp:24:19: note: 'constant_buffer' has been explicitly marked deprecated here
     24 |   constant_buffer __SYCL2020_DEPRECATED("use 'target::device' instead") = 2015,
        |                   ^
  /home/edgeai/downstream/include/sycl/detail/defines_elementary.hpp:62:40: note: expanded from macro '__SYCL2020_DEPRECATED'
     62 | #define __SYCL2020_DEPRECATED(message) __SYCL_DEPRECATED(message)
        |                                        ^
  /home/edgeai/downstream/include/sycl/detail/defines_elementary.hpp:53:38: note: expanded from macro '__SYCL_DEPRECATED'
     53 | #define __SYCL_DEPRECATED(message) [[deprecated(message)]]
        |                                      ^
  In file included from /home/edgeai/esimd_learning/csrc/xpu/esimd_kernel.sycl:1:
  In file included from /home/edgeai/downstream/lib/python3.12/site-packages/torch/include/ATen/ATen.h:8:
  In file included from /home/edgeai/downstream/lib/python3.12/site-packages/torch/include/ATen/Context.h:5:
  In file included from /home/edgeai/downstream/lib/python3.12/site-packages/torch/include/ATen/CPUGeneratorImpl.h:4:
  In file included from /home/edgeai/downstream/lib/python3.12/site-packages/torch/include/ATen/core/Generator.h:19:
  In file included from /home/edgeai/downstream/lib/python3.12/site-packages/torch/include/c10/core/GeneratorImpl.h:9:
  In file included from /home/edgeai/downstream/lib/python3.12/site-packages/torch/include/c10/core/TensorImpl.h:12:
  In file included from /home/edgeai/downstream/lib/python3.12/site-packages/torch/include/c10/core/ScalarType.h:4:
  In file included from /home/edgeai/downstream/lib/python3.12/site-packages/torch/include/c10/util/BFloat16.h:2:
  In file included from /home/edgeai/downstream/lib/python3.12/site-packages/torch/include/torch/headeronly/util/BFloat16.h:22:
  In file included from /home/edgeai/downstream/include/sycl/sycl.hpp:49:
  In file included from /home/edgeai/downstream/include/sycl/detail/core.hpp:23:
  In file included from /home/edgeai/downstream/include/sycl/queue.hpp:36:
  /home/edgeai/downstream/include/sycl/handler.hpp:3536:33: warning: 'local' is deprecated: use `local_accessor` instead [-Wdeprecated-declarations]
   3536 |           (AccTarget == target::local))
        |                                 ^
  /home/edgeai/downstream/include/sycl/access/access.hpp:25:9: note: 'local' has been explicitly marked deprecated here
     25 |   local __SYCL2020_DEPRECATED("use `local_accessor` instead") = 2016,
        |         ^
  /home/edgeai/downstream/include/sycl/detail/defines_elementary.hpp:62:40: note: expanded from macro '__SYCL2020_DEPRECATED'
     62 | #define __SYCL2020_DEPRECATED(message) __SYCL_DEPRECATED(message)
        |                                        ^
  /home/edgeai/downstream/include/sycl/detail/defines_elementary.hpp:53:38: note: expanded from macro '__SYCL_DEPRECATED'
     53 | #define __SYCL_DEPRECATED(message) [[deprecated(message)]]
        |                                      ^
  In file included from /home/edgeai/esimd_learning/csrc/xpu/esimd_kernel.sycl:1:
  In file included from /home/edgeai/downstream/lib/python3.12/site-packages/torch/include/ATen/ATen.h:8:
  In file included from /home/edgeai/downstream/lib/python3.12/site-packages/torch/include/ATen/Context.h:5:
  In file included from /home/edgeai/downstream/lib/python3.12/site-packages/torch/include/ATen/CPUGeneratorImpl.h:4:
  In file included from /home/edgeai/downstream/lib/python3.12/site-packages/torch/include/ATen/core/Generator.h:19:
  In file included from /home/edgeai/downstream/lib/python3.12/site-packages/torch/include/c10/core/GeneratorImpl.h:9:
  In file included from /home/edgeai/downstream/lib/python3.12/site-packages/torch/include/c10/core/TensorImpl.h:12:
  In file included from /home/edgeai/downstream/lib/python3.12/site-packages/torch/include/c10/core/ScalarType.h:4:
  In file included from /home/edgeai/downstream/lib/python3.12/site-packages/torch/include/c10/util/BFloat16.h:2:
  In file included from /home/edgeai/downstream/lib/python3.12/site-packages/torch/include/torch/headeronly/util/BFloat16.h:22:
  In file included from /home/edgeai/downstream/include/sycl/sycl.hpp:51:
  In file included from /home/edgeai/downstream/include/sycl/accessor_image.hpp:4:
  In file included from /home/edgeai/downstream/include/sycl/detail/image_accessor_util.hpp:23:
  /home/edgeai/downstream/include/sycl/image.hpp:108:51: warning: 'byte' is deprecated: use std::byte instead [-Wdeprecated-declarations]
    108 | using image_allocator = detail::aligned_allocator<byte>;
        |                                                   ^
  /home/edgeai/downstream/include/sycl/aliases.hpp:92:12: note: 'byte' has been explicitly marked deprecated here
     92 | using byte __SYCL2020_DEPRECATED("use std::byte instead") = std::uint8_t;
        |            ^
  /home/edgeai/downstream/include/sycl/detail/defines_elementary.hpp:62:40: note: expanded from macro '__SYCL2020_DEPRECATED'
     62 | #define __SYCL2020_DEPRECATED(message) __SYCL_DEPRECATED(message)
        |                                        ^
  /home/edgeai/downstream/include/sycl/detail/defines_elementary.hpp:53:38: note: expanded from macro '__SYCL_DEPRECATED'
     53 | #define __SYCL_DEPRECATED(message) [[deprecated(message)]]
        |                                      ^
  In file included from /home/edgeai/esimd_learning/csrc/xpu/esimd_kernel.sycl:1:
  In file included from /home/edgeai/downstream/lib/python3.12/site-packages/torch/include/ATen/ATen.h:8:
  In file included from /home/edgeai/downstream/lib/python3.12/site-packages/torch/include/ATen/Context.h:5:
  In file included from /home/edgeai/downstream/lib/python3.12/site-packages/torch/include/ATen/CPUGeneratorImpl.h:4:
  In file included from /home/edgeai/downstream/lib/python3.12/site-packages/torch/include/ATen/core/Generator.h:19:
  In file included from /home/edgeai/downstream/lib/python3.12/site-packages/torch/include/c10/core/GeneratorImpl.h:9:
  In file included from /home/edgeai/downstream/lib/python3.12/site-packages/torch/include/c10/core/TensorImpl.h:12:
  In file included from /home/edgeai/downstream/lib/python3.12/site-packages/torch/include/c10/core/ScalarType.h:4:
  In file included from /home/edgeai/downstream/lib/python3.12/site-packages/torch/include/c10/util/BFloat16.h:2:
  In file included from /home/edgeai/downstream/lib/python3.12/site-packages/torch/include/torch/headeronly/util/BFloat16.h:22:
  In file included from /home/edgeai/downstream/include/sycl/sycl.hpp:51:
  In file included from /home/edgeai/downstream/include/sycl/accessor_image.hpp:4:
  In file included from /home/edgeai/downstream/include/sycl/detail/image_accessor_util.hpp:23:
  /home/edgeai/downstream/include/sycl/image.hpp:455:71: warning: 'byte' is deprecated: use std::byte instead [-Wdeprecated-declarations]
    455 |                         detail::SYCLMemObjAllocatorHolder<AllocatorT, byte>>(),
        |                                                                       ^
  /home/edgeai/downstream/include/sycl/aliases.hpp:92:12: note: 'byte' has been explicitly marked deprecated here
     92 | using byte __SYCL2020_DEPRECATED("use std::byte instead") = std::uint8_t;
        |            ^
  /home/edgeai/downstream/include/sycl/detail/defines_elementary.hpp:62:40: note: expanded from macro '__SYCL2020_DEPRECATED'
     62 | #define __SYCL2020_DEPRECATED(message) __SYCL_DEPRECATED(message)
        |                                        ^
  /home/edgeai/downstream/include/sycl/detail/defines_elementary.hpp:53:38: note: expanded from macro '__SYCL_DEPRECATED'
     53 | #define __SYCL_DEPRECATED(message) [[deprecated(message)]]
        |                                      ^
  In file included from /home/edgeai/esimd_learning/csrc/xpu/esimd_kernel.sycl:1:
  In file included from /home/edgeai/downstream/lib/python3.12/site-packages/torch/include/ATen/ATen.h:8:
  In file included from /home/edgeai/downstream/lib/python3.12/site-packages/torch/include/ATen/Context.h:5:
  In file included from /home/edgeai/downstream/lib/python3.12/site-packages/torch/include/ATen/CPUGeneratorImpl.h:4:
  In file included from /home/edgeai/downstream/lib/python3.12/site-packages/torch/include/ATen/core/Generator.h:19:
  In file included from /home/edgeai/downstream/lib/python3.12/site-packages/torch/include/c10/core/GeneratorImpl.h:9:
  In file included from /home/edgeai/downstream/lib/python3.12/site-packages/torch/include/c10/core/TensorImpl.h:12:
  In file included from /home/edgeai/downstream/lib/python3.12/site-packages/torch/include/c10/core/ScalarType.h:4:
  In file included from /home/edgeai/downstream/lib/python3.12/site-packages/torch/include/c10/util/BFloat16.h:2:
  In file included from /home/edgeai/downstream/lib/python3.12/site-packages/torch/include/torch/headeronly/util/BFloat16.h:22:
  In file included from /home/edgeai/downstream/include/sycl/sycl.hpp:51:
  In file included from /home/edgeai/downstream/include/sycl/accessor_image.hpp:4:
  In file included from /home/edgeai/downstream/include/sycl/detail/image_accessor_util.hpp:23:
  /home/edgeai/downstream/include/sycl/image.hpp:464:63: warning: 'byte' is deprecated: use std::byte instead [-Wdeprecated-declarations]
    464 |                 detail::SYCLMemObjAllocatorHolder<AllocatorT, byte>>(Allocator),
        |                                                               ^
  /home/edgeai/downstream/include/sycl/aliases.hpp:92:12: note: 'byte' has been explicitly marked deprecated here
     92 | using byte __SYCL2020_DEPRECATED("use std::byte instead") = std::uint8_t;
        |            ^
  /home/edgeai/downstream/include/sycl/detail/defines_elementary.hpp:62:40: note: expanded from macro '__SYCL2020_DEPRECATED'
     62 | #define __SYCL2020_DEPRECATED(message) __SYCL_DEPRECATED(message)
        |                                        ^
  /home/edgeai/downstream/include/sycl/detail/defines_elementary.hpp:53:38: note: expanded from macro '__SYCL_DEPRECATED'
     53 | #define __SYCL_DEPRECATED(message) [[deprecated(message)]]
        |                                      ^
  In file included from /home/edgeai/esimd_learning/csrc/xpu/esimd_kernel.sycl:1:
  In file included from /home/edgeai/downstream/lib/python3.12/site-packages/torch/include/ATen/ATen.h:8:
  In file included from /home/edgeai/downstream/lib/python3.12/site-packages/torch/include/ATen/Context.h:5:
  In file included from /home/edgeai/downstream/lib/python3.12/site-packages/torch/include/ATen/CPUGeneratorImpl.h:4:
  In file included from /home/edgeai/downstream/lib/python3.12/site-packages/torch/include/ATen/core/Generator.h:19:
  In file included from /home/edgeai/downstream/lib/python3.12/site-packages/torch/include/c10/core/GeneratorImpl.h:9:
  In file included from /home/edgeai/downstream/lib/python3.12/site-packages/torch/include/c10/core/TensorImpl.h:12:
  In file included from /home/edgeai/downstream/lib/python3.12/site-packages/torch/include/c10/core/ScalarType.h:4:
  In file included from /home/edgeai/downstream/lib/python3.12/site-packages/torch/include/c10/util/BFloat16.h:2:
  In file included from /home/edgeai/downstream/lib/python3.12/site-packages/torch/include/torch/headeronly/util/BFloat16.h:22:
  In file included from /home/edgeai/downstream/include/sycl/sycl.hpp:51:
  In file included from /home/edgeai/downstream/include/sycl/accessor_image.hpp:4:
  In file included from /home/edgeai/downstream/include/sycl/detail/image_accessor_util.hpp:23:
  /home/edgeai/downstream/include/sycl/image.hpp:476:71: warning: 'byte' is deprecated: use std::byte instead [-Wdeprecated-declarations]
    476 |                         detail::SYCLMemObjAllocatorHolder<AllocatorT, byte>>(),
        |                                                                       ^
  /home/edgeai/downstream/include/sycl/aliases.hpp:92:12: note: 'byte' has been explicitly marked deprecated here
     92 | using byte __SYCL2020_DEPRECATED("use std::byte instead") = std::uint8_t;
        |            ^
  /home/edgeai/downstream/include/sycl/detail/defines_elementary.hpp:62:40: note: expanded from macro '__SYCL2020_DEPRECATED'
     62 | #define __SYCL2020_DEPRECATED(message) __SYCL_DEPRECATED(message)
        |                                        ^
  /home/edgeai/downstream/include/sycl/detail/defines_elementary.hpp:53:38: note: expanded from macro '__SYCL_DEPRECATED'
     53 | #define __SYCL_DEPRECATED(message) [[deprecated(message)]]
        |                                      ^
  In file included from /home/edgeai/esimd_learning/csrc/xpu/esimd_kernel.sycl:1:
  In file included from /home/edgeai/downstream/lib/python3.12/site-packages/torch/include/ATen/ATen.h:8:
  In file included from /home/edgeai/downstream/lib/python3.12/site-packages/torch/include/ATen/Context.h:5:
  In file included from /home/edgeai/downstream/lib/python3.12/site-packages/torch/include/ATen/CPUGeneratorImpl.h:4:
  In file included from /home/edgeai/downstream/lib/python3.12/site-packages/torch/include/ATen/core/Generator.h:19:
  In file included from /home/edgeai/downstream/lib/python3.12/site-packages/torch/include/c10/core/GeneratorImpl.h:9:
  In file included from /home/edgeai/downstream/lib/python3.12/site-packages/torch/include/c10/core/TensorImpl.h:12:
  In file included from /home/edgeai/downstream/lib/python3.12/site-packages/torch/include/c10/core/ScalarType.h:4:
  In file included from /home/edgeai/downstream/lib/python3.12/site-packages/torch/include/c10/util/BFloat16.h:2:
  In file included from /home/edgeai/downstream/lib/python3.12/site-packages/torch/include/torch/headeronly/util/BFloat16.h:22:
  In file included from /home/edgeai/downstream/include/sycl/sycl.hpp:51:
  In file included from /home/edgeai/downstream/include/sycl/accessor_image.hpp:4:
  In file included from /home/edgeai/downstream/include/sycl/detail/image_accessor_util.hpp:23:
  /home/edgeai/downstream/include/sycl/image.hpp:489:63: warning: 'byte' is deprecated: use std::byte instead [-Wdeprecated-declarations]
    489 |                 detail::SYCLMemObjAllocatorHolder<AllocatorT, byte>>(Allocator),
        |                                                               ^
  /home/edgeai/downstream/include/sycl/aliases.hpp:92:12: note: 'byte' has been explicitly marked deprecated here
     92 | using byte __SYCL2020_DEPRECATED("use std::byte instead") = std::uint8_t;
        |            ^
  /home/edgeai/downstream/include/sycl/detail/defines_elementary.hpp:62:40: note: expanded from macro '__SYCL2020_DEPRECATED'
     62 | #define __SYCL2020_DEPRECATED(message) __SYCL_DEPRECATED(message)
        |                                        ^
  /home/edgeai/downstream/include/sycl/detail/defines_elementary.hpp:53:38: note: expanded from macro '__SYCL_DEPRECATED'
     53 | #define __SYCL_DEPRECATED(message) [[deprecated(message)]]
        |                                      ^
  In file included from /home/edgeai/esimd_learning/csrc/xpu/esimd_kernel.sycl:1:
  In file included from /home/edgeai/downstream/lib/python3.12/site-packages/torch/include/ATen/ATen.h:8:
  In file included from /home/edgeai/downstream/lib/python3.12/site-packages/torch/include/ATen/Context.h:5:
  In file included from /home/edgeai/downstream/lib/python3.12/site-packages/torch/include/ATen/CPUGeneratorImpl.h:4:
  In file included from /home/edgeai/downstream/lib/python3.12/site-packages/torch/include/ATen/core/Generator.h:19:
  In file included from /home/edgeai/downstream/lib/python3.12/site-packages/torch/include/c10/core/GeneratorImpl.h:9:
  In file included from /home/edgeai/downstream/lib/python3.12/site-packages/torch/include/c10/core/TensorImpl.h:12:
  In file included from /home/edgeai/downstream/lib/python3.12/site-packages/torch/include/c10/core/ScalarType.h:4:
  In file included from /home/edgeai/downstream/lib/python3.12/site-packages/torch/include/c10/util/BFloat16.h:2:
  In file included from /home/edgeai/downstream/lib/python3.12/site-packages/torch/include/torch/headeronly/util/BFloat16.h:22:
  In file included from /home/edgeai/downstream/include/sycl/sycl.hpp:51:
  In file included from /home/edgeai/downstream/include/sycl/accessor_image.hpp:4:
  In file included from /home/edgeai/downstream/include/sycl/detail/image_accessor_util.hpp:23:
  /home/edgeai/downstream/include/sycl/image.hpp:497:71: warning: 'byte' is deprecated: use std::byte instead [-Wdeprecated-declarations]
    497 |                         detail::SYCLMemObjAllocatorHolder<AllocatorT, byte>>(),
        |                                                                       ^
  /home/edgeai/downstream/include/sycl/aliases.hpp:92:12: note: 'byte' has been explicitly marked deprecated here
     92 | using byte __SYCL2020_DEPRECATED("use std::byte instead") = std::uint8_t;
        |            ^
  /home/edgeai/downstream/include/sycl/detail/defines_elementary.hpp:62:40: note: expanded from macro '__SYCL2020_DEPRECATED'
     62 | #define __SYCL2020_DEPRECATED(message) __SYCL_DEPRECATED(message)
        |                                        ^
  /home/edgeai/downstream/include/sycl/detail/defines_elementary.hpp:53:38: note: expanded from macro '__SYCL_DEPRECATED'
     53 | #define __SYCL_DEPRECATED(message) [[deprecated(message)]]
        |                                      ^
  In file included from /home/edgeai/esimd_learning/csrc/xpu/esimd_kernel.sycl:1:
  In file included from /home/edgeai/downstream/lib/python3.12/site-packages/torch/include/ATen/ATen.h:8:
  In file included from /home/edgeai/downstream/lib/python3.12/site-packages/torch/include/ATen/Context.h:5:
  In file included from /home/edgeai/downstream/lib/python3.12/site-packages/torch/include/ATen/CPUGeneratorImpl.h:4:
  In file included from /home/edgeai/downstream/lib/python3.12/site-packages/torch/include/ATen/core/Generator.h:19:
  In file included from /home/edgeai/downstream/lib/python3.12/site-packages/torch/include/c10/core/GeneratorImpl.h:9:
  In file included from /home/edgeai/downstream/lib/python3.12/site-packages/torch/include/c10/core/TensorImpl.h:12:
  In file included from /home/edgeai/downstream/lib/python3.12/site-packages/torch/include/c10/core/ScalarType.h:4:
  In file included from /home/edgeai/downstream/lib/python3.12/site-packages/torch/include/c10/util/BFloat16.h:2:
  In file included from /home/edgeai/downstream/lib/python3.12/site-packages/torch/include/torch/headeronly/util/BFloat16.h:22:
  In file included from /home/edgeai/downstream/include/sycl/sycl.hpp:51:
  In file included from /home/edgeai/downstream/include/sycl/accessor_image.hpp:4:
  In file included from /home/edgeai/downstream/include/sycl/detail/image_accessor_util.hpp:23:
  /home/edgeai/downstream/include/sycl/image.hpp:506:63: warning: 'byte' is deprecated: use std::byte instead [-Wdeprecated-declarations]
    506 |                 detail::SYCLMemObjAllocatorHolder<AllocatorT, byte>>(Allocator),
        |                                                               ^
  /home/edgeai/downstream/include/sycl/aliases.hpp:92:12: note: 'byte' has been explicitly marked deprecated here
     92 | using byte __SYCL2020_DEPRECATED("use std::byte instead") = std::uint8_t;
        |            ^
  /home/edgeai/downstream/include/sycl/detail/defines_elementary.hpp:62:40: note: expanded from macro '__SYCL2020_DEPRECATED'
     62 | #define __SYCL2020_DEPRECATED(message) __SYCL_DEPRECATED(message)
        |                                        ^
  /home/edgeai/downstream/include/sycl/detail/defines_elementary.hpp:53:38: note: expanded from macro '__SYCL_DEPRECATED'
     53 | #define __SYCL_DEPRECATED(message) [[deprecated(message)]]
        |                                      ^
  In file included from /home/edgeai/esimd_learning/csrc/xpu/esimd_kernel.sycl:1:
  In file included from /home/edgeai/downstream/lib/python3.12/site-packages/torch/include/ATen/ATen.h:8:
  In file included from /home/edgeai/downstream/lib/python3.12/site-packages/torch/include/ATen/Context.h:5:
  In file included from /home/edgeai/downstream/lib/python3.12/site-packages/torch/include/ATen/CPUGeneratorImpl.h:4:
  In file included from /home/edgeai/downstream/lib/python3.12/site-packages/torch/include/ATen/core/Generator.h:19:
  In file included from /home/edgeai/downstream/lib/python3.12/site-packages/torch/include/c10/core/GeneratorImpl.h:9:
  In file included from /home/edgeai/downstream/lib/python3.12/site-packages/torch/include/c10/core/TensorImpl.h:12:
  In file included from /home/edgeai/downstream/lib/python3.12/site-packages/torch/include/c10/core/ScalarType.h:4:
  In file included from /home/edgeai/downstream/lib/python3.12/site-packages/torch/include/c10/util/BFloat16.h:2:
  In file included from /home/edgeai/downstream/lib/python3.12/site-packages/torch/include/torch/headeronly/util/BFloat16.h:22:
  In file included from /home/edgeai/downstream/include/sycl/sycl.hpp:51:
  In file included from /home/edgeai/downstream/include/sycl/accessor_image.hpp:4:
  In file included from /home/edgeai/downstream/include/sycl/detail/image_accessor_util.hpp:23:
  /home/edgeai/downstream/include/sycl/image.hpp:515:71: warning: 'byte' is deprecated: use std::byte instead [-Wdeprecated-declarations]
    515 |                         detail::SYCLMemObjAllocatorHolder<AllocatorT, byte>>(),
        |                                                                       ^
  /home/edgeai/downstream/include/sycl/aliases.hpp:92:12: note: 'byte' has been explicitly marked deprecated here
     92 | using byte __SYCL2020_DEPRECATED("use std::byte instead") = std::uint8_t;
        |            ^
  /home/edgeai/downstream/include/sycl/detail/defines_elementary.hpp:62:40: note: expanded from macro '__SYCL2020_DEPRECATED'
     62 | #define __SYCL2020_DEPRECATED(message) __SYCL_DEPRECATED(message)
        |                                        ^
  /home/edgeai/downstream/include/sycl/detail/defines_elementary.hpp:53:38: note: expanded from macro '__SYCL_DEPRECATED'
     53 | #define __SYCL_DEPRECATED(message) [[deprecated(message)]]
        |                                      ^
  In file included from /home/edgeai/esimd_learning/csrc/xpu/esimd_kernel.sycl:1:
  In file included from /home/edgeai/downstream/lib/python3.12/site-packages/torch/include/ATen/ATen.h:8:
  In file included from /home/edgeai/downstream/lib/python3.12/site-packages/torch/include/ATen/Context.h:5:
  In file included from /home/edgeai/downstream/lib/python3.12/site-packages/torch/include/ATen/CPUGeneratorImpl.h:4:
  In file included from /home/edgeai/downstream/lib/python3.12/site-packages/torch/include/ATen/core/Generator.h:19:
  In file included from /home/edgeai/downstream/lib/python3.12/site-packages/torch/include/c10/core/GeneratorImpl.h:9:
  In file included from /home/edgeai/downstream/lib/python3.12/site-packages/torch/include/c10/core/TensorImpl.h:12:
  In file included from /home/edgeai/downstream/lib/python3.12/site-packages/torch/include/c10/core/ScalarType.h:4:
  In file included from /home/edgeai/downstream/lib/python3.12/site-packages/torch/include/c10/util/BFloat16.h:2:
  In file included from /home/edgeai/downstream/lib/python3.12/site-packages/torch/include/torch/headeronly/util/BFloat16.h:22:
  In file included from /home/edgeai/downstream/include/sycl/sycl.hpp:51:
  In file included from /home/edgeai/downstream/include/sycl/accessor_image.hpp:4:
  In file included from /home/edgeai/downstream/include/sycl/detail/image_accessor_util.hpp:23:
  /home/edgeai/downstream/include/sycl/image.hpp:524:63: warning: 'byte' is deprecated: use std::byte instead [-Wdeprecated-declarations]
    524 |                 detail::SYCLMemObjAllocatorHolder<AllocatorT, byte>>(Allocator),
        |                                                               ^
  /home/edgeai/downstream/include/sycl/aliases.hpp:92:12: note: 'byte' has been explicitly marked deprecated here
     92 | using byte __SYCL2020_DEPRECATED("use std::byte instead") = std::uint8_t;
        |            ^
  /home/edgeai/downstream/include/sycl/detail/defines_elementary.hpp:62:40: note: expanded from macro '__SYCL2020_DEPRECATED'
     62 | #define __SYCL2020_DEPRECATED(message) __SYCL_DEPRECATED(message)
        |                                        ^
  /home/edgeai/downstream/include/sycl/detail/defines_elementary.hpp:53:38: note: expanded from macro '__SYCL_DEPRECATED'
     53 | #define __SYCL_DEPRECATED(message) [[deprecated(message)]]
        |                                      ^
  In file included from /home/edgeai/esimd_learning/csrc/xpu/esimd_kernel.sycl:1:
  In file included from /home/edgeai/downstream/lib/python3.12/site-packages/torch/include/ATen/ATen.h:8:
  In file included from /home/edgeai/downstream/lib/python3.12/site-packages/torch/include/ATen/Context.h:5:
  In file included from /home/edgeai/downstream/lib/python3.12/site-packages/torch/include/ATen/CPUGeneratorImpl.h:4:
  In file included from /home/edgeai/downstream/lib/python3.12/site-packages/torch/include/ATen/core/Generator.h:19:
  In file included from /home/edgeai/downstream/lib/python3.12/site-packages/torch/include/c10/core/GeneratorImpl.h:9:
  In file included from /home/edgeai/downstream/lib/python3.12/site-packages/torch/include/c10/core/TensorImpl.h:12:
  In file included from /home/edgeai/downstream/lib/python3.12/site-packages/torch/include/c10/core/ScalarType.h:4:
  In file included from /home/edgeai/downstream/lib/python3.12/site-packages/torch/include/c10/util/BFloat16.h:2:
  In file included from /home/edgeai/downstream/lib/python3.12/site-packages/torch/include/torch/headeronly/util/BFloat16.h:22:
  In file included from /home/edgeai/downstream/include/sycl/sycl.hpp:51:
  In file included from /home/edgeai/downstream/include/sycl/accessor_image.hpp:4:
  In file included from /home/edgeai/downstream/include/sycl/detail/image_accessor_util.hpp:23:
  /home/edgeai/downstream/include/sycl/image.hpp:537:71: warning: 'byte' is deprecated: use std::byte instead [-Wdeprecated-declarations]
    537 |                         detail::SYCLMemObjAllocatorHolder<AllocatorT, byte>>(),
        |                                                                       ^
  /home/edgeai/downstream/include/sycl/aliases.hpp:92:12: note: 'byte' has been explicitly marked deprecated here
     92 | using byte __SYCL2020_DEPRECATED("use std::byte instead") = std::uint8_t;
        |            ^
  /home/edgeai/downstream/include/sycl/detail/defines_elementary.hpp:62:40: note: expanded from macro '__SYCL2020_DEPRECATED'
     62 | #define __SYCL2020_DEPRECATED(message) __SYCL_DEPRECATED(message)
        |                                        ^
  /home/edgeai/downstream/include/sycl/detail/defines_elementary.hpp:53:38: note: expanded from macro '__SYCL_DEPRECATED'
     53 | #define __SYCL_DEPRECATED(message) [[deprecated(message)]]
        |                                      ^
  In file included from /home/edgeai/esimd_learning/csrc/xpu/esimd_kernel.sycl:1:
  In file included from /home/edgeai/downstream/lib/python3.12/site-packages/torch/include/ATen/ATen.h:8:
  In file included from /home/edgeai/downstream/lib/python3.12/site-packages/torch/include/ATen/Context.h:5:
  In file included from /home/edgeai/downstream/lib/python3.12/site-packages/torch/include/ATen/CPUGeneratorImpl.h:4:
  In file included from /home/edgeai/downstream/lib/python3.12/site-packages/torch/include/ATen/core/Generator.h:19:
  In file included from /home/edgeai/downstream/lib/python3.12/site-packages/torch/include/c10/core/GeneratorImpl.h:9:
  In file included from /home/edgeai/downstream/lib/python3.12/site-packages/torch/include/c10/core/TensorImpl.h:12:
  In file included from /home/edgeai/downstream/lib/python3.12/site-packages/torch/include/c10/core/ScalarType.h:4:
  In file included from /home/edgeai/downstream/lib/python3.12/site-packages/torch/include/c10/util/BFloat16.h:2:
  In file included from /home/edgeai/downstream/lib/python3.12/site-packages/torch/include/torch/headeronly/util/BFloat16.h:22:
  In file included from /home/edgeai/downstream/include/sycl/sycl.hpp:51:
  In file included from /home/edgeai/downstream/include/sycl/accessor_image.hpp:4:
  In file included from /home/edgeai/downstream/include/sycl/detail/image_accessor_util.hpp:23:
  /home/edgeai/downstream/include/sycl/image.hpp:550:63: warning: 'byte' is deprecated: use std::byte instead [-Wdeprecated-declarations]
    550 |                 detail::SYCLMemObjAllocatorHolder<AllocatorT, byte>>(Allocator),
        |                                                               ^
  /home/edgeai/downstream/include/sycl/aliases.hpp:92:12: note: 'byte' has been explicitly marked deprecated here
     92 | using byte __SYCL2020_DEPRECATED("use std::byte instead") = std::uint8_t;
        |            ^
  /home/edgeai/downstream/include/sycl/detail/defines_elementary.hpp:62:40: note: expanded from macro '__SYCL2020_DEPRECATED'
     62 | #define __SYCL2020_DEPRECATED(message) __SYCL_DEPRECATED(message)
        |                                        ^
  /home/edgeai/downstream/include/sycl/detail/defines_elementary.hpp:53:38: note: expanded from macro '__SYCL_DEPRECATED'
     53 | #define __SYCL_DEPRECATED(message) [[deprecated(message)]]
        |                                      ^
  In file included from /home/edgeai/esimd_learning/csrc/xpu/esimd_kernel.sycl:1:
  In file included from /home/edgeai/downstream/lib/python3.12/site-packages/torch/include/ATen/ATen.h:8:
  In file included from /home/edgeai/downstream/lib/python3.12/site-packages/torch/include/ATen/Context.h:5:
  In file included from /home/edgeai/downstream/lib/python3.12/site-packages/torch/include/ATen/CPUGeneratorImpl.h:4:
  In file included from /home/edgeai/downstream/lib/python3.12/site-packages/torch/include/ATen/core/Generator.h:19:
  In file included from /home/edgeai/downstream/lib/python3.12/site-packages/torch/include/c10/core/GeneratorImpl.h:9:
  In file included from /home/edgeai/downstream/lib/python3.12/site-packages/torch/include/c10/core/TensorImpl.h:12:
  In file included from /home/edgeai/downstream/lib/python3.12/site-packages/torch/include/c10/core/ScalarType.h:4:
  In file included from /home/edgeai/downstream/lib/python3.12/site-packages/torch/include/c10/util/BFloat16.h:2:
  In file included from /home/edgeai/downstream/lib/python3.12/site-packages/torch/include/torch/headeronly/util/BFloat16.h:22:
  In file included from /home/edgeai/downstream/include/sycl/sycl.hpp:51:
  In file included from /home/edgeai/downstream/include/sycl/accessor_image.hpp:4:
  In file included from /home/edgeai/downstream/include/sycl/detail/image_accessor_util.hpp:23:
  /home/edgeai/downstream/include/sycl/image.hpp:559:71: warning: 'byte' is deprecated: use std::byte instead [-Wdeprecated-declarations]
    559 |                         detail::SYCLMemObjAllocatorHolder<AllocatorT, byte>>(),
        |                                                                       ^
  /home/edgeai/downstream/include/sycl/aliases.hpp:92:12: note: 'byte' has been explicitly marked deprecated here
     92 | using byte __SYCL2020_DEPRECATED("use std::byte instead") = std::uint8_t;
        |            ^
  /home/edgeai/downstream/include/sycl/detail/defines_elementary.hpp:62:40: note: expanded from macro '__SYCL2020_DEPRECATED'
     62 | #define __SYCL2020_DEPRECATED(message) __SYCL_DEPRECATED(message)
        |                                        ^
  /home/edgeai/downstream/include/sycl/detail/defines_elementary.hpp:53:38: note: expanded from macro '__SYCL_DEPRECATED'
     53 | #define __SYCL_DEPRECATED(message) [[deprecated(message)]]
        |                                      ^
  In file included from /home/edgeai/esimd_learning/csrc/xpu/esimd_kernel.sycl:1:
  In file included from /home/edgeai/downstream/lib/python3.12/site-packages/torch/include/ATen/ATen.h:8:
  In file included from /home/edgeai/downstream/lib/python3.12/site-packages/torch/include/ATen/Context.h:5:
  In file included from /home/edgeai/downstream/lib/python3.12/site-packages/torch/include/ATen/CPUGeneratorImpl.h:4:
  In file included from /home/edgeai/downstream/lib/python3.12/site-packages/torch/include/ATen/core/Generator.h:19:
  In file included from /home/edgeai/downstream/lib/python3.12/site-packages/torch/include/c10/core/GeneratorImpl.h:9:
  In file included from /home/edgeai/downstream/lib/python3.12/site-packages/torch/include/c10/core/TensorImpl.h:12:
  In file included from /home/edgeai/downstream/lib/python3.12/site-packages/torch/include/c10/core/ScalarType.h:4:
  In file included from /home/edgeai/downstream/lib/python3.12/site-packages/torch/include/c10/util/BFloat16.h:2:
  In file included from /home/edgeai/downstream/lib/python3.12/site-packages/torch/include/torch/headeronly/util/BFloat16.h:22:
  In file included from /home/edgeai/downstream/include/sycl/sycl.hpp:51:
  In file included from /home/edgeai/downstream/include/sycl/accessor_image.hpp:4:
  In file included from /home/edgeai/downstream/include/sycl/detail/image_accessor_util.hpp:23:
  /home/edgeai/downstream/include/sycl/image.hpp:568:63: warning: 'byte' is deprecated: use std::byte instead [-Wdeprecated-declarations]
    568 |                 detail::SYCLMemObjAllocatorHolder<AllocatorT, byte>>(Allocator),
        |                                                               ^
  /home/edgeai/downstream/include/sycl/aliases.hpp:92:12: note: 'byte' has been explicitly marked deprecated here
     92 | using byte __SYCL2020_DEPRECATED("use std::byte instead") = std::uint8_t;
        |            ^
  /home/edgeai/downstream/include/sycl/detail/defines_elementary.hpp:62:40: note: expanded from macro '__SYCL2020_DEPRECATED'
     62 | #define __SYCL2020_DEPRECATED(message) __SYCL_DEPRECATED(message)
        |                                        ^
  /home/edgeai/downstream/include/sycl/detail/defines_elementary.hpp:53:38: note: expanded from macro '__SYCL_DEPRECATED'
     53 | #define __SYCL_DEPRECATED(message) [[deprecated(message)]]
        |                                      ^
  In file included from /home/edgeai/esimd_learning/csrc/xpu/esimd_kernel.sycl:1:
  In file included from /home/edgeai/downstream/lib/python3.12/site-packages/torch/include/ATen/ATen.h:8:
  In file included from /home/edgeai/downstream/lib/python3.12/site-packages/torch/include/ATen/Context.h:5:
  In file included from /home/edgeai/downstream/lib/python3.12/site-packages/torch/include/ATen/CPUGeneratorImpl.h:4:
  In file included from /home/edgeai/downstream/lib/python3.12/site-packages/torch/include/ATen/core/Generator.h:19:
  In file included from /home/edgeai/downstream/lib/python3.12/site-packages/torch/include/c10/core/GeneratorImpl.h:9:
  In file included from /home/edgeai/downstream/lib/python3.12/site-packages/torch/include/c10/core/TensorImpl.h:12:
  In file included from /home/edgeai/downstream/lib/python3.12/site-packages/torch/include/c10/core/ScalarType.h:4:
  In file included from /home/edgeai/downstream/lib/python3.12/site-packages/torch/include/c10/util/BFloat16.h:2:
  In file included from /home/edgeai/downstream/lib/python3.12/site-packages/torch/include/torch/headeronly/util/BFloat16.h:22:
  In file included from /home/edgeai/downstream/include/sycl/sycl.hpp:51:
  In file included from /home/edgeai/downstream/include/sycl/accessor_image.hpp:4:
  In file included from /home/edgeai/downstream/include/sycl/detail/image_accessor_util.hpp:23:
  /home/edgeai/downstream/include/sycl/image.hpp:581:71: warning: 'byte' is deprecated: use std::byte instead [-Wdeprecated-declarations]
    581 |                         detail::SYCLMemObjAllocatorHolder<AllocatorT, byte>>(),
        |                                                                       ^
  /home/edgeai/downstream/include/sycl/aliases.hpp:92:12: note: 'byte' has been explicitly marked deprecated here
     92 | using byte __SYCL2020_DEPRECATED("use std::byte instead") = std::uint8_t;
        |            ^
  /home/edgeai/downstream/include/sycl/detail/defines_elementary.hpp:62:40: note: expanded from macro '__SYCL2020_DEPRECATED'
     62 | #define __SYCL2020_DEPRECATED(message) __SYCL_DEPRECATED(message)
        |                                        ^
  /home/edgeai/downstream/include/sycl/detail/defines_elementary.hpp:53:38: note: expanded from macro '__SYCL_DEPRECATED'
     53 | #define __SYCL_DEPRECATED(message) [[deprecated(message)]]
        |                                      ^
  In file included from /home/edgeai/esimd_learning/csrc/xpu/esimd_kernel.sycl:1:
  In file included from /home/edgeai/downstream/lib/python3.12/site-packages/torch/include/ATen/ATen.h:8:
  In file included from /home/edgeai/downstream/lib/python3.12/site-packages/torch/include/ATen/Context.h:5:
  In file included from /home/edgeai/downstream/lib/python3.12/site-packages/torch/include/ATen/CPUGeneratorImpl.h:4:
  In file included from /home/edgeai/downstream/lib/python3.12/site-packages/torch/include/ATen/core/Generator.h:19:
  In file included from /home/edgeai/downstream/lib/python3.12/site-packages/torch/include/c10/core/GeneratorImpl.h:9:
  In file included from /home/edgeai/downstream/lib/python3.12/site-packages/torch/include/c10/core/TensorImpl.h:12:
  In file included from /home/edgeai/downstream/lib/python3.12/site-packages/torch/include/c10/core/ScalarType.h:4:
  In file included from /home/edgeai/downstream/lib/python3.12/site-packages/torch/include/c10/util/BFloat16.h:2:
  In file included from /home/edgeai/downstream/lib/python3.12/site-packages/torch/include/torch/headeronly/util/BFloat16.h:22:
  In file included from /home/edgeai/downstream/include/sycl/sycl.hpp:51:
  In file included from /home/edgeai/downstream/include/sycl/accessor_image.hpp:4:
  In file included from /home/edgeai/downstream/include/sycl/detail/image_accessor_util.hpp:23:
  /home/edgeai/downstream/include/sycl/image.hpp:594:63: warning: 'byte' is deprecated: use std::byte instead [-Wdeprecated-declarations]
    594 |                 detail::SYCLMemObjAllocatorHolder<AllocatorT, byte>>(Allocator),
        |                                                               ^
  /home/edgeai/downstream/include/sycl/aliases.hpp:92:12: note: 'byte' has been explicitly marked deprecated here
     92 | using byte __SYCL2020_DEPRECATED("use std::byte instead") = std::uint8_t;
        |            ^
  /home/edgeai/downstream/include/sycl/detail/defines_elementary.hpp:62:40: note: expanded from macro '__SYCL2020_DEPRECATED'
     62 | #define __SYCL2020_DEPRECATED(message) __SYCL_DEPRECATED(message)
        |                                        ^
  /home/edgeai/downstream/include/sycl/detail/defines_elementary.hpp:53:38: note: expanded from macro '__SYCL_DEPRECATED'
     53 | #define __SYCL_DEPRECATED(message) [[deprecated(message)]]
        |                                      ^
  In file included from /home/edgeai/esimd_learning/csrc/xpu/esimd_kernel.sycl:1:
  In file included from /home/edgeai/downstream/lib/python3.12/site-packages/torch/include/ATen/ATen.h:8:
  In file included from /home/edgeai/downstream/lib/python3.12/site-packages/torch/include/ATen/Context.h:5:
  In file included from /home/edgeai/downstream/lib/python3.12/site-packages/torch/include/ATen/CPUGeneratorImpl.h:4:
  In file included from /home/edgeai/downstream/lib/python3.12/site-packages/torch/include/ATen/core/Generator.h:19:
  In file included from /home/edgeai/downstream/lib/python3.12/site-packages/torch/include/c10/core/GeneratorImpl.h:9:
  In file included from /home/edgeai/downstream/lib/python3.12/site-packages/torch/include/c10/core/TensorImpl.h:12:
  In file included from /home/edgeai/downstream/lib/python3.12/site-packages/torch/include/c10/core/ScalarType.h:4:
  In file included from /home/edgeai/downstream/lib/python3.12/site-packages/torch/include/c10/util/BFloat16.h:2:
  In file included from /home/edgeai/downstream/lib/python3.12/site-packages/torch/include/torch/headeronly/util/BFloat16.h:22:
  In file included from /home/edgeai/downstream/include/sycl/sycl.hpp:51:
  In file included from /home/edgeai/downstream/include/sycl/accessor_image.hpp:4:
  In file included from /home/edgeai/downstream/include/sycl/detail/image_accessor_util.hpp:23:
  /home/edgeai/downstream/include/sycl/image.hpp:676:71: warning: 'byte' is deprecated: use std::byte instead [-Wdeprecated-declarations]
    676 |                         detail::SYCLMemObjAllocatorHolder<AllocatorT, byte>>(),
        |                                                                       ^
  /home/edgeai/downstream/include/sycl/aliases.hpp:92:12: note: 'byte' has been explicitly marked deprecated here
     92 | using byte __SYCL2020_DEPRECATED("use std::byte instead") = std::uint8_t;
        |            ^
  /home/edgeai/downstream/include/sycl/detail/defines_elementary.hpp:62:40: note: expanded from macro '__SYCL2020_DEPRECATED'
     62 | #define __SYCL2020_DEPRECATED(message) __SYCL_DEPRECATED(message)
        |                                        ^
  /home/edgeai/downstream/include/sycl/detail/defines_elementary.hpp:53:38: note: expanded from macro '__SYCL_DEPRECATED'
     53 | #define __SYCL_DEPRECATED(message) [[deprecated(message)]]
        |                                      ^
  In file included from /home/edgeai/esimd_learning/csrc/xpu/esimd_kernel.sycl:1:
  In file included from /home/edgeai/downstream/lib/python3.12/site-packages/torch/include/ATen/ATen.h:8:
  In file included from /home/edgeai/downstream/lib/python3.12/site-packages/torch/include/ATen/Context.h:5:
  In file included from /home/edgeai/downstream/lib/python3.12/site-packages/torch/include/ATen/CPUGeneratorImpl.h:4:
  In file included from /home/edgeai/downstream/lib/python3.12/site-packages/torch/include/ATen/core/Generator.h:19:
  In file included from /home/edgeai/downstream/lib/python3.12/site-packages/torch/include/c10/core/GeneratorImpl.h:9:
  In file included from /home/edgeai/downstream/lib/python3.12/site-packages/torch/include/c10/core/TensorImpl.h:12:
  In file included from /home/edgeai/downstream/lib/python3.12/site-packages/torch/include/c10/core/ScalarType.h:4:
  In file included from /home/edgeai/downstream/lib/python3.12/site-packages/torch/include/c10/util/BFloat16.h:2:
  In file included from /home/edgeai/downstream/lib/python3.12/site-packages/torch/include/torch/headeronly/util/BFloat16.h:22:
  In file included from /home/edgeai/downstream/include/sycl/sycl.hpp:51:
  In file included from /home/edgeai/downstream/include/sycl/accessor_image.hpp:4:
  In file included from /home/edgeai/downstream/include/sycl/detail/image_accessor_util.hpp:23:
  /home/edgeai/downstream/include/sycl/image.hpp:748:71: warning: 'byte' is deprecated: use std::byte instead [-Wdeprecated-declarations]
    748 |                         detail::SYCLMemObjAllocatorHolder<AllocatorT, byte>>(),
        |                                                                       ^
  /home/edgeai/downstream/include/sycl/aliases.hpp:92:12: note: 'byte' has been explicitly marked deprecated here
     92 | using byte __SYCL2020_DEPRECATED("use std::byte instead") = std::uint8_t;
        |            ^
  /home/edgeai/downstream/include/sycl/detail/defines_elementary.hpp:62:40: note: expanded from macro '__SYCL2020_DEPRECATED'
     62 | #define __SYCL2020_DEPRECATED(message) __SYCL_DEPRECATED(message)
        |                                        ^
  /home/edgeai/downstream/include/sycl/detail/defines_elementary.hpp:53:38: note: expanded from macro '__SYCL_DEPRECATED'
     53 | #define __SYCL_DEPRECATED(message) [[deprecated(message)]]
        |                                      ^
  In file included from /home/edgeai/esimd_learning/csrc/xpu/esimd_kernel.sycl:1:
  In file included from /home/edgeai/downstream/lib/python3.12/site-packages/torch/include/ATen/ATen.h:8:
  In file included from /home/edgeai/downstream/lib/python3.12/site-packages/torch/include/ATen/Context.h:5:
  In file included from /home/edgeai/downstream/lib/python3.12/site-packages/torch/include/ATen/CPUGeneratorImpl.h:4:
  In file included from /home/edgeai/downstream/lib/python3.12/site-packages/torch/include/ATen/core/Generator.h:19:
  In file included from /home/edgeai/downstream/lib/python3.12/site-packages/torch/include/c10/core/GeneratorImpl.h:9:
  In file included from /home/edgeai/downstream/lib/python3.12/site-packages/torch/include/c10/core/TensorImpl.h:12:
  In file included from /home/edgeai/downstream/lib/python3.12/site-packages/torch/include/c10/core/ScalarType.h:4:
  In file included from /home/edgeai/downstream/lib/python3.12/site-packages/torch/include/c10/util/BFloat16.h:2:
  In file included from /home/edgeai/downstream/lib/python3.12/site-packages/torch/include/torch/headeronly/util/BFloat16.h:22:
  In file included from /home/edgeai/downstream/include/sycl/sycl.hpp:51:
  In file included from /home/edgeai/downstream/include/sycl/accessor_image.hpp:4:
  In file included from /home/edgeai/downstream/include/sycl/detail/image_accessor_util.hpp:23:
  /home/edgeai/downstream/include/sycl/image.hpp:764:63: warning: 'byte' is deprecated: use std::byte instead [-Wdeprecated-declarations]
    764 |                 detail::SYCLMemObjAllocatorHolder<AllocatorT, byte>>(Allocator),
        |                                                               ^
  /home/edgeai/downstream/include/sycl/aliases.hpp:92:12: note: 'byte' has been explicitly marked deprecated here
     92 | using byte __SYCL2020_DEPRECATED("use std::byte instead") = std::uint8_t;
        |            ^
  /home/edgeai/downstream/include/sycl/detail/defines_elementary.hpp:62:40: note: expanded from macro '__SYCL2020_DEPRECATED'
     62 | #define __SYCL2020_DEPRECATED(message) __SYCL_DEPRECATED(message)
        |                                        ^
  /home/edgeai/downstream/include/sycl/detail/defines_elementary.hpp:53:38: note: expanded from macro '__SYCL_DEPRECATED'
     53 | #define __SYCL_DEPRECATED(message) [[deprecated(message)]]
        |                                      ^
  In file included from /home/edgeai/esimd_learning/csrc/xpu/esimd_kernel.sycl:1:
  In file included from /home/edgeai/downstream/lib/python3.12/site-packages/torch/include/ATen/ATen.h:8:
  In file included from /home/edgeai/downstream/lib/python3.12/site-packages/torch/include/ATen/Context.h:5:
  In file included from /home/edgeai/downstream/lib/python3.12/site-packages/torch/include/ATen/CPUGeneratorImpl.h:4:
  In file included from /home/edgeai/downstream/lib/python3.12/site-packages/torch/include/ATen/core/Generator.h:19:
  In file included from /home/edgeai/downstream/lib/python3.12/site-packages/torch/include/c10/core/GeneratorImpl.h:9:
  In file included from /home/edgeai/downstream/lib/python3.12/site-packages/torch/include/c10/core/TensorImpl.h:12:
  In file included from /home/edgeai/downstream/lib/python3.12/site-packages/torch/include/c10/core/ScalarType.h:4:
  In file included from /home/edgeai/downstream/lib/python3.12/site-packages/torch/include/c10/util/BFloat16.h:2:
  In file included from /home/edgeai/downstream/lib/python3.12/site-packages/torch/include/torch/headeronly/util/BFloat16.h:22:
  In file included from /home/edgeai/downstream/include/sycl/sycl.hpp:51:
  In file included from /home/edgeai/downstream/include/sycl/accessor_image.hpp:4:
  In file included from /home/edgeai/downstream/include/sycl/detail/image_accessor_util.hpp:23:
  /home/edgeai/downstream/include/sycl/image.hpp:782:71: warning: 'byte' is deprecated: use std::byte instead [-Wdeprecated-declarations]
    782 |                         detail::SYCLMemObjAllocatorHolder<AllocatorT, byte>>(),
        |                                                                       ^
  /home/edgeai/downstream/include/sycl/aliases.hpp:92:12: note: 'byte' has been explicitly marked deprecated here
     92 | using byte __SYCL2020_DEPRECATED("use std::byte instead") = std::uint8_t;
        |            ^
  /home/edgeai/downstream/include/sycl/detail/defines_elementary.hpp:62:40: note: expanded from macro '__SYCL2020_DEPRECATED'
     62 | #define __SYCL2020_DEPRECATED(message) __SYCL_DEPRECATED(message)
        |                                        ^
  /home/edgeai/downstream/include/sycl/detail/defines_elementary.hpp:53:38: note: expanded from macro '__SYCL_DEPRECATED'
     53 | #define __SYCL_DEPRECATED(message) [[deprecated(message)]]
        |                                      ^
  In file included from /home/edgeai/esimd_learning/csrc/xpu/esimd_kernel.sycl:1:
  In file included from /home/edgeai/downstream/lib/python3.12/site-packages/torch/include/ATen/ATen.h:8:
  In file included from /home/edgeai/downstream/lib/python3.12/site-packages/torch/include/ATen/Context.h:5:
  In file included from /home/edgeai/downstream/lib/python3.12/site-packages/torch/include/ATen/CPUGeneratorImpl.h:4:
  In file included from /home/edgeai/downstream/lib/python3.12/site-packages/torch/include/ATen/core/Generator.h:19:
  In file included from /home/edgeai/downstream/lib/python3.12/site-packages/torch/include/c10/core/GeneratorImpl.h:9:
  In file included from /home/edgeai/downstream/lib/python3.12/site-packages/torch/include/c10/core/TensorImpl.h:12:
  In file included from /home/edgeai/downstream/lib/python3.12/site-packages/torch/include/c10/core/ScalarType.h:4:
  In file included from /home/edgeai/downstream/lib/python3.12/site-packages/torch/include/c10/util/BFloat16.h:2:
  In file included from /home/edgeai/downstream/lib/python3.12/site-packages/torch/include/torch/headeronly/util/BFloat16.h:22:
  In file included from /home/edgeai/downstream/include/sycl/sycl.hpp:51:
  In file included from /home/edgeai/downstream/include/sycl/accessor_image.hpp:4:
  In file included from /home/edgeai/downstream/include/sycl/detail/image_accessor_util.hpp:23:
  /home/edgeai/downstream/include/sycl/image.hpp:802:63: warning: 'byte' is deprecated: use std::byte instead [-Wdeprecated-declarations]
    802 |                 detail::SYCLMemObjAllocatorHolder<AllocatorT, byte>>(Allocator),
        |                                                               ^
  /home/edgeai/downstream/include/sycl/aliases.hpp:92:12: note: 'byte' has been explicitly marked deprecated here
     92 | using byte __SYCL2020_DEPRECATED("use std::byte instead") = std::uint8_t;
        |            ^
  /home/edgeai/downstream/include/sycl/detail/defines_elementary.hpp:62:40: note: expanded from macro '__SYCL2020_DEPRECATED'
     62 | #define __SYCL2020_DEPRECATED(message) __SYCL_DEPRECATED(message)
        |                                        ^
  /home/edgeai/downstream/include/sycl/detail/defines_elementary.hpp:53:38: note: expanded from macro '__SYCL_DEPRECATED'
     53 | #define __SYCL_DEPRECATED(message) [[deprecated(message)]]
        |                                      ^
  In file included from /home/edgeai/esimd_learning/csrc/xpu/esimd_kernel.sycl:1:
  In file included from /home/edgeai/downstream/lib/python3.12/site-packages/torch/include/ATen/ATen.h:8:
  In file included from /home/edgeai/downstream/lib/python3.12/site-packages/torch/include/ATen/Context.h:5:
  In file included from /home/edgeai/downstream/lib/python3.12/site-packages/torch/include/ATen/CPUGeneratorImpl.h:4:
  In file included from /home/edgeai/downstream/lib/python3.12/site-packages/torch/include/ATen/core/Generator.h:19:
  In file included from /home/edgeai/downstream/lib/python3.12/site-packages/torch/include/c10/core/GeneratorImpl.h:9:
  In file included from /home/edgeai/downstream/lib/python3.12/site-packages/torch/include/c10/core/TensorImpl.h:12:
  In file included from /home/edgeai/downstream/lib/python3.12/site-packages/torch/include/c10/core/ScalarType.h:4:
  In file included from /home/edgeai/downstream/lib/python3.12/site-packages/torch/include/c10/util/BFloat16.h:2:
  In file included from /home/edgeai/downstream/lib/python3.12/site-packages/torch/include/torch/headeronly/util/BFloat16.h:22:
  In file included from /home/edgeai/downstream/include/sycl/sycl.hpp:51:
  In file included from /home/edgeai/downstream/include/sycl/accessor_image.hpp:4:
  In file included from /home/edgeai/downstream/include/sycl/detail/image_accessor_util.hpp:23:
  /home/edgeai/downstream/include/sycl/image.hpp:817:71: warning: 'byte' is deprecated: use std::byte instead [-Wdeprecated-declarations]
    817 |                         detail::SYCLMemObjAllocatorHolder<AllocatorT, byte>>(),
        |                                                                       ^
  /home/edgeai/downstream/include/sycl/aliases.hpp:92:12: note: 'byte' has been explicitly marked deprecated here
     92 | using byte __SYCL2020_DEPRECATED("use std::byte instead") = std::uint8_t;
        |            ^
  /home/edgeai/downstream/include/sycl/detail/defines_elementary.hpp:62:40: note: expanded from macro '__SYCL2020_DEPRECATED'
     62 | #define __SYCL2020_DEPRECATED(message) __SYCL_DEPRECATED(message)
        |                                        ^
  /home/edgeai/downstream/include/sycl/detail/defines_elementary.hpp:53:38: note: expanded from macro '__SYCL_DEPRECATED'
     53 | #define __SYCL_DEPRECATED(message) [[deprecated(message)]]
        |                                      ^
  In file included from /home/edgeai/esimd_learning/csrc/xpu/esimd_kernel.sycl:1:
  In file included from /home/edgeai/downstream/lib/python3.12/site-packages/torch/include/ATen/ATen.h:8:
  In file included from /home/edgeai/downstream/lib/python3.12/site-packages/torch/include/ATen/Context.h:5:
  In file included from /home/edgeai/downstream/lib/python3.12/site-packages/torch/include/ATen/CPUGeneratorImpl.h:4:
  In file included from /home/edgeai/downstream/lib/python3.12/site-packages/torch/include/ATen/core/Generator.h:19:
  In file included from /home/edgeai/downstream/lib/python3.12/site-packages/torch/include/c10/core/GeneratorImpl.h:9:
  In file included from /home/edgeai/downstream/lib/python3.12/site-packages/torch/include/c10/core/TensorImpl.h:12:
  In file included from /home/edgeai/downstream/lib/python3.12/site-packages/torch/include/c10/core/ScalarType.h:4:
  In file included from /home/edgeai/downstream/lib/python3.12/site-packages/torch/include/c10/util/BFloat16.h:2:
  In file included from /home/edgeai/downstream/lib/python3.12/site-packages/torch/include/torch/headeronly/util/BFloat16.h:22:
  In file included from /home/edgeai/downstream/include/sycl/sycl.hpp:51:
  In file included from /home/edgeai/downstream/include/sycl/accessor_image.hpp:4:
  In file included from /home/edgeai/downstream/include/sycl/detail/image_accessor_util.hpp:23:
  /home/edgeai/downstream/include/sycl/image.hpp:833:63: warning: 'byte' is deprecated: use std::byte instead [-Wdeprecated-declarations]
    833 |                 detail::SYCLMemObjAllocatorHolder<AllocatorT, byte>>(Allocator),
        |                                                               ^
  /home/edgeai/downstream/include/sycl/aliases.hpp:92:12: note: 'byte' has been explicitly marked deprecated here
     92 | using byte __SYCL2020_DEPRECATED("use std::byte instead") = std::uint8_t;
        |            ^
  /home/edgeai/downstream/include/sycl/detail/defines_elementary.hpp:62:40: note: expanded from macro '__SYCL2020_DEPRECATED'
     62 | #define __SYCL2020_DEPRECATED(message) __SYCL_DEPRECATED(message)
        |                                        ^
  /home/edgeai/downstream/include/sycl/detail/defines_elementary.hpp:53:38: note: expanded from macro '__SYCL_DEPRECATED'
     53 | #define __SYCL_DEPRECATED(message) [[deprecated(message)]]
        |                                      ^
  In file included from /home/edgeai/esimd_learning/csrc/xpu/esimd_kernel.sycl:1:
  In file included from /home/edgeai/downstream/lib/python3.12/site-packages/torch/include/ATen/ATen.h:8:
  In file included from /home/edgeai/downstream/lib/python3.12/site-packages/torch/include/ATen/Context.h:5:
  In file included from /home/edgeai/downstream/lib/python3.12/site-packages/torch/include/ATen/CPUGeneratorImpl.h:4:
  In file included from /home/edgeai/downstream/lib/python3.12/site-packages/torch/include/ATen/core/Generator.h:19:
  In file included from /home/edgeai/downstream/lib/python3.12/site-packages/torch/include/c10/core/GeneratorImpl.h:9:
  In file included from /home/edgeai/downstream/lib/python3.12/site-packages/torch/include/c10/core/TensorImpl.h:12:
  In file included from /home/edgeai/downstream/lib/python3.12/site-packages/torch/include/c10/core/ScalarType.h:4:
  In file included from /home/edgeai/downstream/lib/python3.12/site-packages/torch/include/c10/util/BFloat16.h:2:
  In file included from /home/edgeai/downstream/lib/python3.12/site-packages/torch/include/torch/headeronly/util/BFloat16.h:22:
  In file included from /home/edgeai/downstream/include/sycl/sycl.hpp:51:
  In file included from /home/edgeai/downstream/include/sycl/accessor_image.hpp:4:
  In file included from /home/edgeai/downstream/include/sycl/detail/image_accessor_util.hpp:23:
  /home/edgeai/downstream/include/sycl/image.hpp:851:71: warning: 'byte' is deprecated: use std::byte instead [-Wdeprecated-declarations]
    851 |                         detail::SYCLMemObjAllocatorHolder<AllocatorT, byte>>(),
        |                                                                       ^
  /home/edgeai/downstream/include/sycl/aliases.hpp:92:12: note: 'byte' has been explicitly marked deprecated here
     92 | using byte __SYCL2020_DEPRECATED("use std::byte instead") = std::uint8_t;
        |            ^
  /home/edgeai/downstream/include/sycl/detail/defines_elementary.hpp:62:40: note: expanded from macro '__SYCL2020_DEPRECATED'
     62 | #define __SYCL2020_DEPRECATED(message) __SYCL_DEPRECATED(message)
        |                                        ^
  /home/edgeai/downstream/include/sycl/detail/defines_elementary.hpp:53:38: note: expanded from macro '__SYCL_DEPRECATED'
     53 | #define __SYCL_DEPRECATED(message) [[deprecated(message)]]
        |                                      ^
  In file included from /home/edgeai/esimd_learning/csrc/xpu/esimd_kernel.sycl:1:
  In file included from /home/edgeai/downstream/lib/python3.12/site-packages/torch/include/ATen/ATen.h:8:
  In file included from /home/edgeai/downstream/lib/python3.12/site-packages/torch/include/ATen/Context.h:5:
  In file included from /home/edgeai/downstream/lib/python3.12/site-packages/torch/include/ATen/CPUGeneratorImpl.h:4:
  In file included from /home/edgeai/downstream/lib/python3.12/site-packages/torch/include/ATen/core/Generator.h:19:
  In file included from /home/edgeai/downstream/lib/python3.12/site-packages/torch/include/c10/core/GeneratorImpl.h:9:
  In file included from /home/edgeai/downstream/lib/python3.12/site-packages/torch/include/c10/core/TensorImpl.h:12:
  In file included from /home/edgeai/downstream/lib/python3.12/site-packages/torch/include/c10/core/ScalarType.h:4:
  In file included from /home/edgeai/downstream/lib/python3.12/site-packages/torch/include/c10/util/BFloat16.h:2:
  In file included from /home/edgeai/downstream/lib/python3.12/site-packages/torch/include/torch/headeronly/util/BFloat16.h:22:
  In file included from /home/edgeai/downstream/include/sycl/sycl.hpp:51:
  In file included from /home/edgeai/downstream/include/sycl/accessor_image.hpp:4:
  In file included from /home/edgeai/downstream/include/sycl/detail/image_accessor_util.hpp:23:
  /home/edgeai/downstream/include/sycl/image.hpp:871:63: warning: 'byte' is deprecated: use std::byte instead [-Wdeprecated-declarations]
    871 |                 detail::SYCLMemObjAllocatorHolder<AllocatorT, byte>>(Allocator),
        |                                                               ^
  /home/edgeai/downstream/include/sycl/aliases.hpp:92:12: note: 'byte' has been explicitly marked deprecated here
     92 | using byte __SYCL2020_DEPRECATED("use std::byte instead") = std::uint8_t;
        |            ^
  /home/edgeai/downstream/include/sycl/detail/defines_elementary.hpp:62:40: note: expanded from macro '__SYCL2020_DEPRECATED'
     62 | #define __SYCL2020_DEPRECATED(message) __SYCL_DEPRECATED(message)
        |                                        ^
  /home/edgeai/downstream/include/sycl/detail/defines_elementary.hpp:53:38: note: expanded from macro '__SYCL_DEPRECATED'
     53 | #define __SYCL_DEPRECATED(message) [[deprecated(message)]]
        |                                      ^
  In file included from /home/edgeai/esimd_learning/csrc/xpu/esimd_kernel.sycl:1:
  In file included from /home/edgeai/downstream/lib/python3.12/site-packages/torch/include/ATen/ATen.h:8:
  In file included from /home/edgeai/downstream/lib/python3.12/site-packages/torch/include/ATen/Context.h:5:
  In file included from /home/edgeai/downstream/lib/python3.12/site-packages/torch/include/ATen/CPUGeneratorImpl.h:4:
  In file included from /home/edgeai/downstream/lib/python3.12/site-packages/torch/include/ATen/core/Generator.h:19:
  In file included from /home/edgeai/downstream/lib/python3.12/site-packages/torch/include/c10/core/GeneratorImpl.h:9:
  In file included from /home/edgeai/downstream/lib/python3.12/site-packages/torch/include/c10/core/TensorImpl.h:12:
  In file included from /home/edgeai/downstream/lib/python3.12/site-packages/torch/include/c10/core/ScalarType.h:4:
  In file included from /home/edgeai/downstream/lib/python3.12/site-packages/torch/include/c10/util/BFloat16.h:2:
  In file included from /home/edgeai/downstream/lib/python3.12/site-packages/torch/include/torch/headeronly/util/BFloat16.h:22:
  In file included from /home/edgeai/downstream/include/sycl/sycl.hpp:51:
  In file included from /home/edgeai/downstream/include/sycl/accessor_image.hpp:4:
  In file included from /home/edgeai/downstream/include/sycl/detail/image_accessor_util.hpp:23:
  /home/edgeai/downstream/include/sycl/image.hpp:886:71: warning: 'byte' is deprecated: use std::byte instead [-Wdeprecated-declarations]
    886 |                         detail::SYCLMemObjAllocatorHolder<AllocatorT, byte>>(),
        |                                                                       ^
  /home/edgeai/downstream/include/sycl/aliases.hpp:92:12: note: 'byte' has been explicitly marked deprecated here
     92 | using byte __SYCL2020_DEPRECATED("use std::byte instead") = std::uint8_t;
        |            ^
  /home/edgeai/downstream/include/sycl/detail/defines_elementary.hpp:62:40: note: expanded from macro '__SYCL2020_DEPRECATED'
     62 | #define __SYCL2020_DEPRECATED(message) __SYCL_DEPRECATED(message)
        |                                        ^
  /home/edgeai/downstream/include/sycl/detail/defines_elementary.hpp:53:38: note: expanded from macro '__SYCL_DEPRECATED'
     53 | #define __SYCL_DEPRECATED(message) [[deprecated(message)]]
        |                                      ^
  In file included from /home/edgeai/esimd_learning/csrc/xpu/esimd_kernel.sycl:1:
  In file included from /home/edgeai/downstream/lib/python3.12/site-packages/torch/include/ATen/ATen.h:8:
  In file included from /home/edgeai/downstream/lib/python3.12/site-packages/torch/include/ATen/Context.h:5:
  In file included from /home/edgeai/downstream/lib/python3.12/site-packages/torch/include/ATen/CPUGeneratorImpl.h:4:
  In file included from /home/edgeai/downstream/lib/python3.12/site-packages/torch/include/ATen/core/Generator.h:19:
  In file included from /home/edgeai/downstream/lib/python3.12/site-packages/torch/include/c10/core/GeneratorImpl.h:9:
  In file included from /home/edgeai/downstream/lib/python3.12/site-packages/torch/include/c10/core/TensorImpl.h:12:
  In file included from /home/edgeai/downstream/lib/python3.12/site-packages/torch/include/c10/core/ScalarType.h:4:
  In file included from /home/edgeai/downstream/lib/python3.12/site-packages/torch/include/c10/util/BFloat16.h:2:
  In file included from /home/edgeai/downstream/lib/python3.12/site-packages/torch/include/torch/headeronly/util/BFloat16.h:22:
  In file included from /home/edgeai/downstream/include/sycl/sycl.hpp:51:
  In file included from /home/edgeai/downstream/include/sycl/accessor_image.hpp:4:
  In file included from /home/edgeai/downstream/include/sycl/detail/image_accessor_util.hpp:23:
  /home/edgeai/downstream/include/sycl/image.hpp:903:63: warning: 'byte' is deprecated: use std::byte instead [-Wdeprecated-declarations]
    903 |                 detail::SYCLMemObjAllocatorHolder<AllocatorT, byte>>(Allocator),
        |                                                               ^
  /home/edgeai/downstream/include/sycl/aliases.hpp:92:12: note: 'byte' has been explicitly marked deprecated here
     92 | using byte __SYCL2020_DEPRECATED("use std::byte instead") = std::uint8_t;
        |            ^
  /home/edgeai/downstream/include/sycl/detail/defines_elementary.hpp:62:40: note: expanded from macro '__SYCL2020_DEPRECATED'
     62 | #define __SYCL2020_DEPRECATED(message) __SYCL_DEPRECATED(message)
        |                                        ^
  /home/edgeai/downstream/include/sycl/detail/defines_elementary.hpp:53:38: note: expanded from macro '__SYCL_DEPRECATED'
     53 | #define __SYCL_DEPRECATED(message) [[deprecated(message)]]
        |                                      ^
  In file included from /home/edgeai/esimd_learning/csrc/xpu/esimd_kernel.sycl:1:
  In file included from /home/edgeai/downstream/lib/python3.12/site-packages/torch/include/ATen/ATen.h:8:
  In file included from /home/edgeai/downstream/lib/python3.12/site-packages/torch/include/ATen/Context.h:5:
  In file included from /home/edgeai/downstream/lib/python3.12/site-packages/torch/include/ATen/CPUGeneratorImpl.h:4:
  In file included from /home/edgeai/downstream/lib/python3.12/site-packages/torch/include/ATen/core/Generator.h:19:
  In file included from /home/edgeai/downstream/lib/python3.12/site-packages/torch/include/c10/core/GeneratorImpl.h:9:
  In file included from /home/edgeai/downstream/lib/python3.12/site-packages/torch/include/c10/core/TensorImpl.h:12:
  In file included from /home/edgeai/downstream/lib/python3.12/site-packages/torch/include/c10/core/ScalarType.h:4:
  In file included from /home/edgeai/downstream/lib/python3.12/site-packages/torch/include/c10/util/BFloat16.h:2:
  In file included from /home/edgeai/downstream/lib/python3.12/site-packages/torch/include/torch/headeronly/util/BFloat16.h:22:
  In file included from /home/edgeai/downstream/include/sycl/sycl.hpp:51:
  In file included from /home/edgeai/downstream/include/sycl/accessor_image.hpp:4:
  In file included from /home/edgeai/downstream/include/sycl/detail/image_accessor_util.hpp:23:
  /home/edgeai/downstream/include/sycl/image.hpp:922:71: warning: 'byte' is deprecated: use std::byte instead [-Wdeprecated-declarations]
    922 |                         detail::SYCLMemObjAllocatorHolder<AllocatorT, byte>>(),
        |                                                                       ^
  /home/edgeai/downstream/include/sycl/aliases.hpp:92:12: note: 'byte' has been explicitly marked deprecated here
     92 | using byte __SYCL2020_DEPRECATED("use std::byte instead") = std::uint8_t;
        |            ^
  /home/edgeai/downstream/include/sycl/detail/defines_elementary.hpp:62:40: note: expanded from macro '__SYCL2020_DEPRECATED'
     62 | #define __SYCL2020_DEPRECATED(message) __SYCL_DEPRECATED(message)
        |                                        ^
  /home/edgeai/downstream/include/sycl/detail/defines_elementary.hpp:53:38: note: expanded from macro '__SYCL_DEPRECATED'
     53 | #define __SYCL_DEPRECATED(message) [[deprecated(message)]]
        |                                      ^
  In file included from /home/edgeai/esimd_learning/csrc/xpu/esimd_kernel.sycl:1:
  In file included from /home/edgeai/downstream/lib/python3.12/site-packages/torch/include/ATen/ATen.h:8:
  In file included from /home/edgeai/downstream/lib/python3.12/site-packages/torch/include/ATen/Context.h:5:
  In file included from /home/edgeai/downstream/lib/python3.12/site-packages/torch/include/ATen/CPUGeneratorImpl.h:4:
  In file included from /home/edgeai/downstream/lib/python3.12/site-packages/torch/include/ATen/core/Generator.h:19:
  In file included from /home/edgeai/downstream/lib/python3.12/site-packages/torch/include/c10/core/GeneratorImpl.h:9:
  In file included from /home/edgeai/downstream/lib/python3.12/site-packages/torch/include/c10/core/TensorImpl.h:12:
  In file included from /home/edgeai/downstream/lib/python3.12/site-packages/torch/include/c10/core/ScalarType.h:4:
  In file included from /home/edgeai/downstream/lib/python3.12/site-packages/torch/include/c10/util/BFloat16.h:2:
  In file included from /home/edgeai/downstream/lib/python3.12/site-packages/torch/include/torch/headeronly/util/BFloat16.h:22:
  In file included from /home/edgeai/downstream/include/sycl/sycl.hpp:51:
  In file included from /home/edgeai/downstream/include/sycl/accessor_image.hpp:4:
  In file included from /home/edgeai/downstream/include/sycl/detail/image_accessor_util.hpp:23:
  /home/edgeai/downstream/include/sycl/image.hpp:942:63: warning: 'byte' is deprecated: use std::byte instead [-Wdeprecated-declarations]
    942 |                 detail::SYCLMemObjAllocatorHolder<AllocatorT, byte>>(Allocator),
        |                                                               ^
  /home/edgeai/downstream/include/sycl/aliases.hpp:92:12: note: 'byte' has been explicitly marked deprecated here
     92 | using byte __SYCL2020_DEPRECATED("use std::byte instead") = std::uint8_t;
        |            ^
  /home/edgeai/downstream/include/sycl/detail/defines_elementary.hpp:62:40: note: expanded from macro '__SYCL2020_DEPRECATED'
     62 | #define __SYCL2020_DEPRECATED(message) __SYCL_DEPRECATED(message)
        |                                        ^
  /home/edgeai/downstream/include/sycl/detail/defines_elementary.hpp:53:38: note: expanded from macro '__SYCL_DEPRECATED'
     53 | #define __SYCL_DEPRECATED(message) [[deprecated(message)]]
        |                                      ^
  In file included from /home/edgeai/esimd_learning/csrc/xpu/esimd_kernel.sycl:1:
  In file included from /home/edgeai/downstream/lib/python3.12/site-packages/torch/include/ATen/ATen.h:8:
  In file included from /home/edgeai/downstream/lib/python3.12/site-packages/torch/include/ATen/Context.h:5:
  In file included from /home/edgeai/downstream/lib/python3.12/site-packages/torch/include/ATen/CPUGeneratorImpl.h:4:
  In file included from /home/edgeai/downstream/lib/python3.12/site-packages/torch/include/ATen/core/Generator.h:19:
  In file included from /home/edgeai/downstream/lib/python3.12/site-packages/torch/include/c10/core/GeneratorImpl.h:9:
  In file included from /home/edgeai/downstream/lib/python3.12/site-packages/torch/include/c10/core/TensorImpl.h:12:
  In file included from /home/edgeai/downstream/lib/python3.12/site-packages/torch/include/c10/core/ScalarType.h:4:
  In file included from /home/edgeai/downstream/lib/python3.12/site-packages/torch/include/c10/util/BFloat16.h:2:
  In file included from /home/edgeai/downstream/lib/python3.12/site-packages/torch/include/torch/headeronly/util/BFloat16.h:22:
  In file included from /home/edgeai/downstream/include/sycl/sycl.hpp:51:
  In file included from /home/edgeai/downstream/include/sycl/accessor_image.hpp:4:
  In file included from /home/edgeai/downstream/include/sycl/detail/image_accessor_util.hpp:23:
  /home/edgeai/downstream/include/sycl/image.hpp:1040:71: warning: 'byte' is deprecated: use std::byte instead [-Wdeprecated-declarations]
   1040 |                         detail::SYCLMemObjAllocatorHolder<AllocatorT, byte>>(),
        |                                                                       ^
  /home/edgeai/downstream/include/sycl/aliases.hpp:92:12: note: 'byte' has been explicitly marked deprecated here
     92 | using byte __SYCL2020_DEPRECATED("use std::byte instead") = std::uint8_t;
        |            ^
  /home/edgeai/downstream/include/sycl/detail/defines_elementary.hpp:62:40: note: expanded from macro '__SYCL2020_DEPRECATED'
     62 | #define __SYCL2020_DEPRECATED(message) __SYCL_DEPRECATED(message)
        |                                        ^
  /home/edgeai/downstream/include/sycl/detail/defines_elementary.hpp:53:38: note: expanded from macro '__SYCL_DEPRECATED'
     53 | #define __SYCL_DEPRECATED(message) [[deprecated(message)]]
        |                                      ^
  In file included from /home/edgeai/esimd_learning/csrc/xpu/esimd_kernel.sycl:1:
  In file included from /home/edgeai/downstream/lib/python3.12/site-packages/torch/include/ATen/ATen.h:8:
  In file included from /home/edgeai/downstream/lib/python3.12/site-packages/torch/include/ATen/Context.h:5:
  In file included from /home/edgeai/downstream/lib/python3.12/site-packages/torch/include/ATen/CPUGeneratorImpl.h:4:
  In file included from /home/edgeai/downstream/lib/python3.12/site-packages/torch/include/ATen/core/Generator.h:19:
  In file included from /home/edgeai/downstream/lib/python3.12/site-packages/torch/include/c10/core/GeneratorImpl.h:9:
  In file included from /home/edgeai/downstream/lib/python3.12/site-packages/torch/include/c10/core/TensorImpl.h:12:
  In file included from /home/edgeai/downstream/lib/python3.12/site-packages/torch/include/c10/core/ScalarType.h:4:
  In file included from /home/edgeai/downstream/lib/python3.12/site-packages/torch/include/c10/util/BFloat16.h:2:
  In file included from /home/edgeai/downstream/lib/python3.12/site-packages/torch/include/torch/headeronly/util/BFloat16.h:22:
  In file included from /home/edgeai/downstream/include/sycl/sycl.hpp:51:
  In file included from /home/edgeai/downstream/include/sycl/accessor_image.hpp:4:
  In file included from /home/edgeai/downstream/include/sycl/detail/image_accessor_util.hpp:23:
  /home/edgeai/downstream/include/sycl/image.hpp:1059:71: warning: 'byte' is deprecated: use std::byte instead [-Wdeprecated-declarations]
   1059 |                         detail::SYCLMemObjAllocatorHolder<AllocatorT, byte>>(),
        |                                                                       ^
  /home/edgeai/downstream/include/sycl/aliases.hpp:92:12: note: 'byte' has been explicitly marked deprecated here
     92 | using byte __SYCL2020_DEPRECATED("use std::byte instead") = std::uint8_t;
        |            ^
  /home/edgeai/downstream/include/sycl/detail/defines_elementary.hpp:62:40: note: expanded from macro '__SYCL2020_DEPRECATED'
     62 | #define __SYCL2020_DEPRECATED(message) __SYCL_DEPRECATED(message)
        |                                        ^
  /home/edgeai/downstream/include/sycl/detail/defines_elementary.hpp:53:38: note: expanded from macro '__SYCL_DEPRECATED'
     53 | #define __SYCL_DEPRECATED(message) [[deprecated(message)]]
        |                                      ^
  In file included from /home/edgeai/esimd_learning/csrc/xpu/esimd_kernel.sycl:1:
  In file included from /home/edgeai/downstream/lib/python3.12/site-packages/torch/include/ATen/ATen.h:8:
  In file included from /home/edgeai/downstream/lib/python3.12/site-packages/torch/include/ATen/Context.h:5:
  In file included from /home/edgeai/downstream/lib/python3.12/site-packages/torch/include/ATen/CPUGeneratorImpl.h:4:
  In file included from /home/edgeai/downstream/lib/python3.12/site-packages/torch/include/ATen/core/Generator.h:19:
  In file included from /home/edgeai/downstream/lib/python3.12/site-packages/torch/include/c10/core/GeneratorImpl.h:9:
  In file included from /home/edgeai/downstream/lib/python3.12/site-packages/torch/include/c10/core/TensorImpl.h:12:
  In file included from /home/edgeai/downstream/lib/python3.12/site-packages/torch/include/c10/core/ScalarType.h:4:
  In file included from /home/edgeai/downstream/lib/python3.12/site-packages/torch/include/c10/util/BFloat16.h:2:
  In file included from /home/edgeai/downstream/lib/python3.12/site-packages/torch/include/torch/headeronly/util/BFloat16.h:22:
  In file included from /home/edgeai/downstream/include/sycl/sycl.hpp:51:
  In file included from /home/edgeai/downstream/include/sycl/accessor_image.hpp:4:
  In file included from /home/edgeai/downstream/include/sycl/detail/image_accessor_util.hpp:23:
  /home/edgeai/downstream/include/sycl/image.hpp:1075:71: warning: 'byte' is deprecated: use std::byte instead [-Wdeprecated-declarations]
   1075 |                         detail::SYCLMemObjAllocatorHolder<AllocatorT, byte>>(),
        |                                                                       ^
  /home/edgeai/downstream/include/sycl/aliases.hpp:92:12: note: 'byte' has been explicitly marked deprecated here
     92 | using byte __SYCL2020_DEPRECATED("use std::byte instead") = std::uint8_t;
        |            ^
  /home/edgeai/downstream/include/sycl/detail/defines_elementary.hpp:62:40: note: expanded from macro '__SYCL2020_DEPRECATED'
     62 | #define __SYCL2020_DEPRECATED(message) __SYCL_DEPRECATED(message)
        |                                        ^
  /home/edgeai/downstream/include/sycl/detail/defines_elementary.hpp:53:38: note: expanded from macro '__SYCL_DEPRECATED'
     53 | #define __SYCL_DEPRECATED(message) [[deprecated(message)]]
        |                                      ^
  In file included from /home/edgeai/esimd_learning/csrc/xpu/esimd_kernel.sycl:1:
  In file included from /home/edgeai/downstream/lib/python3.12/site-packages/torch/include/ATen/ATen.h:8:
  In file included from /home/edgeai/downstream/lib/python3.12/site-packages/torch/include/ATen/Context.h:5:
  In file included from /home/edgeai/downstream/lib/python3.12/site-packages/torch/include/ATen/CPUGeneratorImpl.h:4:
  In file included from /home/edgeai/downstream/lib/python3.12/site-packages/torch/include/ATen/core/Generator.h:19:
  In file included from /home/edgeai/downstream/lib/python3.12/site-packages/torch/include/c10/core/GeneratorImpl.h:9:
  In file included from /home/edgeai/downstream/lib/python3.12/site-packages/torch/include/c10/core/TensorImpl.h:12:
  In file included from /home/edgeai/downstream/lib/python3.12/site-packages/torch/include/c10/core/ScalarType.h:4:
  In file included from /home/edgeai/downstream/lib/python3.12/site-packages/torch/include/c10/util/BFloat16.h:2:
  In file included from /home/edgeai/downstream/lib/python3.12/site-packages/torch/include/torch/headeronly/util/BFloat16.h:22:
  In file included from /home/edgeai/downstream/include/sycl/sycl.hpp:51:
  In file included from /home/edgeai/downstream/include/sycl/accessor_image.hpp:4:
  In file included from /home/edgeai/downstream/include/sycl/detail/image_accessor_util.hpp:23:
  /home/edgeai/downstream/include/sycl/image.hpp:1094:71: warning: 'byte' is deprecated: use std::byte instead [-Wdeprecated-declarations]
   1094 |                         detail::SYCLMemObjAllocatorHolder<AllocatorT, byte>>(),
        |                                                                       ^
  /home/edgeai/downstream/include/sycl/aliases.hpp:92:12: note: 'byte' has been explicitly marked deprecated here
     92 | using byte __SYCL2020_DEPRECATED("use std::byte instead") = std::uint8_t;
        |            ^
  /home/edgeai/downstream/include/sycl/detail/defines_elementary.hpp:62:40: note: expanded from macro '__SYCL2020_DEPRECATED'
     62 | #define __SYCL2020_DEPRECATED(message) __SYCL_DEPRECATED(message)
        |                                        ^
  /home/edgeai/downstream/include/sycl/detail/defines_elementary.hpp:53:38: note: expanded from macro '__SYCL_DEPRECATED'
     53 | #define __SYCL_DEPRECATED(message) [[deprecated(message)]]
        |                                      ^
  In file included from /home/edgeai/esimd_learning/csrc/xpu/esimd_kernel.sycl:1:
  In file included from /home/edgeai/downstream/lib/python3.12/site-packages/torch/include/ATen/ATen.h:8:
  In file included from /home/edgeai/downstream/lib/python3.12/site-packages/torch/include/ATen/Context.h:5:
  In file included from /home/edgeai/downstream/lib/python3.12/site-packages/torch/include/ATen/CPUGeneratorImpl.h:4:
  In file included from /home/edgeai/downstream/lib/python3.12/site-packages/torch/include/ATen/core/Generator.h:19:
  In file included from /home/edgeai/downstream/lib/python3.12/site-packages/torch/include/c10/core/GeneratorImpl.h:9:
  In file included from /home/edgeai/downstream/lib/python3.12/site-packages/torch/include/c10/core/TensorImpl.h:12:
  In file included from /home/edgeai/downstream/lib/python3.12/site-packages/torch/include/c10/core/ScalarType.h:4:
  In file included from /home/edgeai/downstream/lib/python3.12/site-packages/torch/include/c10/util/BFloat16.h:2:
  In file included from /home/edgeai/downstream/lib/python3.12/site-packages/torch/include/torch/headeronly/util/BFloat16.h:22:
  In file included from /home/edgeai/downstream/include/sycl/sycl.hpp:56:
  In file included from /home/edgeai/downstream/include/sycl/backend.hpp:45:
  In file included from /home/edgeai/downstream/include/sycl/detail/backend_traits_level_zero.hpp:26:
  In file included from /home/edgeai/downstream/include/sycl/kernel_bundle.hpp:22:
  /home/edgeai/downstream/include/sycl/sycl_span.hpp:396:43: warning: 'byte' is deprecated: use std::byte instead [-Wdeprecated-declarations]
    396 |   _SYCL_SPAN_INLINE_VISIBILITY span<const byte, _Extent * sizeof(element_type)>
        |                                           ^
  /home/edgeai/downstream/include/sycl/aliases.hpp:92:12: note: 'byte' has been explicitly marked deprecated here
     92 | using byte __SYCL2020_DEPRECATED("use std::byte instead") = std::uint8_t;
        |            ^
  /home/edgeai/downstream/include/sycl/detail/defines_elementary.hpp:62:40: note: expanded from macro '__SYCL2020_DEPRECATED'
     62 | #define __SYCL2020_DEPRECATED(message) __SYCL_DEPRECATED(message)
        |                                        ^
  /home/edgeai/downstream/include/sycl/detail/defines_elementary.hpp:53:38: note: expanded from macro '__SYCL_DEPRECATED'
     53 | #define __SYCL_DEPRECATED(message) [[deprecated(message)]]
        |                                      ^
  In file included from /home/edgeai/esimd_learning/csrc/xpu/esimd_kernel.sycl:1:
  In file included from /home/edgeai/downstream/lib/python3.12/site-packages/torch/include/ATen/ATen.h:8:
  In file included from /home/edgeai/downstream/lib/python3.12/site-packages/torch/include/ATen/Context.h:5:
  In file included from /home/edgeai/downstream/lib/python3.12/site-packages/torch/include/ATen/CPUGeneratorImpl.h:4:
  In file included from /home/edgeai/downstream/lib/python3.12/site-packages/torch/include/ATen/core/Generator.h:19:
  In file included from /home/edgeai/downstream/lib/python3.12/site-packages/torch/include/c10/core/GeneratorImpl.h:9:
  In file included from /home/edgeai/downstream/lib/python3.12/site-packages/torch/include/c10/core/TensorImpl.h:12:
  In file included from /home/edgeai/downstream/lib/python3.12/site-packages/torch/include/c10/core/ScalarType.h:4:
  In file included from /home/edgeai/downstream/lib/python3.12/site-packages/torch/include/c10/util/BFloat16.h:2:
  In file included from /home/edgeai/downstream/lib/python3.12/site-packages/torch/include/torch/headeronly/util/BFloat16.h:22:
  In file included from /home/edgeai/downstream/include/sycl/sycl.hpp:56:
  In file included from /home/edgeai/downstream/include/sycl/backend.hpp:45:
  In file included from /home/edgeai/downstream/include/sycl/detail/backend_traits_level_zero.hpp:26:
  In file included from /home/edgeai/downstream/include/sycl/kernel_bundle.hpp:22:
  /home/edgeai/downstream/include/sycl/sycl_span.hpp:402:37: warning: 'byte' is deprecated: use std::byte instead [-Wdeprecated-declarations]
    402 |   _SYCL_SPAN_INLINE_VISIBILITY span<byte, _Extent * sizeof(element_type)>
        |                                     ^
  /home/edgeai/downstream/include/sycl/aliases.hpp:92:12: note: 'byte' has been explicitly marked deprecated here
     92 | using byte __SYCL2020_DEPRECATED("use std::byte instead") = std::uint8_t;
        |            ^
  /home/edgeai/downstream/include/sycl/detail/defines_elementary.hpp:62:40: note: expanded from macro '__SYCL2020_DEPRECATED'
     62 | #define __SYCL2020_DEPRECATED(message) __SYCL_DEPRECATED(message)
        |                                        ^
  /home/edgeai/downstream/include/sycl/detail/defines_elementary.hpp:53:38: note: expanded from macro '__SYCL_DEPRECATED'
     53 | #define __SYCL_DEPRECATED(message) [[deprecated(message)]]
        |                                      ^
  In file included from /home/edgeai/esimd_learning/csrc/xpu/esimd_kernel.sycl:1:
  In file included from /home/edgeai/downstream/lib/python3.12/site-packages/torch/include/ATen/ATen.h:8:
  In file included from /home/edgeai/downstream/lib/python3.12/site-packages/torch/include/ATen/Context.h:5:
  In file included from /home/edgeai/downstream/lib/python3.12/site-packages/torch/include/ATen/CPUGeneratorImpl.h:4:
  In file included from /home/edgeai/downstream/lib/python3.12/site-packages/torch/include/ATen/core/Generator.h:19:
  In file included from /home/edgeai/downstream/lib/python3.12/site-packages/torch/include/c10/core/GeneratorImpl.h:9:
  In file included from /home/edgeai/downstream/lib/python3.12/site-packages/torch/include/c10/core/TensorImpl.h:12:
  In file included from /home/edgeai/downstream/lib/python3.12/site-packages/torch/include/c10/core/ScalarType.h:4:
  In file included from /home/edgeai/downstream/lib/python3.12/site-packages/torch/include/c10/util/BFloat16.h:2:
  In file included from /home/edgeai/downstream/lib/python3.12/site-packages/torch/include/torch/headeronly/util/BFloat16.h:22:
  In file included from /home/edgeai/downstream/include/sycl/sycl.hpp:56:
  In file included from /home/edgeai/downstream/include/sycl/backend.hpp:45:
  In file included from /home/edgeai/downstream/include/sycl/detail/backend_traits_level_zero.hpp:26:
  In file included from /home/edgeai/downstream/include/sycl/kernel_bundle.hpp:22:
  /home/edgeai/downstream/include/sycl/sycl_span.hpp:398:23: warning: 'byte' is deprecated: use std::byte instead [-Wdeprecated-declarations]
    398 |     return span<const byte, _Extent * sizeof(element_type)>{
        |                       ^
  /home/edgeai/downstream/include/sycl/aliases.hpp:92:12: note: 'byte' has been explicitly marked deprecated here
     92 | using byte __SYCL2020_DEPRECATED("use std::byte instead") = std::uint8_t;
        |            ^
  /home/edgeai/downstream/include/sycl/detail/defines_elementary.hpp:62:40: note: expanded from macro '__SYCL2020_DEPRECATED'
     62 | #define __SYCL2020_DEPRECATED(message) __SYCL_DEPRECATED(message)
        |                                        ^
  /home/edgeai/downstream/include/sycl/detail/defines_elementary.hpp:53:38: note: expanded from macro '__SYCL_DEPRECATED'
     53 | #define __SYCL_DEPRECATED(message) [[deprecated(message)]]
        |                                      ^
  In file included from /home/edgeai/esimd_learning/csrc/xpu/esimd_kernel.sycl:1:
  In file included from /home/edgeai/downstream/lib/python3.12/site-packages/torch/include/ATen/ATen.h:8:
  In file included from /home/edgeai/downstream/lib/python3.12/site-packages/torch/include/ATen/Context.h:5:
  In file included from /home/edgeai/downstream/lib/python3.12/site-packages/torch/include/ATen/CPUGeneratorImpl.h:4:
  In file included from /home/edgeai/downstream/lib/python3.12/site-packages/torch/include/ATen/core/Generator.h:19:
  In file included from /home/edgeai/downstream/lib/python3.12/site-packages/torch/include/c10/core/GeneratorImpl.h:9:
  In file included from /home/edgeai/downstream/lib/python3.12/site-packages/torch/include/c10/core/TensorImpl.h:12:
  In file included from /home/edgeai/downstream/lib/python3.12/site-packages/torch/include/c10/core/ScalarType.h:4:
  In file included from /home/edgeai/downstream/lib/python3.12/site-packages/torch/include/c10/util/BFloat16.h:2:
  In file included from /home/edgeai/downstream/lib/python3.12/site-packages/torch/include/torch/headeronly/util/BFloat16.h:22:
  In file included from /home/edgeai/downstream/include/sycl/sycl.hpp:56:
  In file included from /home/edgeai/downstream/include/sycl/backend.hpp:45:
  In file included from /home/edgeai/downstream/include/sycl/detail/backend_traits_level_zero.hpp:26:
  In file included from /home/edgeai/downstream/include/sycl/kernel_bundle.hpp:22:
  /home/edgeai/downstream/include/sycl/sycl_span.hpp:399:32: warning: 'byte' is deprecated: use std::byte instead [-Wdeprecated-declarations]
    399 |         reinterpret_cast<const byte *>(data()), size_bytes()};
        |                                ^
  /home/edgeai/downstream/include/sycl/aliases.hpp:92:12: note: 'byte' has been explicitly marked deprecated here
     92 | using byte __SYCL2020_DEPRECATED("use std::byte instead") = std::uint8_t;
        |            ^
  /home/edgeai/downstream/include/sycl/detail/defines_elementary.hpp:62:40: note: expanded from macro '__SYCL2020_DEPRECATED'
     62 | #define __SYCL2020_DEPRECATED(message) __SYCL_DEPRECATED(message)
        |                                        ^
  /home/edgeai/downstream/include/sycl/detail/defines_elementary.hpp:53:38: note: expanded from macro '__SYCL_DEPRECATED'
     53 | #define __SYCL_DEPRECATED(message) [[deprecated(message)]]
        |                                      ^
  In file included from /home/edgeai/esimd_learning/csrc/xpu/esimd_kernel.sycl:1:
  In file included from /home/edgeai/downstream/lib/python3.12/site-packages/torch/include/ATen/ATen.h:8:
  In file included from /home/edgeai/downstream/lib/python3.12/site-packages/torch/include/ATen/Context.h:5:
  In file included from /home/edgeai/downstream/lib/python3.12/site-packages/torch/include/ATen/CPUGeneratorImpl.h:4:
  In file included from /home/edgeai/downstream/lib/python3.12/site-packages/torch/include/ATen/core/Generator.h:19:
  In file included from /home/edgeai/downstream/lib/python3.12/site-packages/torch/include/c10/core/GeneratorImpl.h:9:
  In file included from /home/edgeai/downstream/lib/python3.12/site-packages/torch/include/c10/core/TensorImpl.h:12:
  In file included from /home/edgeai/downstream/lib/python3.12/site-packages/torch/include/c10/core/ScalarType.h:4:
  In file included from /home/edgeai/downstream/lib/python3.12/site-packages/torch/include/c10/util/BFloat16.h:2:
  In file included from /home/edgeai/downstream/lib/python3.12/site-packages/torch/include/torch/headeronly/util/BFloat16.h:22:
  In file included from /home/edgeai/downstream/include/sycl/sycl.hpp:56:
  In file included from /home/edgeai/downstream/include/sycl/backend.hpp:45:
  In file included from /home/edgeai/downstream/include/sycl/detail/backend_traits_level_zero.hpp:26:
  In file included from /home/edgeai/downstream/include/sycl/kernel_bundle.hpp:22:
  /home/edgeai/downstream/include/sycl/sycl_span.hpp:404:17: warning: 'byte' is deprecated: use std::byte instead [-Wdeprecated-declarations]
    404 |     return span<byte, _Extent * sizeof(element_type)>{
        |                 ^
  /home/edgeai/downstream/include/sycl/aliases.hpp:92:12: note: 'byte' has been explicitly marked deprecated here
     92 | using byte __SYCL2020_DEPRECATED("use std::byte instead") = std::uint8_t;
        |            ^
  /home/edgeai/downstream/include/sycl/detail/defines_elementary.hpp:62:40: note: expanded from macro '__SYCL2020_DEPRECATED'
     62 | #define __SYCL2020_DEPRECATED(message) __SYCL_DEPRECATED(message)
        |                                        ^
  /home/edgeai/downstream/include/sycl/detail/defines_elementary.hpp:53:38: note: expanded from macro '__SYCL_DEPRECATED'
     53 | #define __SYCL_DEPRECATED(message) [[deprecated(message)]]
        |                                      ^
  In file included from /home/edgeai/esimd_learning/csrc/xpu/esimd_kernel.sycl:1:
  In file included from /home/edgeai/downstream/lib/python3.12/site-packages/torch/include/ATen/ATen.h:8:
  In file included from /home/edgeai/downstream/lib/python3.12/site-packages/torch/include/ATen/Context.h:5:
  In file included from /home/edgeai/downstream/lib/python3.12/site-packages/torch/include/ATen/CPUGeneratorImpl.h:4:
  In file included from /home/edgeai/downstream/lib/python3.12/site-packages/torch/include/ATen/core/Generator.h:19:
  In file included from /home/edgeai/downstream/lib/python3.12/site-packages/torch/include/c10/core/GeneratorImpl.h:9:
  In file included from /home/edgeai/downstream/lib/python3.12/site-packages/torch/include/c10/core/TensorImpl.h:12:
  In file included from /home/edgeai/downstream/lib/python3.12/site-packages/torch/include/c10/core/ScalarType.h:4:
  In file included from /home/edgeai/downstream/lib/python3.12/site-packages/torch/include/c10/util/BFloat16.h:2:
  In file included from /home/edgeai/downstream/lib/python3.12/site-packages/torch/include/torch/headeronly/util/BFloat16.h:22:
  In file included from /home/edgeai/downstream/include/sycl/sycl.hpp:56:
  In file included from /home/edgeai/downstream/include/sycl/backend.hpp:45:
  In file included from /home/edgeai/downstream/include/sycl/detail/backend_traits_level_zero.hpp:26:
  In file included from /home/edgeai/downstream/include/sycl/kernel_bundle.hpp:22:
  /home/edgeai/downstream/include/sycl/sycl_span.hpp:405:26: warning: 'byte' is deprecated: use std::byte instead [-Wdeprecated-declarations]
    405 |         reinterpret_cast<byte *>(data()), size_bytes()};
        |                          ^
  /home/edgeai/downstream/include/sycl/aliases.hpp:92:12: note: 'byte' has been explicitly marked deprecated here
     92 | using byte __SYCL2020_DEPRECATED("use std::byte instead") = std::uint8_t;
        |            ^
  /home/edgeai/downstream/include/sycl/detail/defines_elementary.hpp:62:40: note: expanded from macro '__SYCL2020_DEPRECATED'
     62 | #define __SYCL2020_DEPRECATED(message) __SYCL_DEPRECATED(message)
        |                                        ^
  /home/edgeai/downstream/include/sycl/detail/defines_elementary.hpp:53:38: note: expanded from macro '__SYCL_DEPRECATED'
     53 | #define __SYCL_DEPRECATED(message) [[deprecated(message)]]
        |                                      ^
  In file included from /home/edgeai/esimd_learning/csrc/xpu/esimd_kernel.sycl:1:
  In file included from /home/edgeai/downstream/lib/python3.12/site-packages/torch/include/ATen/ATen.h:8:
  In file included from /home/edgeai/downstream/lib/python3.12/site-packages/torch/include/ATen/Context.h:5:
  In file included from /home/edgeai/downstream/lib/python3.12/site-packages/torch/include/ATen/CPUGeneratorImpl.h:4:
  In file included from /home/edgeai/downstream/lib/python3.12/site-packages/torch/include/ATen/core/Generator.h:19:
  In file included from /home/edgeai/downstream/lib/python3.12/site-packages/torch/include/c10/core/GeneratorImpl.h:9:
  In file included from /home/edgeai/downstream/lib/python3.12/site-packages/torch/include/c10/core/TensorImpl.h:12:
  In file included from /home/edgeai/downstream/lib/python3.12/site-packages/torch/include/c10/core/ScalarType.h:4:
  In file included from /home/edgeai/downstream/lib/python3.12/site-packages/torch/include/c10/util/BFloat16.h:2:
  In file included from /home/edgeai/downstream/lib/python3.12/site-packages/torch/include/torch/headeronly/util/BFloat16.h:22:
  In file included from /home/edgeai/downstream/include/sycl/sycl.hpp:56:
  In file included from /home/edgeai/downstream/include/sycl/backend.hpp:45:
  In file included from /home/edgeai/downstream/include/sycl/detail/backend_traits_level_zero.hpp:26:
  In file included from /home/edgeai/downstream/include/sycl/kernel_bundle.hpp:22:
  /home/edgeai/downstream/include/sycl/sycl_span.hpp:589:43: warning: 'byte' is deprecated: use std::byte instead [-Wdeprecated-declarations]
    589 |   _SYCL_SPAN_INLINE_VISIBILITY span<const byte, dynamic_extent>
        |                                           ^
  /home/edgeai/downstream/include/sycl/aliases.hpp:92:12: note: 'byte' has been explicitly marked deprecated here
     92 | using byte __SYCL2020_DEPRECATED("use std::byte instead") = std::uint8_t;
        |            ^
  /home/edgeai/downstream/include/sycl/detail/defines_elementary.hpp:62:40: note: expanded from macro '__SYCL2020_DEPRECATED'
     62 | #define __SYCL2020_DEPRECATED(message) __SYCL_DEPRECATED(message)
        |                                        ^
  /home/edgeai/downstream/include/sycl/detail/defines_elementary.hpp:53:38: note: expanded from macro '__SYCL_DEPRECATED'
     53 | #define __SYCL_DEPRECATED(message) [[deprecated(message)]]
        |                                      ^
  In file included from /home/edgeai/esimd_learning/csrc/xpu/esimd_kernel.sycl:1:
  In file included from /home/edgeai/downstream/lib/python3.12/site-packages/torch/include/ATen/ATen.h:8:
  In file included from /home/edgeai/downstream/lib/python3.12/site-packages/torch/include/ATen/Context.h:5:
  In file included from /home/edgeai/downstream/lib/python3.12/site-packages/torch/include/ATen/CPUGeneratorImpl.h:4:
  In file included from /home/edgeai/downstream/lib/python3.12/site-packages/torch/include/ATen/core/Generator.h:19:
  In file included from /home/edgeai/downstream/lib/python3.12/site-packages/torch/include/c10/core/GeneratorImpl.h:9:
  In file included from /home/edgeai/downstream/lib/python3.12/site-packages/torch/include/c10/core/TensorImpl.h:12:
  In file included from /home/edgeai/downstream/lib/python3.12/site-packages/torch/include/c10/core/ScalarType.h:4:
  In file included from /home/edgeai/downstream/lib/python3.12/site-packages/torch/include/c10/util/BFloat16.h:2:
  In file included from /home/edgeai/downstream/lib/python3.12/site-packages/torch/include/torch/headeronly/util/BFloat16.h:22:
  In file included from /home/edgeai/downstream/include/sycl/sycl.hpp:56:
  In file included from /home/edgeai/downstream/include/sycl/backend.hpp:45:
  In file included from /home/edgeai/downstream/include/sycl/detail/backend_traits_level_zero.hpp:26:
  In file included from /home/edgeai/downstream/include/sycl/kernel_bundle.hpp:22:
  /home/edgeai/downstream/include/sycl/sycl_span.hpp:594:37: warning: 'byte' is deprecated: use std::byte instead [-Wdeprecated-declarations]
    594 |   _SYCL_SPAN_INLINE_VISIBILITY span<byte, dynamic_extent>
        |                                     ^
  /home/edgeai/downstream/include/sycl/aliases.hpp:92:12: note: 'byte' has been explicitly marked deprecated here
     92 | using byte __SYCL2020_DEPRECATED("use std::byte instead") = std::uint8_t;
        |            ^
  /home/edgeai/downstream/include/sycl/detail/defines_elementary.hpp:62:40: note: expanded from macro '__SYCL2020_DEPRECATED'
     62 | #define __SYCL2020_DEPRECATED(message) __SYCL_DEPRECATED(message)
        |                                        ^
  /home/edgeai/downstream/include/sycl/detail/defines_elementary.hpp:53:38: note: expanded from macro '__SYCL_DEPRECATED'
     53 | #define __SYCL_DEPRECATED(message) [[deprecated(message)]]
        |                                      ^
  In file included from /home/edgeai/esimd_learning/csrc/xpu/esimd_kernel.sycl:1:
  In file included from /home/edgeai/downstream/lib/python3.12/site-packages/torch/include/ATen/ATen.h:8:
  In file included from /home/edgeai/downstream/lib/python3.12/site-packages/torch/include/ATen/Context.h:5:
  In file included from /home/edgeai/downstream/lib/python3.12/site-packages/torch/include/ATen/CPUGeneratorImpl.h:4:
  In file included from /home/edgeai/downstream/lib/python3.12/site-packages/torch/include/ATen/core/Generator.h:19:
  In file included from /home/edgeai/downstream/lib/python3.12/site-packages/torch/include/c10/core/GeneratorImpl.h:9:
  In file included from /home/edgeai/downstream/lib/python3.12/site-packages/torch/include/c10/core/TensorImpl.h:12:
  In file included from /home/edgeai/downstream/lib/python3.12/site-packages/torch/include/c10/core/ScalarType.h:4:
  In file included from /home/edgeai/downstream/lib/python3.12/site-packages/torch/include/c10/util/BFloat16.h:2:
  In file included from /home/edgeai/downstream/lib/python3.12/site-packages/torch/include/torch/headeronly/util/BFloat16.h:22:
  In file included from /home/edgeai/downstream/include/sycl/sycl.hpp:56:
  In file included from /home/edgeai/downstream/include/sycl/backend.hpp:45:
  In file included from /home/edgeai/downstream/include/sycl/detail/backend_traits_level_zero.hpp:26:
  In file included from /home/edgeai/downstream/include/sycl/kernel_bundle.hpp:22:
  /home/edgeai/downstream/include/sycl/sycl_span.hpp:591:36: warning: 'byte' is deprecated: use std::byte instead [-Wdeprecated-declarations]
    591 |     return {reinterpret_cast<const byte *>(data()), size_bytes()};
        |                                    ^
  /home/edgeai/downstream/include/sycl/aliases.hpp:92:12: note: 'byte' has been explicitly marked deprecated here
     92 | using byte __SYCL2020_DEPRECATED("use std::byte instead") = std::uint8_t;
        |            ^
  /home/edgeai/downstream/include/sycl/detail/defines_elementary.hpp:62:40: note: expanded from macro '__SYCL2020_DEPRECATED'
     62 | #define __SYCL2020_DEPRECATED(message) __SYCL_DEPRECATED(message)
        |                                        ^
  /home/edgeai/downstream/include/sycl/detail/defines_elementary.hpp:53:38: note: expanded from macro '__SYCL_DEPRECATED'
     53 | #define __SYCL_DEPRECATED(message) [[deprecated(message)]]
        |                                      ^
  In file included from /home/edgeai/esimd_learning/csrc/xpu/esimd_kernel.sycl:1:
  In file included from /home/edgeai/downstream/lib/python3.12/site-packages/torch/include/ATen/ATen.h:8:
  In file included from /home/edgeai/downstream/lib/python3.12/site-packages/torch/include/ATen/Context.h:5:
  In file included from /home/edgeai/downstream/lib/python3.12/site-packages/torch/include/ATen/CPUGeneratorImpl.h:4:
  In file included from /home/edgeai/downstream/lib/python3.12/site-packages/torch/include/ATen/core/Generator.h:19:
  In file included from /home/edgeai/downstream/lib/python3.12/site-packages/torch/include/c10/core/GeneratorImpl.h:9:
  In file included from /home/edgeai/downstream/lib/python3.12/site-packages/torch/include/c10/core/TensorImpl.h:12:
  In file included from /home/edgeai/downstream/lib/python3.12/site-packages/torch/include/c10/core/ScalarType.h:4:
  In file included from /home/edgeai/downstream/lib/python3.12/site-packages/torch/include/c10/util/BFloat16.h:2:
  In file included from /home/edgeai/downstream/lib/python3.12/site-packages/torch/include/torch/headeronly/util/BFloat16.h:22:
  In file included from /home/edgeai/downstream/include/sycl/sycl.hpp:56:
  In file included from /home/edgeai/downstream/include/sycl/backend.hpp:45:
  In file included from /home/edgeai/downstream/include/sycl/detail/backend_traits_level_zero.hpp:26:
  In file included from /home/edgeai/downstream/include/sycl/kernel_bundle.hpp:22:
  /home/edgeai/downstream/include/sycl/sycl_span.hpp:596:30: warning: 'byte' is deprecated: use std::byte instead [-Wdeprecated-declarations]
    596 |     return {reinterpret_cast<byte *>(data()), size_bytes()};
        |                              ^
  /home/edgeai/downstream/include/sycl/aliases.hpp:92:12: note: 'byte' has been explicitly marked deprecated here
     92 | using byte __SYCL2020_DEPRECATED("use std::byte instead") = std::uint8_t;
        |            ^
  /home/edgeai/downstream/include/sycl/detail/defines_elementary.hpp:62:40: note: expanded from macro '__SYCL2020_DEPRECATED'
     62 | #define __SYCL2020_DEPRECATED(message) __SYCL_DEPRECATED(message)
        |                                        ^
  /home/edgeai/downstream/include/sycl/detail/defines_elementary.hpp:53:38: note: expanded from macro '__SYCL_DEPRECATED'
     53 | #define __SYCL_DEPRECATED(message) [[deprecated(message)]]
        |                                      ^
  In file included from /home/edgeai/esimd_learning/csrc/xpu/esimd_kernel.sycl:1:
  In file included from /home/edgeai/downstream/lib/python3.12/site-packages/torch/include/ATen/ATen.h:8:
  In file included from /home/edgeai/downstream/lib/python3.12/site-packages/torch/include/ATen/Context.h:5:
  In file included from /home/edgeai/downstream/lib/python3.12/site-packages/torch/include/ATen/CPUGeneratorImpl.h:4:
  In file included from /home/edgeai/downstream/lib/python3.12/site-packages/torch/include/ATen/core/Generator.h:19:
  In file included from /home/edgeai/downstream/lib/python3.12/site-packages/torch/include/c10/core/GeneratorImpl.h:9:
  In file included from /home/edgeai/downstream/lib/python3.12/site-packages/torch/include/c10/core/TensorImpl.h:12:
  In file included from /home/edgeai/downstream/lib/python3.12/site-packages/torch/include/c10/core/ScalarType.h:4:
  In file included from /home/edgeai/downstream/lib/python3.12/site-packages/torch/include/c10/util/BFloat16.h:2:
  In file included from /home/edgeai/downstream/lib/python3.12/site-packages/torch/include/torch/headeronly/util/BFloat16.h:22:
  In file included from /home/edgeai/downstream/include/sycl/sycl.hpp:79:
  /home/edgeai/downstream/include/sycl/interop_handle.hpp:71:49: warning: 'constant_buffer' is deprecated: use 'target::device' instead [-Wdeprecated-declarations]
     71 |                       Target == access::target::constant_buffer,
        |                                                 ^
  /home/edgeai/downstream/include/sycl/access/access.hpp:24:19: note: 'constant_buffer' has been explicitly marked deprecated here
     24 |   constant_buffer __SYCL2020_DEPRECATED("use 'target::device' instead") = 2015,
        |                   ^
  /home/edgeai/downstream/include/sycl/detail/defines_elementary.hpp:62:40: note: expanded from macro '__SYCL2020_DEPRECATED'
     62 | #define __SYCL2020_DEPRECATED(message) __SYCL_DEPRECATED(message)
        |                                        ^
  /home/edgeai/downstream/include/sycl/detail/defines_elementary.hpp:53:38: note: expanded from macro '__SYCL_DEPRECATED'
     53 | #define __SYCL_DEPRECATED(message) [[deprecated(message)]]
        |                                      ^
  In file included from /home/edgeai/esimd_learning/csrc/xpu/esimd_kernel.sycl:1:
  In file included from /home/edgeai/downstream/lib/python3.12/site-packages/torch/include/ATen/ATen.h:8:
  In file included from /home/edgeai/downstream/lib/python3.12/site-packages/torch/include/ATen/Context.h:5:
  In file included from /home/edgeai/downstream/lib/python3.12/site-packages/torch/include/ATen/CPUGeneratorImpl.h:4:
  In file included from /home/edgeai/downstream/lib/python3.12/site-packages/torch/include/ATen/core/Generator.h:19:
  In file included from /home/edgeai/downstream/lib/python3.12/site-packages/torch/include/c10/core/GeneratorImpl.h:9:
  In file included from /home/edgeai/downstream/lib/python3.12/site-packages/torch/include/c10/core/TensorImpl.h:12:
  In file included from /home/edgeai/downstream/lib/python3.12/site-packages/torch/include/c10/core/ScalarType.h:4:
  In file included from /home/edgeai/downstream/lib/python3.12/site-packages/torch/include/c10/util/BFloat16.h:2:
  In file included from /home/edgeai/downstream/lib/python3.12/site-packages/torch/include/torch/headeronly/util/BFloat16.h:22:
  In file included from /home/edgeai/downstream/include/sycl/sycl.hpp:93:
  /home/edgeai/downstream/include/sycl/reduction.hpp:1358:39: warning: 'host_unified_memory' is deprecated: deprecated in SYCL 2020, use device::has() with one of the aspect::usm_* aspects instead [-Wdeprecated-declarations]
   1358 |     if (device.get_info<info::device::host_unified_memory>() ||
        |                                       ^
  /home/edgeai/downstream/include/sycl/info/device_traits_2020_deprecated.def:5:1: note: 'host_unified_memory' has been explicitly marked deprecated here
      5 | __SYCL_PARAM_TRAITS_DEPRECATED(host_unified_memory,"deprecated in SYCL 2020, use device::has() with "
        | ^
  /home/edgeai/downstream/include/sycl/info/info_desc.hpp:123:10: note: expanded from macro '__SYCL_PARAM_TRAITS_DEPRECATED'
    123 |   struct __SYCL2020_DEPRECATED(Message) Desc;
        |          ^
  /home/edgeai/downstream/include/sycl/detail/defines_elementary.hpp:62:40: note: expanded from macro '__SYCL2020_DEPRECATED'
     62 | #define __SYCL2020_DEPRECATED(message) __SYCL_DEPRECATED(message)
        |                                        ^
  /home/edgeai/downstream/include/sycl/detail/defines_elementary.hpp:53:38: note: expanded from macro '__SYCL_DEPRECATED'
     53 | #define __SYCL_DEPRECATED(message) [[deprecated(message)]]
        |                                      ^
  In file included from /home/edgeai/esimd_learning/csrc/xpu/esimd_kernel.sycl:1:
  In file included from /home/edgeai/downstream/lib/python3.12/site-packages/torch/include/ATen/ATen.h:8:
  In file included from /home/edgeai/downstream/lib/python3.12/site-packages/torch/include/ATen/Context.h:5:
  In file included from /home/edgeai/downstream/lib/python3.12/site-packages/torch/include/ATen/CPUGeneratorImpl.h:4:
  In file included from /home/edgeai/downstream/lib/python3.12/site-packages/torch/include/ATen/core/Generator.h:19:
  In file included from /home/edgeai/downstream/lib/python3.12/site-packages/torch/include/c10/core/GeneratorImpl.h:9:
  In file included from /home/edgeai/downstream/lib/python3.12/site-packages/torch/include/c10/core/TensorImpl.h:12:
  In file included from /home/edgeai/downstream/lib/python3.12/site-packages/torch/include/c10/core/ScalarType.h:4:
  In file included from /home/edgeai/downstream/lib/python3.12/site-packages/torch/include/c10/util/BFloat16.h:2:
  In file included from /home/edgeai/downstream/lib/python3.12/site-packages/torch/include/torch/headeronly/util/BFloat16.h:22:
  In file included from /home/edgeai/downstream/include/sycl/sycl.hpp:96:
  /home/edgeai/downstream/include/sycl/stream.hpp:538:21: warning: 'atomic<unsigned int, sycl::access::address_space::global_space>' is deprecated: sycl::atomic is deprecated since SYCL 2020 [-Wdeprecated-declarations]
    538 |   Cur = GlobalOffset[0].load();
        |                     ^
  /home/edgeai/downstream/include/sycl/atomic.hpp:173:7: note: 'atomic<unsigned int, sycl::access::address_space::global_space>' has been explicitly marked deprecated here
    173 | class __SYCL2020_DEPRECATED(
        |       ^
  /home/edgeai/downstream/include/sycl/detail/defines_elementary.hpp:62:40: note: expanded from macro '__SYCL2020_DEPRECATED'
     62 | #define __SYCL2020_DEPRECATED(message) __SYCL_DEPRECATED(message)
        |                                        ^
  /home/edgeai/downstream/include/sycl/detail/defines_elementary.hpp:53:38: note: expanded from macro '__SYCL_DEPRECATED'
     53 | #define __SYCL_DEPRECATED(message) [[deprecated(message)]]
        |                                      ^
  In file included from /home/edgeai/esimd_learning/csrc/xpu/esimd_kernel.sycl:1:
  In file included from /home/edgeai/downstream/lib/python3.12/site-packages/torch/include/ATen/ATen.h:8:
  In file included from /home/edgeai/downstream/lib/python3.12/site-packages/torch/include/ATen/Context.h:5:
  In file included from /home/edgeai/downstream/lib/python3.12/site-packages/torch/include/ATen/CPUGeneratorImpl.h:4:
  In file included from /home/edgeai/downstream/lib/python3.12/site-packages/torch/include/ATen/core/Generator.h:19:
  In file included from /home/edgeai/downstream/lib/python3.12/site-packages/torch/include/c10/core/GeneratorImpl.h:9:
  In file included from /home/edgeai/downstream/lib/python3.12/site-packages/torch/include/c10/core/TensorImpl.h:12:
  In file included from /home/edgeai/downstream/lib/python3.12/site-packages/torch/include/c10/core/ScalarType.h:4:
  In file included from /home/edgeai/downstream/lib/python3.12/site-packages/torch/include/c10/util/BFloat16.h:2:
  In file included from /home/edgeai/downstream/lib/python3.12/site-packages/torch/include/torch/headeronly/util/BFloat16.h:22:
  In file included from /home/edgeai/downstream/include/sycl/sycl.hpp:110:
  /home/edgeai/downstream/include/sycl/ext/intel/experimental/pipes.hpp:117:13: warning: 'has_extension' is deprecated: use device::has() function with aspects APIs instead [-Wdeprecated-declarations]
    117 |         Dev.has_extension("cl_intel_program_scope_host_pipe");
        |             ^
  /home/edgeai/downstream/include/sycl/device.hpp:241:3: note: 'has_extension' has been explicitly marked deprecated here
    241 |   __SYCL2020_DEPRECATED("use device::has() function with aspects APIs instead")
        |   ^
  /home/edgeai/downstream/include/sycl/detail/defines_elementary.hpp:62:40: note: expanded from macro '__SYCL2020_DEPRECATED'
     62 | #define __SYCL2020_DEPRECATED(message) __SYCL_DEPRECATED(message)
        |                                        ^
  /home/edgeai/downstream/include/sycl/detail/defines_elementary.hpp:53:38: note: expanded from macro '__SYCL_DEPRECATED'
     53 | #define __SYCL_DEPRECATED(message) [[deprecated(message)]]
        |                                      ^
  In file included from /home/edgeai/esimd_learning/csrc/xpu/esimd_kernel.sycl:1:
  In file included from /home/edgeai/downstream/lib/python3.12/site-packages/torch/include/ATen/ATen.h:8:
  In file included from /home/edgeai/downstream/lib/python3.12/site-packages/torch/include/ATen/Context.h:5:
  In file included from /home/edgeai/downstream/lib/python3.12/site-packages/torch/include/ATen/CPUGeneratorImpl.h:4:
  In file included from /home/edgeai/downstream/lib/python3.12/site-packages/torch/include/ATen/core/Generator.h:19:
  In file included from /home/edgeai/downstream/lib/python3.12/site-packages/torch/include/c10/core/GeneratorImpl.h:9:
  In file included from /home/edgeai/downstream/lib/python3.12/site-packages/torch/include/c10/core/TensorImpl.h:12:
  In file included from /home/edgeai/downstream/lib/python3.12/site-packages/torch/include/c10/core/ScalarType.h:4:
  In file included from /home/edgeai/downstream/lib/python3.12/site-packages/torch/include/c10/util/BFloat16.h:2:
  In file included from /home/edgeai/downstream/lib/python3.12/site-packages/torch/include/torch/headeronly/util/BFloat16.h:22:
  In file included from /home/edgeai/downstream/include/sycl/sycl.hpp:110:
  /home/edgeai/downstream/include/sycl/ext/intel/experimental/pipes.hpp:146:13: warning: 'has_extension' is deprecated: use device::has() function with aspects APIs instead [-Wdeprecated-declarations]
    146 |         Dev.has_extension("cl_intel_program_scope_host_pipe");
        |             ^
  /home/edgeai/downstream/include/sycl/device.hpp:241:3: note: 'has_extension' has been explicitly marked deprecated here
    241 |   __SYCL2020_DEPRECATED("use device::has() function with aspects APIs instead")
        |   ^
  /home/edgeai/downstream/include/sycl/detail/defines_elementary.hpp:62:40: note: expanded from macro '__SYCL2020_DEPRECATED'
     62 | #define __SYCL2020_DEPRECATED(message) __SYCL_DEPRECATED(message)
        |                                        ^
  /home/edgeai/downstream/include/sycl/detail/defines_elementary.hpp:53:38: note: expanded from macro '__SYCL_DEPRECATED'
     53 | #define __SYCL_DEPRECATED(message) [[deprecated(message)]]
        |                                      ^
  In file included from /home/edgeai/esimd_learning/csrc/xpu/esimd_kernel.sycl:1:
  In file included from /home/edgeai/downstream/lib/python3.12/site-packages/torch/include/ATen/ATen.h:8:
  In file included from /home/edgeai/downstream/lib/python3.12/site-packages/torch/include/ATen/Context.h:5:
  In file included from /home/edgeai/downstream/lib/python3.12/site-packages/torch/include/ATen/CPUGeneratorImpl.h:4:
  In file included from /home/edgeai/downstream/lib/python3.12/site-packages/torch/include/ATen/core/Generator.h:19:
  In file included from /home/edgeai/downstream/lib/python3.12/site-packages/torch/include/c10/core/GeneratorImpl.h:9:
  In file included from /home/edgeai/downstream/lib/python3.12/site-packages/torch/include/c10/core/TensorImpl.h:12:
  In file included from /home/edgeai/downstream/lib/python3.12/site-packages/torch/include/c10/core/ScalarType.h:4:
  In file included from /home/edgeai/downstream/lib/python3.12/site-packages/torch/include/c10/util/BFloat16.h:2:
  In file included from /home/edgeai/downstream/lib/python3.12/site-packages/torch/include/torch/headeronly/util/BFloat16.h:22:
  In file included from /home/edgeai/downstream/include/sycl/sycl.hpp:110:
  /home/edgeai/downstream/include/sycl/ext/intel/experimental/pipes.hpp:274:13: warning: 'has_extension' is deprecated: use device::has() function with aspects APIs instead [-Wdeprecated-declarations]
    274 |         Dev.has_extension("cl_intel_program_scope_host_pipe");
        |             ^
  /home/edgeai/downstream/include/sycl/device.hpp:241:3: note: 'has_extension' has been explicitly marked deprecated here
    241 |   __SYCL2020_DEPRECATED("use device::has() function with aspects APIs instead")
        |   ^
  /home/edgeai/downstream/include/sycl/detail/defines_elementary.hpp:62:40: note: expanded from macro '__SYCL2020_DEPRECATED'
     62 | #define __SYCL2020_DEPRECATED(message) __SYCL_DEPRECATED(message)
        |                                        ^
  /home/edgeai/downstream/include/sycl/detail/defines_elementary.hpp:53:38: note: expanded from macro '__SYCL_DEPRECATED'
     53 | #define __SYCL_DEPRECATED(message) [[deprecated(message)]]
        |                                      ^
  In file included from /home/edgeai/esimd_learning/csrc/xpu/esimd_kernel.sycl:1:
  In file included from /home/edgeai/downstream/lib/python3.12/site-packages/torch/include/ATen/ATen.h:8:
  In file included from /home/edgeai/downstream/lib/python3.12/site-packages/torch/include/ATen/Context.h:5:
  In file included from /home/edgeai/downstream/lib/python3.12/site-packages/torch/include/ATen/CPUGeneratorImpl.h:4:
  In file included from /home/edgeai/downstream/lib/python3.12/site-packages/torch/include/ATen/core/Generator.h:19:
  In file included from /home/edgeai/downstream/lib/python3.12/site-packages/torch/include/c10/core/GeneratorImpl.h:9:
  In file included from /home/edgeai/downstream/lib/python3.12/site-packages/torch/include/c10/core/TensorImpl.h:12:
  In file included from /home/edgeai/downstream/lib/python3.12/site-packages/torch/include/c10/core/ScalarType.h:4:
  In file included from /home/edgeai/downstream/lib/python3.12/site-packages/torch/include/c10/util/BFloat16.h:2:
  In file included from /home/edgeai/downstream/lib/python3.12/site-packages/torch/include/torch/headeronly/util/BFloat16.h:22:
  In file included from /home/edgeai/downstream/include/sycl/sycl.hpp:110:
  /home/edgeai/downstream/include/sycl/ext/intel/experimental/pipes.hpp:297:13: warning: 'has_extension' is deprecated: use device::has() function with aspects APIs instead [-Wdeprecated-declarations]
    297 |         Dev.has_extension("cl_intel_program_scope_host_pipe");
        |             ^
  /home/edgeai/downstream/include/sycl/device.hpp:241:3: note: 'has_extension' has been explicitly marked deprecated here
    241 |   __SYCL2020_DEPRECATED("use device::has() function with aspects APIs instead")
        |   ^
  /home/edgeai/downstream/include/sycl/detail/defines_elementary.hpp:62:40: note: expanded from macro '__SYCL2020_DEPRECATED'
     62 | #define __SYCL2020_DEPRECATED(message) __SYCL_DEPRECATED(message)
        |                                        ^
  /home/edgeai/downstream/include/sycl/detail/defines_elementary.hpp:53:38: note: expanded from macro '__SYCL_DEPRECATED'
     53 | #define __SYCL_DEPRECATED(message) [[deprecated(message)]]
        |                                      ^
  In file included from /home/edgeai/esimd_learning/csrc/xpu/esimd_kernel.sycl:1:
  In file included from /home/edgeai/downstream/lib/python3.12/site-packages/torch/include/ATen/ATen.h:8:
  In file included from /home/edgeai/downstream/lib/python3.12/site-packages/torch/include/ATen/Context.h:5:
  In file included from /home/edgeai/downstream/lib/python3.12/site-packages/torch/include/ATen/CPUGeneratorImpl.h:4:
  In file included from /home/edgeai/downstream/lib/python3.12/site-packages/torch/include/ATen/core/Generator.h:19:
  In file included from /home/edgeai/downstream/lib/python3.12/site-packages/torch/include/c10/core/GeneratorImpl.h:9:
  In file included from /home/edgeai/downstream/lib/python3.12/site-packages/torch/include/c10/core/TensorImpl.h:12:
  In file included from /home/edgeai/downstream/lib/python3.12/site-packages/torch/include/c10/core/ScalarType.h:4:
  In file included from /home/edgeai/downstream/lib/python3.12/site-packages/torch/include/c10/util/BFloat16.h:2:
  In file included from /home/edgeai/downstream/lib/python3.12/site-packages/torch/include/torch/headeronly/util/BFloat16.h:22:
  In file included from /home/edgeai/downstream/include/sycl/sycl.hpp:149:
  /home/edgeai/downstream/include/sycl/ext/oneapi/filter_selector.hpp:37:46: warning: 'device_selector' is deprecated: Use SYCL 2020 callable device selectors instead. [-Wdeprecated-declarations]
     37 | class __SYCL_EXPORT filter_selector : public device_selector {
        |                                              ^
  /home/edgeai/downstream/include/sycl/device_selector.hpp:38:21: note: 'device_selector' has been explicitly marked deprecated here
     38 | class __SYCL_EXPORT __SYCL2020_DEPRECATED(
        |                     ^
  /home/edgeai/downstream/include/sycl/detail/defines_elementary.hpp:62:40: note: expanded from macro '__SYCL2020_DEPRECATED'
     62 | #define __SYCL2020_DEPRECATED(message) __SYCL_DEPRECATED(message)
        |                                        ^
  /home/edgeai/downstream/include/sycl/detail/defines_elementary.hpp:53:38: note: expanded from macro '__SYCL_DEPRECATED'
     53 | #define __SYCL_DEPRECATED(message) [[deprecated(message)]]
        |                                      ^
  In file included from /home/edgeai/esimd_learning/csrc/xpu/esimd_kernel.sycl:1:
  In file included from /home/edgeai/downstream/lib/python3.12/site-packages/torch/include/ATen/ATen.h:8:
  In file included from /home/edgeai/downstream/lib/python3.12/site-packages/torch/include/ATen/Context.h:5:
  In file included from /home/edgeai/downstream/lib/python3.12/site-packages/torch/include/ATen/CPUGeneratorImpl.h:4:
  In file included from /home/edgeai/downstream/lib/python3.12/site-packages/torch/include/ATen/core/Generator.h:19:
  In file included from /home/edgeai/downstream/lib/python3.12/site-packages/torch/include/c10/core/GeneratorImpl.h:9:
  In file included from /home/edgeai/downstream/lib/python3.12/site-packages/torch/include/c10/core/TensorImpl.h:12:
  In file included from /home/edgeai/downstream/lib/python3.12/site-packages/torch/include/c10/core/ScalarType.h:4:
  In file included from /home/edgeai/downstream/lib/python3.12/site-packages/torch/include/c10/util/BFloat16.h:2:
  /home/edgeai/downstream/lib/python3.12/site-packages/torch/include/torch/headeronly/util/BFloat16.h:106:7: warning: use of NaN is undefined behavior due to the currently enabled floating-point options [-Wnan-infinity-disabled]
    106 |   if (std::isnan(src)) {
        |       ^~~~~~~~~~~~~~~
  In file included from /home/edgeai/esimd_learning/csrc/xpu/esimd_kernel.sycl:1:
  In file included from /home/edgeai/downstream/lib/python3.12/site-packages/torch/include/ATen/ATen.h:10:
  In file included from /home/edgeai/downstream/lib/python3.12/site-packages/torch/include/ATen/DeviceGuard.h:4:
  In file included from /home/edgeai/downstream/lib/python3.12/site-packages/torch/include/ATen/core/IListRef.h:634:
  In file included from /home/edgeai/downstream/lib/python3.12/site-packages/torch/include/ATen/core/IListRef_inl.h:4:
  In file included from /home/edgeai/downstream/lib/python3.12/site-packages/torch/include/ATen/core/List.h:492:
  In file included from /home/edgeai/downstream/lib/python3.12/site-packages/torch/include/ATen/core/List_inl.h:5:
  In file included from /home/edgeai/downstream/lib/python3.12/site-packages/torch/include/ATen/core/ivalue.h:5:
  In file included from /home/edgeai/downstream/lib/python3.12/site-packages/torch/include/ATen/core/TensorBody.h:17:
  In file included from /home/edgeai/downstream/lib/python3.12/site-packages/torch/include/c10/core/Scalar.h:19:
  In file included from /home/edgeai/downstream/lib/python3.12/site-packages/torch/include/c10/util/TypeCast.h:12:
  /home/edgeai/downstream/lib/python3.12/site-packages/torch/include/c10/util/overflows.h:66:30: warning: use of infinity is undefined behavior due to the currently enabled floating-point options [-Wnan-infinity-disabled]
     66 |   if (limit::has_infinity && std::isinf(static_cast<double>(f))) {
        |                              ^~~~~~~~~~~~~~~~~~~~~~~~~~~~~~~~~~
  In file included from /home/edgeai/esimd_learning/csrc/xpu/esimd_kernel.sycl:9:
  In file included from /home/edgeai/esimd_learning/csrc/xpu/esimd_kernels/fp8_GEMV_v2.h:2:
  In file included from /home/edgeai/esimd_learning/csrc/xpu/esimd_kernels/utils.h:2:
  In file included from /home/edgeai/downstream/include/sycl/ext/intel/esimd.hpp:96:
  In file included from /home/edgeai/downstream/include/sycl/ext/intel/esimd/alt_ui.hpp:13:
  In file included from /home/edgeai/downstream/include/sycl/ext/intel/esimd/simd.hpp:13:
  In file included from /home/edgeai/downstream/include/sycl/ext/intel/esimd/detail/simd_mask_impl.hpp:15:
  In file included from /home/edgeai/downstream/include/sycl/ext/oneapi/experimental/detail/invoke_simd_types.hpp:18:
  /home/edgeai/downstream/include/std/experimental/simd.hpp:1614:10: warning: struct template 'simd_mask' was previously declared as a class template; this is valid, but may result in linker errors under the Microsoft C++ ABI [-Wmismatched-tags]
   1614 |   friend struct simd_mask;
        |          ^
  /home/edgeai/downstream/include/std/experimental/simd.hpp:1032:7: note: previous use is here
   1032 | class simd_mask;
        |       ^
  In file included from /home/edgeai/esimd_learning/csrc/xpu/esimd_kernel.sycl:9:
  In file included from /home/edgeai/esimd_learning/csrc/xpu/esimd_kernels/fp8_GEMV_v2.h:2:
  In file included from /home/edgeai/esimd_learning/csrc/xpu/esimd_kernels/utils.h:2:
  In file included from /home/edgeai/downstream/include/sycl/ext/intel/esimd.hpp:105:
  In file included from /home/edgeai/downstream/include/sycl/ext/intel/experimental/esimd/math.hpp:28:
  /home/edgeai/downstream/include/sycl/ext/intel/esimd/math.hpp:102:18: warning: missing 'typename' prior to dependent type name 'sycl::ext::intel::esimd::detail::element_type_traits<TArg>::EnclosingCppT' is a C++20 extension [-Wc++20-extensions]
    102 |     using CppT = __ESIMD_DNS::element_type_traits<TArg>::EnclosingCppT;
        |                  ^
        |                  typename
  /home/edgeai/downstream/include/sycl/ext/intel/esimd/detail/defines_elementary.hpp:55:21: note: expanded from macro '__ESIMD_DNS'
     55 | #define __ESIMD_DNS sycl::ext::intel::esimd::detail
        |                     ^
  In file included from /home/edgeai/esimd_learning/csrc/xpu/esimd_kernel.sycl:9:
  In file included from /home/edgeai/esimd_learning/csrc/xpu/esimd_kernels/fp8_GEMV_v2.h:2:
  In file included from /home/edgeai/esimd_learning/csrc/xpu/esimd_kernels/utils.h:2:
  In file included from /home/edgeai/downstream/include/sycl/ext/intel/esimd.hpp:105:
  In file included from /home/edgeai/downstream/include/sycl/ext/intel/experimental/esimd/math.hpp:28:
  /home/edgeai/downstream/include/sycl/ext/intel/esimd/math.hpp:190:18: warning: missing 'typename' prior to dependent type name 'sycl::ext::intel::esimd::detail::element_type_traits<T>::EnclosingCppT' is a C++20 extension [-Wc++20-extensions]
    190 |     using CppT = __ESIMD_DNS::element_type_traits<T>::EnclosingCppT;
        |                  ^
        |                  typename
  /home/edgeai/downstream/include/sycl/ext/intel/esimd/detail/defines_elementary.hpp:55:21: note: expanded from macro '__ESIMD_DNS'
     55 | #define __ESIMD_DNS sycl::ext::intel::esimd::detail
        |                     ^
  In file included from /home/edgeai/esimd_learning/csrc/xpu/esimd_kernel.sycl:9:
  In file included from /home/edgeai/esimd_learning/csrc/xpu/esimd_kernels/fp8_GEMV_v2.h:2:
  In file included from /home/edgeai/esimd_learning/csrc/xpu/esimd_kernels/utils.h:2:
  In file included from /home/edgeai/downstream/include/sycl/ext/intel/esimd.hpp:105:
  In file included from /home/edgeai/downstream/include/sycl/ext/intel/experimental/esimd/math.hpp:28:
  /home/edgeai/downstream/include/sycl/ext/intel/esimd/math.hpp:279:18: warning: missing 'typename' prior to dependent type name 'sycl::ext::intel::esimd::detail::element_type_traits<T>::EnclosingCppT' is a C++20 extension [-Wc++20-extensions]
    279 |     using CppT = __ESIMD_DNS::element_type_traits<T>::EnclosingCppT;
        |                  ^
        |                  typename
  /home/edgeai/downstream/include/sycl/ext/intel/esimd/detail/defines_elementary.hpp:55:21: note: expanded from macro '__ESIMD_DNS'
     55 | #define __ESIMD_DNS sycl::ext::intel::esimd::detail
        |                     ^
  In file included from /home/edgeai/esimd_learning/csrc/xpu/esimd_kernel.sycl:9:
  In file included from /home/edgeai/esimd_learning/csrc/xpu/esimd_kernels/fp8_GEMV_v2.h:2:
  In file included from /home/edgeai/esimd_learning/csrc/xpu/esimd_kernels/utils.h:2:
  In file included from /home/edgeai/downstream/include/sycl/ext/intel/esimd.hpp:105:
  In file included from /home/edgeai/downstream/include/sycl/ext/intel/experimental/esimd/math.hpp:29:
  /home/edgeai/downstream/include/sycl/ext/intel/experimental/esimd/common.hpp:80:16: warning: missing 'typename' prior to dependent type name 'sycl::ext::intel::esimd::detail::lsc_expand_type<T>::type' is a C++20 extension [-Wc++20-extensions]
     80 |   using type = __ESIMD_DNS::lsc_expand_type<T>::type;
        |                ^
        |                typename
  /home/edgeai/downstream/include/sycl/ext/intel/esimd/detail/defines_elementary.hpp:55:21: note: expanded from macro '__ESIMD_DNS'
     55 | #define __ESIMD_DNS sycl::ext::intel::esimd::detail
        |                     ^
  In file included from /home/edgeai/esimd_learning/csrc/xpu/esimd_kernel.sycl:9:
  In file included from /home/edgeai/esimd_learning/csrc/xpu/esimd_kernels/fp8_GEMV_v2.h:2:
  In file included from /home/edgeai/esimd_learning/csrc/xpu/esimd_kernels/utils.h:2:
  In file included from /home/edgeai/downstream/include/sycl/ext/intel/esimd.hpp:105:
  /home/edgeai/downstream/include/sycl/ext/intel/experimental/esimd/math.hpp:638:19: warning: unused variable 'q1' [-Wunused-variable]
    638 |   constexpr float q1 = 1.0000000000E+00f;
        |                   ^~
  /home/edgeai/downstream/include/sycl/ext/intel/experimental/esimd/math.hpp:775:16: warning: missing 'typename' prior to dependent type name 'sycl::ext::intel::esimd::detail::element_type_traits<T>::EnclosingCppT' is a C++20 extension [-Wc++20-extensions]
    775 |   using CppT = __ESIMD_DNS::element_type_traits<T>::EnclosingCppT;
        |                ^
        |                typename
  /home/edgeai/downstream/include/sycl/ext/intel/esimd/detail/defines_elementary.hpp:55:21: note: expanded from macro '__ESIMD_DNS'
     55 | #define __ESIMD_DNS sycl::ext::intel::esimd::detail
        |                     ^
  In file included from /home/edgeai/esimd_learning/csrc/xpu/esimd_kernel.sycl:9:
  In file included from /home/edgeai/esimd_learning/csrc/xpu/esimd_kernels/fp8_GEMV_v2.h:2:
  In file included from /home/edgeai/esimd_learning/csrc/xpu/esimd_kernels/utils.h:2:
  In file included from /home/edgeai/downstream/include/sycl/ext/intel/esimd.hpp:106:
  In file included from /home/edgeai/downstream/include/sycl/ext/intel/experimental/esimd/memory.hpp:28:
  /home/edgeai/downstream/include/sycl/ext/intel/esimd/memory.hpp:2429:18: warning: missing 'typename' prior to dependent type name 'PassThruSimdViewT::value_type::element_type' is a C++20 extension [-Wc++20-extensions]
   2429 |     typename T = PassThruSimdViewT::value_type::element_type,
        |                  ^
        |                  typename
  /home/edgeai/downstream/include/sycl/ext/intel/esimd/memory.hpp:2565:18: warning: missing 'typename' prior to dependent type name 'PassThruSimdViewT::value_type::element_type' is a C++20 extension [-Wc++20-extensions]
   2565 |     typename T = PassThruSimdViewT::value_type::element_type,
        |                  ^
        |                  typename
  /home/edgeai/downstream/include/sycl/ext/intel/esimd/memory.hpp:3298:18: warning: missing 'typename' prior to dependent type name 'ValuesSimdViewT::value_type::element_type' is a C++20 extension [-Wc++20-extensions]
   3298 |     typename T = ValuesSimdViewT::value_type::element_type,
        |                  ^
        |                  typename
  /home/edgeai/downstream/include/sycl/ext/intel/esimd/memory.hpp:3344:18: warning: missing 'typename' prior to dependent type name 'ValuesSimdViewT::value_type::element_type' is a C++20 extension [-Wc++20-extensions]
   3344 |     typename T = ValuesSimdViewT::value_type::element_type,
        |                  ^
        |                  typename
  /home/edgeai/downstream/include/sycl/ext/intel/esimd/memory.hpp:3391:18: warning: missing 'typename' prior to dependent type name 'ValuesSimdViewT::value_type::element_type' is a C++20 extension [-Wc++20-extensions]
   3391 |     typename T = ValuesSimdViewT::value_type::element_type,
        |                  ^
        |                  typename
  /home/edgeai/downstream/include/sycl/ext/intel/esimd/memory.hpp:3432:18: warning: missing 'typename' prior to dependent type name 'ValuesSimdViewT::value_type::element_type' is a C++20 extension [-Wc++20-extensions]
   3432 |     typename T = ValuesSimdViewT::value_type::element_type,
        |                  ^
        |                  typename
  /home/edgeai/downstream/include/sycl/ext/intel/esimd/memory.hpp:4654:18: warning: missing 'typename' prior to dependent type name 'PassThruSimdViewT::value_type::element_type' is a C++20 extension [-Wc++20-extensions]
   4654 |     typename T = PassThruSimdViewT::value_type::element_type,
        |                  ^
        |                  typename
  /home/edgeai/downstream/include/sycl/ext/intel/esimd/memory.hpp:4685:18: warning: missing 'typename' prior to dependent type name 'PassThruSimdViewT::value_type::element_type' is a C++20 extension [-Wc++20-extensions]
   4685 |     typename T = PassThruSimdViewT::value_type::element_type,
        |                  ^
        |                  typename
  /home/edgeai/downstream/include/sycl/ext/intel/esimd/memory.hpp:4998:18: warning: missing 'typename' prior to dependent type name 'ValuesSimdViewT::value_type::element_type' is a C++20 extension [-Wc++20-extensions]
   4998 |     typename T = ValuesSimdViewT::value_type::element_type,
        |                  ^
        |                  typename
  /home/edgeai/downstream/include/sycl/ext/intel/esimd/memory.hpp:5039:18: warning: missing 'typename' prior to dependent type name 'ValuesSimdViewT::value_type::element_type' is a C++20 extension [-Wc++20-extensions]
   5039 |     typename T = ValuesSimdViewT::value_type::element_type,
        |                  ^
        |                  typename
  /home/edgeai/downstream/include/sycl/ext/intel/esimd/memory.hpp:5085:18: warning: missing 'typename' prior to dependent type name 'ValuesSimdViewT::value_type::element_type' is a C++20 extension [-Wc++20-extensions]
   5085 |     typename T = ValuesSimdViewT::value_type::element_type,
        |                  ^
        |                  typename
  /home/edgeai/downstream/include/sycl/ext/intel/esimd/memory.hpp:5123:18: warning: missing 'typename' prior to dependent type name 'ValuesSimdViewT::value_type::element_type' is a C++20 extension [-Wc++20-extensions]
   5123 |     typename T = ValuesSimdViewT::value_type::element_type,
        |                  ^
        |                  typename
  /home/edgeai/downstream/include/sycl/ext/intel/esimd/memory.hpp:6086:18: warning: missing 'typename' prior to dependent type name 'PassThruSimdViewT::value_type::element_type' is a C++20 extension [-Wc++20-extensions]
   6086 |     typename T = PassThruSimdViewT::value_type::element_type,
        |                  ^
        |                  typename
  /home/edgeai/downstream/include/sycl/ext/intel/esimd/memory.hpp:6132:18: warning: missing 'typename' prior to dependent type name 'PassThruSimdViewT::value_type::element_type' is a C++20 extension [-Wc++20-extensions]
   6132 |     typename T = PassThruSimdViewT::value_type::element_type,
        |                  ^
        |                  typename
  /home/edgeai/downstream/include/sycl/ext/intel/esimd/memory.hpp:6470:18: warning: missing 'typename' prior to dependent type name 'ValuesSimdViewT::value_type::element_type' is a C++20 extension [-Wc++20-extensions]
   6470 |     typename T = ValuesSimdViewT::value_type::element_type,
        |                  ^
        |                  typename
  /home/edgeai/downstream/include/sycl/ext/intel/esimd/memory.hpp:6505:18: warning: missing 'typename' prior to dependent type name 'ValuesSimdViewT::value_type::element_type' is a C++20 extension [-Wc++20-extensions]
   6505 |     typename T = ValuesSimdViewT::value_type::element_type,
        |                  ^
        |                  typename
  /home/edgeai/downstream/include/sycl/ext/intel/esimd/memory.hpp:6542:18: warning: missing 'typename' prior to dependent type name 'ValuesSimdViewT::value_type::element_type' is a C++20 extension [-Wc++20-extensions]
   6542 |     typename T = ValuesSimdViewT::value_type::element_type,
        |                  ^
        |                  typename
  /home/edgeai/downstream/include/sycl/ext/intel/esimd/memory.hpp:6574:18: warning: missing 'typename' prior to dependent type name 'ValuesSimdViewT::value_type::element_type' is a C++20 extension [-Wc++20-extensions]
   6574 |     typename T = ValuesSimdViewT::value_type::element_type,
        |                  ^
        |                  typename
  /home/edgeai/downstream/include/sycl/ext/intel/esimd/memory.hpp:6924:18: warning: missing 'typename' prior to dependent type name 'PassThruSimdViewT::value_type::element_type' is a C++20 extension [-Wc++20-extensions]
   6924 |     typename T = PassThruSimdViewT::value_type::element_type,
        |                  ^
        |                  typename
  /home/edgeai/downstream/include/sycl/ext/intel/esimd/memory.hpp:7156:18: warning: missing 'typename' prior to dependent type name 'PassThruSimdViewT::value_type::element_type' is a C++20 extension [-Wc++20-extensions]
   7156 |     typename T = PassThruSimdViewT::value_type::element_type,
        |                  ^
        |                  typename
  /home/edgeai/downstream/include/sycl/ext/intel/esimd/memory.hpp:7240:18: warning: missing 'typename' prior to dependent type name 'PassThruSimdViewT::value_type::element_type' is a C++20 extension [-Wc++20-extensions]
   7240 |     typename T = PassThruSimdViewT::value_type::element_type,
        |                  ^
        |                  typename
  /home/edgeai/downstream/include/sycl/ext/intel/esimd/memory.hpp:7449:18: warning: missing 'typename' prior to dependent type name 'ValuesSimdViewT::value_type::element_type' is a C++20 extension [-Wc++20-extensions]
   7449 |     typename T = ValuesSimdViewT::value_type::element_type,
        |                  ^
        |                  typename
  /home/edgeai/downstream/include/sycl/ext/intel/esimd/memory.hpp:7479:18: warning: missing 'typename' prior to dependent type name 'ValuesSimdViewT::value_type::element_type' is a C++20 extension [-Wc++20-extensions]
   7479 |     typename T = ValuesSimdViewT::value_type::element_type,
        |                  ^
        |                  typename
  /home/edgeai/downstream/include/sycl/ext/intel/esimd/memory.hpp:7642:18: warning: missing 'typename' prior to dependent type name 'ValuesSimdViewT::value_type::element_type' is a C++20 extension [-Wc++20-extensions]
   7642 |     typename T = ValuesSimdViewT::value_type::element_type,
        |                  ^
        |                  typename
  /home/edgeai/downstream/include/sycl/ext/intel/esimd/memory.hpp:7674:18: warning: missing 'typename' prior to dependent type name 'ValuesSimdViewT::value_type::element_type' is a C++20 extension [-Wc++20-extensions]
   7674 |     typename T = ValuesSimdViewT::value_type::element_type,
        |                  ^
        |                  typename
  /home/edgeai/downstream/include/sycl/ext/intel/esimd/memory.hpp:7716:18: warning: missing 'typename' prior to dependent type name 'ValuesSimdViewT::value_type::element_type' is a C++20 extension [-Wc++20-extensions]
   7716 |     typename T = ValuesSimdViewT::value_type::element_type,
        |                  ^
        |                  typename
  /home/edgeai/downstream/include/sycl/ext/intel/esimd/memory.hpp:7758:18: warning: missing 'typename' prior to dependent type name 'ValuesSimdViewT::value_type::element_type' is a C++20 extension [-Wc++20-extensions]
   7758 |     typename T = ValuesSimdViewT::value_type::element_type,
        |                  ^
        |                  typename
  /home/edgeai/downstream/include/sycl/ext/intel/esimd/memory.hpp:7951:12: warning: use of function template name with no prior declaration in function call with explicit template arguments is a C++20 extension [-Wc++20-extensions]
   7951 |     return slm_atomic_update_impl<Op, T, N,
        |            ^
  /home/edgeai/downstream/include/sycl/ext/intel/esimd/memory.hpp:8032:12: warning: use of function template name with no prior declaration in function call with explicit template arguments is a C++20 extension [-Wc++20-extensions]
   8032 |     return slm_atomic_update_impl<Op, T, N,
        |            ^
  /home/edgeai/downstream/include/sycl/ext/intel/esimd/memory.hpp:8070:24: warning: missing 'typename' prior to dependent type name 'SrcSimdViewT::value_type::element_type' is a C++20 extension [-Wc++20-extensions]
   8070 |           typename T = SrcSimdViewT::value_type::element_type, int N>
        |                        ^
        |                        typename
  /home/edgeai/downstream/include/sycl/ext/intel/esimd/memory.hpp:8129:24: warning: missing 'typename' prior to dependent type name 'SrcSimdViewT::value_type::element_type' is a C++20 extension [-Wc++20-extensions]
   8129 |           typename T = SrcSimdViewT::value_type::element_type,
        |                        ^
        |                        typename
  /home/edgeai/downstream/include/sycl/ext/intel/esimd/memory.hpp:8222:24: warning: missing 'typename' prior to dependent type name 'SrcSimdViewT::value_type::element_type' is a C++20 extension [-Wc++20-extensions]
   8222 |           typename T = SrcSimdViewT::value_type::element_type, int N,
        |                        ^
        |                        typename
  /home/edgeai/downstream/include/sycl/ext/intel/esimd/memory.hpp:8255:24: warning: missing 'typename' prior to dependent type name 'SrcSimdViewT::value_type::element_type' is a C++20 extension [-Wc++20-extensions]
   8255 |           typename T = SrcSimdViewT::value_type::element_type,
        |                        ^
        |                        typename
  /home/edgeai/downstream/include/sycl/ext/intel/esimd/memory.hpp:8399:24: warning: missing 'typename' prior to dependent type name 'SrcSimdViewT::value_type::element_type' is a C++20 extension [-Wc++20-extensions]
   8399 |           typename T = SrcSimdViewT::value_type::element_type, int N>
        |                        ^
        |                        typename
  /home/edgeai/downstream/include/sycl/ext/intel/esimd/memory.hpp:8525:24: warning: missing 'typename' prior to dependent type name 'SrcSimdViewT::value_type::element_type' is a C++20 extension [-Wc++20-extensions]
   8525 |           typename T = SrcSimdViewT::value_type::element_type,
        |                        ^
        |                        typename
  /home/edgeai/downstream/include/sycl/ext/intel/esimd/memory.hpp:8609:24: warning: missing 'typename' prior to dependent type name 'SrcSimdViewT::value_type::element_type' is a C++20 extension [-Wc++20-extensions]
   8609 |           typename T = SrcSimdViewT::value_type::element_type, int N,
        |                        ^
        |                        typename
  /home/edgeai/downstream/include/sycl/ext/intel/esimd/memory.hpp:8705:24: warning: missing 'typename' prior to dependent type name 'SrcSimdViewT::value_type::element_type' is a C++20 extension [-Wc++20-extensions]
   8705 |           typename T = SrcSimdViewT::value_type::element_type,
        |                        ^
        |                        typename
  /home/edgeai/downstream/include/sycl/ext/intel/esimd/memory.hpp:10784:18: warning: missing 'typename' prior to dependent type name 'SrcSimdViewT::value_type::element_type' is a C++20 extension [-Wc++20-extensions]
   10784 |     typename T = SrcSimdViewT::value_type::element_type, int N,
         |                  ^
         |                  typename
  /home/edgeai/downstream/include/sycl/ext/intel/esimd/memory.hpp:10881:18: warning: missing 'typename' prior to dependent type name 'SrcSimdViewT::value_type::element_type' is a C++20 extension [-Wc++20-extensions]
   10881 |     typename T = SrcSimdViewT::value_type::element_type, int N,
         |                  ^
         |                  typename
  /home/edgeai/downstream/include/sycl/ext/intel/esimd/memory.hpp:10978:18: warning: missing 'typename' prior to dependent type name 'SrcSimdViewT::value_type::element_type' is a C++20 extension [-Wc++20-extensions]
   10978 |     typename T = SrcSimdViewT::value_type::element_type,
         |                  ^
         |                  typename
  /home/edgeai/downstream/include/sycl/ext/intel/esimd/memory.hpp:11074:18: warning: missing 'typename' prior to dependent type name 'SrcSimdViewT::value_type::element_type' is a C++20 extension [-Wc++20-extensions]
   11074 |     typename T = SrcSimdViewT::value_type::element_type,
         |                  ^
         |                  typename
  /home/edgeai/downstream/include/sycl/ext/intel/esimd/memory.hpp:11383:18: warning: missing 'typename' prior to dependent type name 'SrcSimdViewT::value_type::element_type' is a C++20 extension [-Wc++20-extensions]
   11383 |     typename T = SrcSimdViewT::value_type::element_type, int N,
         |                  ^
         |                  typename
  /home/edgeai/downstream/include/sycl/ext/intel/esimd/memory.hpp:11571:18: warning: missing 'typename' prior to dependent type name 'SrcSimdViewT::value_type::element_type' is a C++20 extension [-Wc++20-extensions]
   11571 |     typename T = SrcSimdViewT::value_type::element_type, int N,
         |                  ^
         |                  typename
  /home/edgeai/downstream/include/sycl/ext/intel/esimd/memory.hpp:11745:18: warning: missing 'typename' prior to dependent type name 'SrcSimdViewT::value_type::element_type' is a C++20 extension [-Wc++20-extensions]
   11745 |     typename T = SrcSimdViewT::value_type::element_type, int N,
         |                  ^
         |                  typename
  /home/edgeai/downstream/include/sycl/ext/intel/esimd/memory.hpp:11913:18: warning: missing 'typename' prior to dependent type name 'SrcSimdViewT::value_type::element_type' is a C++20 extension [-Wc++20-extensions]
   11913 |     typename T = SrcSimdViewT::value_type::element_type,
         |                  ^
         |                  typename
  /home/edgeai/downstream/include/sycl/ext/intel/esimd/memory.hpp:12498:18: warning: missing 'typename' prior to dependent type name 'PassThruSimdViewT::value_type::element_type' is a C++20 extension [-Wc++20-extensions]
   12498 |     typename T = PassThruSimdViewT::value_type::element_type,
         |                  ^
         |                  typename
  /home/edgeai/downstream/include/sycl/ext/intel/esimd/memory.hpp:12528:18: warning: missing 'typename' prior to dependent type name 'PassThruSimdViewT::value_type::element_type' is a C++20 extension [-Wc++20-extensions]
   12528 |     typename T = PassThruSimdViewT::value_type::element_type,
         |                  ^
         |                  typename
  /home/edgeai/downstream/include/sycl/ext/intel/esimd/memory.hpp:12869:18: warning: missing 'typename' prior to dependent type name 'ValuesSimdViewT::value_type::element_type' is a C++20 extension [-Wc++20-extensions]
   12869 |     typename T = ValuesSimdViewT::value_type::element_type,
         |                  ^
         |                  typename
  /home/edgeai/downstream/include/sycl/ext/intel/esimd/memory.hpp:12910:18: warning: missing 'typename' prior to dependent type name 'ValuesSimdViewT::value_type::element_type' is a C++20 extension [-Wc++20-extensions]
   12910 |     typename T = ValuesSimdViewT::value_type::element_type,
         |                  ^
         |                  typename
  /home/edgeai/downstream/include/sycl/ext/intel/esimd/memory.hpp:12956:18: warning: missing 'typename' prior to dependent type name 'ValuesSimdViewT::value_type::element_type' is a C++20 extension [-Wc++20-extensions]
   12956 |     typename T = ValuesSimdViewT::value_type::element_type,
         |                  ^
         |                  typename
  /home/edgeai/downstream/include/sycl/ext/intel/esimd/memory.hpp:12994:18: warning: missing 'typename' prior to dependent type name 'ValuesSimdViewT::value_type::element_type' is a C++20 extension [-Wc++20-extensions]
   12994 |     typename T = ValuesSimdViewT::value_type::element_type,
         |                  ^
         |                  typename
  In file included from /home/edgeai/esimd_learning/csrc/xpu/esimd_kernel.sycl:9:
  In file included from /home/edgeai/esimd_learning/csrc/xpu/esimd_kernels/fp8_GEMV_v2.h:2:
  In file included from /home/edgeai/esimd_learning/csrc/xpu/esimd_kernels/utils.h:2:
  In file included from /home/edgeai/downstream/include/sycl/ext/intel/esimd.hpp:106:
  /home/edgeai/downstream/include/sycl/ext/intel/experimental/esimd/memory.hpp:622:12: warning: use of function template name with no prior declaration in function call with explicit template arguments is a C++20 extension [-Wc++20-extensions]
    622 |       acc, convert<uint64_t>(offsets), pred);
        |            ^
  /home/edgeai/downstream/include/sycl/ext/intel/experimental/esimd/memory.hpp:698:12: warning: use of function template name with no prior declaration in function call with explicit template arguments is a C++20 extension [-Wc++20-extensions]
    698 |       acc, convert<uint64_t>(offsets), pred, pass_thru);
        |            ^
  /home/edgeai/downstream/include/sycl/ext/intel/experimental/esimd/memory.hpp:1163:12: warning: use of function template name with no prior declaration in function call with explicit template arguments is a C++20 extension [-Wc++20-extensions]
   1163 |       acc, convert<uint64_t>(offsets), pred);
        |            ^
  /home/edgeai/downstream/include/sycl/ext/intel/experimental/esimd/memory.hpp:1364:12: warning: use of function template name with no prior declaration in function call with explicit template arguments is a C++20 extension [-Wc++20-extensions]
   1364 |       acc, convert<uint64_t>(offsets), vals, pred);
        |            ^
  /home/edgeai/downstream/include/sycl/ext/intel/experimental/esimd/memory.hpp:1945:22: warning: unused variable 'DstLength' [-Wunused-variable]
   1945 |   constexpr uint32_t DstLength =
        |                      ^~~~~~~~~
  /home/edgeai/downstream/include/sycl/ext/intel/experimental/esimd/memory.hpp:2567:13: warning: duplicate 'inline' declaration specifier [-Wduplicate-decl-specifier]
   2567 | __ESIMD_API __ESIMD_API
        |             ^
  /home/edgeai/downstream/include/sycl/ext/intel/esimd/detail/defines_elementary.hpp:41:21: note: expanded from macro '__ESIMD_API'
     41 | #define __ESIMD_API ESIMD_INLINE
        |                     ^
  /home/edgeai/downstream/include/sycl/ext/intel/esimd/detail/defines_elementary.hpp:51:22: note: expanded from macro 'ESIMD_INLINE'
     51 | #define ESIMD_INLINE inline __attribute__((always_inline))
        |                      ^
  In file included from /home/edgeai/esimd_learning/csrc/xpu/esimd_kernel.sycl:9:
  In file included from /home/edgeai/esimd_learning/csrc/xpu/esimd_kernels/fp8_GEMV_v2.h:2:
  In file included from /home/edgeai/esimd_learning/csrc/xpu/esimd_kernels/utils.h:2:
  /home/edgeai/downstream/include/sycl/ext/intel/esimd.hpp:109:15: warning: unknown pragma ignored [-Wunknown-pragmas]
    109 | #pragma clang diagnostics pop
        |               ^
  In file included from /home/edgeai/esimd_learning/csrc/xpu/esimd_kernel.sycl:1:
  In file included from /home/edgeai/downstream/lib/python3.12/site-packages/torch/include/ATen/ATen.h:8:
  In file included from /home/edgeai/downstream/lib/python3.12/site-packages/torch/include/ATen/Context.h:5:
  In file included from /home/edgeai/downstream/lib/python3.12/site-packages/torch/include/ATen/CPUGeneratorImpl.h:4:
  In file included from /home/edgeai/downstream/lib/python3.12/site-packages/torch/include/ATen/core/Generator.h:19:
  In file included from /home/edgeai/downstream/lib/python3.12/site-packages/torch/include/c10/core/GeneratorImpl.h:9:
  In file included from /home/edgeai/downstream/lib/python3.12/site-packages/torch/include/c10/core/TensorImpl.h:12:
  In file included from /home/edgeai/downstream/lib/python3.12/site-packages/torch/include/c10/core/ScalarType.h:4:
  In file included from /home/edgeai/downstream/lib/python3.12/site-packages/torch/include/c10/util/BFloat16.h:2:
  In file included from /home/edgeai/downstream/lib/python3.12/site-packages/torch/include/torch/headeronly/util/BFloat16.h:22:
  In file included from /home/edgeai/downstream/include/sycl/sycl.hpp:49:
  In file included from /home/edgeai/downstream/include/sycl/detail/core.hpp:21:
  /home/edgeai/downstream/include/sycl/accessor.hpp:1786:12: warning: 'atomic<unsigned int, sycl::access::address_space::global_space>' is deprecated: sycl::atomic is deprecated since SYCL 2020 [-Wdeprecated-declarations]
   1786 |     return atomic<DataT, AS>(multi_ptr<DataT, AS, access::decorated::yes>(
        |            ^
  /home/edgeai/downstream/include/sycl/stream.hpp:538:21: note: in instantiation of function template specialization 'sycl::accessor<unsigned int, 1, sycl::access::mode::atomic, sycl::access::target::device>::operator[]<1>' requested here
    538 |   Cur = GlobalOffset[0].load();
        |                     ^
  /home/edgeai/downstream/include/sycl/atomic.hpp:173:7: note: 'atomic<unsigned int, sycl::access::address_space::global_space>' has been explicitly marked deprecated here
    173 | class __SYCL2020_DEPRECATED(
        |       ^
  /home/edgeai/downstream/include/sycl/detail/defines_elementary.hpp:62:40: note: expanded from macro '__SYCL2020_DEPRECATED'
     62 | #define __SYCL2020_DEPRECATED(message) __SYCL_DEPRECATED(message)
        |                                        ^
  /home/edgeai/downstream/include/sycl/detail/defines_elementary.hpp:53:38: note: expanded from macro '__SYCL_DEPRECATED'
     53 | #define __SYCL_DEPRECATED(message) [[deprecated(message)]]
        |                                      ^
  In file included from /home/edgeai/esimd_learning/csrc/xpu/esimd_kernel.sycl:1:
  In file included from /home/edgeai/downstream/lib/python3.12/site-packages/torch/include/ATen/ATen.h:10:
  In file included from /home/edgeai/downstream/lib/python3.12/site-packages/torch/include/ATen/DeviceGuard.h:4:
  In file included from /home/edgeai/downstream/lib/python3.12/site-packages/torch/include/ATen/core/IListRef.h:634:
  In file included from /home/edgeai/downstream/lib/python3.12/site-packages/torch/include/ATen/core/IListRef_inl.h:4:
  In file included from /home/edgeai/downstream/lib/python3.12/site-packages/torch/include/ATen/core/List.h:492:
  In file included from /home/edgeai/downstream/lib/python3.12/site-packages/torch/include/ATen/core/List_inl.h:5:
  In file included from /home/edgeai/downstream/lib/python3.12/site-packages/torch/include/ATen/core/ivalue.h:5:
  In file included from /home/edgeai/downstream/lib/python3.12/site-packages/torch/include/ATen/core/TensorBody.h:17:
  In file included from /home/edgeai/downstream/lib/python3.12/site-packages/torch/include/c10/core/Scalar.h:19:
  In file included from /home/edgeai/downstream/lib/python3.12/site-packages/torch/include/c10/util/TypeCast.h:12:
  /home/edgeai/downstream/lib/python3.12/site-packages/torch/include/c10/util/overflows.h:66:30: warning: use of infinity is undefined behavior due to the currently enabled floating-point options [-Wnan-infinity-disabled]
     66 |   if (limit::has_infinity && std::isinf(static_cast<double>(f))) {
        |                              ^~~~~~~~~~~~~~~~~~~~~~~~~~~~~~~~~~
  /home/edgeai/downstream/lib/python3.12/site-packages/torch/include/c10/util/TypeCast.h:201:36: note: in instantiation of function template specialization 'c10::overflows<unsigned char, double>' requested here
    201 |   if (!std::is_same_v<To, bool> && overflows<To, From>(f)) {
        |                                    ^
  /home/edgeai/downstream/lib/python3.12/site-packages/torch/include/c10/core/Scalar.h:141:39: note: in instantiation of function template specialization 'c10::checked_convert<unsigned char, double>' requested here
    141 |   AT_FORALL_SCALAR_TYPES_WITH_COMPLEX(DEFINE_ACCESSOR)
        |                                       ^
  /home/edgeai/downstream/lib/python3.12/site-packages/torch/include/torch/headeronly/core/ScalarType.h:82:3: note: expanded from macro 'AT_FORALL_SCALAR_TYPES_WITH_COMPLEX'
     82 |   _(uint8_t, Byte)                             \
        |   ^
  /home/edgeai/downstream/lib/python3.12/site-packages/torch/include/c10/core/Scalar.h:117:14: note: expanded from macro 'DEFINE_ACCESSOR'
    117 |       return checked_convert<type, double>(v.d, #type);               \
        |              ^
  In file included from /home/edgeai/esimd_learning/csrc/xpu/esimd_kernel.sycl:1:
  In file included from /home/edgeai/downstream/lib/python3.12/site-packages/torch/include/ATen/ATen.h:10:
  In file included from /home/edgeai/downstream/lib/python3.12/site-packages/torch/include/ATen/DeviceGuard.h:4:
  In file included from /home/edgeai/downstream/lib/python3.12/site-packages/torch/include/ATen/core/IListRef.h:634:
  In file included from /home/edgeai/downstream/lib/python3.12/site-packages/torch/include/ATen/core/IListRef_inl.h:4:
  In file included from /home/edgeai/downstream/lib/python3.12/site-packages/torch/include/ATen/core/List.h:492:
  In file included from /home/edgeai/downstream/lib/python3.12/site-packages/torch/include/ATen/core/List_inl.h:5:
  In file included from /home/edgeai/downstream/lib/python3.12/site-packages/torch/include/ATen/core/ivalue.h:5:
  In file included from /home/edgeai/downstream/lib/python3.12/site-packages/torch/include/ATen/core/TensorBody.h:17:
  In file included from /home/edgeai/downstream/lib/python3.12/site-packages/torch/include/c10/core/Scalar.h:19:
  In file included from /home/edgeai/downstream/lib/python3.12/site-packages/torch/include/c10/util/TypeCast.h:12:
  /home/edgeai/downstream/lib/python3.12/site-packages/torch/include/c10/util/overflows.h:66:30: warning: use of infinity is undefined behavior due to the currently enabled floating-point options [-Wnan-infinity-disabled]
     66 |   if (limit::has_infinity && std::isinf(static_cast<double>(f))) {
        |                              ^~~~~~~~~~~~~~~~~~~~~~~~~~~~~~~~~~
  /home/edgeai/downstream/lib/python3.12/site-packages/torch/include/c10/util/TypeCast.h:201:36: note: in instantiation of function template specialization 'c10::overflows<signed char, double>' requested here
    201 |   if (!std::is_same_v<To, bool> && overflows<To, From>(f)) {
        |                                    ^
  /home/edgeai/downstream/lib/python3.12/site-packages/torch/include/c10/core/Scalar.h:141:39: note: in instantiation of function template specialization 'c10::checked_convert<signed char, double>' requested here
    141 |   AT_FORALL_SCALAR_TYPES_WITH_COMPLEX(DEFINE_ACCESSOR)
        |                                       ^
  /home/edgeai/downstream/lib/python3.12/site-packages/torch/include/torch/headeronly/core/ScalarType.h:83:3: note: expanded from macro 'AT_FORALL_SCALAR_TYPES_WITH_COMPLEX'
     83 |   _(int8_t, Char)                              \
        |   ^
  /home/edgeai/downstream/lib/python3.12/site-packages/torch/include/c10/core/Scalar.h:117:14: note: expanded from macro 'DEFINE_ACCESSOR'
    117 |       return checked_convert<type, double>(v.d, #type);               \
        |              ^
  In file included from /home/edgeai/esimd_learning/csrc/xpu/esimd_kernel.sycl:1:
  In file included from /home/edgeai/downstream/lib/python3.12/site-packages/torch/include/ATen/ATen.h:10:
  In file included from /home/edgeai/downstream/lib/python3.12/site-packages/torch/include/ATen/DeviceGuard.h:4:
  In file included from /home/edgeai/downstream/lib/python3.12/site-packages/torch/include/ATen/core/IListRef.h:634:
  In file included from /home/edgeai/downstream/lib/python3.12/site-packages/torch/include/ATen/core/IListRef_inl.h:4:
  In file included from /home/edgeai/downstream/lib/python3.12/site-packages/torch/include/ATen/core/List.h:492:
  In file included from /home/edgeai/downstream/lib/python3.12/site-packages/torch/include/ATen/core/List_inl.h:5:
  In file included from /home/edgeai/downstream/lib/python3.12/site-packages/torch/include/ATen/core/ivalue.h:5:
  In file included from /home/edgeai/downstream/lib/python3.12/site-packages/torch/include/ATen/core/TensorBody.h:17:
  In file included from /home/edgeai/downstream/lib/python3.12/site-packages/torch/include/c10/core/Scalar.h:19:
  In file included from /home/edgeai/downstream/lib/python3.12/site-packages/torch/include/c10/util/TypeCast.h:12:
  /home/edgeai/downstream/lib/python3.12/site-packages/torch/include/c10/util/overflows.h:66:30: warning: use of infinity is undefined behavior due to the currently enabled floating-point options [-Wnan-infinity-disabled]
     66 |   if (limit::has_infinity && std::isinf(static_cast<double>(f))) {
        |                              ^~~~~~~~~~~~~~~~~~~~~~~~~~~~~~~~~~
  /home/edgeai/downstream/lib/python3.12/site-packages/torch/include/c10/util/TypeCast.h:201:36: note: in instantiation of function template specialization 'c10::overflows<short, double>' requested here
    201 |   if (!std::is_same_v<To, bool> && overflows<To, From>(f)) {
        |                                    ^
  /home/edgeai/downstream/lib/python3.12/site-packages/torch/include/c10/core/Scalar.h:141:39: note: in instantiation of function template specialization 'c10::checked_convert<short, double>' requested here
    141 |   AT_FORALL_SCALAR_TYPES_WITH_COMPLEX(DEFINE_ACCESSOR)
        |                                       ^
  /home/edgeai/downstream/lib/python3.12/site-packages/torch/include/torch/headeronly/core/ScalarType.h:84:3: note: expanded from macro 'AT_FORALL_SCALAR_TYPES_WITH_COMPLEX'
     84 |   _(int16_t, Short)                            \
        |   ^
  /home/edgeai/downstream/lib/python3.12/site-packages/torch/include/c10/core/Scalar.h:117:14: note: expanded from macro 'DEFINE_ACCESSOR'
    117 |       return checked_convert<type, double>(v.d, #type);               \
        |              ^
  In file included from /home/edgeai/esimd_learning/csrc/xpu/esimd_kernel.sycl:1:
  In file included from /home/edgeai/downstream/lib/python3.12/site-packages/torch/include/ATen/ATen.h:10:
  In file included from /home/edgeai/downstream/lib/python3.12/site-packages/torch/include/ATen/DeviceGuard.h:4:
  In file included from /home/edgeai/downstream/lib/python3.12/site-packages/torch/include/ATen/core/IListRef.h:634:
  In file included from /home/edgeai/downstream/lib/python3.12/site-packages/torch/include/ATen/core/IListRef_inl.h:4:
  In file included from /home/edgeai/downstream/lib/python3.12/site-packages/torch/include/ATen/core/List.h:492:
  In file included from /home/edgeai/downstream/lib/python3.12/site-packages/torch/include/ATen/core/List_inl.h:5:
  In file included from /home/edgeai/downstream/lib/python3.12/site-packages/torch/include/ATen/core/ivalue.h:5:
  In file included from /home/edgeai/downstream/lib/python3.12/site-packages/torch/include/ATen/core/TensorBody.h:17:
  In file included from /home/edgeai/downstream/lib/python3.12/site-packages/torch/include/c10/core/Scalar.h:19:
  In file included from /home/edgeai/downstream/lib/python3.12/site-packages/torch/include/c10/util/TypeCast.h:12:
  /home/edgeai/downstream/lib/python3.12/site-packages/torch/include/c10/util/overflows.h:66:30: warning: use of infinity is undefined behavior due to the currently enabled floating-point options [-Wnan-infinity-disabled]
     66 |   if (limit::has_infinity && std::isinf(static_cast<double>(f))) {
        |                              ^~~~~~~~~~~~~~~~~~~~~~~~~~~~~~~~~~
  /home/edgeai/downstream/lib/python3.12/site-packages/torch/include/c10/util/TypeCast.h:201:36: note: in instantiation of function template specialization 'c10::overflows<int, double>' requested here
    201 |   if (!std::is_same_v<To, bool> && overflows<To, From>(f)) {
        |                                    ^
  /home/edgeai/downstream/lib/python3.12/site-packages/torch/include/c10/core/Scalar.h:141:39: note: in instantiation of function template specialization 'c10::checked_convert<int, double>' requested here
    141 |   AT_FORALL_SCALAR_TYPES_WITH_COMPLEX(DEFINE_ACCESSOR)
        |                                       ^
  /home/edgeai/downstream/lib/python3.12/site-packages/torch/include/torch/headeronly/core/ScalarType.h:85:3: note: expanded from macro 'AT_FORALL_SCALAR_TYPES_WITH_COMPLEX'
     85 |   _(int, Int)                                  \
        |   ^
  /home/edgeai/downstream/lib/python3.12/site-packages/torch/include/c10/core/Scalar.h:117:14: note: expanded from macro 'DEFINE_ACCESSOR'
    117 |       return checked_convert<type, double>(v.d, #type);               \
        |              ^
  In file included from /home/edgeai/esimd_learning/csrc/xpu/esimd_kernel.sycl:1:
  In file included from /home/edgeai/downstream/lib/python3.12/site-packages/torch/include/ATen/ATen.h:10:
  In file included from /home/edgeai/downstream/lib/python3.12/site-packages/torch/include/ATen/DeviceGuard.h:4:
  In file included from /home/edgeai/downstream/lib/python3.12/site-packages/torch/include/ATen/core/IListRef.h:634:
  In file included from /home/edgeai/downstream/lib/python3.12/site-packages/torch/include/ATen/core/IListRef_inl.h:4:
  In file included from /home/edgeai/downstream/lib/python3.12/site-packages/torch/include/ATen/core/List.h:492:
  In file included from /home/edgeai/downstream/lib/python3.12/site-packages/torch/include/ATen/core/List_inl.h:5:
  In file included from /home/edgeai/downstream/lib/python3.12/site-packages/torch/include/ATen/core/ivalue.h:5:
  In file included from /home/edgeai/downstream/lib/python3.12/site-packages/torch/include/ATen/core/TensorBody.h:17:
  In file included from /home/edgeai/downstream/lib/python3.12/site-packages/torch/include/c10/core/Scalar.h:19:
  In file included from /home/edgeai/downstream/lib/python3.12/site-packages/torch/include/c10/util/TypeCast.h:12:
  /home/edgeai/downstream/lib/python3.12/site-packages/torch/include/c10/util/overflows.h:66:30: warning: use of infinity is undefined behavior due to the currently enabled floating-point options [-Wnan-infinity-disabled]
     66 |   if (limit::has_infinity && std::isinf(static_cast<double>(f))) {
        |                              ^~~~~~~~~~~~~~~~~~~~~~~~~~~~~~~~~~
  /home/edgeai/downstream/lib/python3.12/site-packages/torch/include/c10/util/TypeCast.h:201:36: note: in instantiation of function template specialization 'c10::overflows<long, double>' requested here
    201 |   if (!std::is_same_v<To, bool> && overflows<To, From>(f)) {
        |                                    ^
  /home/edgeai/downstream/lib/python3.12/site-packages/torch/include/c10/core/Scalar.h:141:39: note: in instantiation of function template specialization 'c10::checked_convert<long, double>' requested here
    141 |   AT_FORALL_SCALAR_TYPES_WITH_COMPLEX(DEFINE_ACCESSOR)
        |                                       ^
  /home/edgeai/downstream/lib/python3.12/site-packages/torch/include/torch/headeronly/core/ScalarType.h:86:3: note: expanded from macro 'AT_FORALL_SCALAR_TYPES_WITH_COMPLEX'
     86 |   _(int64_t, Long)                             \
        |   ^
  /home/edgeai/downstream/lib/python3.12/site-packages/torch/include/c10/core/Scalar.h:117:14: note: expanded from macro 'DEFINE_ACCESSOR'
    117 |       return checked_convert<type, double>(v.d, #type);               \
        |              ^
  In file included from /home/edgeai/esimd_learning/csrc/xpu/esimd_kernel.sycl:1:
  In file included from /home/edgeai/downstream/lib/python3.12/site-packages/torch/include/ATen/ATen.h:10:
  In file included from /home/edgeai/downstream/lib/python3.12/site-packages/torch/include/ATen/DeviceGuard.h:4:
  In file included from /home/edgeai/downstream/lib/python3.12/site-packages/torch/include/ATen/core/IListRef.h:634:
  In file included from /home/edgeai/downstream/lib/python3.12/site-packages/torch/include/ATen/core/IListRef_inl.h:4:
  In file included from /home/edgeai/downstream/lib/python3.12/site-packages/torch/include/ATen/core/List.h:492:
  In file included from /home/edgeai/downstream/lib/python3.12/site-packages/torch/include/ATen/core/List_inl.h:5:
  In file included from /home/edgeai/downstream/lib/python3.12/site-packages/torch/include/ATen/core/ivalue.h:5:
  In file included from /home/edgeai/downstream/lib/python3.12/site-packages/torch/include/ATen/core/TensorBody.h:17:
  In file included from /home/edgeai/downstream/lib/python3.12/site-packages/torch/include/c10/core/Scalar.h:19:
  In file included from /home/edgeai/downstream/lib/python3.12/site-packages/torch/include/c10/util/TypeCast.h:12:
  /home/edgeai/downstream/lib/python3.12/site-packages/torch/include/c10/util/overflows.h:66:30: warning: use of infinity is undefined behavior due to the currently enabled floating-point options [-Wnan-infinity-disabled]
     66 |   if (limit::has_infinity && std::isinf(static_cast<double>(f))) {
        |                              ^~~~~~~~~~~~~~~~~~~~~~~~~~~~~~~~~~
  /home/edgeai/downstream/lib/python3.12/site-packages/torch/include/c10/util/TypeCast.h:201:36: note: in instantiation of function template specialization 'c10::overflows<c10::Half, double>' requested here
    201 |   if (!std::is_same_v<To, bool> && overflows<To, From>(f)) {
        |                                    ^
  /home/edgeai/downstream/lib/python3.12/site-packages/torch/include/c10/core/Scalar.h:141:39: note: in instantiation of function template specialization 'c10::checked_convert<c10::Half, double>' requested here
    141 |   AT_FORALL_SCALAR_TYPES_WITH_COMPLEX(DEFINE_ACCESSOR)
        |                                       ^
  /home/edgeai/downstream/lib/python3.12/site-packages/torch/include/torch/headeronly/core/ScalarType.h:87:3: note: expanded from macro 'AT_FORALL_SCALAR_TYPES_WITH_COMPLEX'
     87 |   _(c10::Half, Half)                           \
        |   ^
  /home/edgeai/downstream/lib/python3.12/site-packages/torch/include/c10/core/Scalar.h:117:14: note: expanded from macro 'DEFINE_ACCESSOR'
    117 |       return checked_convert<type, double>(v.d, #type);               \
        |              ^
  In file included from /home/edgeai/esimd_learning/csrc/xpu/esimd_kernel.sycl:1:
  In file included from /home/edgeai/downstream/lib/python3.12/site-packages/torch/include/ATen/ATen.h:10:
  In file included from /home/edgeai/downstream/lib/python3.12/site-packages/torch/include/ATen/DeviceGuard.h:4:
  In file included from /home/edgeai/downstream/lib/python3.12/site-packages/torch/include/ATen/core/IListRef.h:634:
  In file included from /home/edgeai/downstream/lib/python3.12/site-packages/torch/include/ATen/core/IListRef_inl.h:4:
  In file included from /home/edgeai/downstream/lib/python3.12/site-packages/torch/include/ATen/core/List.h:492:
  In file included from /home/edgeai/downstream/lib/python3.12/site-packages/torch/include/ATen/core/List_inl.h:5:
  In file included from /home/edgeai/downstream/lib/python3.12/site-packages/torch/include/ATen/core/ivalue.h:5:
  In file included from /home/edgeai/downstream/lib/python3.12/site-packages/torch/include/ATen/core/TensorBody.h:17:
  In file included from /home/edgeai/downstream/lib/python3.12/site-packages/torch/include/c10/core/Scalar.h:19:
  In file included from /home/edgeai/downstream/lib/python3.12/site-packages/torch/include/c10/util/TypeCast.h:12:
  /home/edgeai/downstream/lib/python3.12/site-packages/torch/include/c10/util/overflows.h:66:30: warning: use of infinity is undefined behavior due to the currently enabled floating-point options [-Wnan-infinity-disabled]
     66 |   if (limit::has_infinity && std::isinf(static_cast<double>(f))) {
        |                              ^~~~~~~~~~~~~~~~~~~~~~~~~~~~~~~~~~
  /home/edgeai/downstream/lib/python3.12/site-packages/torch/include/c10/util/TypeCast.h:201:36: note: in instantiation of function template specialization 'c10::overflows<float, double>' requested here
    201 |   if (!std::is_same_v<To, bool> && overflows<To, From>(f)) {
        |                                    ^
  /home/edgeai/downstream/lib/python3.12/site-packages/torch/include/c10/core/Scalar.h:141:39: note: in instantiation of function template specialization 'c10::checked_convert<float, double>' requested here
    141 |   AT_FORALL_SCALAR_TYPES_WITH_COMPLEX(DEFINE_ACCESSOR)
        |                                       ^
  /home/edgeai/downstream/lib/python3.12/site-packages/torch/include/torch/headeronly/core/ScalarType.h:88:3: note: expanded from macro 'AT_FORALL_SCALAR_TYPES_WITH_COMPLEX'
     88 |   _(float, Float)                              \
        |   ^
  /home/edgeai/downstream/lib/python3.12/site-packages/torch/include/c10/core/Scalar.h:117:14: note: expanded from macro 'DEFINE_ACCESSOR'
    117 |       return checked_convert<type, double>(v.d, #type);               \
        |              ^
  In file included from /home/edgeai/esimd_learning/csrc/xpu/esimd_kernel.sycl:1:
  In file included from /home/edgeai/downstream/lib/python3.12/site-packages/torch/include/ATen/ATen.h:10:
  In file included from /home/edgeai/downstream/lib/python3.12/site-packages/torch/include/ATen/DeviceGuard.h:4:
  In file included from /home/edgeai/downstream/lib/python3.12/site-packages/torch/include/ATen/core/IListRef.h:634:
  In file included from /home/edgeai/downstream/lib/python3.12/site-packages/torch/include/ATen/core/IListRef_inl.h:4:
  In file included from /home/edgeai/downstream/lib/python3.12/site-packages/torch/include/ATen/core/List.h:492:
  In file included from /home/edgeai/downstream/lib/python3.12/site-packages/torch/include/ATen/core/List_inl.h:5:
  In file included from /home/edgeai/downstream/lib/python3.12/site-packages/torch/include/ATen/core/ivalue.h:5:
  In file included from /home/edgeai/downstream/lib/python3.12/site-packages/torch/include/ATen/core/TensorBody.h:17:
  In file included from /home/edgeai/downstream/lib/python3.12/site-packages/torch/include/c10/core/Scalar.h:19:
  In file included from /home/edgeai/downstream/lib/python3.12/site-packages/torch/include/c10/util/TypeCast.h:12:
  /home/edgeai/downstream/lib/python3.12/site-packages/torch/include/c10/util/overflows.h:66:30: warning: use of infinity is undefined behavior due to the currently enabled floating-point options [-Wnan-infinity-disabled]
     66 |   if (limit::has_infinity && std::isinf(static_cast<double>(f))) {
        |                              ^~~~~~~~~~~~~~~~~~~~~~~~~~~~~~~~~~
  /home/edgeai/downstream/lib/python3.12/site-packages/torch/include/c10/util/TypeCast.h:201:36: note: in instantiation of function template specialization 'c10::overflows<double, double>' requested here
    201 |   if (!std::is_same_v<To, bool> && overflows<To, From>(f)) {
        |                                    ^
  /home/edgeai/downstream/lib/python3.12/site-packages/torch/include/c10/core/Scalar.h:141:39: note: in instantiation of function template specialization 'c10::checked_convert<double, double>' requested here
    141 |   AT_FORALL_SCALAR_TYPES_WITH_COMPLEX(DEFINE_ACCESSOR)
        |                                       ^
  /home/edgeai/downstream/lib/python3.12/site-packages/torch/include/torch/headeronly/core/ScalarType.h:89:3: note: expanded from macro 'AT_FORALL_SCALAR_TYPES_WITH_COMPLEX'
     89 |   _(double, Double)                            \
        |   ^
  /home/edgeai/downstream/lib/python3.12/site-packages/torch/include/c10/core/Scalar.h:117:14: note: expanded from macro 'DEFINE_ACCESSOR'
    117 |       return checked_convert<type, double>(v.d, #type);               \
        |              ^
  In file included from /home/edgeai/esimd_learning/csrc/xpu/esimd_kernel.sycl:1:
  In file included from /home/edgeai/downstream/lib/python3.12/site-packages/torch/include/ATen/ATen.h:10:
  In file included from /home/edgeai/downstream/lib/python3.12/site-packages/torch/include/ATen/DeviceGuard.h:4:
  In file included from /home/edgeai/downstream/lib/python3.12/site-packages/torch/include/ATen/core/IListRef.h:634:
  In file included from /home/edgeai/downstream/lib/python3.12/site-packages/torch/include/ATen/core/IListRef_inl.h:4:
  In file included from /home/edgeai/downstream/lib/python3.12/site-packages/torch/include/ATen/core/List.h:492:
  In file included from /home/edgeai/downstream/lib/python3.12/site-packages/torch/include/ATen/core/List_inl.h:5:
  In file included from /home/edgeai/downstream/lib/python3.12/site-packages/torch/include/ATen/core/ivalue.h:5:
  In file included from /home/edgeai/downstream/lib/python3.12/site-packages/torch/include/ATen/core/TensorBody.h:17:
  In file included from /home/edgeai/downstream/lib/python3.12/site-packages/torch/include/c10/core/Scalar.h:19:
  In file included from /home/edgeai/downstream/lib/python3.12/site-packages/torch/include/c10/util/TypeCast.h:12:
  /home/edgeai/downstream/lib/python3.12/site-packages/torch/include/c10/util/overflows.h:66:30: warning: use of infinity is undefined behavior due to the currently enabled floating-point options [-Wnan-infinity-disabled]
     66 |   if (limit::has_infinity && std::isinf(static_cast<double>(f))) {
        |                              ^~~~~~~~~~~~~~~~~~~~~~~~~~~~~~~~~~
  /home/edgeai/downstream/lib/python3.12/site-packages/torch/include/c10/util/TypeCast.h:201:36: note: in instantiation of function template specialization 'c10::overflows<c10::complex<Half>, double>' requested here
    201 |   if (!std::is_same_v<To, bool> && overflows<To, From>(f)) {
        |                                    ^
  /home/edgeai/downstream/lib/python3.12/site-packages/torch/include/c10/core/Scalar.h:141:39: note: in instantiation of function template specialization 'c10::checked_convert<c10::complex<Half>, double>' requested here
    141 |   AT_FORALL_SCALAR_TYPES_WITH_COMPLEX(DEFINE_ACCESSOR)
        |                                       ^
  /home/edgeai/downstream/lib/python3.12/site-packages/torch/include/torch/headeronly/core/ScalarType.h:90:3: note: expanded from macro 'AT_FORALL_SCALAR_TYPES_WITH_COMPLEX'
     90 |   _(c10::complex<c10::Half>, ComplexHalf)      \
        |   ^
  /home/edgeai/downstream/lib/python3.12/site-packages/torch/include/c10/core/Scalar.h:117:14: note: expanded from macro 'DEFINE_ACCESSOR'
    117 |       return checked_convert<type, double>(v.d, #type);               \
        |              ^
  In file included from /home/edgeai/esimd_learning/csrc/xpu/esimd_kernel.sycl:1:
  In file included from /home/edgeai/downstream/lib/python3.12/site-packages/torch/include/ATen/ATen.h:10:
  In file included from /home/edgeai/downstream/lib/python3.12/site-packages/torch/include/ATen/DeviceGuard.h:4:
  In file included from /home/edgeai/downstream/lib/python3.12/site-packages/torch/include/ATen/core/IListRef.h:634:
  In file included from /home/edgeai/downstream/lib/python3.12/site-packages/torch/include/ATen/core/IListRef_inl.h:4:
  In file included from /home/edgeai/downstream/lib/python3.12/site-packages/torch/include/ATen/core/List.h:492:
  In file included from /home/edgeai/downstream/lib/python3.12/site-packages/torch/include/ATen/core/List_inl.h:5:
  In file included from /home/edgeai/downstream/lib/python3.12/site-packages/torch/include/ATen/core/ivalue.h:5:
  In file included from /home/edgeai/downstream/lib/python3.12/site-packages/torch/include/ATen/core/TensorBody.h:17:
  In file included from /home/edgeai/downstream/lib/python3.12/site-packages/torch/include/c10/core/Scalar.h:19:
  In file included from /home/edgeai/downstream/lib/python3.12/site-packages/torch/include/c10/util/TypeCast.h:12:
  /home/edgeai/downstream/lib/python3.12/site-packages/torch/include/c10/util/overflows.h:66:30: warning: use of infinity is undefined behavior due to the currently enabled floating-point options [-Wnan-infinity-disabled]
     66 |   if (limit::has_infinity && std::isinf(static_cast<double>(f))) {
        |                              ^~~~~~~~~~~~~~~~~~~~~~~~~~~~~~~~~~
  /home/edgeai/downstream/lib/python3.12/site-packages/torch/include/c10/util/TypeCast.h:201:36: note: in instantiation of function template specialization 'c10::overflows<c10::complex<float>, double>' requested here
    201 |   if (!std::is_same_v<To, bool> && overflows<To, From>(f)) {
        |                                    ^
  /home/edgeai/downstream/lib/python3.12/site-packages/torch/include/c10/core/Scalar.h:141:39: note: in instantiation of function template specialization 'c10::checked_convert<c10::complex<float>, double>' requested here
    141 |   AT_FORALL_SCALAR_TYPES_WITH_COMPLEX(DEFINE_ACCESSOR)
        |                                       ^
  /home/edgeai/downstream/lib/python3.12/site-packages/torch/include/torch/headeronly/core/ScalarType.h:91:3: note: expanded from macro 'AT_FORALL_SCALAR_TYPES_WITH_COMPLEX'
     91 |   _(c10::complex<float>, ComplexFloat)         \
        |   ^
  /home/edgeai/downstream/lib/python3.12/site-packages/torch/include/c10/core/Scalar.h:117:14: note: expanded from macro 'DEFINE_ACCESSOR'
    117 |       return checked_convert<type, double>(v.d, #type);               \
        |              ^
  In file included from /home/edgeai/esimd_learning/csrc/xpu/esimd_kernel.sycl:1:
  In file included from /home/edgeai/downstream/lib/python3.12/site-packages/torch/include/ATen/ATen.h:10:
  In file included from /home/edgeai/downstream/lib/python3.12/site-packages/torch/include/ATen/DeviceGuard.h:4:
  In file included from /home/edgeai/downstream/lib/python3.12/site-packages/torch/include/ATen/core/IListRef.h:634:
  In file included from /home/edgeai/downstream/lib/python3.12/site-packages/torch/include/ATen/core/IListRef_inl.h:4:
  In file included from /home/edgeai/downstream/lib/python3.12/site-packages/torch/include/ATen/core/List.h:492:
  In file included from /home/edgeai/downstream/lib/python3.12/site-packages/torch/include/ATen/core/List_inl.h:5:
  In file included from /home/edgeai/downstream/lib/python3.12/site-packages/torch/include/ATen/core/ivalue.h:5:
  In file included from /home/edgeai/downstream/lib/python3.12/site-packages/torch/include/ATen/core/TensorBody.h:17:
  In file included from /home/edgeai/downstream/lib/python3.12/site-packages/torch/include/c10/core/Scalar.h:19:
  In file included from /home/edgeai/downstream/lib/python3.12/site-packages/torch/include/c10/util/TypeCast.h:12:
  /home/edgeai/downstream/lib/python3.12/site-packages/torch/include/c10/util/overflows.h:66:30: warning: use of infinity is undefined behavior due to the currently enabled floating-point options [-Wnan-infinity-disabled]
     66 |   if (limit::has_infinity && std::isinf(static_cast<double>(f))) {
        |                              ^~~~~~~~~~~~~~~~~~~~~~~~~~~~~~~~~~
  /home/edgeai/downstream/lib/python3.12/site-packages/torch/include/c10/util/TypeCast.h:201:36: note: in instantiation of function template specialization 'c10::overflows<c10::complex<double>, double>' requested here
    201 |   if (!std::is_same_v<To, bool> && overflows<To, From>(f)) {
        |                                    ^
  /home/edgeai/downstream/lib/python3.12/site-packages/torch/include/c10/core/Scalar.h:141:39: note: in instantiation of function template specialization 'c10::checked_convert<c10::complex<double>, double>' requested here
    141 |   AT_FORALL_SCALAR_TYPES_WITH_COMPLEX(DEFINE_ACCESSOR)
        |                                       ^
  /home/edgeai/downstream/lib/python3.12/site-packages/torch/include/torch/headeronly/core/ScalarType.h:92:3: note: expanded from macro 'AT_FORALL_SCALAR_TYPES_WITH_COMPLEX'
     92 |   _(c10::complex<double>, ComplexDouble)       \
        |   ^
  /home/edgeai/downstream/lib/python3.12/site-packages/torch/include/c10/core/Scalar.h:117:14: note: expanded from macro 'DEFINE_ACCESSOR'
    117 |       return checked_convert<type, double>(v.d, #type);               \
        |              ^
  In file included from /home/edgeai/esimd_learning/csrc/xpu/esimd_kernel.sycl:1:
  In file included from /home/edgeai/downstream/lib/python3.12/site-packages/torch/include/ATen/ATen.h:10:
  In file included from /home/edgeai/downstream/lib/python3.12/site-packages/torch/include/ATen/DeviceGuard.h:4:
  In file included from /home/edgeai/downstream/lib/python3.12/site-packages/torch/include/ATen/core/IListRef.h:634:
  In file included from /home/edgeai/downstream/lib/python3.12/site-packages/torch/include/ATen/core/IListRef_inl.h:4:
  In file included from /home/edgeai/downstream/lib/python3.12/site-packages/torch/include/ATen/core/List.h:492:
  In file included from /home/edgeai/downstream/lib/python3.12/site-packages/torch/include/ATen/core/List_inl.h:5:
  In file included from /home/edgeai/downstream/lib/python3.12/site-packages/torch/include/ATen/core/ivalue.h:5:
  In file included from /home/edgeai/downstream/lib/python3.12/site-packages/torch/include/ATen/core/TensorBody.h:17:
  In file included from /home/edgeai/downstream/lib/python3.12/site-packages/torch/include/c10/core/Scalar.h:19:
  In file included from /home/edgeai/downstream/lib/python3.12/site-packages/torch/include/c10/util/TypeCast.h:12:
  /home/edgeai/downstream/lib/python3.12/site-packages/torch/include/c10/util/overflows.h:66:30: warning: use of infinity is undefined behavior due to the currently enabled floating-point options [-Wnan-infinity-disabled]
     66 |   if (limit::has_infinity && std::isinf(static_cast<double>(f))) {
        |                              ^~~~~~~~~~~~~~~~~~~~~~~~~~~~~~~~~~
  /home/edgeai/downstream/lib/python3.12/site-packages/torch/include/c10/util/TypeCast.h:201:36: note: in instantiation of function template specialization 'c10::overflows<bool, double>' requested here
    201 |   if (!std::is_same_v<To, bool> && overflows<To, From>(f)) {
        |                                    ^
  /home/edgeai/downstream/lib/python3.12/site-packages/torch/include/c10/core/Scalar.h:141:39: note: in instantiation of function template specialization 'c10::checked_convert<bool, double>' requested here
    141 |   AT_FORALL_SCALAR_TYPES_WITH_COMPLEX(DEFINE_ACCESSOR)
        |                                       ^
  /home/edgeai/downstream/lib/python3.12/site-packages/torch/include/torch/headeronly/core/ScalarType.h:93:3: note: expanded from macro 'AT_FORALL_SCALAR_TYPES_WITH_COMPLEX'
     93 |   _(bool, Bool)                                \
        |   ^
  /home/edgeai/downstream/lib/python3.12/site-packages/torch/include/c10/core/Scalar.h:117:14: note: expanded from macro 'DEFINE_ACCESSOR'
    117 |       return checked_convert<type, double>(v.d, #type);               \
        |              ^
  In file included from /home/edgeai/esimd_learning/csrc/xpu/esimd_kernel.sycl:1:
  In file included from /home/edgeai/downstream/lib/python3.12/site-packages/torch/include/ATen/ATen.h:10:
  In file included from /home/edgeai/downstream/lib/python3.12/site-packages/torch/include/ATen/DeviceGuard.h:4:
  In file included from /home/edgeai/downstream/lib/python3.12/site-packages/torch/include/ATen/core/IListRef.h:634:
  In file included from /home/edgeai/downstream/lib/python3.12/site-packages/torch/include/ATen/core/IListRef_inl.h:4:
  In file included from /home/edgeai/downstream/lib/python3.12/site-packages/torch/include/ATen/core/List.h:492:
  In file included from /home/edgeai/downstream/lib/python3.12/site-packages/torch/include/ATen/core/List_inl.h:5:
  In file included from /home/edgeai/downstream/lib/python3.12/site-packages/torch/include/ATen/core/ivalue.h:5:
  In file included from /home/edgeai/downstream/lib/python3.12/site-packages/torch/include/ATen/core/TensorBody.h:17:
  In file included from /home/edgeai/downstream/lib/python3.12/site-packages/torch/include/c10/core/Scalar.h:19:
  In file included from /home/edgeai/downstream/lib/python3.12/site-packages/torch/include/c10/util/TypeCast.h:12:
  /home/edgeai/downstream/lib/python3.12/site-packages/torch/include/c10/util/overflows.h:66:30: warning: use of infinity is undefined behavior due to the currently enabled floating-point options [-Wnan-infinity-disabled]
     66 |   if (limit::has_infinity && std::isinf(static_cast<double>(f))) {
        |                              ^~~~~~~~~~~~~~~~~~~~~~~~~~~~~~~~~~
  /home/edgeai/downstream/lib/python3.12/site-packages/torch/include/c10/util/TypeCast.h:201:36: note: in instantiation of function template specialization 'c10::overflows<c10::BFloat16, double>' requested here
    201 |   if (!std::is_same_v<To, bool> && overflows<To, From>(f)) {
        |                                    ^
  /home/edgeai/downstream/lib/python3.12/site-packages/torch/include/c10/core/Scalar.h:141:39: note: in instantiation of function template specialization 'c10::checked_convert<c10::BFloat16, double>' requested here
    141 |   AT_FORALL_SCALAR_TYPES_WITH_COMPLEX(DEFINE_ACCESSOR)
        |                                       ^
  /home/edgeai/downstream/lib/python3.12/site-packages/torch/include/torch/headeronly/core/ScalarType.h:94:3: note: expanded from macro 'AT_FORALL_SCALAR_TYPES_WITH_COMPLEX'
     94 |   _(c10::BFloat16, BFloat16)                   \
        |   ^
  /home/edgeai/downstream/lib/python3.12/site-packages/torch/include/c10/core/Scalar.h:117:14: note: expanded from macro 'DEFINE_ACCESSOR'
    117 |       return checked_convert<type, double>(v.d, #type);               \
        |              ^
  In file included from /home/edgeai/esimd_learning/csrc/xpu/esimd_kernel.sycl:1:
  In file included from /home/edgeai/downstream/lib/python3.12/site-packages/torch/include/ATen/ATen.h:10:
  In file included from /home/edgeai/downstream/lib/python3.12/site-packages/torch/include/ATen/DeviceGuard.h:4:
  In file included from /home/edgeai/downstream/lib/python3.12/site-packages/torch/include/ATen/core/IListRef.h:634:
  In file included from /home/edgeai/downstream/lib/python3.12/site-packages/torch/include/ATen/core/IListRef_inl.h:4:
  In file included from /home/edgeai/downstream/lib/python3.12/site-packages/torch/include/ATen/core/List.h:492:
  In file included from /home/edgeai/downstream/lib/python3.12/site-packages/torch/include/ATen/core/List_inl.h:5:
  In file included from /home/edgeai/downstream/lib/python3.12/site-packages/torch/include/ATen/core/ivalue.h:5:
  In file included from /home/edgeai/downstream/lib/python3.12/site-packages/torch/include/ATen/core/TensorBody.h:17:
  In file included from /home/edgeai/downstream/lib/python3.12/site-packages/torch/include/c10/core/Scalar.h:19:
  In file included from /home/edgeai/downstream/lib/python3.12/site-packages/torch/include/c10/util/TypeCast.h:12:
  /home/edgeai/downstream/lib/python3.12/site-packages/torch/include/c10/util/overflows.h:66:30: warning: use of infinity is undefined behavior due to the currently enabled floating-point options [-Wnan-infinity-disabled]
     66 |   if (limit::has_infinity && std::isinf(static_cast<double>(f))) {
        |                              ^~~~~~~~~~~~~~~~~~~~~~~~~~~~~~~~~~
  /home/edgeai/downstream/lib/python3.12/site-packages/torch/include/c10/util/TypeCast.h:201:36: note: in instantiation of function template specialization 'c10::overflows<c10::Float8_e5m2, double>' requested here
    201 |   if (!std::is_same_v<To, bool> && overflows<To, From>(f)) {
        |                                    ^
  /home/edgeai/downstream/lib/python3.12/site-packages/torch/include/c10/core/Scalar.h:141:39: note: in instantiation of function template specialization 'c10::checked_convert<c10::Float8_e5m2, double>' requested here
    141 |   AT_FORALL_SCALAR_TYPES_WITH_COMPLEX(DEFINE_ACCESSOR)
        |                                       ^
  /home/edgeai/downstream/lib/python3.12/site-packages/torch/include/torch/headeronly/core/ScalarType.h:95:3: note: expanded from macro 'AT_FORALL_SCALAR_TYPES_WITH_COMPLEX'
     95 |   _(c10::Float8_e5m2, Float8_e5m2)             \
        |   ^
  /home/edgeai/downstream/lib/python3.12/site-packages/torch/include/c10/core/Scalar.h:117:14: note: expanded from macro 'DEFINE_ACCESSOR'
    117 |       return checked_convert<type, double>(v.d, #type);               \
        |              ^
  In file included from /home/edgeai/esimd_learning/csrc/xpu/esimd_kernel.sycl:1:
  In file included from /home/edgeai/downstream/lib/python3.12/site-packages/torch/include/ATen/ATen.h:10:
  In file included from /home/edgeai/downstream/lib/python3.12/site-packages/torch/include/ATen/DeviceGuard.h:4:
  In file included from /home/edgeai/downstream/lib/python3.12/site-packages/torch/include/ATen/core/IListRef.h:634:
  In file included from /home/edgeai/downstream/lib/python3.12/site-packages/torch/include/ATen/core/IListRef_inl.h:4:
  In file included from /home/edgeai/downstream/lib/python3.12/site-packages/torch/include/ATen/core/List.h:492:
  In file included from /home/edgeai/downstream/lib/python3.12/site-packages/torch/include/ATen/core/List_inl.h:5:
  In file included from /home/edgeai/downstream/lib/python3.12/site-packages/torch/include/ATen/core/ivalue.h:5:
  In file included from /home/edgeai/downstream/lib/python3.12/site-packages/torch/include/ATen/core/TensorBody.h:17:
  In file included from /home/edgeai/downstream/lib/python3.12/site-packages/torch/include/c10/core/Scalar.h:19:
  In file included from /home/edgeai/downstream/lib/python3.12/site-packages/torch/include/c10/util/TypeCast.h:12:
  /home/edgeai/downstream/lib/python3.12/site-packages/torch/include/c10/util/overflows.h:66:30: warning: use of infinity is undefined behavior due to the currently enabled floating-point options [-Wnan-infinity-disabled]
     66 |   if (limit::has_infinity && std::isinf(static_cast<double>(f))) {
        |                              ^~~~~~~~~~~~~~~~~~~~~~~~~~~~~~~~~~
  /home/edgeai/downstream/lib/python3.12/site-packages/torch/include/c10/util/TypeCast.h:201:36: note: in instantiation of function template specialization 'c10::overflows<c10::Float8_e4m3fn, double>' requested here
    201 |   if (!std::is_same_v<To, bool> && overflows<To, From>(f)) {
        |                                    ^
  /home/edgeai/downstream/lib/python3.12/site-packages/torch/include/c10/core/Scalar.h:141:39: note: in instantiation of function template specialization 'c10::checked_convert<c10::Float8_e4m3fn, double>' requested here
    141 |   AT_FORALL_SCALAR_TYPES_WITH_COMPLEX(DEFINE_ACCESSOR)
        |                                       ^
  /home/edgeai/downstream/lib/python3.12/site-packages/torch/include/torch/headeronly/core/ScalarType.h:96:3: note: expanded from macro 'AT_FORALL_SCALAR_TYPES_WITH_COMPLEX'
     96 |   _(c10::Float8_e4m3fn, Float8_e4m3fn)         \
        |   ^
  /home/edgeai/downstream/lib/python3.12/site-packages/torch/include/c10/core/Scalar.h:117:14: note: expanded from macro 'DEFINE_ACCESSOR'
    117 |       return checked_convert<type, double>(v.d, #type);               \
        |              ^
  In file included from /home/edgeai/esimd_learning/csrc/xpu/esimd_kernel.sycl:1:
  In file included from /home/edgeai/downstream/lib/python3.12/site-packages/torch/include/ATen/ATen.h:10:
  In file included from /home/edgeai/downstream/lib/python3.12/site-packages/torch/include/ATen/DeviceGuard.h:4:
  In file included from /home/edgeai/downstream/lib/python3.12/site-packages/torch/include/ATen/core/IListRef.h:634:
  In file included from /home/edgeai/downstream/lib/python3.12/site-packages/torch/include/ATen/core/IListRef_inl.h:4:
  In file included from /home/edgeai/downstream/lib/python3.12/site-packages/torch/include/ATen/core/List.h:492:
  In file included from /home/edgeai/downstream/lib/python3.12/site-packages/torch/include/ATen/core/List_inl.h:5:
  In file included from /home/edgeai/downstream/lib/python3.12/site-packages/torch/include/ATen/core/ivalue.h:5:
  In file included from /home/edgeai/downstream/lib/python3.12/site-packages/torch/include/ATen/core/TensorBody.h:17:
  In file included from /home/edgeai/downstream/lib/python3.12/site-packages/torch/include/c10/core/Scalar.h:19:
  In file included from /home/edgeai/downstream/lib/python3.12/site-packages/torch/include/c10/util/TypeCast.h:12:
  /home/edgeai/downstream/lib/python3.12/site-packages/torch/include/c10/util/overflows.h:66:30: warning: use of infinity is undefined behavior due to the currently enabled floating-point options [-Wnan-infinity-disabled]
     66 |   if (limit::has_infinity && std::isinf(static_cast<double>(f))) {
        |                              ^~~~~~~~~~~~~~~~~~~~~~~~~~~~~~~~~~
  /home/edgeai/downstream/lib/python3.12/site-packages/torch/include/c10/util/TypeCast.h:201:36: note: in instantiation of function template specialization 'c10::overflows<c10::Float8_e5m2fnuz, double>' requested here
    201 |   if (!std::is_same_v<To, bool> && overflows<To, From>(f)) {
        |                                    ^
  /home/edgeai/downstream/lib/python3.12/site-packages/torch/include/c10/core/Scalar.h:141:39: note: in instantiation of function template specialization 'c10::checked_convert<c10::Float8_e5m2fnuz, double>' requested here
    141 |   AT_FORALL_SCALAR_TYPES_WITH_COMPLEX(DEFINE_ACCESSOR)
        |                                       ^
  /home/edgeai/downstream/lib/python3.12/site-packages/torch/include/torch/headeronly/core/ScalarType.h:97:3: note: expanded from macro 'AT_FORALL_SCALAR_TYPES_WITH_COMPLEX'
     97 |   _(c10::Float8_e5m2fnuz, Float8_e5m2fnuz)     \
        |   ^
  /home/edgeai/downstream/lib/python3.12/site-packages/torch/include/c10/core/Scalar.h:117:14: note: expanded from macro 'DEFINE_ACCESSOR'
    117 |       return checked_convert<type, double>(v.d, #type);               \
        |              ^
  In file included from /home/edgeai/esimd_learning/csrc/xpu/esimd_kernel.sycl:1:
  In file included from /home/edgeai/downstream/lib/python3.12/site-packages/torch/include/ATen/ATen.h:10:
  In file included from /home/edgeai/downstream/lib/python3.12/site-packages/torch/include/ATen/DeviceGuard.h:4:
  In file included from /home/edgeai/downstream/lib/python3.12/site-packages/torch/include/ATen/core/IListRef.h:634:
  In file included from /home/edgeai/downstream/lib/python3.12/site-packages/torch/include/ATen/core/IListRef_inl.h:4:
  In file included from /home/edgeai/downstream/lib/python3.12/site-packages/torch/include/ATen/core/List.h:492:
  In file included from /home/edgeai/downstream/lib/python3.12/site-packages/torch/include/ATen/core/List_inl.h:5:
  In file included from /home/edgeai/downstream/lib/python3.12/site-packages/torch/include/ATen/core/ivalue.h:5:
  In file included from /home/edgeai/downstream/lib/python3.12/site-packages/torch/include/ATen/core/TensorBody.h:17:
  In file included from /home/edgeai/downstream/lib/python3.12/site-packages/torch/include/c10/core/Scalar.h:19:
  In file included from /home/edgeai/downstream/lib/python3.12/site-packages/torch/include/c10/util/TypeCast.h:12:
  /home/edgeai/downstream/lib/python3.12/site-packages/torch/include/c10/util/overflows.h:66:30: warning: use of infinity is undefined behavior due to the currently enabled floating-point options [-Wnan-infinity-disabled]
     66 |   if (limit::has_infinity && std::isinf(static_cast<double>(f))) {
        |                              ^~~~~~~~~~~~~~~~~~~~~~~~~~~~~~~~~~
  /home/edgeai/downstream/lib/python3.12/site-packages/torch/include/c10/util/TypeCast.h:201:36: note: in instantiation of function template specialization 'c10::overflows<c10::Float8_e4m3fnuz, double>' requested here
    201 |   if (!std::is_same_v<To, bool> && overflows<To, From>(f)) {
        |                                    ^
  /home/edgeai/downstream/lib/python3.12/site-packages/torch/include/c10/core/Scalar.h:141:39: note: in instantiation of function template specialization 'c10::checked_convert<c10::Float8_e4m3fnuz, double>' requested here
    141 |   AT_FORALL_SCALAR_TYPES_WITH_COMPLEX(DEFINE_ACCESSOR)
        |                                       ^
  /home/edgeai/downstream/lib/python3.12/site-packages/torch/include/torch/headeronly/core/ScalarType.h:98:3: note: expanded from macro 'AT_FORALL_SCALAR_TYPES_WITH_COMPLEX'
     98 |   _(c10::Float8_e4m3fnuz, Float8_e4m3fnuz)     \
        |   ^
  /home/edgeai/downstream/lib/python3.12/site-packages/torch/include/c10/core/Scalar.h:117:14: note: expanded from macro 'DEFINE_ACCESSOR'
    117 |       return checked_convert<type, double>(v.d, #type);               \
        |              ^
  In file included from /home/edgeai/esimd_learning/csrc/xpu/esimd_kernel.sycl:1:
  In file included from /home/edgeai/downstream/lib/python3.12/site-packages/torch/include/ATen/ATen.h:10:
  In file included from /home/edgeai/downstream/lib/python3.12/site-packages/torch/include/ATen/DeviceGuard.h:4:
  In file included from /home/edgeai/downstream/lib/python3.12/site-packages/torch/include/ATen/core/IListRef.h:634:
  In file included from /home/edgeai/downstream/lib/python3.12/site-packages/torch/include/ATen/core/IListRef_inl.h:4:
  In file included from /home/edgeai/downstream/lib/python3.12/site-packages/torch/include/ATen/core/List.h:492:
  In file included from /home/edgeai/downstream/lib/python3.12/site-packages/torch/include/ATen/core/List_inl.h:5:
  In file included from /home/edgeai/downstream/lib/python3.12/site-packages/torch/include/ATen/core/ivalue.h:5:
  In file included from /home/edgeai/downstream/lib/python3.12/site-packages/torch/include/ATen/core/TensorBody.h:17:
  In file included from /home/edgeai/downstream/lib/python3.12/site-packages/torch/include/c10/core/Scalar.h:19:
  In file included from /home/edgeai/downstream/lib/python3.12/site-packages/torch/include/c10/util/TypeCast.h:12:
  /home/edgeai/downstream/lib/python3.12/site-packages/torch/include/c10/util/overflows.h:66:30: warning: use of infinity is undefined behavior due to the currently enabled floating-point options [-Wnan-infinity-disabled]
     66 |   if (limit::has_infinity && std::isinf(static_cast<double>(f))) {
        |                              ^~~~~~~~~~~~~~~~~~~~~~~~~~~~~~~~~~
  /home/edgeai/downstream/lib/python3.12/site-packages/torch/include/c10/util/TypeCast.h:201:36: note: in instantiation of function template specialization 'c10::overflows<c10::Float8_e8m0fnu, double>' requested here
    201 |   if (!std::is_same_v<To, bool> && overflows<To, From>(f)) {
        |                                    ^
  /home/edgeai/downstream/lib/python3.12/site-packages/torch/include/c10/core/Scalar.h:141:39: note: in instantiation of function template specialization 'c10::checked_convert<c10::Float8_e8m0fnu, double>' requested here
    141 |   AT_FORALL_SCALAR_TYPES_WITH_COMPLEX(DEFINE_ACCESSOR)
        |                                       ^
  /home/edgeai/downstream/lib/python3.12/site-packages/torch/include/torch/headeronly/core/ScalarType.h:99:3: note: expanded from macro 'AT_FORALL_SCALAR_TYPES_WITH_COMPLEX'
     99 |   _(c10::Float8_e8m0fnu, Float8_e8m0fnu)
        |   ^
  /home/edgeai/downstream/lib/python3.12/site-packages/torch/include/c10/core/Scalar.h:117:14: note: expanded from macro 'DEFINE_ACCESSOR'
    117 |       return checked_convert<type, double>(v.d, #type);               \
        |              ^
  In file included from /home/edgeai/esimd_learning/csrc/xpu/esimd_kernel.sycl:1:
  In file included from /home/edgeai/downstream/lib/python3.12/site-packages/torch/include/ATen/ATen.h:10:
  In file included from /home/edgeai/downstream/lib/python3.12/site-packages/torch/include/ATen/DeviceGuard.h:4:
  In file included from /home/edgeai/downstream/lib/python3.12/site-packages/torch/include/ATen/core/IListRef.h:634:
  In file included from /home/edgeai/downstream/lib/python3.12/site-packages/torch/include/ATen/core/IListRef_inl.h:4:
  In file included from /home/edgeai/downstream/lib/python3.12/site-packages/torch/include/ATen/core/List.h:492:
  In file included from /home/edgeai/downstream/lib/python3.12/site-packages/torch/include/ATen/core/List_inl.h:5:
  In file included from /home/edgeai/downstream/lib/python3.12/site-packages/torch/include/ATen/core/ivalue.h:5:
  In file included from /home/edgeai/downstream/lib/python3.12/site-packages/torch/include/ATen/core/TensorBody.h:17:
  In file included from /home/edgeai/downstream/lib/python3.12/site-packages/torch/include/c10/core/Scalar.h:19:
  In file included from /home/edgeai/downstream/lib/python3.12/site-packages/torch/include/c10/util/TypeCast.h:12:
  /home/edgeai/downstream/lib/python3.12/site-packages/torch/include/c10/util/overflows.h:66:30: warning: use of infinity is undefined behavior due to the currently enabled floating-point options [-Wnan-infinity-disabled]
     66 |   if (limit::has_infinity && std::isinf(static_cast<double>(f))) {
        |                              ^~~~~~~~~~~~~~~~~~~~~~~~~~~~~~~~~~
  /home/edgeai/downstream/lib/python3.12/site-packages/torch/include/c10/util/TypeCast.h:201:36: note: in instantiation of function template specialization 'c10::overflows<unsigned short, double>' requested here
    201 |   if (!std::is_same_v<To, bool> && overflows<To, From>(f)) {
        |                                    ^
  /home/edgeai/downstream/lib/python3.12/site-packages/torch/include/c10/core/Scalar.h:142:3: note: in instantiation of function template specialization 'c10::checked_convert<unsigned short, double>' requested here
    142 |   DEFINE_ACCESSOR(uint16_t, UInt16)
        |   ^
  /home/edgeai/downstream/lib/python3.12/site-packages/torch/include/c10/core/Scalar.h:117:14: note: expanded from macro 'DEFINE_ACCESSOR'
    117 |       return checked_convert<type, double>(v.d, #type);               \
        |              ^
  In file included from /home/edgeai/esimd_learning/csrc/xpu/esimd_kernel.sycl:1:
  In file included from /home/edgeai/downstream/lib/python3.12/site-packages/torch/include/ATen/ATen.h:10:
  In file included from /home/edgeai/downstream/lib/python3.12/site-packages/torch/include/ATen/DeviceGuard.h:4:
  In file included from /home/edgeai/downstream/lib/python3.12/site-packages/torch/include/ATen/core/IListRef.h:634:
  In file included from /home/edgeai/downstream/lib/python3.12/site-packages/torch/include/ATen/core/IListRef_inl.h:4:
  In file included from /home/edgeai/downstream/lib/python3.12/site-packages/torch/include/ATen/core/List.h:492:
  In file included from /home/edgeai/downstream/lib/python3.12/site-packages/torch/include/ATen/core/List_inl.h:5:
  In file included from /home/edgeai/downstream/lib/python3.12/site-packages/torch/include/ATen/core/ivalue.h:5:
  In file included from /home/edgeai/downstream/lib/python3.12/site-packages/torch/include/ATen/core/TensorBody.h:17:
  In file included from /home/edgeai/downstream/lib/python3.12/site-packages/torch/include/c10/core/Scalar.h:19:
  In file included from /home/edgeai/downstream/lib/python3.12/site-packages/torch/include/c10/util/TypeCast.h:12:
  /home/edgeai/downstream/lib/python3.12/site-packages/torch/include/c10/util/overflows.h:66:30: warning: use of infinity is undefined behavior due to the currently enabled floating-point options [-Wnan-infinity-disabled]
     66 |   if (limit::has_infinity && std::isinf(static_cast<double>(f))) {
        |                              ^~~~~~~~~~~~~~~~~~~~~~~~~~~~~~~~~~
  /home/edgeai/downstream/lib/python3.12/site-packages/torch/include/c10/util/TypeCast.h:201:36: note: in instantiation of function template specialization 'c10::overflows<unsigned int, double>' requested here
    201 |   if (!std::is_same_v<To, bool> && overflows<To, From>(f)) {
        |                                    ^
  /home/edgeai/downstream/lib/python3.12/site-packages/torch/include/c10/core/Scalar.h:143:3: note: in instantiation of function template specialization 'c10::checked_convert<unsigned int, double>' requested here
    143 |   DEFINE_ACCESSOR(uint32_t, UInt32)
        |   ^
  /home/edgeai/downstream/lib/python3.12/site-packages/torch/include/c10/core/Scalar.h:117:14: note: expanded from macro 'DEFINE_ACCESSOR'
    117 |       return checked_convert<type, double>(v.d, #type);               \
        |              ^
  In file included from /home/edgeai/esimd_learning/csrc/xpu/esimd_kernel.sycl:1:
  In file included from /home/edgeai/downstream/lib/python3.12/site-packages/torch/include/ATen/ATen.h:10:
  In file included from /home/edgeai/downstream/lib/python3.12/site-packages/torch/include/ATen/DeviceGuard.h:4:
  In file included from /home/edgeai/downstream/lib/python3.12/site-packages/torch/include/ATen/core/IListRef.h:634:
  In file included from /home/edgeai/downstream/lib/python3.12/site-packages/torch/include/ATen/core/IListRef_inl.h:4:
  In file included from /home/edgeai/downstream/lib/python3.12/site-packages/torch/include/ATen/core/List.h:492:
  In file included from /home/edgeai/downstream/lib/python3.12/site-packages/torch/include/ATen/core/List_inl.h:5:
  In file included from /home/edgeai/downstream/lib/python3.12/site-packages/torch/include/ATen/core/ivalue.h:5:
  In file included from /home/edgeai/downstream/lib/python3.12/site-packages/torch/include/ATen/core/TensorBody.h:17:
  In file included from /home/edgeai/downstream/lib/python3.12/site-packages/torch/include/c10/core/Scalar.h:19:
  In file included from /home/edgeai/downstream/lib/python3.12/site-packages/torch/include/c10/util/TypeCast.h:12:
  /home/edgeai/downstream/lib/python3.12/site-packages/torch/include/c10/util/overflows.h:66:30: warning: use of infinity is undefined behavior due to the currently enabled floating-point options [-Wnan-infinity-disabled]
     66 |   if (limit::has_infinity && std::isinf(static_cast<double>(f))) {
        |                              ^~~~~~~~~~~~~~~~~~~~~~~~~~~~~~~~~~
  /home/edgeai/downstream/lib/python3.12/site-packages/torch/include/c10/util/TypeCast.h:201:36: note: in instantiation of function template specialization 'c10::overflows<unsigned long, double>' requested here
    201 |   if (!std::is_same_v<To, bool> && overflows<To, From>(f)) {
        |                                    ^
  /home/edgeai/downstream/lib/python3.12/site-packages/torch/include/c10/core/Scalar.h:144:3: note: in instantiation of function template specialization 'c10::checked_convert<unsigned long, double>' requested here
    144 |   DEFINE_ACCESSOR(uint64_t, UInt64)
        |   ^
  /home/edgeai/downstream/lib/python3.12/site-packages/torch/include/c10/core/Scalar.h:117:14: note: expanded from macro 'DEFINE_ACCESSOR'
    117 |       return checked_convert<type, double>(v.d, #type);               \
        |              ^
  In file included from /home/edgeai/esimd_learning/csrc/xpu/esimd_kernel.sycl:1:
  In file included from /home/edgeai/downstream/lib/python3.12/site-packages/torch/include/ATen/ATen.h:8:
  In file included from /home/edgeai/downstream/lib/python3.12/site-packages/torch/include/ATen/Context.h:5:
  In file included from /home/edgeai/downstream/lib/python3.12/site-packages/torch/include/ATen/CPUGeneratorImpl.h:4:
  In file included from /home/edgeai/downstream/lib/python3.12/site-packages/torch/include/ATen/core/Generator.h:19:
  In file included from /home/edgeai/downstream/lib/python3.12/site-packages/torch/include/c10/core/GeneratorImpl.h:9:
  In file included from /home/edgeai/downstream/lib/python3.12/site-packages/torch/include/c10/core/TensorImpl.h:12:
  In file included from /home/edgeai/downstream/lib/python3.12/site-packages/torch/include/c10/core/ScalarType.h:4:
  In file included from /home/edgeai/downstream/lib/python3.12/site-packages/torch/include/c10/util/BFloat16.h:2:
  In file included from /home/edgeai/downstream/lib/python3.12/site-packages/torch/include/torch/headeronly/util/BFloat16.h:22:
  In file included from /home/edgeai/downstream/include/sycl/sycl.hpp:49:
  In file included from /home/edgeai/downstream/include/sycl/detail/core.hpp:23:
  In file included from /home/edgeai/downstream/include/sycl/queue.hpp:36:
  /home/edgeai/downstream/include/sycl/handler.hpp:2259:5: warning: 'parallel_for' is deprecated: To specify properties, use a launch configuration object of type launch_config or a kernel functor with a get(sycl::ext::oneapi::experimental::properties_tag) member function instead. [-Wdeprecated-declarations]
   2259 |     parallel_for<KernelName>(Range,
        |     ^
  /home/edgeai/esimd_learning/csrc/xpu/esimd_kernels/fp8_GEMV_v2.h:151:33: note: in instantiation of function template specialization 'sycl::handler::parallel_for<sycl::detail::auto_name, 1, GEMV_fp8_pern_kernel<512, 1>>' requested here
    151 |     if (vl == 512 && ks == 1) { LAUNCH(512, 1) }
        |                                 ^
  /home/edgeai/esimd_learning/csrc/xpu/esimd_kernels/fp8_GEMV_v2.h:146:15: note: expanded from macro 'LAUNCH'
    146 |             h.parallel_for(sycl::nd_range<1>(global, local), \
        |               ^
  /home/edgeai/downstream/include/sycl/handler.hpp:2131:28: note: 'parallel_for' has been explicitly marked deprecated here
   2131 |       PropertiesT>::value> parallel_for(nd_range<Dims> Range,
        |                            ^
  /home/edgeai/downstream/include/sycl/handler.hpp:2259:5: warning: 'parallel_for<sycl::detail::auto_name, GEMV_fp8_pern_kernel<512, 1>, sycl::ext::oneapi::experimental::properties<detail::properties_type_list<>>, 1>' is deprecated: To specify properties, use a launch configuration object of type launch_config or a kernel functor with a get(sycl::ext::oneapi::experimental::properties_tag) member function instead. [-Wdeprecated-declarations]
   2259 |     parallel_for<KernelName>(Range,
        |     ^
  /home/edgeai/downstream/include/sycl/handler.hpp:2126:3: note: 'parallel_for<sycl::detail::auto_name, GEMV_fp8_pern_kernel<512, 1>, sycl::ext::oneapi::experimental::properties<detail::properties_type_list<>>, 1>' has been explicitly marked deprecated here
   2126 |   __SYCL_DEPRECATED("To specify properties, use a launch configuration object "
        |   ^
  /home/edgeai/downstream/include/sycl/detail/defines_elementary.hpp:53:38: note: expanded from macro '__SYCL_DEPRECATED'
     53 | #define __SYCL_DEPRECATED(message) [[deprecated(message)]]
        |                                      ^
  In file included from /home/edgeai/esimd_learning/csrc/xpu/esimd_kernel.sycl:1:
  In file included from /home/edgeai/downstream/lib/python3.12/site-packages/torch/include/ATen/ATen.h:8:
  In file included from /home/edgeai/downstream/lib/python3.12/site-packages/torch/include/ATen/Context.h:5:
  In file included from /home/edgeai/downstream/lib/python3.12/site-packages/torch/include/ATen/CPUGeneratorImpl.h:4:
  In file included from /home/edgeai/downstream/lib/python3.12/site-packages/torch/include/ATen/core/Generator.h:19:
  In file included from /home/edgeai/downstream/lib/python3.12/site-packages/torch/include/c10/core/GeneratorImpl.h:9:
  In file included from /home/edgeai/downstream/lib/python3.12/site-packages/torch/include/c10/core/TensorImpl.h:12:
  In file included from /home/edgeai/downstream/lib/python3.12/site-packages/torch/include/c10/core/ScalarType.h:4:
  In file included from /home/edgeai/downstream/lib/python3.12/site-packages/torch/include/c10/util/BFloat16.h:2:
  In file included from /home/edgeai/downstream/lib/python3.12/site-packages/torch/include/torch/headeronly/util/BFloat16.h:22:
  In file included from /home/edgeai/downstream/include/sycl/sycl.hpp:49:
  In file included from /home/edgeai/downstream/include/sycl/detail/core.hpp:23:
  In file included from /home/edgeai/downstream/include/sycl/queue.hpp:36:
  In file included from /home/edgeai/downstream/include/sycl/handler.hpp:31:
  /home/edgeai/downstream/include/sycl/detail/id_queries_fit_in_int.hpp:143:51: warning: 'get_offset' is deprecated: offsets are deprecated in SYCL2020 [-Wdeprecated-declarations]
    143 |     checkValueRange<Dims>(V.get_global_range(), V.get_offset());
        |                                                   ^
  /home/edgeai/downstream/include/sycl/handler.hpp:1427:13: note: in instantiation of function template specialization 'sycl::detail::checkValueRange<1>' requested here
   1427 |     detail::checkValueRange<Dims>(params...);
        |             ^
  /home/edgeai/downstream/include/sycl/handler.hpp:2142:5: note: in instantiation of function template specialization 'sycl::handler::wrap_kernel<sycl::detail::WrapAs::parallel_for, sycl::detail::auto_name, sycl::nd_item<>, 1, false, sycl::ext::oneapi::experimental::properties<detail::properties_type_list<>>, GEMV_fp8_pern_kernel<512, 1>, sycl::nd_range<> &>' requested here
   2142 |     wrap_kernel<detail::WrapAs::parallel_for, KernelName, TransformedArgType,
        |     ^
  /home/edgeai/downstream/include/sycl/handler.hpp:2259:5: note: in instantiation of function template specialization 'sycl::handler::parallel_for<sycl::detail::auto_name, GEMV_fp8_pern_kernel<512, 1>, sycl::ext::oneapi::experimental::properties<detail::properties_type_list<>>, 1>' requested here
   2259 |     parallel_for<KernelName>(Range,
        |     ^
  /home/edgeai/esimd_learning/csrc/xpu/esimd_kernels/fp8_GEMV_v2.h:151:33: note: in instantiation of function template specialization 'sycl::handler::parallel_for<sycl::detail::auto_name, 1, GEMV_fp8_pern_kernel<512, 1>>' requested here
    151 |     if (vl == 512 && ks == 1) { LAUNCH(512, 1) }
        |                                 ^
  /home/edgeai/esimd_learning/csrc/xpu/esimd_kernels/fp8_GEMV_v2.h:146:15: note: expanded from macro 'LAUNCH'
    146 |             h.parallel_for(sycl::nd_range<1>(global, local), \
        |               ^
  /home/edgeai/downstream/include/sycl/nd_range.hpp:49:3: note: 'get_offset' has been explicitly marked deprecated here
     49 |   __SYCL2020_DEPRECATED("offsets are deprecated in SYCL2020")
        |   ^
  /home/edgeai/downstream/include/sycl/detail/defines_elementary.hpp:62:40: note: expanded from macro '__SYCL2020_DEPRECATED'
     62 | #define __SYCL2020_DEPRECATED(message) __SYCL_DEPRECATED(message)
        |                                        ^
  /home/edgeai/downstream/include/sycl/detail/defines_elementary.hpp:53:38: note: expanded from macro '__SYCL_DEPRECATED'
     53 | #define __SYCL_DEPRECATED(message) [[deprecated(message)]]
        |                                      ^
  In file included from /home/edgeai/esimd_learning/csrc/xpu/esimd_kernel.sycl:1:
  In file included from /home/edgeai/downstream/lib/python3.12/site-packages/torch/include/ATen/ATen.h:8:
  In file included from /home/edgeai/downstream/lib/python3.12/site-packages/torch/include/ATen/Context.h:5:
  In file included from /home/edgeai/downstream/lib/python3.12/site-packages/torch/include/ATen/CPUGeneratorImpl.h:4:
  In file included from /home/edgeai/downstream/lib/python3.12/site-packages/torch/include/ATen/core/Generator.h:19:
  In file included from /home/edgeai/downstream/lib/python3.12/site-packages/torch/include/c10/core/GeneratorImpl.h:9:
  In file included from /home/edgeai/downstream/lib/python3.12/site-packages/torch/include/c10/core/TensorImpl.h:12:
  In file included from /home/edgeai/downstream/lib/python3.12/site-packages/torch/include/c10/core/ScalarType.h:4:
  In file included from /home/edgeai/downstream/lib/python3.12/site-packages/torch/include/c10/util/BFloat16.h:2:
  In file included from /home/edgeai/downstream/lib/python3.12/site-packages/torch/include/torch/headeronly/util/BFloat16.h:22:
  In file included from /home/edgeai/downstream/include/sycl/sycl.hpp:49:
  In file included from /home/edgeai/downstream/include/sycl/detail/core.hpp:23:
  In file included from /home/edgeai/downstream/include/sycl/queue.hpp:36:
  In file included from /home/edgeai/downstream/include/sycl/handler.hpp:31:
  /home/edgeai/downstream/include/sycl/detail/id_queries_fit_in_int.hpp:89:18: warning: 'get_offset' is deprecated: offsets are deprecated in SYCL2020 [-Wdeprecated-declarations]
     89 |     Product *= V.get_offset()[Dim];
        |                  ^
  /home/edgeai/downstream/include/sycl/detail/id_queries_fit_in_int.hpp:142:7: note: in instantiation of function template specialization 'sycl::detail::hasNonZeroOffset<1>' requested here
    142 |   if (hasNonZeroOffset(V)) /*[[unlikely]]*/ {
        |       ^
  /home/edgeai/downstream/include/sycl/handler.hpp:1427:13: note: in instantiation of function template specialization 'sycl::detail::checkValueRange<1>' requested here
   1427 |     detail::checkValueRange<Dims>(params...);
        |             ^
  /home/edgeai/downstream/include/sycl/handler.hpp:2142:5: note: in instantiation of function template specialization 'sycl::handler::wrap_kernel<sycl::detail::WrapAs::parallel_for, sycl::detail::auto_name, sycl::nd_item<>, 1, false, sycl::ext::oneapi::experimental::properties<detail::properties_type_list<>>, GEMV_fp8_pern_kernel<512, 1>, sycl::nd_range<> &>' requested here
   2142 |     wrap_kernel<detail::WrapAs::parallel_for, KernelName, TransformedArgType,
        |     ^
  /home/edgeai/downstream/include/sycl/handler.hpp:2259:5: note: in instantiation of function template specialization 'sycl::handler::parallel_for<sycl::detail::auto_name, GEMV_fp8_pern_kernel<512, 1>, sycl::ext::oneapi::experimental::properties<detail::properties_type_list<>>, 1>' requested here
   2259 |     parallel_for<KernelName>(Range,
        |     ^
  /home/edgeai/esimd_learning/csrc/xpu/esimd_kernels/fp8_GEMV_v2.h:151:33: note: in instantiation of function template specialization 'sycl::handler::parallel_for<sycl::detail::auto_name, 1, GEMV_fp8_pern_kernel<512, 1>>' requested here
    151 |     if (vl == 512 && ks == 1) { LAUNCH(512, 1) }
        |                                 ^
  /home/edgeai/esimd_learning/csrc/xpu/esimd_kernels/fp8_GEMV_v2.h:146:15: note: expanded from macro 'LAUNCH'
    146 |             h.parallel_for(sycl::nd_range<1>(global, local), \
        |               ^
  /home/edgeai/downstream/include/sycl/nd_range.hpp:49:3: note: 'get_offset' has been explicitly marked deprecated here
     49 |   __SYCL2020_DEPRECATED("offsets are deprecated in SYCL2020")
        |   ^
  /home/edgeai/downstream/include/sycl/detail/defines_elementary.hpp:62:40: note: expanded from macro '__SYCL2020_DEPRECATED'
     62 | #define __SYCL2020_DEPRECATED(message) __SYCL_DEPRECATED(message)
        |                                        ^
  /home/edgeai/downstream/include/sycl/detail/defines_elementary.hpp:53:38: note: expanded from macro '__SYCL_DEPRECATED'
     53 | #define __SYCL_DEPRECATED(message) [[deprecated(message)]]
        |                                      ^
  In file included from /home/edgeai/esimd_learning/csrc/xpu/esimd_kernel.sycl:1:
  In file included from /home/edgeai/downstream/lib/python3.12/site-packages/torch/include/ATen/ATen.h:8:
  In file included from /home/edgeai/downstream/lib/python3.12/site-packages/torch/include/ATen/Context.h:5:
  In file included from /home/edgeai/downstream/lib/python3.12/site-packages/torch/include/ATen/CPUGeneratorImpl.h:4:
  In file included from /home/edgeai/downstream/lib/python3.12/site-packages/torch/include/ATen/core/Generator.h:19:
  In file included from /home/edgeai/downstream/lib/python3.12/site-packages/torch/include/c10/core/GeneratorImpl.h:9:
  In file included from /home/edgeai/downstream/lib/python3.12/site-packages/torch/include/c10/core/TensorImpl.h:12:
  In file included from /home/edgeai/downstream/lib/python3.12/site-packages/torch/include/c10/core/ScalarType.h:4:
  In file included from /home/edgeai/downstream/lib/python3.12/site-packages/torch/include/c10/util/BFloat16.h:2:
  In file included from /home/edgeai/downstream/lib/python3.12/site-packages/torch/include/torch/headeronly/util/BFloat16.h:22:
  In file included from /home/edgeai/downstream/include/sycl/sycl.hpp:49:
  In file included from /home/edgeai/downstream/include/sycl/detail/core.hpp:23:
  In file included from /home/edgeai/downstream/include/sycl/queue.hpp:36:
  /home/edgeai/downstream/include/sycl/handler.hpp:3636:48: warning: 'get_offset' is deprecated: offsets are deprecated in SYCL2020 [-Wdeprecated-declarations]
   3636 |                                 ExecutionRange.get_offset());
        |                                                ^
  /home/edgeai/downstream/include/sycl/handler.hpp:1432:7: note: in instantiation of function template specialization 'sycl::handler::setNDRangeDescriptor<1>' requested here
   1432 |       setNDRangeDescriptor(std::move(params)...);
        |       ^
  /home/edgeai/downstream/include/sycl/handler.hpp:2142:5: note: in instantiation of function template specialization 'sycl::handler::wrap_kernel<sycl::detail::WrapAs::parallel_for, sycl::detail::auto_name, sycl::nd_item<>, 1, false, sycl::ext::oneapi::experimental::properties<detail::properties_type_list<>>, GEMV_fp8_pern_kernel<512, 1>, sycl::nd_range<> &>' requested here
   2142 |     wrap_kernel<detail::WrapAs::parallel_for, KernelName, TransformedArgType,
        |     ^
  /home/edgeai/downstream/include/sycl/handler.hpp:2259:5: note: in instantiation of function template specialization 'sycl::handler::parallel_for<sycl::detail::auto_name, GEMV_fp8_pern_kernel<512, 1>, sycl::ext::oneapi::experimental::properties<detail::properties_type_list<>>, 1>' requested here
   2259 |     parallel_for<KernelName>(Range,
        |     ^
  /home/edgeai/esimd_learning/csrc/xpu/esimd_kernels/fp8_GEMV_v2.h:151:33: note: in instantiation of function template specialization 'sycl::handler::parallel_for<sycl::detail::auto_name, 1, GEMV_fp8_pern_kernel<512, 1>>' requested here
    151 |     if (vl == 512 && ks == 1) { LAUNCH(512, 1) }
        |                                 ^
  /home/edgeai/esimd_learning/csrc/xpu/esimd_kernels/fp8_GEMV_v2.h:146:15: note: expanded from macro 'LAUNCH'
    146 |             h.parallel_for(sycl::nd_range<1>(global, local), \
        |               ^
  /home/edgeai/downstream/include/sycl/nd_range.hpp:49:3: note: 'get_offset' has been explicitly marked deprecated here
     49 |   __SYCL2020_DEPRECATED("offsets are deprecated in SYCL2020")
        |   ^
  /home/edgeai/downstream/include/sycl/detail/defines_elementary.hpp:62:40: note: expanded from macro '__SYCL2020_DEPRECATED'
     62 | #define __SYCL2020_DEPRECATED(message) __SYCL_DEPRECATED(message)
        |                                        ^
  /home/edgeai/downstream/include/sycl/detail/defines_elementary.hpp:53:38: note: expanded from macro '__SYCL_DEPRECATED'
     53 | #define __SYCL_DEPRECATED(message) [[deprecated(message)]]
        |                                      ^
  In file included from /home/edgeai/esimd_learning/csrc/xpu/esimd_kernel.sycl:1:
  In file included from /home/edgeai/downstream/lib/python3.12/site-packages/torch/include/ATen/ATen.h:8:
  In file included from /home/edgeai/downstream/lib/python3.12/site-packages/torch/include/ATen/Context.h:5:
  In file included from /home/edgeai/downstream/lib/python3.12/site-packages/torch/include/ATen/CPUGeneratorImpl.h:4:
  In file included from /home/edgeai/downstream/lib/python3.12/site-packages/torch/include/ATen/core/Generator.h:19:
  In file included from /home/edgeai/downstream/lib/python3.12/site-packages/torch/include/c10/core/GeneratorImpl.h:9:
  In file included from /home/edgeai/downstream/lib/python3.12/site-packages/torch/include/c10/core/TensorImpl.h:12:
  In file included from /home/edgeai/downstream/lib/python3.12/site-packages/torch/include/c10/core/ScalarType.h:4:
  In file included from /home/edgeai/downstream/lib/python3.12/site-packages/torch/include/c10/util/BFloat16.h:2:
  In file included from /home/edgeai/downstream/lib/python3.12/site-packages/torch/include/torch/headeronly/util/BFloat16.h:22:
  In file included from /home/edgeai/downstream/include/sycl/sycl.hpp:49:
  In file included from /home/edgeai/downstream/include/sycl/detail/core.hpp:23:
  In file included from /home/edgeai/downstream/include/sycl/queue.hpp:36:
  /home/edgeai/downstream/include/sycl/handler.hpp:2259:5: warning: 'parallel_for' is deprecated: To specify properties, use a launch configuration object of type launch_config or a kernel functor with a get(sycl::ext::oneapi::experimental::properties_tag) member function instead. [-Wdeprecated-declarations]
   2259 |     parallel_for<KernelName>(Range,
        |     ^
  /home/edgeai/esimd_learning/csrc/xpu/esimd_kernels/fp8_GEMV_v2.h:152:38: note: in instantiation of function template specialization 'sycl::handler::parallel_for<sycl::detail::auto_name, 1, GEMV_fp8_pern_kernel<512, 2>>' requested here
    152 |     else if (vl == 512 && ks == 2) { LAUNCH(512, 2) }
        |                                      ^
  /home/edgeai/esimd_learning/csrc/xpu/esimd_kernels/fp8_GEMV_v2.h:146:15: note: expanded from macro 'LAUNCH'
    146 |             h.parallel_for(sycl::nd_range<1>(global, local), \
        |               ^
  /home/edgeai/downstream/include/sycl/handler.hpp:2131:28: note: 'parallel_for' has been explicitly marked deprecated here
   2131 |       PropertiesT>::value> parallel_for(nd_range<Dims> Range,
        |                            ^
  /home/edgeai/downstream/include/sycl/handler.hpp:2259:5: warning: 'parallel_for<sycl::detail::auto_name, GEMV_fp8_pern_kernel<512, 2>, sycl::ext::oneapi::experimental::properties<detail::properties_type_list<>>, 1>' is deprecated: To specify properties, use a launch configuration object of type launch_config or a kernel functor with a get(sycl::ext::oneapi::experimental::properties_tag) member function instead. [-Wdeprecated-declarations]
   2259 |     parallel_for<KernelName>(Range,
        |     ^
  /home/edgeai/downstream/include/sycl/handler.hpp:2126:3: note: 'parallel_for<sycl::detail::auto_name, GEMV_fp8_pern_kernel<512, 2>, sycl::ext::oneapi::experimental::properties<detail::properties_type_list<>>, 1>' has been explicitly marked deprecated here
   2126 |   __SYCL_DEPRECATED("To specify properties, use a launch configuration object "
        |   ^
  /home/edgeai/downstream/include/sycl/detail/defines_elementary.hpp:53:38: note: expanded from macro '__SYCL_DEPRECATED'
     53 | #define __SYCL_DEPRECATED(message) [[deprecated(message)]]
        |                                      ^
  In file included from /home/edgeai/esimd_learning/csrc/xpu/esimd_kernel.sycl:1:
  In file included from /home/edgeai/downstream/lib/python3.12/site-packages/torch/include/ATen/ATen.h:8:
  In file included from /home/edgeai/downstream/lib/python3.12/site-packages/torch/include/ATen/Context.h:5:
  In file included from /home/edgeai/downstream/lib/python3.12/site-packages/torch/include/ATen/CPUGeneratorImpl.h:4:
  In file included from /home/edgeai/downstream/lib/python3.12/site-packages/torch/include/ATen/core/Generator.h:19:
  In file included from /home/edgeai/downstream/lib/python3.12/site-packages/torch/include/c10/core/GeneratorImpl.h:9:
  In file included from /home/edgeai/downstream/lib/python3.12/site-packages/torch/include/c10/core/TensorImpl.h:12:
  In file included from /home/edgeai/downstream/lib/python3.12/site-packages/torch/include/c10/core/ScalarType.h:4:
  In file included from /home/edgeai/downstream/lib/python3.12/site-packages/torch/include/c10/util/BFloat16.h:2:
  In file included from /home/edgeai/downstream/lib/python3.12/site-packages/torch/include/torch/headeronly/util/BFloat16.h:22:
  In file included from /home/edgeai/downstream/include/sycl/sycl.hpp:49:
  In file included from /home/edgeai/downstream/include/sycl/detail/core.hpp:23:
  In file included from /home/edgeai/downstream/include/sycl/queue.hpp:36:
  /home/edgeai/downstream/include/sycl/handler.hpp:2259:5: warning: 'parallel_for' is deprecated: To specify properties, use a launch configuration object of type launch_config or a kernel functor with a get(sycl::ext::oneapi::experimental::properties_tag) member function instead. [-Wdeprecated-declarations]
   2259 |     parallel_for<KernelName>(Range,
        |     ^
  /home/edgeai/esimd_learning/csrc/xpu/esimd_kernels/fp8_GEMV_v2.h:153:38: note: in instantiation of function template specialization 'sycl::handler::parallel_for<sycl::detail::auto_name, 1, GEMV_fp8_pern_kernel<256, 1>>' requested here
    153 |     else if (vl == 256 && ks == 1) { LAUNCH(256, 1) }
        |                                      ^
  /home/edgeai/esimd_learning/csrc/xpu/esimd_kernels/fp8_GEMV_v2.h:146:15: note: expanded from macro 'LAUNCH'
    146 |             h.parallel_for(sycl::nd_range<1>(global, local), \
        |               ^
  /home/edgeai/downstream/include/sycl/handler.hpp:2131:28: note: 'parallel_for' has been explicitly marked deprecated here
   2131 |       PropertiesT>::value> parallel_for(nd_range<Dims> Range,
        |                            ^
  /home/edgeai/downstream/include/sycl/handler.hpp:2259:5: warning: 'parallel_for<sycl::detail::auto_name, GEMV_fp8_pern_kernel<256, 1>, sycl::ext::oneapi::experimental::properties<detail::properties_type_list<>>, 1>' is deprecated: To specify properties, use a launch configuration object of type launch_config or a kernel functor with a get(sycl::ext::oneapi::experimental::properties_tag) member function instead. [-Wdeprecated-declarations]
   2259 |     parallel_for<KernelName>(Range,
        |     ^
  /home/edgeai/downstream/include/sycl/handler.hpp:2126:3: note: 'parallel_for<sycl::detail::auto_name, GEMV_fp8_pern_kernel<256, 1>, sycl::ext::oneapi::experimental::properties<detail::properties_type_list<>>, 1>' has been explicitly marked deprecated here
   2126 |   __SYCL_DEPRECATED("To specify properties, use a launch configuration object "
        |   ^
  /home/edgeai/downstream/include/sycl/detail/defines_elementary.hpp:53:38: note: expanded from macro '__SYCL_DEPRECATED'
     53 | #define __SYCL_DEPRECATED(message) [[deprecated(message)]]
        |                                      ^
  In file included from /home/edgeai/esimd_learning/csrc/xpu/esimd_kernel.sycl:1:
  In file included from /home/edgeai/downstream/lib/python3.12/site-packages/torch/include/ATen/ATen.h:8:
  In file included from /home/edgeai/downstream/lib/python3.12/site-packages/torch/include/ATen/Context.h:5:
  In file included from /home/edgeai/downstream/lib/python3.12/site-packages/torch/include/ATen/CPUGeneratorImpl.h:4:
  In file included from /home/edgeai/downstream/lib/python3.12/site-packages/torch/include/ATen/core/Generator.h:19:
  In file included from /home/edgeai/downstream/lib/python3.12/site-packages/torch/include/c10/core/GeneratorImpl.h:9:
  In file included from /home/edgeai/downstream/lib/python3.12/site-packages/torch/include/c10/core/TensorImpl.h:12:
  In file included from /home/edgeai/downstream/lib/python3.12/site-packages/torch/include/c10/core/ScalarType.h:4:
  In file included from /home/edgeai/downstream/lib/python3.12/site-packages/torch/include/c10/util/BFloat16.h:2:
  In file included from /home/edgeai/downstream/lib/python3.12/site-packages/torch/include/torch/headeronly/util/BFloat16.h:22:
  In file included from /home/edgeai/downstream/include/sycl/sycl.hpp:49:
  In file included from /home/edgeai/downstream/include/sycl/detail/core.hpp:23:
  In file included from /home/edgeai/downstream/include/sycl/queue.hpp:36:
  /home/edgeai/downstream/include/sycl/handler.hpp:2259:5: warning: 'parallel_for' is deprecated: To specify properties, use a launch configuration object of type launch_config or a kernel functor with a get(sycl::ext::oneapi::experimental::properties_tag) member function instead. [-Wdeprecated-declarations]
   2259 |     parallel_for<KernelName>(Range,
        |     ^
  /home/edgeai/esimd_learning/csrc/xpu/esimd_kernels/fp8_GEMV_v2.h:154:38: note: in instantiation of function template specialization 'sycl::handler::parallel_for<sycl::detail::auto_name, 1, GEMV_fp8_pern_kernel<256, 2>>' requested here
    154 |     else if (vl == 256 && ks == 2) { LAUNCH(256, 2) }
        |                                      ^
  /home/edgeai/esimd_learning/csrc/xpu/esimd_kernels/fp8_GEMV_v2.h:146:15: note: expanded from macro 'LAUNCH'
    146 |             h.parallel_for(sycl::nd_range<1>(global, local), \
        |               ^
  /home/edgeai/downstream/include/sycl/handler.hpp:2131:28: note: 'parallel_for' has been explicitly marked deprecated here
   2131 |       PropertiesT>::value> parallel_for(nd_range<Dims> Range,
        |                            ^
  /home/edgeai/downstream/include/sycl/handler.hpp:2259:5: warning: 'parallel_for<sycl::detail::auto_name, GEMV_fp8_pern_kernel<256, 2>, sycl::ext::oneapi::experimental::properties<detail::properties_type_list<>>, 1>' is deprecated: To specify properties, use a launch configuration object of type launch_config or a kernel functor with a get(sycl::ext::oneapi::experimental::properties_tag) member function instead. [-Wdeprecated-declarations]
   2259 |     parallel_for<KernelName>(Range,
        |     ^
  /home/edgeai/downstream/include/sycl/handler.hpp:2126:3: note: 'parallel_for<sycl::detail::auto_name, GEMV_fp8_pern_kernel<256, 2>, sycl::ext::oneapi::experimental::properties<detail::properties_type_list<>>, 1>' has been explicitly marked deprecated here
   2126 |   __SYCL_DEPRECATED("To specify properties, use a launch configuration object "
        |   ^
  /home/edgeai/downstream/include/sycl/detail/defines_elementary.hpp:53:38: note: expanded from macro '__SYCL_DEPRECATED'
     53 | #define __SYCL_DEPRECATED(message) [[deprecated(message)]]
        |                                      ^
  In file included from /home/edgeai/esimd_learning/csrc/xpu/esimd_kernel.sycl:1:
  In file included from /home/edgeai/downstream/lib/python3.12/site-packages/torch/include/ATen/ATen.h:8:
  In file included from /home/edgeai/downstream/lib/python3.12/site-packages/torch/include/ATen/Context.h:5:
  In file included from /home/edgeai/downstream/lib/python3.12/site-packages/torch/include/ATen/CPUGeneratorImpl.h:4:
  In file included from /home/edgeai/downstream/lib/python3.12/site-packages/torch/include/ATen/core/Generator.h:19:
  In file included from /home/edgeai/downstream/lib/python3.12/site-packages/torch/include/c10/core/GeneratorImpl.h:9:
  In file included from /home/edgeai/downstream/lib/python3.12/site-packages/torch/include/c10/core/TensorImpl.h:12:
  In file included from /home/edgeai/downstream/lib/python3.12/site-packages/torch/include/c10/core/ScalarType.h:4:
  In file included from /home/edgeai/downstream/lib/python3.12/site-packages/torch/include/c10/util/BFloat16.h:2:
  In file included from /home/edgeai/downstream/lib/python3.12/site-packages/torch/include/torch/headeronly/util/BFloat16.h:22:
  In file included from /home/edgeai/downstream/include/sycl/sycl.hpp:49:
  In file included from /home/edgeai/downstream/include/sycl/detail/core.hpp:23:
  In file included from /home/edgeai/downstream/include/sycl/queue.hpp:36:
  /home/edgeai/downstream/include/sycl/handler.hpp:2259:5: warning: 'parallel_for' is deprecated: To specify properties, use a launch configuration object of type launch_config or a kernel functor with a get(sycl::ext::oneapi::experimental::properties_tag) member function instead. [-Wdeprecated-declarations]
   2259 |     parallel_for<KernelName>(Range,
        |     ^
  /home/edgeai/esimd_learning/csrc/xpu/esimd_kernels/fp8_GEMV_v2.h:155:38: note: in instantiation of function template specialization 'sycl::handler::parallel_for<sycl::detail::auto_name, 1, GEMV_fp8_pern_kernel<256, 4>>' requested here
    155 |     else if (vl == 256 && ks == 4) { LAUNCH(256, 4) }
        |                                      ^
  /home/edgeai/esimd_learning/csrc/xpu/esimd_kernels/fp8_GEMV_v2.h:146:15: note: expanded from macro 'LAUNCH'
    146 |             h.parallel_for(sycl::nd_range<1>(global, local), \
        |               ^
  /home/edgeai/downstream/include/sycl/handler.hpp:2131:28: note: 'parallel_for' has been explicitly marked deprecated here
   2131 |       PropertiesT>::value> parallel_for(nd_range<Dims> Range,
        |                            ^
  /home/edgeai/downstream/include/sycl/handler.hpp:2259:5: warning: 'parallel_for<sycl::detail::auto_name, GEMV_fp8_pern_kernel<256, 4>, sycl::ext::oneapi::experimental::properties<detail::properties_type_list<>>, 1>' is deprecated: To specify properties, use a launch configuration object of type launch_config or a kernel functor with a get(sycl::ext::oneapi::experimental::properties_tag) member function instead. [-Wdeprecated-declarations]
   2259 |     parallel_for<KernelName>(Range,
        |     ^
  /home/edgeai/downstream/include/sycl/handler.hpp:2126:3: note: 'parallel_for<sycl::detail::auto_name, GEMV_fp8_pern_kernel<256, 4>, sycl::ext::oneapi::experimental::properties<detail::properties_type_list<>>, 1>' has been explicitly marked deprecated here
   2126 |   __SYCL_DEPRECATED("To specify properties, use a launch configuration object "
        |   ^
  /home/edgeai/downstream/include/sycl/detail/defines_elementary.hpp:53:38: note: expanded from macro '__SYCL_DEPRECATED'
     53 | #define __SYCL_DEPRECATED(message) [[deprecated(message)]]
        |                                      ^
  In file included from /home/edgeai/esimd_learning/csrc/xpu/esimd_kernel.sycl:1:
  In file included from /home/edgeai/downstream/lib/python3.12/site-packages/torch/include/ATen/ATen.h:8:
  In file included from /home/edgeai/downstream/lib/python3.12/site-packages/torch/include/ATen/Context.h:5:
  In file included from /home/edgeai/downstream/lib/python3.12/site-packages/torch/include/ATen/CPUGeneratorImpl.h:4:
  In file included from /home/edgeai/downstream/lib/python3.12/site-packages/torch/include/ATen/core/Generator.h:19:
  In file included from /home/edgeai/downstream/lib/python3.12/site-packages/torch/include/c10/core/GeneratorImpl.h:9:
  In file included from /home/edgeai/downstream/lib/python3.12/site-packages/torch/include/c10/core/TensorImpl.h:12:
  In file included from /home/edgeai/downstream/lib/python3.12/site-packages/torch/include/c10/core/ScalarType.h:4:
  In file included from /home/edgeai/downstream/lib/python3.12/site-packages/torch/include/c10/util/BFloat16.h:2:
  In file included from /home/edgeai/downstream/lib/python3.12/site-packages/torch/include/torch/headeronly/util/BFloat16.h:22:
  In file included from /home/edgeai/downstream/include/sycl/sycl.hpp:49:
  In file included from /home/edgeai/downstream/include/sycl/detail/core.hpp:23:
  In file included from /home/edgeai/downstream/include/sycl/queue.hpp:36:
  /home/edgeai/downstream/include/sycl/handler.hpp:2259:5: warning: 'parallel_for' is deprecated: To specify properties, use a launch configuration object of type launch_config or a kernel functor with a get(sycl::ext::oneapi::experimental::properties_tag) member function instead. [-Wdeprecated-declarations]
   2259 |     parallel_for<KernelName>(Range,
        |     ^
  /home/edgeai/esimd_learning/csrc/xpu/esimd_kernels/fp8_GEMV_v2.h:156:38: note: in instantiation of function template specialization 'sycl::handler::parallel_for<sycl::detail::auto_name, 1, GEMV_fp8_pern_kernel<128, 1>>' requested here
    156 |     else if (vl == 128 && ks == 1) { LAUNCH(128, 1) }
        |                                      ^
  /home/edgeai/esimd_learning/csrc/xpu/esimd_kernels/fp8_GEMV_v2.h:146:15: note: expanded from macro 'LAUNCH'
    146 |             h.parallel_for(sycl::nd_range<1>(global, local), \
        |               ^
  /home/edgeai/downstream/include/sycl/handler.hpp:2131:28: note: 'parallel_for' has been explicitly marked deprecated here
   2131 |       PropertiesT>::value> parallel_for(nd_range<Dims> Range,
        |                            ^
  /home/edgeai/downstream/include/sycl/handler.hpp:2259:5: warning: 'parallel_for<sycl::detail::auto_name, GEMV_fp8_pern_kernel<128, 1>, sycl::ext::oneapi::experimental::properties<detail::properties_type_list<>>, 1>' is deprecated: To specify properties, use a launch configuration object of type launch_config or a kernel functor with a get(sycl::ext::oneapi::experimental::properties_tag) member function instead. [-Wdeprecated-declarations]
   2259 |     parallel_for<KernelName>(Range,
        |     ^
  /home/edgeai/downstream/include/sycl/handler.hpp:2126:3: note: 'parallel_for<sycl::detail::auto_name, GEMV_fp8_pern_kernel<128, 1>, sycl::ext::oneapi::experimental::properties<detail::properties_type_list<>>, 1>' has been explicitly marked deprecated here
   2126 |   __SYCL_DEPRECATED("To specify properties, use a launch configuration object "
        |   ^
  /home/edgeai/downstream/include/sycl/detail/defines_elementary.hpp:53:38: note: expanded from macro '__SYCL_DEPRECATED'
     53 | #define __SYCL_DEPRECATED(message) [[deprecated(message)]]
        |                                      ^
  In file included from /home/edgeai/esimd_learning/csrc/xpu/esimd_kernel.sycl:1:
  In file included from /home/edgeai/downstream/lib/python3.12/site-packages/torch/include/ATen/ATen.h:8:
  In file included from /home/edgeai/downstream/lib/python3.12/site-packages/torch/include/ATen/Context.h:5:
  In file included from /home/edgeai/downstream/lib/python3.12/site-packages/torch/include/ATen/CPUGeneratorImpl.h:4:
  In file included from /home/edgeai/downstream/lib/python3.12/site-packages/torch/include/ATen/core/Generator.h:19:
  In file included from /home/edgeai/downstream/lib/python3.12/site-packages/torch/include/c10/core/GeneratorImpl.h:9:
  In file included from /home/edgeai/downstream/lib/python3.12/site-packages/torch/include/c10/core/TensorImpl.h:12:
  In file included from /home/edgeai/downstream/lib/python3.12/site-packages/torch/include/c10/core/ScalarType.h:4:
  In file included from /home/edgeai/downstream/lib/python3.12/site-packages/torch/include/c10/util/BFloat16.h:2:
  In file included from /home/edgeai/downstream/lib/python3.12/site-packages/torch/include/torch/headeronly/util/BFloat16.h:22:
  In file included from /home/edgeai/downstream/include/sycl/sycl.hpp:49:
  In file included from /home/edgeai/downstream/include/sycl/detail/core.hpp:23:
  In file included from /home/edgeai/downstream/include/sycl/queue.hpp:36:
  /home/edgeai/downstream/include/sycl/handler.hpp:2259:5: warning: 'parallel_for' is deprecated: To specify properties, use a launch configuration object of type launch_config or a kernel functor with a get(sycl::ext::oneapi::experimental::properties_tag) member function instead. [-Wdeprecated-declarations]
   2259 |     parallel_for<KernelName>(Range,
        |     ^
  /home/edgeai/esimd_learning/csrc/xpu/esimd_kernels/fp8_GEMV_v2.h:157:38: note: in instantiation of function template specialization 'sycl::handler::parallel_for<sycl::detail::auto_name, 1, GEMV_fp8_pern_kernel<128, 2>>' requested here
    157 |     else if (vl == 128 && ks == 2) { LAUNCH(128, 2) }
        |                                      ^
  /home/edgeai/esimd_learning/csrc/xpu/esimd_kernels/fp8_GEMV_v2.h:146:15: note: expanded from macro 'LAUNCH'
    146 |             h.parallel_for(sycl::nd_range<1>(global, local), \
        |               ^
  /home/edgeai/downstream/include/sycl/handler.hpp:2131:28: note: 'parallel_for' has been explicitly marked deprecated here
   2131 |       PropertiesT>::value> parallel_for(nd_range<Dims> Range,
        |                            ^
  /home/edgeai/downstream/include/sycl/handler.hpp:2259:5: warning: 'parallel_for<sycl::detail::auto_name, GEMV_fp8_pern_kernel<128, 2>, sycl::ext::oneapi::experimental::properties<detail::properties_type_list<>>, 1>' is deprecated: To specify properties, use a launch configuration object of type launch_config or a kernel functor with a get(sycl::ext::oneapi::experimental::properties_tag) member function instead. [-Wdeprecated-declarations]
   2259 |     parallel_for<KernelName>(Range,
        |     ^
  /home/edgeai/downstream/include/sycl/handler.hpp:2126:3: note: 'parallel_for<sycl::detail::auto_name, GEMV_fp8_pern_kernel<128, 2>, sycl::ext::oneapi::experimental::properties<detail::properties_type_list<>>, 1>' has been explicitly marked deprecated here
   2126 |   __SYCL_DEPRECATED("To specify properties, use a launch configuration object "
        |   ^
  /home/edgeai/downstream/include/sycl/detail/defines_elementary.hpp:53:38: note: expanded from macro '__SYCL_DEPRECATED'
     53 | #define __SYCL_DEPRECATED(message) [[deprecated(message)]]
        |                                      ^
  In file included from /home/edgeai/esimd_learning/csrc/xpu/esimd_kernel.sycl:1:
  In file included from /home/edgeai/downstream/lib/python3.12/site-packages/torch/include/ATen/ATen.h:8:
  In file included from /home/edgeai/downstream/lib/python3.12/site-packages/torch/include/ATen/Context.h:5:
  In file included from /home/edgeai/downstream/lib/python3.12/site-packages/torch/include/ATen/CPUGeneratorImpl.h:4:
  In file included from /home/edgeai/downstream/lib/python3.12/site-packages/torch/include/ATen/core/Generator.h:19:
  In file included from /home/edgeai/downstream/lib/python3.12/site-packages/torch/include/c10/core/GeneratorImpl.h:9:
  In file included from /home/edgeai/downstream/lib/python3.12/site-packages/torch/include/c10/core/TensorImpl.h:12:
  In file included from /home/edgeai/downstream/lib/python3.12/site-packages/torch/include/c10/core/ScalarType.h:4:
  In file included from /home/edgeai/downstream/lib/python3.12/site-packages/torch/include/c10/util/BFloat16.h:2:
  In file included from /home/edgeai/downstream/lib/python3.12/site-packages/torch/include/torch/headeronly/util/BFloat16.h:22:
  In file included from /home/edgeai/downstream/include/sycl/sycl.hpp:49:
  In file included from /home/edgeai/downstream/include/sycl/detail/core.hpp:23:
  In file included from /home/edgeai/downstream/include/sycl/queue.hpp:36:
  /home/edgeai/downstream/include/sycl/handler.hpp:2259:5: warning: 'parallel_for' is deprecated: To specify properties, use a launch configuration object of type launch_config or a kernel functor with a get(sycl::ext::oneapi::experimental::properties_tag) member function instead. [-Wdeprecated-declarations]
   2259 |     parallel_for<KernelName>(Range,
        |     ^
  /home/edgeai/esimd_learning/csrc/xpu/esimd_kernels/fp8_GEMV_v2.h:158:38: note: in instantiation of function template specialization 'sycl::handler::parallel_for<sycl::detail::auto_name, 1, GEMV_fp8_pern_kernel<128, 4>>' requested here
    158 |     else if (vl == 128 && ks == 4) { LAUNCH(128, 4) }
        |                                      ^
  /home/edgeai/esimd_learning/csrc/xpu/esimd_kernels/fp8_GEMV_v2.h:146:15: note: expanded from macro 'LAUNCH'
    146 |             h.parallel_for(sycl::nd_range<1>(global, local), \
        |               ^
  /home/edgeai/downstream/include/sycl/handler.hpp:2131:28: note: 'parallel_for' has been explicitly marked deprecated here
   2131 |       PropertiesT>::value> parallel_for(nd_range<Dims> Range,
        |                            ^
  /home/edgeai/downstream/include/sycl/handler.hpp:2259:5: warning: 'parallel_for<sycl::detail::auto_name, GEMV_fp8_pern_kernel<128, 4>, sycl::ext::oneapi::experimental::properties<detail::properties_type_list<>>, 1>' is deprecated: To specify properties, use a launch configuration object of type launch_config or a kernel functor with a get(sycl::ext::oneapi::experimental::properties_tag) member function instead. [-Wdeprecated-declarations]
   2259 |     parallel_for<KernelName>(Range,
        |     ^
  /home/edgeai/downstream/include/sycl/handler.hpp:2126:3: note: 'parallel_for<sycl::detail::auto_name, GEMV_fp8_pern_kernel<128, 4>, sycl::ext::oneapi::experimental::properties<detail::properties_type_list<>>, 1>' has been explicitly marked deprecated here
   2126 |   __SYCL_DEPRECATED("To specify properties, use a launch configuration object "
        |   ^
  /home/edgeai/downstream/include/sycl/detail/defines_elementary.hpp:53:38: note: expanded from macro '__SYCL_DEPRECATED'
     53 | #define __SYCL_DEPRECATED(message) [[deprecated(message)]]
        |                                      ^
  In file included from /home/edgeai/esimd_learning/csrc/xpu/esimd_kernel.sycl:1:
  In file included from /home/edgeai/downstream/lib/python3.12/site-packages/torch/include/ATen/ATen.h:8:
  In file included from /home/edgeai/downstream/lib/python3.12/site-packages/torch/include/ATen/Context.h:5:
  In file included from /home/edgeai/downstream/lib/python3.12/site-packages/torch/include/ATen/CPUGeneratorImpl.h:4:
  In file included from /home/edgeai/downstream/lib/python3.12/site-packages/torch/include/ATen/core/Generator.h:19:
  In file included from /home/edgeai/downstream/lib/python3.12/site-packages/torch/include/c10/core/GeneratorImpl.h:9:
  In file included from /home/edgeai/downstream/lib/python3.12/site-packages/torch/include/c10/core/TensorImpl.h:12:
  In file included from /home/edgeai/downstream/lib/python3.12/site-packages/torch/include/c10/core/ScalarType.h:4:
  In file included from /home/edgeai/downstream/lib/python3.12/site-packages/torch/include/c10/util/BFloat16.h:2:
  In file included from /home/edgeai/downstream/lib/python3.12/site-packages/torch/include/torch/headeronly/util/BFloat16.h:22:
  In file included from /home/edgeai/downstream/include/sycl/sycl.hpp:49:
  In file included from /home/edgeai/downstream/include/sycl/detail/core.hpp:23:
  In file included from /home/edgeai/downstream/include/sycl/queue.hpp:36:
  /home/edgeai/downstream/include/sycl/handler.hpp:2259:5: warning: 'parallel_for' is deprecated: To specify properties, use a launch configuration object of type launch_config or a kernel functor with a get(sycl::ext::oneapi::experimental::properties_tag) member function instead. [-Wdeprecated-declarations]
   2259 |     parallel_for<KernelName>(Range,
        |     ^
  /home/edgeai/esimd_learning/csrc/xpu/esimd_kernels/fp8_GEMV_v2.h:159:38: note: in instantiation of function template specialization 'sycl::handler::parallel_for<sycl::detail::auto_name, 1, GEMV_fp8_pern_kernel<128, 8>>' requested here
    159 |     else if (vl == 128 && ks == 8) { LAUNCH(128, 8) }
        |                                      ^
  /home/edgeai/esimd_learning/csrc/xpu/esimd_kernels/fp8_GEMV_v2.h:146:15: note: expanded from macro 'LAUNCH'
    146 |             h.parallel_for(sycl::nd_range<1>(global, local), \
        |               ^
  /home/edgeai/downstream/include/sycl/handler.hpp:2131:28: note: 'parallel_for' has been explicitly marked deprecated here
   2131 |       PropertiesT>::value> parallel_for(nd_range<Dims> Range,
        |                            ^
  /home/edgeai/downstream/include/sycl/handler.hpp:2259:5: warning: 'parallel_for<sycl::detail::auto_name, GEMV_fp8_pern_kernel<128, 8>, sycl::ext::oneapi::experimental::properties<detail::properties_type_list<>>, 1>' is deprecated: To specify properties, use a launch configuration object of type launch_config or a kernel functor with a get(sycl::ext::oneapi::experimental::properties_tag) member function instead. [-Wdeprecated-declarations]
   2259 |     parallel_for<KernelName>(Range,
        |     ^
  /home/edgeai/downstream/include/sycl/handler.hpp:2126:3: note: 'parallel_for<sycl::detail::auto_name, GEMV_fp8_pern_kernel<128, 8>, sycl::ext::oneapi::experimental::properties<detail::properties_type_list<>>, 1>' has been explicitly marked deprecated here
   2126 |   __SYCL_DEPRECATED("To specify properties, use a launch configuration object "
        |   ^
  /home/edgeai/downstream/include/sycl/detail/defines_elementary.hpp:53:38: note: expanded from macro '__SYCL_DEPRECATED'
     53 | #define __SYCL_DEPRECATED(message) [[deprecated(message)]]
        |                                      ^
  In file included from /home/edgeai/esimd_learning/csrc/xpu/esimd_kernel.sycl:1:
  In file included from /home/edgeai/downstream/lib/python3.12/site-packages/torch/include/ATen/ATen.h:8:
  In file included from /home/edgeai/downstream/lib/python3.12/site-packages/torch/include/ATen/Context.h:5:
  In file included from /home/edgeai/downstream/lib/python3.12/site-packages/torch/include/ATen/CPUGeneratorImpl.h:4:
  In file included from /home/edgeai/downstream/lib/python3.12/site-packages/torch/include/ATen/core/Generator.h:19:
  In file included from /home/edgeai/downstream/lib/python3.12/site-packages/torch/include/c10/core/GeneratorImpl.h:9:
  In file included from /home/edgeai/downstream/lib/python3.12/site-packages/torch/include/c10/core/TensorImpl.h:12:
  In file included from /home/edgeai/downstream/lib/python3.12/site-packages/torch/include/c10/core/ScalarType.h:4:
  In file included from /home/edgeai/downstream/lib/python3.12/site-packages/torch/include/c10/util/BFloat16.h:2:
  In file included from /home/edgeai/downstream/lib/python3.12/site-packages/torch/include/torch/headeronly/util/BFloat16.h:22:
  In file included from /home/edgeai/downstream/include/sycl/sycl.hpp:49:
  In file included from /home/edgeai/downstream/include/sycl/detail/core.hpp:23:
  In file included from /home/edgeai/downstream/include/sycl/queue.hpp:36:
  /home/edgeai/downstream/include/sycl/handler.hpp:2259:5: warning: 'parallel_for' is deprecated: To specify properties, use a launch configuration object of type launch_config or a kernel functor with a get(sycl::ext::oneapi::experimental::properties_tag) member function instead. [-Wdeprecated-declarations]
   2259 |     parallel_for<KernelName>(Range,
        |     ^
  /home/edgeai/esimd_learning/csrc/xpu/esimd_kernels/fp8_GEMV_v2.h:367:33: note: in instantiation of function template specialization 'sycl::handler::parallel_for<sycl::detail::auto_name, 1, GEMV_fp8_pert_kernel<512, 1>>' requested here
    367 |     if (vl == 512 && ks == 1) { LAUNCH_PERT(512, 1) }
        |                                 ^
  /home/edgeai/esimd_learning/csrc/xpu/esimd_kernels/fp8_GEMV_v2.h:363:15: note: expanded from macro 'LAUNCH_PERT'
    363 |             h.parallel_for(sycl::nd_range<1>(global, local), \
        |               ^
  /home/edgeai/downstream/include/sycl/handler.hpp:2131:28: note: 'parallel_for' has been explicitly marked deprecated here
   2131 |       PropertiesT>::value> parallel_for(nd_range<Dims> Range,
        |                            ^
  /home/edgeai/downstream/include/sycl/handler.hpp:2259:5: warning: 'parallel_for<sycl::detail::auto_name, GEMV_fp8_pert_kernel<512, 1>, sycl::ext::oneapi::experimental::properties<detail::properties_type_list<>>, 1>' is deprecated: To specify properties, use a launch configuration object of type launch_config or a kernel functor with a get(sycl::ext::oneapi::experimental::properties_tag) member function instead. [-Wdeprecated-declarations]
   2259 |     parallel_for<KernelName>(Range,
        |     ^
  /home/edgeai/downstream/include/sycl/handler.hpp:2126:3: note: 'parallel_for<sycl::detail::auto_name, GEMV_fp8_pert_kernel<512, 1>, sycl::ext::oneapi::experimental::properties<detail::properties_type_list<>>, 1>' has been explicitly marked deprecated here
   2126 |   __SYCL_DEPRECATED("To specify properties, use a launch configuration object "
        |   ^
  /home/edgeai/downstream/include/sycl/detail/defines_elementary.hpp:53:38: note: expanded from macro '__SYCL_DEPRECATED'
     53 | #define __SYCL_DEPRECATED(message) [[deprecated(message)]]
        |                                      ^
  In file included from /home/edgeai/esimd_learning/csrc/xpu/esimd_kernel.sycl:1:
  In file included from /home/edgeai/downstream/lib/python3.12/site-packages/torch/include/ATen/ATen.h:8:
  In file included from /home/edgeai/downstream/lib/python3.12/site-packages/torch/include/ATen/Context.h:5:
  In file included from /home/edgeai/downstream/lib/python3.12/site-packages/torch/include/ATen/CPUGeneratorImpl.h:4:
  In file included from /home/edgeai/downstream/lib/python3.12/site-packages/torch/include/ATen/core/Generator.h:19:
  In file included from /home/edgeai/downstream/lib/python3.12/site-packages/torch/include/c10/core/GeneratorImpl.h:9:
  In file included from /home/edgeai/downstream/lib/python3.12/site-packages/torch/include/c10/core/TensorImpl.h:12:
  In file included from /home/edgeai/downstream/lib/python3.12/site-packages/torch/include/c10/core/ScalarType.h:4:
  In file included from /home/edgeai/downstream/lib/python3.12/site-packages/torch/include/c10/util/BFloat16.h:2:
  In file included from /home/edgeai/downstream/lib/python3.12/site-packages/torch/include/torch/headeronly/util/BFloat16.h:22:
  In file included from /home/edgeai/downstream/include/sycl/sycl.hpp:49:
  In file included from /home/edgeai/downstream/include/sycl/detail/core.hpp:23:
  In file included from /home/edgeai/downstream/include/sycl/queue.hpp:36:
  /home/edgeai/downstream/include/sycl/handler.hpp:2259:5: warning: 'parallel_for' is deprecated: To specify properties, use a launch configuration object of type launch_config or a kernel functor with a get(sycl::ext::oneapi::experimental::properties_tag) member function instead. [-Wdeprecated-declarations]
   2259 |     parallel_for<KernelName>(Range,
        |     ^
  /home/edgeai/esimd_learning/csrc/xpu/esimd_kernels/fp8_GEMV_v2.h:368:38: note: in instantiation of function template specialization 'sycl::handler::parallel_for<sycl::detail::auto_name, 1, GEMV_fp8_pert_kernel<512, 2>>' requested here
    368 |     else if (vl == 512 && ks == 2) { LAUNCH_PERT(512, 2) }
        |                                      ^
  /home/edgeai/esimd_learning/csrc/xpu/esimd_kernels/fp8_GEMV_v2.h:363:15: note: expanded from macro 'LAUNCH_PERT'
    363 |             h.parallel_for(sycl::nd_range<1>(global, local), \
        |               ^
  /home/edgeai/downstream/include/sycl/handler.hpp:2131:28: note: 'parallel_for' has been explicitly marked deprecated here
   2131 |       PropertiesT>::value> parallel_for(nd_range<Dims> Range,
        |                            ^
  /home/edgeai/downstream/include/sycl/handler.hpp:2259:5: warning: 'parallel_for<sycl::detail::auto_name, GEMV_fp8_pert_kernel<512, 2>, sycl::ext::oneapi::experimental::properties<detail::properties_type_list<>>, 1>' is deprecated: To specify properties, use a launch configuration object of type launch_config or a kernel functor with a get(sycl::ext::oneapi::experimental::properties_tag) member function instead. [-Wdeprecated-declarations]
   2259 |     parallel_for<KernelName>(Range,
        |     ^
  /home/edgeai/downstream/include/sycl/handler.hpp:2126:3: note: 'parallel_for<sycl::detail::auto_name, GEMV_fp8_pert_kernel<512, 2>, sycl::ext::oneapi::experimental::properties<detail::properties_type_list<>>, 1>' has been explicitly marked deprecated here
   2126 |   __SYCL_DEPRECATED("To specify properties, use a launch configuration object "
        |   ^
  /home/edgeai/downstream/include/sycl/detail/defines_elementary.hpp:53:38: note: expanded from macro '__SYCL_DEPRECATED'
     53 | #define __SYCL_DEPRECATED(message) [[deprecated(message)]]
        |                                      ^
  In file included from /home/edgeai/esimd_learning/csrc/xpu/esimd_kernel.sycl:1:
  In file included from /home/edgeai/downstream/lib/python3.12/site-packages/torch/include/ATen/ATen.h:8:
  In file included from /home/edgeai/downstream/lib/python3.12/site-packages/torch/include/ATen/Context.h:5:
  In file included from /home/edgeai/downstream/lib/python3.12/site-packages/torch/include/ATen/CPUGeneratorImpl.h:4:
  In file included from /home/edgeai/downstream/lib/python3.12/site-packages/torch/include/ATen/core/Generator.h:19:
  In file included from /home/edgeai/downstream/lib/python3.12/site-packages/torch/include/c10/core/GeneratorImpl.h:9:
  In file included from /home/edgeai/downstream/lib/python3.12/site-packages/torch/include/c10/core/TensorImpl.h:12:
  In file included from /home/edgeai/downstream/lib/python3.12/site-packages/torch/include/c10/core/ScalarType.h:4:
  In file included from /home/edgeai/downstream/lib/python3.12/site-packages/torch/include/c10/util/BFloat16.h:2:
  In file included from /home/edgeai/downstream/lib/python3.12/site-packages/torch/include/torch/headeronly/util/BFloat16.h:22:
  In file included from /home/edgeai/downstream/include/sycl/sycl.hpp:49:
  In file included from /home/edgeai/downstream/include/sycl/detail/core.hpp:23:
  In file included from /home/edgeai/downstream/include/sycl/queue.hpp:36:
  /home/edgeai/downstream/include/sycl/handler.hpp:2259:5: warning: 'parallel_for' is deprecated: To specify properties, use a launch configuration object of type launch_config or a kernel functor with a get(sycl::ext::oneapi::experimental::properties_tag) member function instead. [-Wdeprecated-declarations]
   2259 |     parallel_for<KernelName>(Range,
        |     ^
  /home/edgeai/esimd_learning/csrc/xpu/esimd_kernels/fp8_GEMV_v2.h:369:38: note: in instantiation of function template specialization 'sycl::handler::parallel_for<sycl::detail::auto_name, 1, GEMV_fp8_pert_kernel<256, 1>>' requested here
    369 |     else if (vl == 256 && ks == 1) { LAUNCH_PERT(256, 1) }
        |                                      ^
  /home/edgeai/esimd_learning/csrc/xpu/esimd_kernels/fp8_GEMV_v2.h:363:15: note: expanded from macro 'LAUNCH_PERT'
    363 |             h.parallel_for(sycl::nd_range<1>(global, local), \
        |               ^
  /home/edgeai/downstream/include/sycl/handler.hpp:2131:28: note: 'parallel_for' has been explicitly marked deprecated here
   2131 |       PropertiesT>::value> parallel_for(nd_range<Dims> Range,
        |                            ^
  /home/edgeai/downstream/include/sycl/handler.hpp:2259:5: warning: 'parallel_for<sycl::detail::auto_name, GEMV_fp8_pert_kernel<256, 1>, sycl::ext::oneapi::experimental::properties<detail::properties_type_list<>>, 1>' is deprecated: To specify properties, use a launch configuration object of type launch_config or a kernel functor with a get(sycl::ext::oneapi::experimental::properties_tag) member function instead. [-Wdeprecated-declarations]
   2259 |     parallel_for<KernelName>(Range,
        |     ^
  /home/edgeai/downstream/include/sycl/handler.hpp:2126:3: note: 'parallel_for<sycl::detail::auto_name, GEMV_fp8_pert_kernel<256, 1>, sycl::ext::oneapi::experimental::properties<detail::properties_type_list<>>, 1>' has been explicitly marked deprecated here
   2126 |   __SYCL_DEPRECATED("To specify properties, use a launch configuration object "
        |   ^
  /home/edgeai/downstream/include/sycl/detail/defines_elementary.hpp:53:38: note: expanded from macro '__SYCL_DEPRECATED'
     53 | #define __SYCL_DEPRECATED(message) [[deprecated(message)]]
        |                                      ^
  In file included from /home/edgeai/esimd_learning/csrc/xpu/esimd_kernel.sycl:1:
  In file included from /home/edgeai/downstream/lib/python3.12/site-packages/torch/include/ATen/ATen.h:8:
  In file included from /home/edgeai/downstream/lib/python3.12/site-packages/torch/include/ATen/Context.h:5:
  In file included from /home/edgeai/downstream/lib/python3.12/site-packages/torch/include/ATen/CPUGeneratorImpl.h:4:
  In file included from /home/edgeai/downstream/lib/python3.12/site-packages/torch/include/ATen/core/Generator.h:19:
  In file included from /home/edgeai/downstream/lib/python3.12/site-packages/torch/include/c10/core/GeneratorImpl.h:9:
  In file included from /home/edgeai/downstream/lib/python3.12/site-packages/torch/include/c10/core/TensorImpl.h:12:
  In file included from /home/edgeai/downstream/lib/python3.12/site-packages/torch/include/c10/core/ScalarType.h:4:
  In file included from /home/edgeai/downstream/lib/python3.12/site-packages/torch/include/c10/util/BFloat16.h:2:
  In file included from /home/edgeai/downstream/lib/python3.12/site-packages/torch/include/torch/headeronly/util/BFloat16.h:22:
  In file included from /home/edgeai/downstream/include/sycl/sycl.hpp:49:
  In file included from /home/edgeai/downstream/include/sycl/detail/core.hpp:23:
  In file included from /home/edgeai/downstream/include/sycl/queue.hpp:36:
  /home/edgeai/downstream/include/sycl/handler.hpp:2259:5: warning: 'parallel_for' is deprecated: To specify properties, use a launch configuration object of type launch_config or a kernel functor with a get(sycl::ext::oneapi::experimental::properties_tag) member function instead. [-Wdeprecated-declarations]
   2259 |     parallel_for<KernelName>(Range,
        |     ^
  /home/edgeai/esimd_learning/csrc/xpu/esimd_kernels/fp8_GEMV_v2.h:370:38: note: in instantiation of function template specialization 'sycl::handler::parallel_for<sycl::detail::auto_name, 1, GEMV_fp8_pert_kernel<256, 2>>' requested here
    370 |     else if (vl == 256 && ks == 2) { LAUNCH_PERT(256, 2) }
        |                                      ^
  /home/edgeai/esimd_learning/csrc/xpu/esimd_kernels/fp8_GEMV_v2.h:363:15: note: expanded from macro 'LAUNCH_PERT'
    363 |             h.parallel_for(sycl::nd_range<1>(global, local), \
        |               ^
  /home/edgeai/downstream/include/sycl/handler.hpp:2131:28: note: 'parallel_for' has been explicitly marked deprecated here
   2131 |       PropertiesT>::value> parallel_for(nd_range<Dims> Range,
        |                            ^
  /home/edgeai/downstream/include/sycl/handler.hpp:2259:5: warning: 'parallel_for<sycl::detail::auto_name, GEMV_fp8_pert_kernel<256, 2>, sycl::ext::oneapi::experimental::properties<detail::properties_type_list<>>, 1>' is deprecated: To specify properties, use a launch configuration object of type launch_config or a kernel functor with a get(sycl::ext::oneapi::experimental::properties_tag) member function instead. [-Wdeprecated-declarations]
   2259 |     parallel_for<KernelName>(Range,
        |     ^
  /home/edgeai/downstream/include/sycl/handler.hpp:2126:3: note: 'parallel_for<sycl::detail::auto_name, GEMV_fp8_pert_kernel<256, 2>, sycl::ext::oneapi::experimental::properties<detail::properties_type_list<>>, 1>' has been explicitly marked deprecated here
   2126 |   __SYCL_DEPRECATED("To specify properties, use a launch configuration object "
        |   ^
  /home/edgeai/downstream/include/sycl/detail/defines_elementary.hpp:53:38: note: expanded from macro '__SYCL_DEPRECATED'
     53 | #define __SYCL_DEPRECATED(message) [[deprecated(message)]]
        |                                      ^
  In file included from /home/edgeai/esimd_learning/csrc/xpu/esimd_kernel.sycl:1:
  In file included from /home/edgeai/downstream/lib/python3.12/site-packages/torch/include/ATen/ATen.h:8:
  In file included from /home/edgeai/downstream/lib/python3.12/site-packages/torch/include/ATen/Context.h:5:
  In file included from /home/edgeai/downstream/lib/python3.12/site-packages/torch/include/ATen/CPUGeneratorImpl.h:4:
  In file included from /home/edgeai/downstream/lib/python3.12/site-packages/torch/include/ATen/core/Generator.h:19:
  In file included from /home/edgeai/downstream/lib/python3.12/site-packages/torch/include/c10/core/GeneratorImpl.h:9:
  In file included from /home/edgeai/downstream/lib/python3.12/site-packages/torch/include/c10/core/TensorImpl.h:12:
  In file included from /home/edgeai/downstream/lib/python3.12/site-packages/torch/include/c10/core/ScalarType.h:4:
  In file included from /home/edgeai/downstream/lib/python3.12/site-packages/torch/include/c10/util/BFloat16.h:2:
  In file included from /home/edgeai/downstream/lib/python3.12/site-packages/torch/include/torch/headeronly/util/BFloat16.h:22:
  In file included from /home/edgeai/downstream/include/sycl/sycl.hpp:49:
  In file included from /home/edgeai/downstream/include/sycl/detail/core.hpp:23:
  In file included from /home/edgeai/downstream/include/sycl/queue.hpp:36:
  /home/edgeai/downstream/include/sycl/handler.hpp:2259:5: warning: 'parallel_for' is deprecated: To specify properties, use a launch configuration object of type launch_config or a kernel functor with a get(sycl::ext::oneapi::experimental::properties_tag) member function instead. [-Wdeprecated-declarations]
   2259 |     parallel_for<KernelName>(Range,
        |     ^
  /home/edgeai/esimd_learning/csrc/xpu/esimd_kernels/fp8_GEMV_v2.h:371:38: note: in instantiation of function template specialization 'sycl::handler::parallel_for<sycl::detail::auto_name, 1, GEMV_fp8_pert_kernel<256, 4>>' requested here
    371 |     else if (vl == 256 && ks == 4) { LAUNCH_PERT(256, 4) }
        |                                      ^
  /home/edgeai/esimd_learning/csrc/xpu/esimd_kernels/fp8_GEMV_v2.h:363:15: note: expanded from macro 'LAUNCH_PERT'
    363 |             h.parallel_for(sycl::nd_range<1>(global, local), \
        |               ^
  /home/edgeai/downstream/include/sycl/handler.hpp:2131:28: note: 'parallel_for' has been explicitly marked deprecated here
   2131 |       PropertiesT>::value> parallel_for(nd_range<Dims> Range,
        |                            ^
  /home/edgeai/downstream/include/sycl/handler.hpp:2259:5: warning: 'parallel_for<sycl::detail::auto_name, GEMV_fp8_pert_kernel<256, 4>, sycl::ext::oneapi::experimental::properties<detail::properties_type_list<>>, 1>' is deprecated: To specify properties, use a launch configuration object of type launch_config or a kernel functor with a get(sycl::ext::oneapi::experimental::properties_tag) member function instead. [-Wdeprecated-declarations]
   2259 |     parallel_for<KernelName>(Range,
        |     ^
  /home/edgeai/downstream/include/sycl/handler.hpp:2126:3: note: 'parallel_for<sycl::detail::auto_name, GEMV_fp8_pert_kernel<256, 4>, sycl::ext::oneapi::experimental::properties<detail::properties_type_list<>>, 1>' has been explicitly marked deprecated here
   2126 |   __SYCL_DEPRECATED("To specify properties, use a launch configuration object "
        |   ^
  /home/edgeai/downstream/include/sycl/detail/defines_elementary.hpp:53:38: note: expanded from macro '__SYCL_DEPRECATED'
     53 | #define __SYCL_DEPRECATED(message) [[deprecated(message)]]
        |                                      ^
  In file included from /home/edgeai/esimd_learning/csrc/xpu/esimd_kernel.sycl:1:
  In file included from /home/edgeai/downstream/lib/python3.12/site-packages/torch/include/ATen/ATen.h:8:
  In file included from /home/edgeai/downstream/lib/python3.12/site-packages/torch/include/ATen/Context.h:5:
  In file included from /home/edgeai/downstream/lib/python3.12/site-packages/torch/include/ATen/CPUGeneratorImpl.h:4:
  In file included from /home/edgeai/downstream/lib/python3.12/site-packages/torch/include/ATen/core/Generator.h:19:
  In file included from /home/edgeai/downstream/lib/python3.12/site-packages/torch/include/c10/core/GeneratorImpl.h:9:
  In file included from /home/edgeai/downstream/lib/python3.12/site-packages/torch/include/c10/core/TensorImpl.h:12:
  In file included from /home/edgeai/downstream/lib/python3.12/site-packages/torch/include/c10/core/ScalarType.h:4:
  In file included from /home/edgeai/downstream/lib/python3.12/site-packages/torch/include/c10/util/BFloat16.h:2:
  In file included from /home/edgeai/downstream/lib/python3.12/site-packages/torch/include/torch/headeronly/util/BFloat16.h:22:
  In file included from /home/edgeai/downstream/include/sycl/sycl.hpp:49:
  In file included from /home/edgeai/downstream/include/sycl/detail/core.hpp:23:
  In file included from /home/edgeai/downstream/include/sycl/queue.hpp:36:
  /home/edgeai/downstream/include/sycl/handler.hpp:2259:5: warning: 'parallel_for' is deprecated: To specify properties, use a launch configuration object of type launch_config or a kernel functor with a get(sycl::ext::oneapi::experimental::properties_tag) member function instead. [-Wdeprecated-declarations]
   2259 |     parallel_for<KernelName>(Range,
        |     ^
  /home/edgeai/esimd_learning/csrc/xpu/esimd_kernels/fp8_GEMV_v2.h:372:38: note: in instantiation of function template specialization 'sycl::handler::parallel_for<sycl::detail::auto_name, 1, GEMV_fp8_pert_kernel<128, 1>>' requested here
    372 |     else if (vl == 128 && ks == 1) { LAUNCH_PERT(128, 1) }
        |                                      ^
  /home/edgeai/esimd_learning/csrc/xpu/esimd_kernels/fp8_GEMV_v2.h:363:15: note: expanded from macro 'LAUNCH_PERT'
    363 |             h.parallel_for(sycl::nd_range<1>(global, local), \
        |               ^
  /home/edgeai/downstream/include/sycl/handler.hpp:2131:28: note: 'parallel_for' has been explicitly marked deprecated here
   2131 |       PropertiesT>::value> parallel_for(nd_range<Dims> Range,
        |                            ^
  /home/edgeai/downstream/include/sycl/handler.hpp:2259:5: warning: 'parallel_for<sycl::detail::auto_name, GEMV_fp8_pert_kernel<128, 1>, sycl::ext::oneapi::experimental::properties<detail::properties_type_list<>>, 1>' is deprecated: To specify properties, use a launch configuration object of type launch_config or a kernel functor with a get(sycl::ext::oneapi::experimental::properties_tag) member function instead. [-Wdeprecated-declarations]
   2259 |     parallel_for<KernelName>(Range,
        |     ^
  /home/edgeai/downstream/include/sycl/handler.hpp:2126:3: note: 'parallel_for<sycl::detail::auto_name, GEMV_fp8_pert_kernel<128, 1>, sycl::ext::oneapi::experimental::properties<detail::properties_type_list<>>, 1>' has been explicitly marked deprecated here
   2126 |   __SYCL_DEPRECATED("To specify properties, use a launch configuration object "
        |   ^
  /home/edgeai/downstream/include/sycl/detail/defines_elementary.hpp:53:38: note: expanded from macro '__SYCL_DEPRECATED'
     53 | #define __SYCL_DEPRECATED(message) [[deprecated(message)]]
        |                                      ^
  In file included from /home/edgeai/esimd_learning/csrc/xpu/esimd_kernel.sycl:1:
  In file included from /home/edgeai/downstream/lib/python3.12/site-packages/torch/include/ATen/ATen.h:8:
  In file included from /home/edgeai/downstream/lib/python3.12/site-packages/torch/include/ATen/Context.h:5:
  In file included from /home/edgeai/downstream/lib/python3.12/site-packages/torch/include/ATen/CPUGeneratorImpl.h:4:
  In file included from /home/edgeai/downstream/lib/python3.12/site-packages/torch/include/ATen/core/Generator.h:19:
  In file included from /home/edgeai/downstream/lib/python3.12/site-packages/torch/include/c10/core/GeneratorImpl.h:9:
  In file included from /home/edgeai/downstream/lib/python3.12/site-packages/torch/include/c10/core/TensorImpl.h:12:
  In file included from /home/edgeai/downstream/lib/python3.12/site-packages/torch/include/c10/core/ScalarType.h:4:
  In file included from /home/edgeai/downstream/lib/python3.12/site-packages/torch/include/c10/util/BFloat16.h:2:
  In file included from /home/edgeai/downstream/lib/python3.12/site-packages/torch/include/torch/headeronly/util/BFloat16.h:22:
  In file included from /home/edgeai/downstream/include/sycl/sycl.hpp:49:
  In file included from /home/edgeai/downstream/include/sycl/detail/core.hpp:23:
  In file included from /home/edgeai/downstream/include/sycl/queue.hpp:36:
  /home/edgeai/downstream/include/sycl/handler.hpp:2259:5: warning: 'parallel_for' is deprecated: To specify properties, use a launch configuration object of type launch_config or a kernel functor with a get(sycl::ext::oneapi::experimental::properties_tag) member function instead. [-Wdeprecated-declarations]
   2259 |     parallel_for<KernelName>(Range,
        |     ^
  /home/edgeai/esimd_learning/csrc/xpu/esimd_kernels/fp8_GEMV_v2.h:373:38: note: in instantiation of function template specialization 'sycl::handler::parallel_for<sycl::detail::auto_name, 1, GEMV_fp8_pert_kernel<128, 2>>' requested here
    373 |     else if (vl == 128 && ks == 2) { LAUNCH_PERT(128, 2) }
        |                                      ^
  /home/edgeai/esimd_learning/csrc/xpu/esimd_kernels/fp8_GEMV_v2.h:363:15: note: expanded from macro 'LAUNCH_PERT'
    363 |             h.parallel_for(sycl::nd_range<1>(global, local), \
        |               ^
  /home/edgeai/downstream/include/sycl/handler.hpp:2131:28: note: 'parallel_for' has been explicitly marked deprecated here
   2131 |       PropertiesT>::value> parallel_for(nd_range<Dims> Range,
        |                            ^
  /home/edgeai/downstream/include/sycl/handler.hpp:2259:5: warning: 'parallel_for<sycl::detail::auto_name, GEMV_fp8_pert_kernel<128, 2>, sycl::ext::oneapi::experimental::properties<detail::properties_type_list<>>, 1>' is deprecated: To specify properties, use a launch configuration object of type launch_config or a kernel functor with a get(sycl::ext::oneapi::experimental::properties_tag) member function instead. [-Wdeprecated-declarations]
   2259 |     parallel_for<KernelName>(Range,
        |     ^
  /home/edgeai/downstream/include/sycl/handler.hpp:2126:3: note: 'parallel_for<sycl::detail::auto_name, GEMV_fp8_pert_kernel<128, 2>, sycl::ext::oneapi::experimental::properties<detail::properties_type_list<>>, 1>' has been explicitly marked deprecated here
   2126 |   __SYCL_DEPRECATED("To specify properties, use a launch configuration object "
        |   ^
  /home/edgeai/downstream/include/sycl/detail/defines_elementary.hpp:53:38: note: expanded from macro '__SYCL_DEPRECATED'
     53 | #define __SYCL_DEPRECATED(message) [[deprecated(message)]]
        |                                      ^
  In file included from /home/edgeai/esimd_learning/csrc/xpu/esimd_kernel.sycl:1:
  In file included from /home/edgeai/downstream/lib/python3.12/site-packages/torch/include/ATen/ATen.h:8:
  In file included from /home/edgeai/downstream/lib/python3.12/site-packages/torch/include/ATen/Context.h:5:
  In file included from /home/edgeai/downstream/lib/python3.12/site-packages/torch/include/ATen/CPUGeneratorImpl.h:4:
  In file included from /home/edgeai/downstream/lib/python3.12/site-packages/torch/include/ATen/core/Generator.h:19:
  In file included from /home/edgeai/downstream/lib/python3.12/site-packages/torch/include/c10/core/GeneratorImpl.h:9:
  In file included from /home/edgeai/downstream/lib/python3.12/site-packages/torch/include/c10/core/TensorImpl.h:12:
  In file included from /home/edgeai/downstream/lib/python3.12/site-packages/torch/include/c10/core/ScalarType.h:4:
  In file included from /home/edgeai/downstream/lib/python3.12/site-packages/torch/include/c10/util/BFloat16.h:2:
  In file included from /home/edgeai/downstream/lib/python3.12/site-packages/torch/include/torch/headeronly/util/BFloat16.h:22:
  In file included from /home/edgeai/downstream/include/sycl/sycl.hpp:49:
  In file included from /home/edgeai/downstream/include/sycl/detail/core.hpp:23:
  In file included from /home/edgeai/downstream/include/sycl/queue.hpp:36:
  /home/edgeai/downstream/include/sycl/handler.hpp:2259:5: warning: 'parallel_for' is deprecated: To specify properties, use a launch configuration object of type launch_config or a kernel functor with a get(sycl::ext::oneapi::experimental::properties_tag) member function instead. [-Wdeprecated-declarations]
   2259 |     parallel_for<KernelName>(Range,
        |     ^
  /home/edgeai/esimd_learning/csrc/xpu/esimd_kernels/fp8_GEMV_v2.h:374:38: note: in instantiation of function template specialization 'sycl::handler::parallel_for<sycl::detail::auto_name, 1, GEMV_fp8_pert_kernel<128, 4>>' requested here
    374 |     else if (vl == 128 && ks == 4) { LAUNCH_PERT(128, 4) }
        |                                      ^
  /home/edgeai/esimd_learning/csrc/xpu/esimd_kernels/fp8_GEMV_v2.h:363:15: note: expanded from macro 'LAUNCH_PERT'
    363 |             h.parallel_for(sycl::nd_range<1>(global, local), \
        |               ^
  /home/edgeai/downstream/include/sycl/handler.hpp:2131:28: note: 'parallel_for' has been explicitly marked deprecated here
   2131 |       PropertiesT>::value> parallel_for(nd_range<Dims> Range,
        |                            ^
  /home/edgeai/downstream/include/sycl/handler.hpp:2259:5: warning: 'parallel_for<sycl::detail::auto_name, GEMV_fp8_pert_kernel<128, 4>, sycl::ext::oneapi::experimental::properties<detail::properties_type_list<>>, 1>' is deprecated: To specify properties, use a launch configuration object of type launch_config or a kernel functor with a get(sycl::ext::oneapi::experimental::properties_tag) member function instead. [-Wdeprecated-declarations]
   2259 |     parallel_for<KernelName>(Range,
        |     ^
  /home/edgeai/downstream/include/sycl/handler.hpp:2126:3: note: 'parallel_for<sycl::detail::auto_name, GEMV_fp8_pert_kernel<128, 4>, sycl::ext::oneapi::experimental::properties<detail::properties_type_list<>>, 1>' has been explicitly marked deprecated here
   2126 |   __SYCL_DEPRECATED("To specify properties, use a launch configuration object "
        |   ^
  /home/edgeai/downstream/include/sycl/detail/defines_elementary.hpp:53:38: note: expanded from macro '__SYCL_DEPRECATED'
     53 | #define __SYCL_DEPRECATED(message) [[deprecated(message)]]
        |                                      ^
  In file included from /home/edgeai/esimd_learning/csrc/xpu/esimd_kernel.sycl:1:
  In file included from /home/edgeai/downstream/lib/python3.12/site-packages/torch/include/ATen/ATen.h:8:
  In file included from /home/edgeai/downstream/lib/python3.12/site-packages/torch/include/ATen/Context.h:5:
  In file included from /home/edgeai/downstream/lib/python3.12/site-packages/torch/include/ATen/CPUGeneratorImpl.h:4:
  In file included from /home/edgeai/downstream/lib/python3.12/site-packages/torch/include/ATen/core/Generator.h:19:
  In file included from /home/edgeai/downstream/lib/python3.12/site-packages/torch/include/c10/core/GeneratorImpl.h:9:
  In file included from /home/edgeai/downstream/lib/python3.12/site-packages/torch/include/c10/core/TensorImpl.h:12:
  In file included from /home/edgeai/downstream/lib/python3.12/site-packages/torch/include/c10/core/ScalarType.h:4:
  In file included from /home/edgeai/downstream/lib/python3.12/site-packages/torch/include/c10/util/BFloat16.h:2:
  In file included from /home/edgeai/downstream/lib/python3.12/site-packages/torch/include/torch/headeronly/util/BFloat16.h:22:
  In file included from /home/edgeai/downstream/include/sycl/sycl.hpp:49:
  In file included from /home/edgeai/downstream/include/sycl/detail/core.hpp:23:
  In file included from /home/edgeai/downstream/include/sycl/queue.hpp:36:
  /home/edgeai/downstream/include/sycl/handler.hpp:2259:5: warning: 'parallel_for' is deprecated: To specify properties, use a launch configuration object of type launch_config or a kernel functor with a get(sycl::ext::oneapi::experimental::properties_tag) member function instead. [-Wdeprecated-declarations]
   2259 |     parallel_for<KernelName>(Range,
        |     ^
  /home/edgeai/esimd_learning/csrc/xpu/esimd_kernels/fp8_GEMV_v2.h:375:38: note: in instantiation of function template specialization 'sycl::handler::parallel_for<sycl::detail::auto_name, 1, GEMV_fp8_pert_kernel<128, 8>>' requested here
    375 |     else if (vl == 128 && ks == 8) { LAUNCH_PERT(128, 8) }
        |                                      ^
  /home/edgeai/esimd_learning/csrc/xpu/esimd_kernels/fp8_GEMV_v2.h:363:15: note: expanded from macro 'LAUNCH_PERT'
    363 |             h.parallel_for(sycl::nd_range<1>(global, local), \
        |               ^
  /home/edgeai/downstream/include/sycl/handler.hpp:2131:28: note: 'parallel_for' has been explicitly marked deprecated here
   2131 |       PropertiesT>::value> parallel_for(nd_range<Dims> Range,
        |                            ^
  /home/edgeai/downstream/include/sycl/handler.hpp:2259:5: warning: 'parallel_for<sycl::detail::auto_name, GEMV_fp8_pert_kernel<128, 8>, sycl::ext::oneapi::experimental::properties<detail::properties_type_list<>>, 1>' is deprecated: To specify properties, use a launch configuration object of type launch_config or a kernel functor with a get(sycl::ext::oneapi::experimental::properties_tag) member function instead. [-Wdeprecated-declarations]
   2259 |     parallel_for<KernelName>(Range,
        |     ^
  /home/edgeai/downstream/include/sycl/handler.hpp:2126:3: note: 'parallel_for<sycl::detail::auto_name, GEMV_fp8_pert_kernel<128, 8>, sycl::ext::oneapi::experimental::properties<detail::properties_type_list<>>, 1>' has been explicitly marked deprecated here
   2126 |   __SYCL_DEPRECATED("To specify properties, use a launch configuration object "
        |   ^
  /home/edgeai/downstream/include/sycl/detail/defines_elementary.hpp:53:38: note: expanded from macro '__SYCL_DEPRECATED'
     53 | #define __SYCL_DEPRECATED(message) [[deprecated(message)]]
        |                                      ^
  In file included from /home/edgeai/esimd_learning/csrc/xpu/esimd_kernel.sycl:9:
  In file included from /home/edgeai/esimd_learning/csrc/xpu/esimd_kernels/fp8_GEMV_v2.h:2:
  In file included from /home/edgeai/esimd_learning/csrc/xpu/esimd_kernels/utils.h:2:
  In file included from /home/edgeai/downstream/include/sycl/ext/intel/esimd.hpp:105:
  In file included from /home/edgeai/downstream/include/sycl/ext/intel/experimental/esimd/math.hpp:28:
  /home/edgeai/downstream/include/sycl/ext/intel/esimd/math.hpp:579:9: warning: unused type alias 'CppT' [-Wunused-local-typedef]
    579 |   using CppT = __ESIMD_DNS::__cpp_t<T>;
        |         ^
  /home/edgeai/downstream/include/sycl/ext/intel/esimd/math.hpp:600:9: warning: unused type alias 'CppT' [-Wunused-local-typedef]
    600 |   using CppT = __ESIMD_DNS::__cpp_t<T>;
        |         ^
  325 warnings generated.
  [3/3] icpx /tmp/tmpsl5dfg9p.build-temp/csrc/xpu/esimd_kernel.o /tmp/tmpsl5dfg9p.build-temp/csrc/xpu/torch_extension.o -o /tmp/tmpsl5dfg9p.build-temp/csrc/xpu/sycl_dlink.o -fsycl -fsycl-targets=spir64_gen,spir64 -fsycl-link --offload-compress -Xs "-device pvc,bmg,dg2,arl-h,mtl-h,lnl-m,ptl-h,ptl-u"
  icpx: warning: linked binaries do not contain expected 'spir64-unknown-unknown' target; found targets: 'spir64_gen-unknown-unknown' [-Wsycl-target]
  Spill memory used = 3872 bytes for kernel _ZTS20GEMV_fp8_pern_kernelILi512ELi1EE
   Compiling kernel with spill code may degrade performance. Please consider rewriting the kernel to use less registers.
  Spill memory used = 3872 bytes for kernel _ZTS20GEMV_fp8_pern_kernelILi512ELi2EE
   Compiling kernel with spill code may degrade performance. Please consider rewriting the kernel to use less registers.
  Spill memory used = 3872 bytes for kernel _ZTS20GEMV_fp8_pert_kernelILi512ELi1EE
   Compiling kernel with spill code may degrade performance. Please consider rewriting the kernel to use less registers.
  Spill memory used = 3872 bytes for kernel _ZTS20GEMV_fp8_pert_kernelILi512ELi2EE
   Compiling kernel with spill code may degrade performance. Please consider rewriting the kernel to use less registers.
  Spill memory used = 3872 bytes for kernel _ZTS20GEMV_fp8_pern_kernelILi512ELi1EE
   Compiling kernel with spill code may degrade performance. Please consider rewriting the kernel to use less registers.
  Spill memory used = 3872 bytes for kernel _ZTS20GEMV_fp8_pern_kernelILi512ELi2EE
   Compiling kernel with spill code may degrade performance. Please consider rewriting the kernel to use less registers.
  Spill memory used = 3872 bytes for kernel _ZTS20GEMV_fp8_pert_kernelILi512ELi1EE
   Compiling kernel with spill code may degrade performance. Please consider rewriting the kernel to use less registers.
  Spill memory used = 3872 bytes for kernel _ZTS20GEMV_fp8_pert_kernelILi512ELi2EE
   Compiling kernel with spill code may degrade performance. Please consider rewriting the kernel to use less registers.
  Spill memory used = 3872 bytes for kernel _ZTS20GEMV_fp8_pern_kernelILi512ELi1EE
   Compiling kernel with spill code may degrade performance. Please consider rewriting the kernel to use less registers.
  Spill memory used = 3872 bytes for kernel _ZTS20GEMV_fp8_pern_kernelILi512ELi2EE
   Compiling kernel with spill code may degrade performance. Please consider rewriting the kernel to use less registers.
  Spill memory used = 3872 bytes for kernel _ZTS20GEMV_fp8_pert_kernelILi512ELi1EE
   Compiling kernel with spill code may degrade performance. Please consider rewriting the kernel to use less registers.
  Spill memory used = 3872 bytes for kernel _ZTS20GEMV_fp8_pert_kernelILi512ELi2EE
   Compiling kernel with spill code may degrade performance. Please consider rewriting the kernel to use less registers.
  Compilation from IR - skipping loading of FCL
  Build succeeded for : pvc.
  Compilation from IR - skipping loading of FCL
  Build succeeded for : bmg.
  Compilation from IR - skipping loading of FCL
  Build succeeded for : dg2.
  Compilation from IR - skipping loading of FCL
  Build succeeded for : arl-h.
  Compilation from IR - skipping loading of FCL
  Build succeeded for : mtl-h.
  Compilation from IR - skipping loading of FCL
  Build succeeded for : lnl-m.
  Compilation from IR - skipping loading of FCL
  Build succeeded for : ptl-h.
  Compilation from IR - skipping loading of FCL
  Build succeeded for : ptl-u.
  creating /tmp/tmpwgi3dqsh.build-lib/custom_esimd_kernels_vllm
  c++ -pthread -fno-strict-overflow -Wsign-compare -Wunreachable-code -DNDEBUG -g -O3 -Wall -O3 -fno-omit-frame-pointer -mno-omit-leaf-frame-pointer -fPIC -shared -Wl,-z,noexecstack -Wl,--exclude-libs,ALL /tmp/tmpsl5dfg9p.build-temp/csrc/xpu/esimd_kernel.o /tmp/tmpsl5dfg9p.build-temp/csrc/xpu/torch_extension.o /tmp/tmpsl5dfg9p.build-temp/csrc/xpu/sycl_dlink.o -L/home/edgeai/downstream/lib/python3.12/site-packages/torch/lib -L/home/edgeai/.local/share/uv/python/cpython-3.12.13-linux-x86_64-gnu/lib -lc10 -lc10_xpu -ltorch -ltorch_cpu -lsycl -ltorch_python -ltorch_xpu -o /tmp/tmpwgi3dqsh.build-lib/custom_esimd_kernels_vllm/custom_esimd_kernels.cpython-312-x86_64-linux-gnu.so -Wl,-rpath,$ORIGIN/../../torch/lib
  /usr/bin/ld: /tmp/tmpsl5dfg9p.build-temp/csrc/xpu/sycl_dlink.o: warning: relocation in read-only section `.rodata'
  /usr/bin/ld: warning: creating DT_TEXTREL in a shared object
  copying /tmp/tmpwgi3dqsh.build-lib/custom_esimd_kernels_vllm/custom_esimd_kernels.cpython-312-x86_64-linux-gnu.so -> python/custom_esimd_kernels_vllm

          Editable install will be performed using .pth file to extend `sys.path` with:
          ['python']

  Options like `package-data`, `include/exclude-package-data` or
  `packages.find.exclude/include` may have no effect.

  adding '__editable__.custom_esimd_kernels_vllm-0.1.0.pth'
  creating '/tmp/pip-ephem-wheel-cache-umx1cwfj/wheels/0b/66/53/3a804af087326f56c14c43083895bc8fed8ea681718f253624/tmpm42r49bf/.tmp-0o_t4v7m/custom_esimd_kernels_vllm-0.1.0-0.editable-cp312-cp312-linux_x86_64.whl' and adding '/tmp/tmp57tfy8z_custom_esimd_kernels_vllm-0.1.0-0.editable-cp312-cp312-linux_x86_64.whl' to it
  adding 'custom_esimd_kernels_vllm-0.1.0.dist-info/METADATA'
  adding 'custom_esimd_kernels_vllm-0.1.0.dist-info/WHEEL'
  adding 'custom_esimd_kernels_vllm-0.1.0.dist-info/top_level.txt'
  adding 'custom_esimd_kernels_vllm-0.1.0.dist-info/RECORD'
  Building editable for custom-esimd-kernels-vllm (pyproject.toml): finished with status 'done'
  Created wheel for custom-esimd-kernels-vllm: filename=custom_esimd_kernels_vllm-0.1.0-0.editable-cp312-cp312-linux_x86_64.whl size=1399 sha256=81b72e79938a95bc9876922e30da840bfe5e9829c66932440404cd7ea8c575a0
  Stored in directory: /tmp/pip-ephem-wheel-cache-umx1cwfj/wheels/0b/66/53/3a804af087326f56c14c43083895bc8fed8ea681718f253624
Successfully built custom-esimd-kernels-vllm
Installing collected packages: custom-esimd-kernels-vllm
  Attempting uninstall: custom-esimd-kernels-vllm
    Found existing installation: custom-esimd-kernels-vllm 0.1.0
    Uninstalling custom-esimd-kernels-vllm-0.1.0:
      Removing file or directory /home/edgeai/downstream/lib/python3.12/site-packages/__editable__.custom_esimd_kernels_vllm-0.1.0.pth
      Removing file or directory /home/edgeai/downstream/lib/python3.12/site-packages/custom_esimd_kernels_vllm-0.1.0.dist-info/
      Successfully uninstalled custom-esimd-kernels-vllm-0.1.0
Successfully installed custom-esimd-kernels-vllm-0.1.0
